Using training resolved config: configs/cifar10_vit_lejepa_v4_short_lr2e4_sig005_proj512.yaml
Confirmed ViT architecture: vit_tiny_cifar
Using training resolved config: configs/cifar10_vit_lejepa_v4_short_lr2e4_sig005_proj512.yaml
Using backbone checkpoint: experiments/experiment-c10-vit-lejepa-v4-short-lr2e4-sig005-proj512/checkpoints/vit_lejepa_backbone_best.pt
Evaluating LeJEPA feature spaces
  config: configs/cifar10_vit_lejepa_v4_short_lr2e4_sig005_proj512.yaml
  checkpoint: experiments/experiment-c10-vit-lejepa-v4-short-lr2e4-sig005-proj512/checkpoints/vit_lejepa_backbone_best.pt
  device: cuda
  batch_size: 256
  max_bank_samples: 50000
  max_test_samples: 10000
Building LeJEPA model from checkpoint['config'] to avoid config/checkpoint shape mismatch.
  checkpoint model config: {'architecture': 'vit_tiny_cifar', 'image_size': 32, 'patch_size': 4, 'num_classes': 10, 'embed_dim': 192, 'depth': 6, 'num_heads': 3, 'mlp_ratio': 4.0, 'dropout': 0.0, 'attn_dropout': 0.0, 'projection_dim': 512, 'prediction_dim': 512}

=== Feature source: backbone ===
Best kNN: 0.3661 at k=50
Diagnostics: std_mean=0.920778, std_min=0.601687, norm_mean=13.651632, dim=192

=== Feature source: projector ===
Best kNN: 0.3562 at k=100
Diagnostics: std_mean=1.029061, std_min=0.653379, norm_mean=23.178947, dim=512

=== Feature source: predictor ===
Best kNN: 0.3657 at k=100
Diagnostics: std_mean=0.783741, std_min=0.444766, norm_mean=17.596075, dim=512

Saved:
  experiments/experiment-c10-vit-lejepa-v4-short-lr2e4-sig005-proj512/metrics/feature_spaces/vit_tiny_cifar_vit_lejepa_backbone_best_feature_spaces.yaml
  experiments/experiment-c10-vit-lejepa-v4-short-lr2e4-sig005-proj512/metrics/feature_spaces/vit_tiny_cifar_vit_lejepa_backbone_best_feature_spaces.csv
