Job started at: Wed Jul  1 18:37:54 CEST 2026
Node: lrdn0528.leonardo.local
Config path: configs/cifar10_vit_lejepa_v4_short_lr2e4_sig005_proj512.yaml
Wed Jul  1 18:37:54 2026       
+---------------------------------------------------------------------------------------+
| NVIDIA-SMI 535.274.02             Driver Version: 535.274.02   CUDA Version: 12.2     |
|-----------------------------------------+----------------------+----------------------+
| GPU  Name                 Persistence-M | Bus-Id        Disp.A | Volatile Uncorr. ECC |
| Fan  Temp   Perf          Pwr:Usage/Cap |         Memory-Usage | GPU-Util  Compute M. |
|                                         |                      |               MIG M. |
|=========================================+======================+======================|
|   0  NVIDIA A100-SXM-64GB           On  | 00000000:8F:00.0 Off |                    0 |
| N/A   42C    P0              61W / 462W |      0MiB / 65536MiB |      0%      Default |
|                                         |                      |             Disabled |
+-----------------------------------------+----------------------+----------------------+
                                                                                         
+---------------------------------------------------------------------------------------+
| Processes:                                                                            |
|  GPU   GI   CI        PID   Type   Process name                            GPU Memory |
|        ID   ID                                                             Usage      |
|=======================================================================================|
|  No running processes found                                                           |
+---------------------------------------------------------------------------------------+
LeJEPA ViT pretraining method:
  architecture: vit_tiny_cifar
  sigreg_implementation: official
  num_global_views: 2
  num_local_views: 0
  scheduler: warmup_cosine warmup_epochs=5
  checkpoint_selection: enabled=True metric=knn
  stop_gradient: false
  teacher_student_or_ema: false
epoch=001 vit_lejepa_loss=0.7989 pred=0.0026 sigreg=159.2608 lr=8e-05
epoch=002 vit_lejepa_loss=0.2936 pred=0.0015 sigreg=58.4102 lr=0.00012
epoch=003 vit_lejepa_loss=0.1903 pred=0.0015 sigreg=37.7608 lr=0.00016
epoch=004 vit_lejepa_loss=0.1441 pred=0.0016 sigreg=28.5183 lr=0.0002
epoch=005 vit_lejepa_loss=0.1169 pred=0.0017 sigreg=23.0483 lr=0.0002
epoch=006 vit_lejepa_loss=0.0962 pred=0.0018 sigreg=18.8806 lr=0.000199945
epoch=007 vit_lejepa_loss=0.0865 pred=0.0018 sigreg=16.9472 lr=0.000199781
epoch=008 vit_lejepa_loss=0.0809 pred=0.0018 sigreg=15.8077 lr=0.000199508
epoch=009 vit_lejepa_loss=0.0751 pred=0.0018 sigreg=14.6478 lr=0.000199126
epoch=010 vit_lejepa_loss=0.0711 pred=0.0018 sigreg=13.8578 lr=0.000198636
epoch=011 vit_lejepa_loss=0.0665 pred=0.0019 sigreg=12.9335 lr=0.000198038
epoch=012 vit_lejepa_loss=0.0630 pred=0.0019 sigreg=12.2185 lr=0.000197333
epoch=013 vit_lejepa_loss=0.0600 pred=0.0019 sigreg=11.6193 lr=0.000196521
epoch=014 vit_lejepa_loss=0.0572 pred=0.0019 sigreg=11.0419 lr=0.000195604
epoch=015 vit_lejepa_loss=0.0552 pred=0.0020 sigreg=10.6526 lr=0.000194582
epoch=016 vit_lejepa_loss=0.0531 pred=0.0020 sigreg=10.2301 lr=0.000193456
epoch=017 vit_lejepa_loss=0.0514 pred=0.0020 sigreg=9.8849 lr=0.000192229
epoch=018 vit_lejepa_loss=0.0496 pred=0.0020 sigreg=9.5132 lr=0.000190901
epoch=019 vit_lejepa_loss=0.0482 pred=0.0020 sigreg=9.2276 lr=0.000189473
epoch=020 vit_lejepa_loss=0.0466 pred=0.0021 sigreg=8.9163 lr=0.000187947
epoch=021 vit_lejepa_loss=0.0452 pred=0.0021 sigreg=8.6244 lr=0.000186326
epoch=022 vit_lejepa_loss=0.0442 pred=0.0021 sigreg=8.4145 lr=0.00018461
epoch=023 vit_lejepa_loss=0.0431 pred=0.0021 sigreg=8.1991 lr=0.000182801
epoch=024 vit_lejepa_loss=0.0422 pred=0.0021 sigreg=8.0230 lr=0.000180902
epoch=025 vit_lejepa_loss=0.0413 pred=0.0021 sigreg=7.8319 lr=0.000178914
epoch=026 vit_lejepa_loss=0.0404 pred=0.0022 sigreg=7.6499 lr=0.00017684
epoch=027 vit_lejepa_loss=0.0396 pred=0.0022 sigreg=7.4779 lr=0.000174682
epoch=028 vit_lejepa_loss=0.0390 pred=0.0022 sigreg=7.3613 lr=0.000172443
epoch=029 vit_lejepa_loss=0.0380 pred=0.0022 sigreg=7.1535 lr=0.000170124
epoch=030 vit_lejepa_loss=0.0371 pred=0.0022 sigreg=6.9706 lr=0.000167728
epoch=031 vit_lejepa_loss=0.0369 pred=0.0022 sigreg=6.9278 lr=0.000165259
epoch=032 vit_lejepa_loss=0.0360 pred=0.0022 sigreg=6.7600 lr=0.000162718
epoch=033 vit_lejepa_loss=0.0356 pred=0.0023 sigreg=6.6593 lr=0.000160108
epoch=034 vit_lejepa_loss=0.0345 pred=0.0023 sigreg=6.4410 lr=0.000157433
epoch=035 vit_lejepa_loss=0.0341 pred=0.0023 sigreg=6.3596 lr=0.000154695
epoch=036 vit_lejepa_loss=0.0337 pred=0.0023 sigreg=6.2726 lr=0.000151897
epoch=037 vit_lejepa_loss=0.0330 pred=0.0023 sigreg=6.1449 lr=0.000149042
epoch=038 vit_lejepa_loss=0.0326 pred=0.0023 sigreg=6.0501 lr=0.000146134
epoch=039 vit_lejepa_loss=0.0319 pred=0.0023 sigreg=5.9120 lr=0.000143175
epoch=040 vit_lejepa_loss=0.0314 pred=0.0024 sigreg=5.8059 lr=0.00014017
epoch=041 vit_lejepa_loss=0.0311 pred=0.0024 sigreg=5.7446 lr=0.00013712
epoch=042 vit_lejepa_loss=0.0305 pred=0.0024 sigreg=5.6173 lr=0.000134029
epoch=043 vit_lejepa_loss=0.0301 pred=0.0024 sigreg=5.5436 lr=0.000130902
epoch=044 vit_lejepa_loss=0.0295 pred=0.0024 sigreg=5.4111 lr=0.00012774
epoch=045 vit_lejepa_loss=0.0289 pred=0.0024 sigreg=5.3015 lr=0.000124549
epoch=046 vit_lejepa_loss=0.0285 pred=0.0024 sigreg=5.2238 lr=0.00012133
epoch=047 vit_lejepa_loss=0.0282 pred=0.0024 sigreg=5.1489 lr=0.000118088
epoch=048 vit_lejepa_loss=0.0278 pred=0.0025 sigreg=5.0641 lr=0.000114826
epoch=049 vit_lejepa_loss=0.0276 pred=0.0024 sigreg=5.0274 lr=0.000111548
epoch=050 vit_lejepa_loss=0.0274 pred=0.0025 sigreg=4.9848 lr=0.000108258
epoch=051 vit_lejepa_loss=0.0269 pred=0.0025 sigreg=4.8935 lr=0.000104958
epoch=052 vit_lejepa_loss=0.0268 pred=0.0025 sigreg=4.8648 lr=0.000101653
epoch=053 vit_lejepa_loss=0.0266 pred=0.0025 sigreg=4.8154 lr=9.83466e-05
epoch=054 vit_lejepa_loss=0.0262 pred=0.0025 sigreg=4.7429 lr=9.50416e-05
epoch=055 vit_lejepa_loss=0.0259 pred=0.0025 sigreg=4.6802 lr=9.17421e-05
epoch=056 vit_lejepa_loss=0.0257 pred=0.0025 sigreg=4.6341 lr=8.84515e-05
epoch=057 vit_lejepa_loss=0.0255 pred=0.0025 sigreg=4.5944 lr=8.51736e-05
epoch=058 vit_lejepa_loss=0.0252 pred=0.0025 sigreg=4.5346 lr=8.19119e-05
epoch=059 vit_lejepa_loss=0.0250 pred=0.0025 sigreg=4.5071 lr=7.867e-05
epoch=060 vit_lejepa_loss=0.0249 pred=0.0025 sigreg=4.4748 lr=7.54515e-05
epoch=061 vit_lejepa_loss=0.0245 pred=0.0025 sigreg=4.4016 lr=7.22597e-05
epoch=062 vit_lejepa_loss=0.0245 pred=0.0025 sigreg=4.3930 lr=6.90983e-05
epoch=063 vit_lejepa_loss=0.0242 pred=0.0025 sigreg=4.3356 lr=6.59707e-05
epoch=064 vit_lejepa_loss=0.0240 pred=0.0025 sigreg=4.2941 lr=6.28803e-05
epoch=065 vit_lejepa_loss=0.0239 pred=0.0025 sigreg=4.2795 lr=5.98305e-05
epoch=066 vit_lejepa_loss=0.0239 pred=0.0025 sigreg=4.2660 lr=5.68246e-05
epoch=067 vit_lejepa_loss=0.0236 pred=0.0025 sigreg=4.2199 lr=5.38659e-05
epoch=068 vit_lejepa_loss=0.0233 pred=0.0025 sigreg=4.1552 lr=5.09576e-05
epoch=069 vit_lejepa_loss=0.0231 pred=0.0025 sigreg=4.1144 lr=4.8103e-05
epoch=070 vit_lejepa_loss=0.0231 pred=0.0025 sigreg=4.1210 lr=4.53052e-05
epoch=071 vit_lejepa_loss=0.0230 pred=0.0025 sigreg=4.0980 lr=4.25671e-05
epoch=072 vit_lejepa_loss=0.0228 pred=0.0025 sigreg=4.0563 lr=3.98919e-05
epoch=073 vit_lejepa_loss=0.0228 pred=0.0025 sigreg=4.0599 lr=3.72824e-05
epoch=074 vit_lejepa_loss=0.0226 pred=0.0025 sigreg=4.0212 lr=3.47414e-05
epoch=075 vit_lejepa_loss=0.0226 pred=0.0025 sigreg=4.0164 lr=3.22718e-05
epoch=076 vit_lejepa_loss=0.0225 pred=0.0025 sigreg=3.9980 lr=2.98763e-05
epoch=077 vit_lejepa_loss=0.0225 pred=0.0025 sigreg=4.0025 lr=2.75575e-05
epoch=078 vit_lejepa_loss=0.0223 pred=0.0025 sigreg=3.9586 lr=2.53179e-05
epoch=079 vit_lejepa_loss=0.0222 pred=0.0025 sigreg=3.9360 lr=2.31599e-05
epoch=080 vit_lejepa_loss=0.0221 pred=0.0025 sigreg=3.9197 lr=2.10859e-05
epoch=081 vit_lejepa_loss=0.0221 pred=0.0025 sigreg=3.9090 lr=1.90983e-05
epoch=082 vit_lejepa_loss=0.0220 pred=0.0025 sigreg=3.9010 lr=1.71991e-05
epoch=083 vit_lejepa_loss=0.0221 pred=0.0025 sigreg=3.9225 lr=1.53905e-05
epoch=084 vit_lejepa_loss=0.0220 pred=0.0025 sigreg=3.9013 lr=1.36744e-05
epoch=085 vit_lejepa_loss=0.0219 pred=0.0025 sigreg=3.8752 lr=1.20526e-05
epoch=086 vit_lejepa_loss=0.0218 pred=0.0025 sigreg=3.8566 lr=1.05271e-05
epoch=087 vit_lejepa_loss=0.0217 pred=0.0025 sigreg=3.8465 lr=9.09935e-06
epoch=088 vit_lejepa_loss=0.0218 pred=0.0025 sigreg=3.8648 lr=7.77102e-06
epoch=089 vit_lejepa_loss=0.0216 pred=0.0025 sigreg=3.8278 lr=6.54355e-06
epoch=090 vit_lejepa_loss=0.0216 pred=0.0025 sigreg=3.8168 lr=5.41828e-06
epoch=091 vit_lejepa_loss=0.0215 pred=0.0025 sigreg=3.8021 lr=4.39642e-06
epoch=092 vit_lejepa_loss=0.0217 pred=0.0025 sigreg=3.8448 lr=3.47911e-06
epoch=093 vit_lejepa_loss=0.0215 pred=0.0025 sigreg=3.7888 lr=2.66734e-06
epoch=094 vit_lejepa_loss=0.0215 pred=0.0025 sigreg=3.7900 lr=1.962e-06
epoch=095 vit_lejepa_loss=0.0214 pred=0.0025 sigreg=3.7881 lr=1.36387e-06
epoch=096 vit_lejepa_loss=0.0216 pred=0.0025 sigreg=3.8221 lr=8.73593e-07
epoch=097 vit_lejepa_loss=0.0215 pred=0.0025 sigreg=3.7946 lr=4.9171e-07
epoch=098 vit_lejepa_loss=0.0214 pred=0.0025 sigreg=3.7766 lr=2.18637e-07
epoch=099 vit_lejepa_loss=0.0215 pred=0.0025 sigreg=3.7967 lr=5.46743e-08
epoch=100 vit_lejepa_loss=0.0215 pred=0.0025 sigreg=3.7956 lr=0
Backbone checkpoint selection by frozen-backbone kNN:
  candidates: 12
  k values: [20, 50, 100]
  max_bank_samples: 10000
  max_test_samples: 2000

Evaluating candidate: experiments/experiment-c10-vit-lejepa-v4-short-lr2e4-sig005-proj512/checkpoints/vit_lejepa_backbone_last.pt

Evaluating candidate: experiments/experiment-c10-vit-lejepa-v4-short-lr2e4-sig005-proj512/checkpoints/vit_lejepa_backbone_loss_best.pt

Evaluating candidate: experiments/experiment-c10-vit-lejepa-v4-short-lr2e4-sig005-proj512/checkpoints/vit_lejepa_backbone_epoch_010.pt

Evaluating candidate: experiments/experiment-c10-vit-lejepa-v4-short-lr2e4-sig005-proj512/checkpoints/vit_lejepa_backbone_epoch_020.pt

Evaluating candidate: experiments/experiment-c10-vit-lejepa-v4-short-lr2e4-sig005-proj512/checkpoints/vit_lejepa_backbone_epoch_030.pt

Evaluating candidate: experiments/experiment-c10-vit-lejepa-v4-short-lr2e4-sig005-proj512/checkpoints/vit_lejepa_backbone_epoch_040.pt

Evaluating candidate: experiments/experiment-c10-vit-lejepa-v4-short-lr2e4-sig005-proj512/checkpoints/vit_lejepa_backbone_epoch_050.pt

Evaluating candidate: experiments/experiment-c10-vit-lejepa-v4-short-lr2e4-sig005-proj512/checkpoints/vit_lejepa_backbone_epoch_060.pt

Evaluating candidate: experiments/experiment-c10-vit-lejepa-v4-short-lr2e4-sig005-proj512/checkpoints/vit_lejepa_backbone_epoch_070.pt

Evaluating candidate: experiments/experiment-c10-vit-lejepa-v4-short-lr2e4-sig005-proj512/checkpoints/vit_lejepa_backbone_epoch_080.pt

Evaluating candidate: experiments/experiment-c10-vit-lejepa-v4-short-lr2e4-sig005-proj512/checkpoints/vit_lejepa_backbone_epoch_090.pt

Evaluating candidate: experiments/experiment-c10-vit-lejepa-v4-short-lr2e4-sig005-proj512/checkpoints/vit_lejepa_backbone_epoch_100.pt

Backbone checkpoint selection completed.
  selected: experiments/experiment-c10-vit-lejepa-v4-short-lr2e4-sig005-proj512/checkpoints/vit_lejepa_backbone_epoch_020.pt
  best kNN: 0.3350 at k=100
  saved CSV: experiments/experiment-c10-vit-lejepa-v4-short-lr2e4-sig005-proj512/metrics/checkpoint_selection/backbone_checkpoint_selection_knn.csv
  overwritten backbone_best_path: experiments/experiment-c10-vit-lejepa-v4-short-lr2e4-sig005-proj512/checkpoints/vit_lejepa_backbone_best.pt
probe_epoch=001 train_loss=2.0083 train_acc=0.2649 val_loss=1.9088 val_acc=0.3024 lr=0.02
probe_epoch=002 train_loss=1.8878 train_acc=0.3079 val_loss=1.8852 val_acc=0.3108 lr=0.03
probe_epoch=003 train_loss=1.8717 train_acc=0.3147 val_loss=1.8732 val_acc=0.3092 lr=0.04
probe_epoch=004 train_loss=1.8577 train_acc=0.3181 val_loss=1.8604 val_acc=0.3208 lr=0.05
probe_epoch=005 train_loss=1.8469 train_acc=0.3219 val_loss=1.8522 val_acc=0.3222 lr=0.05
probe_epoch=006 train_loss=1.8384 train_acc=0.3269 val_loss=1.8373 val_acc=0.3340 lr=0.0499941
probe_epoch=007 train_loss=1.8267 train_acc=0.3307 val_loss=1.8325 val_acc=0.3264 lr=0.0499765
probe_epoch=008 train_loss=1.8252 train_acc=0.3333 val_loss=1.8338 val_acc=0.3282 lr=0.0499472
probe_epoch=009 train_loss=1.8178 train_acc=0.3340 val_loss=1.8281 val_acc=0.3310 lr=0.0499062
probe_epoch=010 train_loss=1.8132 train_acc=0.3363 val_loss=1.8211 val_acc=0.3368 lr=0.0498534
probe_epoch=011 train_loss=1.8092 train_acc=0.3380 val_loss=1.8227 val_acc=0.3366 lr=0.0497891
probe_epoch=012 train_loss=1.8071 train_acc=0.3388 val_loss=1.8267 val_acc=0.3366 lr=0.049713
probe_epoch=013 train_loss=1.8040 train_acc=0.3421 val_loss=1.8180 val_acc=0.3370 lr=0.0496254
probe_epoch=014 train_loss=1.8010 train_acc=0.3445 val_loss=1.8168 val_acc=0.3358 lr=0.0495262
probe_epoch=015 train_loss=1.7984 train_acc=0.3408 val_loss=1.8132 val_acc=0.3370 lr=0.0494155
probe_epoch=016 train_loss=1.7981 train_acc=0.3422 val_loss=1.8216 val_acc=0.3352 lr=0.0492934
probe_epoch=017 train_loss=1.7939 train_acc=0.3467 val_loss=1.8033 val_acc=0.3430 lr=0.0491598
probe_epoch=018 train_loss=1.7944 train_acc=0.3460 val_loss=1.8095 val_acc=0.3482 lr=0.0490149
probe_epoch=019 train_loss=1.7931 train_acc=0.3446 val_loss=1.8196 val_acc=0.3344 lr=0.0488587
probe_epoch=020 train_loss=1.7913 train_acc=0.3468 val_loss=1.8044 val_acc=0.3402 lr=0.0486913
probe_epoch=021 train_loss=1.7896 train_acc=0.3491 val_loss=1.7981 val_acc=0.3438 lr=0.0485128
probe_epoch=022 train_loss=1.7904 train_acc=0.3452 val_loss=1.8051 val_acc=0.3474 lr=0.0483233
probe_epoch=023 train_loss=1.7888 train_acc=0.3454 val_loss=1.8019 val_acc=0.3456 lr=0.0481228
probe_epoch=024 train_loss=1.7857 train_acc=0.3504 val_loss=1.8210 val_acc=0.3402 lr=0.0479115
probe_epoch=025 train_loss=1.7836 train_acc=0.3541 val_loss=1.8002 val_acc=0.3424 lr=0.0476894
probe_epoch=026 train_loss=1.7845 train_acc=0.3477 val_loss=1.8106 val_acc=0.3408 lr=0.0474566
probe_epoch=027 train_loss=1.7862 train_acc=0.3487 val_loss=1.8054 val_acc=0.3516 lr=0.0472134
probe_epoch=028 train_loss=1.7843 train_acc=0.3490 val_loss=1.7994 val_acc=0.3486 lr=0.0469596
probe_epoch=029 train_loss=1.7835 train_acc=0.3500 val_loss=1.7997 val_acc=0.3424 lr=0.0466956
probe_epoch=030 train_loss=1.7841 train_acc=0.3510 val_loss=1.8033 val_acc=0.3384 lr=0.0464214
probe_epoch=031 train_loss=1.7815 train_acc=0.3526 val_loss=1.8008 val_acc=0.3444 lr=0.0461372
probe_epoch=032 train_loss=1.7812 train_acc=0.3494 val_loss=1.8134 val_acc=0.3362 lr=0.045843
probe_epoch=033 train_loss=1.7813 train_acc=0.3492 val_loss=1.8034 val_acc=0.3450 lr=0.045539
probe_epoch=034 train_loss=1.7775 train_acc=0.3510 val_loss=1.7946 val_acc=0.3466 lr=0.0452254
probe_epoch=035 train_loss=1.7799 train_acc=0.3516 val_loss=1.7971 val_acc=0.3434 lr=0.0449023
probe_epoch=036 train_loss=1.7807 train_acc=0.3494 val_loss=1.8019 val_acc=0.3400 lr=0.0445699
probe_epoch=037 train_loss=1.7819 train_acc=0.3506 val_loss=1.8011 val_acc=0.3520 lr=0.0442283
probe_epoch=038 train_loss=1.7768 train_acc=0.3531 val_loss=1.7992 val_acc=0.3334 lr=0.0438776
probe_epoch=039 train_loss=1.7765 train_acc=0.3521 val_loss=1.7950 val_acc=0.3414 lr=0.0435181
probe_epoch=040 train_loss=1.7782 train_acc=0.3531 val_loss=1.8012 val_acc=0.3422 lr=0.0431499
probe_epoch=041 train_loss=1.7711 train_acc=0.3575 val_loss=1.8034 val_acc=0.3396 lr=0.0427732
probe_epoch=042 train_loss=1.7737 train_acc=0.3519 val_loss=1.8058 val_acc=0.3422 lr=0.0423881
probe_epoch=043 train_loss=1.7781 train_acc=0.3540 val_loss=1.8008 val_acc=0.3426 lr=0.0419949
probe_epoch=044 train_loss=1.7773 train_acc=0.3530 val_loss=1.8002 val_acc=0.3496 lr=0.0415937
probe_epoch=045 train_loss=1.7770 train_acc=0.3517 val_loss=1.8225 val_acc=0.3352 lr=0.0411847
probe_epoch=046 train_loss=1.7771 train_acc=0.3544 val_loss=1.8088 val_acc=0.3418 lr=0.0407681
probe_epoch=047 train_loss=1.7783 train_acc=0.3498 val_loss=1.8048 val_acc=0.3452 lr=0.0403441
probe_epoch=048 train_loss=1.7742 train_acc=0.3553 val_loss=1.7998 val_acc=0.3404 lr=0.0399129
probe_epoch=049 train_loss=1.7731 train_acc=0.3551 val_loss=1.8096 val_acc=0.3468 lr=0.0394747
probe_epoch=050 train_loss=1.7704 train_acc=0.3557 val_loss=1.7979 val_acc=0.3360 lr=0.0390297
probe_epoch=051 train_loss=1.7724 train_acc=0.3546 val_loss=1.7927 val_acc=0.3508 lr=0.0385781
probe_epoch=052 train_loss=1.7714 train_acc=0.3549 val_loss=1.8026 val_acc=0.3408 lr=0.0381201
probe_epoch=053 train_loss=1.7670 train_acc=0.3591 val_loss=1.8023 val_acc=0.3426 lr=0.037656
probe_epoch=054 train_loss=1.7711 train_acc=0.3571 val_loss=1.8106 val_acc=0.3366 lr=0.037186
probe_epoch=055 train_loss=1.7726 train_acc=0.3590 val_loss=1.7927 val_acc=0.3476 lr=0.0367102
probe_epoch=056 train_loss=1.7705 train_acc=0.3562 val_loss=1.8008 val_acc=0.3432 lr=0.0362289
probe_epoch=057 train_loss=1.7725 train_acc=0.3536 val_loss=1.8004 val_acc=0.3406 lr=0.0357424
probe_epoch=058 train_loss=1.7672 train_acc=0.3557 val_loss=1.8000 val_acc=0.3462 lr=0.0352508
probe_epoch=059 train_loss=1.7715 train_acc=0.3574 val_loss=1.7915 val_acc=0.3436 lr=0.0347544
probe_epoch=060 train_loss=1.7647 train_acc=0.3598 val_loss=1.7964 val_acc=0.3452 lr=0.0342535
probe_epoch=061 train_loss=1.7667 train_acc=0.3570 val_loss=1.7864 val_acc=0.3490 lr=0.0337481
probe_epoch=062 train_loss=1.7693 train_acc=0.3572 val_loss=1.7954 val_acc=0.3492 lr=0.0332387
probe_epoch=063 train_loss=1.7698 train_acc=0.3558 val_loss=1.7932 val_acc=0.3460 lr=0.0327254
probe_epoch=064 train_loss=1.7671 train_acc=0.3549 val_loss=1.7948 val_acc=0.3406 lr=0.0322085
probe_epoch=065 train_loss=1.7700 train_acc=0.3534 val_loss=1.7984 val_acc=0.3492 lr=0.0316882
probe_epoch=066 train_loss=1.7678 train_acc=0.3558 val_loss=1.7929 val_acc=0.3390 lr=0.0311648
probe_epoch=067 train_loss=1.7701 train_acc=0.3585 val_loss=1.8003 val_acc=0.3478 lr=0.0306384
probe_epoch=068 train_loss=1.7623 train_acc=0.3586 val_loss=1.7878 val_acc=0.3466 lr=0.0301095
probe_epoch=069 train_loss=1.7657 train_acc=0.3562 val_loss=1.7946 val_acc=0.3432 lr=0.0295781
probe_epoch=070 train_loss=1.7645 train_acc=0.3572 val_loss=1.7904 val_acc=0.3524 lr=0.0290445
probe_epoch=071 train_loss=1.7641 train_acc=0.3583 val_loss=1.7970 val_acc=0.3450 lr=0.0285091
probe_epoch=072 train_loss=1.7627 train_acc=0.3595 val_loss=1.7931 val_acc=0.3458 lr=0.0279721
probe_epoch=073 train_loss=1.7675 train_acc=0.3569 val_loss=1.7893 val_acc=0.3510 lr=0.0274336
probe_epoch=074 train_loss=1.7640 train_acc=0.3579 val_loss=1.7999 val_acc=0.3430 lr=0.026894
probe_epoch=075 train_loss=1.7645 train_acc=0.3568 val_loss=1.7772 val_acc=0.3522 lr=0.0263535
probe_epoch=076 train_loss=1.7670 train_acc=0.3568 val_loss=1.7946 val_acc=0.3414 lr=0.0258123
probe_epoch=077 train_loss=1.7635 train_acc=0.3573 val_loss=1.7860 val_acc=0.3532 lr=0.0252708
probe_epoch=078 train_loss=1.7656 train_acc=0.3560 val_loss=1.8008 val_acc=0.3482 lr=0.0247292
probe_epoch=079 train_loss=1.7623 train_acc=0.3580 val_loss=1.7953 val_acc=0.3502 lr=0.0241877
probe_epoch=080 train_loss=1.7583 train_acc=0.3613 val_loss=1.7882 val_acc=0.3428 lr=0.0236465
probe_epoch=081 train_loss=1.7638 train_acc=0.3588 val_loss=1.7863 val_acc=0.3502 lr=0.023106
probe_epoch=082 train_loss=1.7627 train_acc=0.3586 val_loss=1.7896 val_acc=0.3518 lr=0.0225664
probe_epoch=083 train_loss=1.7627 train_acc=0.3599 val_loss=1.7857 val_acc=0.3486 lr=0.0220279
probe_epoch=084 train_loss=1.7582 train_acc=0.3589 val_loss=1.7894 val_acc=0.3504 lr=0.0214909
probe_epoch=085 train_loss=1.7636 train_acc=0.3587 val_loss=1.7943 val_acc=0.3484 lr=0.0209555
probe_epoch=086 train_loss=1.7607 train_acc=0.3614 val_loss=1.7902 val_acc=0.3440 lr=0.0204219
probe_epoch=087 train_loss=1.7613 train_acc=0.3634 val_loss=1.7850 val_acc=0.3514 lr=0.0198905
probe_epoch=088 train_loss=1.7603 train_acc=0.3612 val_loss=1.7922 val_acc=0.3458 lr=0.0193616
probe_epoch=089 train_loss=1.7594 train_acc=0.3586 val_loss=1.7914 val_acc=0.3500 lr=0.0188352
probe_epoch=090 train_loss=1.7588 train_acc=0.3598 val_loss=1.7805 val_acc=0.3484 lr=0.0183118
probe_epoch=091 train_loss=1.7619 train_acc=0.3580 val_loss=1.7933 val_acc=0.3446 lr=0.0177915
probe_epoch=092 train_loss=1.7573 train_acc=0.3624 val_loss=1.7896 val_acc=0.3526 lr=0.0172746
probe_epoch=093 train_loss=1.7607 train_acc=0.3603 val_loss=1.7840 val_acc=0.3482 lr=0.0167613
probe_epoch=094 train_loss=1.7548 train_acc=0.3629 val_loss=1.7907 val_acc=0.3488 lr=0.0162519
probe_epoch=095 train_loss=1.7555 train_acc=0.3612 val_loss=1.7887 val_acc=0.3468 lr=0.0157465
probe_epoch=096 train_loss=1.7562 train_acc=0.3624 val_loss=1.7840 val_acc=0.3534 lr=0.0152456
probe_epoch=097 train_loss=1.7565 train_acc=0.3630 val_loss=1.7870 val_acc=0.3474 lr=0.0147492
probe_epoch=098 train_loss=1.7555 train_acc=0.3618 val_loss=1.7836 val_acc=0.3484 lr=0.0142576
probe_epoch=099 train_loss=1.7582 train_acc=0.3604 val_loss=1.7832 val_acc=0.3510 lr=0.0137711
probe_epoch=100 train_loss=1.7584 train_acc=0.3614 val_loss=1.7812 val_acc=0.3488 lr=0.0132898
probe_epoch=101 train_loss=1.7563 train_acc=0.3619 val_loss=1.7834 val_acc=0.3534 lr=0.012814
probe_epoch=102 train_loss=1.7554 train_acc=0.3616 val_loss=1.7848 val_acc=0.3500 lr=0.012344
probe_epoch=103 train_loss=1.7574 train_acc=0.3624 val_loss=1.7752 val_acc=0.3544 lr=0.0118799
probe_epoch=104 train_loss=1.7587 train_acc=0.3619 val_loss=1.7767 val_acc=0.3540 lr=0.0114219
probe_epoch=105 train_loss=1.7537 train_acc=0.3639 val_loss=1.7894 val_acc=0.3434 lr=0.0109703
probe_epoch=106 train_loss=1.7557 train_acc=0.3625 val_loss=1.7871 val_acc=0.3456 lr=0.0105253
probe_epoch=107 train_loss=1.7526 train_acc=0.3649 val_loss=1.7868 val_acc=0.3472 lr=0.0100871
probe_epoch=108 train_loss=1.7529 train_acc=0.3653 val_loss=1.7833 val_acc=0.3500 lr=0.00965593
probe_epoch=109 train_loss=1.7571 train_acc=0.3644 val_loss=1.7812 val_acc=0.3490 lr=0.00923194
probe_epoch=110 train_loss=1.7522 train_acc=0.3675 val_loss=1.7773 val_acc=0.3518 lr=0.00881534
probe_epoch=111 train_loss=1.7536 train_acc=0.3622 val_loss=1.7799 val_acc=0.3484 lr=0.00840635
probe_epoch=112 train_loss=1.7556 train_acc=0.3639 val_loss=1.7782 val_acc=0.3494 lr=0.00800514
probe_epoch=113 train_loss=1.7523 train_acc=0.3641 val_loss=1.7795 val_acc=0.3510 lr=0.00761191
probe_epoch=114 train_loss=1.7521 train_acc=0.3650 val_loss=1.7843 val_acc=0.3470 lr=0.00722684
probe_epoch=115 train_loss=1.7539 train_acc=0.3687 val_loss=1.7806 val_acc=0.3502 lr=0.00685011
probe_epoch=116 train_loss=1.7531 train_acc=0.3647 val_loss=1.7802 val_acc=0.3540 lr=0.00648191
probe_epoch=117 train_loss=1.7511 train_acc=0.3645 val_loss=1.7780 val_acc=0.3494 lr=0.00612239
probe_epoch=118 train_loss=1.7505 train_acc=0.3680 val_loss=1.7792 val_acc=0.3494 lr=0.00577174
probe_epoch=119 train_loss=1.7504 train_acc=0.3640 val_loss=1.7761 val_acc=0.3520 lr=0.00543011
probe_epoch=120 train_loss=1.7496 train_acc=0.3651 val_loss=1.7787 val_acc=0.3496 lr=0.00509767
probe_epoch=121 train_loss=1.7471 train_acc=0.3682 val_loss=1.7801 val_acc=0.3506 lr=0.00477458
probe_epoch=122 train_loss=1.7511 train_acc=0.3649 val_loss=1.7809 val_acc=0.3502 lr=0.00446097
probe_epoch=123 train_loss=1.7526 train_acc=0.3636 val_loss=1.7767 val_acc=0.3544 lr=0.00415701
probe_epoch=124 train_loss=1.7495 train_acc=0.3653 val_loss=1.7814 val_acc=0.3518 lr=0.00386283
probe_epoch=125 train_loss=1.7485 train_acc=0.3641 val_loss=1.7807 val_acc=0.3506 lr=0.00357857
probe_epoch=126 train_loss=1.7508 train_acc=0.3668 val_loss=1.7776 val_acc=0.3550 lr=0.00330437
probe_epoch=127 train_loss=1.7514 train_acc=0.3658 val_loss=1.7800 val_acc=0.3522 lr=0.00304035
probe_epoch=128 train_loss=1.7493 train_acc=0.3668 val_loss=1.7807 val_acc=0.3532 lr=0.00278664
probe_epoch=129 train_loss=1.7454 train_acc=0.3694 val_loss=1.7778 val_acc=0.3522 lr=0.00254336
probe_epoch=130 train_loss=1.7508 train_acc=0.3653 val_loss=1.7793 val_acc=0.3510 lr=0.00231061
probe_epoch=131 train_loss=1.7468 train_acc=0.3653 val_loss=1.7796 val_acc=0.3516 lr=0.00208852
probe_epoch=132 train_loss=1.7493 train_acc=0.3650 val_loss=1.7781 val_acc=0.3532 lr=0.00187719
probe_epoch=133 train_loss=1.7465 train_acc=0.3664 val_loss=1.7792 val_acc=0.3524 lr=0.0016767
probe_epoch=134 train_loss=1.7479 train_acc=0.3672 val_loss=1.7767 val_acc=0.3514 lr=0.00148717
probe_epoch=135 train_loss=1.7449 train_acc=0.3690 val_loss=1.7778 val_acc=0.3510 lr=0.00130867
probe_epoch=136 train_loss=1.7475 train_acc=0.3683 val_loss=1.7778 val_acc=0.3530 lr=0.00114129
probe_epoch=137 train_loss=1.7488 train_acc=0.3671 val_loss=1.7756 val_acc=0.3534 lr=0.000985116
probe_epoch=138 train_loss=1.7469 train_acc=0.3656 val_loss=1.7767 val_acc=0.3530 lr=0.000840211
probe_epoch=139 train_loss=1.7466 train_acc=0.3680 val_loss=1.7770 val_acc=0.3534 lr=0.000706647
probe_epoch=140 train_loss=1.7489 train_acc=0.3698 val_loss=1.7776 val_acc=0.3522 lr=0.000584486
probe_epoch=141 train_loss=1.7473 train_acc=0.3675 val_loss=1.7776 val_acc=0.3526 lr=0.000473786
probe_epoch=142 train_loss=1.7464 train_acc=0.3703 val_loss=1.7774 val_acc=0.3542 lr=0.000374599
probe_epoch=143 train_loss=1.7453 train_acc=0.3688 val_loss=1.7772 val_acc=0.3550 lr=0.00028697
probe_epoch=144 train_loss=1.7482 train_acc=0.3643 val_loss=1.7774 val_acc=0.3538 lr=0.000210943
probe_epoch=145 train_loss=1.7470 train_acc=0.3680 val_loss=1.7773 val_acc=0.3538 lr=0.000146551
probe_epoch=146 train_loss=1.7461 train_acc=0.3686 val_loss=1.7772 val_acc=0.3544 lr=9.38257e-05
probe_epoch=147 train_loss=1.7451 train_acc=0.3685 val_loss=1.7774 val_acc=0.3550 lr=5.27914e-05
probe_epoch=148 train_loss=1.7474 train_acc=0.3680 val_loss=1.7775 val_acc=0.3554 lr=2.34674e-05
probe_epoch=149 train_loss=1.7475 train_acc=0.3678 val_loss=1.7775 val_acc=0.3552 lr=5.86755e-06
probe_epoch=150 train_loss=1.7465 train_acc=0.3671 val_loss=1.7775 val_acc=0.3552 lr=0
vit_linear_probe_test_loss=1.7744 vit_linear_probe_test_acc=0.3593 best_val_acc=0.3554 best_epoch=148
Job finished at: Wed Jul  1 19:05:08 CEST 2026
