Using device: cuda
Grounded alignment settings:
  mode: supervised
  target: predicted
  architecture: resnet18_imagenet
  checkpoint: experiments/experiment-imagenets50-r18-sup/checkpoints/imagenets50_resnet18_supervised_best.pt
  output_csv: experiments/experiment-imagenets50-r18-sup/metrics/imagenets50_resnet18_supervised_g_lsas.csv
  figure_dir: experiments/experiment-imagenets50-r18-sup/figures/imagenets50_resnet18_supervised_g_lsas
  grounded dataset: folder_masks
Saved G-LSAS rows: experiments/experiment-imagenets50-r18-sup/metrics/imagenets50_resnet18_supervised_g_lsas.csv (2000 rows, 500 images, 56.9s)

G-LSAS completed.
Saved CSV: experiments/experiment-imagenets50-r18-sup/metrics/imagenets50_resnet18_supervised_g_lsas.csv
Saved curve: experiments/experiment-imagenets50-r18-sup/metrics/imagenets50_resnet18_supervised_g_lsas_curve.png
Saved LEI CSV: experiments/experiment-imagenets50-r18-sup/metrics/imagenets50_resnet18_supervised_g_lsas_lei.csv
Saved LEI YAML: experiments/experiment-imagenets50-r18-sup/metrics/imagenets50_resnet18_supervised_g_lsas_lei.yaml
Mean metrics per layer:
                   g_lsas  corr_pca_xai  ...  object_focus_pca  object_focus_xai
layer                                    ...                                    
backbone.layer1  0.273639      0.097648  ...          0.428603          0.437589
backbone.layer2  0.247130      0.049696  ...          0.417781          0.455875
backbone.layer3  0.296294      0.114807  ...          0.443610          0.546175
backbone.layer4  0.383408      0.281246  ...          0.445301          0.545344

[4 rows x 7 columns]
LEI: {'csv_path': 'experiments/experiment-imagenets50-r18-sup/metrics/imagenets50_resnet18_supervised_g_lsas.csv', 'metric': 'g_lsas', 'threshold': 0.3, 'relative_threshold': 0.9, 'num_layers': 4, 'peak_layer': 'backbone.layer4', 'peak_value': 0.3834083430444581, 'auc': 0.29064950243995646, 'emergence_layer': 'backbone.layer4', 'emergence_layer_index': 3, 'normalized_emergence_index': 1.0, 'relative_emergence_threshold_value': 0.3450675087400123, 'relative_emergence_layer': 'backbone.layer4', 'relative_emergence_layer_index': 3, 'normalized_relative_emergence_index': 1.0}
