Using training resolved config: experiments/experiment-c10-r18-lejepa-v3-sigreg-003/configs/resolved_20260701_183831_train_lejepa_lejepa_3967307.yaml
Using backbone checkpoint: experiments/experiment-c10-r18-lejepa-v3-sigreg-003/checkpoints/resnet18_lejepa_backbone_best.pt
Evaluating LeJEPA feature spaces
  config: experiments/experiment-c10-r18-lejepa-v3-sigreg-003/configs/resolved_20260701_183831_train_lejepa_lejepa_3967307.yaml
  checkpoint: experiments/experiment-c10-r18-lejepa-v3-sigreg-003/checkpoints/resnet18_lejepa_backbone_best.pt
  device: cuda
  batch_size: 256
  max_bank_samples: 50000
  max_test_samples: 10000
Building LeJEPA model from checkpoint['config'] to avoid config/checkpoint shape mismatch.
  checkpoint model config: {'architecture': 'resnet18_cifar', 'image_size': 32, 'num_classes': 10, 'feature_dim': 512, 'projection_dim': 256, 'prediction_dim': 512}

=== Feature source: backbone ===
Best kNN: 0.6437 at k=50
Diagnostics: std_mean=0.286919, std_min=0.156922, norm_mean=8.456906, dim=512

=== Feature source: projector ===
Best kNN: 0.6189 at k=100
Diagnostics: std_mean=0.960993, std_min=0.822848, norm_mean=15.394379, dim=256

=== Feature source: predictor ===
Best kNN: 0.6194 at k=100
Diagnostics: std_mean=1.509473, std_min=1.291138, norm_mean=24.185184, dim=256

Saved:
  experiments/experiment-c10-r18-lejepa-v3-sigreg-003/metrics/feature_spaces/resnet18_cifar_resnet18_lejepa_backbone_best_feature_spaces.yaml
  experiments/experiment-c10-r18-lejepa-v3-sigreg-003/metrics/feature_spaces/resnet18_cifar_resnet18_lejepa_backbone_best_feature_spaces.csv
