Using training resolved config: experiments/experiment-c10-r18-lejepa-v3-sigreg-003/configs/resolved_20260701_183831_train_lejepa_lejepa_3967307.yaml
Using backbone checkpoint: experiments/experiment-c10-r18-lejepa-v3-sigreg-003/checkpoints/resnet18_lejepa_backbone_last.pt
Evaluating LeJEPA feature spaces
  config: experiments/experiment-c10-r18-lejepa-v3-sigreg-003/configs/resolved_20260701_183831_train_lejepa_lejepa_3967307.yaml
  checkpoint: experiments/experiment-c10-r18-lejepa-v3-sigreg-003/checkpoints/resnet18_lejepa_backbone_last.pt
  device: cuda
  batch_size: 256
  max_bank_samples: 50000
  max_test_samples: 10000
Building LeJEPA model from checkpoint['config'] to avoid config/checkpoint shape mismatch.
  checkpoint model config: {'architecture': 'resnet18_cifar', 'image_size': 32, 'num_classes': 10, 'feature_dim': 512, 'projection_dim': 256, 'prediction_dim': 512}

=== Feature source: backbone ===
Best kNN: 0.6435 at k=50
Diagnostics: std_mean=0.287453, std_min=0.159611, norm_mean=8.468259, dim=512

=== Feature source: projector ===
Best kNN: 0.6184 at k=100
Diagnostics: std_mean=0.962567, std_min=0.825070, norm_mean=15.421033, dim=256

=== Feature source: predictor ===
Best kNN: 0.6184 at k=100
Diagnostics: std_mean=1.508984, std_min=1.293000, norm_mean=24.179873, dim=256

Saved:
  experiments/experiment-c10-r18-lejepa-v3-sigreg-003/metrics/feature_spaces/resnet18_cifar_resnet18_lejepa_backbone_last_feature_spaces.yaml
  experiments/experiment-c10-r18-lejepa-v3-sigreg-003/metrics/feature_spaces/resnet18_cifar_resnet18_lejepa_backbone_last_feature_spaces.csv
