Job started at: Wed Jul  1 18:36:40 CEST 2026
Node: lrdn0513.leonardo.local
Config path: configs/cifar10_resnet18_lejepa_v3_sigreg_003.yaml
Project dir: /leonardo_scratch/large/userexternal/apromots/doubleN/cv
Venv dir: /leonardo_scratch/large/userexternal/apromots/doubleN/cv/.venv
Experiment name: experiment-c10-r18-lejepa-v3-sigreg-003
Wed Jul  1 18:36:40 2026       
+---------------------------------------------------------------------------------------+
| NVIDIA-SMI 535.274.02             Driver Version: 535.274.02   CUDA Version: 12.2     |
|-----------------------------------------+----------------------+----------------------+
| GPU  Name                 Persistence-M | Bus-Id        Disp.A | Volatile Uncorr. ECC |
| Fan  Temp   Perf          Pwr:Usage/Cap |         Memory-Usage | GPU-Util  Compute M. |
|                                         |                      |               MIG M. |
|=========================================+======================+======================|
|   0  NVIDIA A100-SXM-64GB           On  | 00000000:56:00.0 Off |                    0 |
| N/A   43C    P0              65W / 472W |      0MiB / 65536MiB |      0%      Default |
|                                         |                      |             Disabled |
+-----------------------------------------+----------------------+----------------------+
                                                                                         
+---------------------------------------------------------------------------------------+
| Processes:                                                                            |
|  GPU   GI   CI        PID   Type   Process name                            GPU Memory |
|        ID   ID                                                             Usage      |
|=======================================================================================|
|  No running processes found                                                           |
+---------------------------------------------------------------------------------------+
LeJEPA pretraining method:
  architecture: resnet18_cifar
  sigreg_implementation: official
  num_global_views: 2
  num_local_views: 0
  scheduler: warmup_cosine warmup_epochs=10
  checkpoint_selection: enabled=True metric=knn
  stop_gradient: false
  teacher_student_or_ema: false
epoch=001 lejepa_loss=0.1030 pred=0.0042 sigreg=32.9558 lr=0.0002
epoch=002 lejepa_loss=0.0330 pred=0.0033 sigreg=9.9021 lr=0.0003
epoch=003 lejepa_loss=0.0227 pred=0.0032 sigreg=6.5037 lr=0.0004
epoch=004 lejepa_loss=0.0186 pred=0.0031 sigreg=5.1669 lr=0.0005
epoch=005 lejepa_loss=0.0165 pred=0.0030 sigreg=4.4832 lr=0.0006
epoch=006 lejepa_loss=0.0152 pred=0.0029 sigreg=4.1133 lr=0.0007
epoch=007 lejepa_loss=0.0146 pred=0.0028 sigreg=3.9358 lr=0.0008
epoch=008 lejepa_loss=0.0140 pred=0.0027 sigreg=3.7823 lr=0.0009
epoch=009 lejepa_loss=0.0136 pred=0.0026 sigreg=3.6604 lr=0.001
epoch=010 lejepa_loss=0.0135 pred=0.0025 sigreg=3.6908 lr=0.001
epoch=011 lejepa_loss=0.0128 pred=0.0024 sigreg=3.4585 lr=0.000999984
epoch=012 lejepa_loss=0.0123 pred=0.0023 sigreg=3.3271 lr=0.000999935
epoch=013 lejepa_loss=0.0119 pred=0.0023 sigreg=3.2108 lr=0.000999854
epoch=014 lejepa_loss=0.0115 pred=0.0022 sigreg=3.1185 lr=0.00099974
epoch=015 lejepa_loss=0.0112 pred=0.0022 sigreg=3.0120 lr=0.000999594
epoch=016 lejepa_loss=0.0109 pred=0.0021 sigreg=2.9361 lr=0.000999416
epoch=017 lejepa_loss=0.0107 pred=0.0020 sigreg=2.8883 lr=0.000999205
epoch=018 lejepa_loss=0.0105 pred=0.0020 sigreg=2.8433 lr=0.000998962
epoch=019 lejepa_loss=0.0105 pred=0.0020 sigreg=2.8265 lr=0.000998687
epoch=020 lejepa_loss=0.0102 pred=0.0019 sigreg=2.7544 lr=0.000998379
epoch=021 lejepa_loss=0.0099 pred=0.0019 sigreg=2.6711 lr=0.000998038
epoch=022 lejepa_loss=0.0098 pred=0.0019 sigreg=2.6416 lr=0.000997666
epoch=023 lejepa_loss=0.0097 pred=0.0019 sigreg=2.6000 lr=0.000997261
epoch=024 lejepa_loss=0.0096 pred=0.0019 sigreg=2.5719 lr=0.000996824
epoch=025 lejepa_loss=0.0095 pred=0.0019 sigreg=2.5390 lr=0.000996354
epoch=026 lejepa_loss=0.0094 pred=0.0018 sigreg=2.5101 lr=0.000995853
epoch=027 lejepa_loss=0.0092 pred=0.0018 sigreg=2.4459 lr=0.000995319
epoch=028 lejepa_loss=0.0091 pred=0.0018 sigreg=2.4157 lr=0.000994753
epoch=029 lejepa_loss=0.0089 pred=0.0018 sigreg=2.3682 lr=0.000994155
epoch=030 lejepa_loss=0.0089 pred=0.0018 sigreg=2.3585 lr=0.000993525
epoch=031 lejepa_loss=0.0088 pred=0.0018 sigreg=2.3405 lr=0.000992863
epoch=032 lejepa_loss=0.0087 pred=0.0018 sigreg=2.2990 lr=0.000992169
epoch=033 lejepa_loss=0.0085 pred=0.0018 sigreg=2.2506 lr=0.000991443
epoch=034 lejepa_loss=0.0085 pred=0.0017 sigreg=2.2370 lr=0.000990685
epoch=035 lejepa_loss=0.0084 pred=0.0017 sigreg=2.2363 lr=0.000989895
epoch=036 lejepa_loss=0.0083 pred=0.0017 sigreg=2.1983 lr=0.000989074
epoch=037 lejepa_loss=0.0083 pred=0.0017 sigreg=2.1967 lr=0.000988221
epoch=038 lejepa_loss=0.0082 pred=0.0017 sigreg=2.1509 lr=0.000987336
epoch=039 lejepa_loss=0.0081 pred=0.0017 sigreg=2.1269 lr=0.000986419
epoch=040 lejepa_loss=0.0081 pred=0.0017 sigreg=2.1391 lr=0.000985471
epoch=041 lejepa_loss=0.0080 pred=0.0017 sigreg=2.0941 lr=0.000984491
epoch=042 lejepa_loss=0.0079 pred=0.0017 sigreg=2.0679 lr=0.00098348
epoch=043 lejepa_loss=0.0078 pred=0.0017 sigreg=2.0557 lr=0.000982438
epoch=044 lejepa_loss=0.0078 pred=0.0016 sigreg=2.0519 lr=0.000981364
epoch=045 lejepa_loss=0.0078 pred=0.0017 sigreg=2.0359 lr=0.000980259
epoch=046 lejepa_loss=0.0077 pred=0.0017 sigreg=2.0118 lr=0.000979123
epoch=047 lejepa_loss=0.0076 pred=0.0016 sigreg=1.9922 lr=0.000977956
epoch=048 lejepa_loss=0.0075 pred=0.0016 sigreg=1.9622 lr=0.000976757
epoch=049 lejepa_loss=0.0075 pred=0.0016 sigreg=1.9544 lr=0.000975528
epoch=050 lejepa_loss=0.0074 pred=0.0016 sigreg=1.9268 lr=0.000974268
epoch=051 lejepa_loss=0.0074 pred=0.0016 sigreg=1.9236 lr=0.000972977
epoch=052 lejepa_loss=0.0073 pred=0.0016 sigreg=1.9077 lr=0.000971656
epoch=053 lejepa_loss=0.0073 pred=0.0016 sigreg=1.8950 lr=0.000970304
epoch=054 lejepa_loss=0.0073 pred=0.0016 sigreg=1.8880 lr=0.000968921
epoch=055 lejepa_loss=0.0072 pred=0.0016 sigreg=1.8650 lr=0.000967508
epoch=056 lejepa_loss=0.0071 pred=0.0016 sigreg=1.8363 lr=0.000966065
epoch=057 lejepa_loss=0.0071 pred=0.0016 sigreg=1.8301 lr=0.000964591
epoch=058 lejepa_loss=0.0070 pred=0.0016 sigreg=1.8241 lr=0.000963087
epoch=059 lejepa_loss=0.0069 pred=0.0015 sigreg=1.8008 lr=0.000961553
epoch=060 lejepa_loss=0.0069 pred=0.0015 sigreg=1.8010 lr=0.00095999
epoch=061 lejepa_loss=0.0069 pred=0.0015 sigreg=1.7829 lr=0.000958396
epoch=062 lejepa_loss=0.0069 pred=0.0015 sigreg=1.7776 lr=0.000956773
epoch=063 lejepa_loss=0.0069 pred=0.0015 sigreg=1.7705 lr=0.00095512
epoch=064 lejepa_loss=0.0068 pred=0.0015 sigreg=1.7517 lr=0.000953437
epoch=065 lejepa_loss=0.0067 pred=0.0015 sigreg=1.7323 lr=0.000951725
epoch=066 lejepa_loss=0.0067 pred=0.0015 sigreg=1.7257 lr=0.000949984
epoch=067 lejepa_loss=0.0067 pred=0.0015 sigreg=1.7250 lr=0.000948213
epoch=068 lejepa_loss=0.0066 pred=0.0015 sigreg=1.7074 lr=0.000946414
epoch=069 lejepa_loss=0.0066 pred=0.0015 sigreg=1.6978 lr=0.000944585
epoch=070 lejepa_loss=0.0066 pred=0.0015 sigreg=1.6902 lr=0.000942728
epoch=071 lejepa_loss=0.0066 pred=0.0015 sigreg=1.6922 lr=0.000940842
epoch=072 lejepa_loss=0.0065 pred=0.0015 sigreg=1.6692 lr=0.000938927
epoch=073 lejepa_loss=0.0065 pred=0.0015 sigreg=1.6638 lr=0.000936984
epoch=074 lejepa_loss=0.0064 pred=0.0015 sigreg=1.6544 lr=0.000935012
epoch=075 lejepa_loss=0.0064 pred=0.0014 sigreg=1.6383 lr=0.000933013
epoch=076 lejepa_loss=0.0063 pred=0.0014 sigreg=1.6245 lr=0.000930985
epoch=077 lejepa_loss=0.0063 pred=0.0015 sigreg=1.6179 lr=0.000928929
epoch=078 lejepa_loss=0.0063 pred=0.0014 sigreg=1.6057 lr=0.000926845
epoch=079 lejepa_loss=0.0062 pred=0.0014 sigreg=1.6032 lr=0.000924734
epoch=080 lejepa_loss=0.0062 pred=0.0014 sigreg=1.5951 lr=0.000922595
epoch=081 lejepa_loss=0.0062 pred=0.0014 sigreg=1.5805 lr=0.000920429
epoch=082 lejepa_loss=0.0062 pred=0.0014 sigreg=1.5798 lr=0.000918235
epoch=083 lejepa_loss=0.0061 pred=0.0014 sigreg=1.5684 lr=0.000916014
epoch=084 lejepa_loss=0.0061 pred=0.0014 sigreg=1.5716 lr=0.000913767
epoch=085 lejepa_loss=0.0061 pred=0.0014 sigreg=1.5545 lr=0.000911492
epoch=086 lejepa_loss=0.0061 pred=0.0014 sigreg=1.5550 lr=0.000909191
epoch=087 lejepa_loss=0.0060 pred=0.0014 sigreg=1.5465 lr=0.000906863
epoch=088 lejepa_loss=0.0060 pred=0.0014 sigreg=1.5335 lr=0.000904508
epoch=089 lejepa_loss=0.0060 pred=0.0014 sigreg=1.5315 lr=0.000902128
epoch=090 lejepa_loss=0.0059 pred=0.0014 sigreg=1.5248 lr=0.000899721
epoch=091 lejepa_loss=0.0059 pred=0.0014 sigreg=1.5151 lr=0.000897289
epoch=092 lejepa_loss=0.0059 pred=0.0014 sigreg=1.5087 lr=0.000894831
epoch=093 lejepa_loss=0.0059 pred=0.0014 sigreg=1.5100 lr=0.000892347
epoch=094 lejepa_loss=0.0059 pred=0.0014 sigreg=1.4972 lr=0.000889837
epoch=095 lejepa_loss=0.0059 pred=0.0014 sigreg=1.4967 lr=0.000887302
epoch=096 lejepa_loss=0.0058 pred=0.0013 sigreg=1.4800 lr=0.000884743
epoch=097 lejepa_loss=0.0057 pred=0.0013 sigreg=1.4679 lr=0.000882158
epoch=098 lejepa_loss=0.0058 pred=0.0013 sigreg=1.4760 lr=0.000879548
epoch=099 lejepa_loss=0.0057 pred=0.0013 sigreg=1.4704 lr=0.000876914
epoch=100 lejepa_loss=0.0057 pred=0.0013 sigreg=1.4644 lr=0.000874255
epoch=101 lejepa_loss=0.0057 pred=0.0013 sigreg=1.4513 lr=0.000871572
epoch=102 lejepa_loss=0.0057 pred=0.0013 sigreg=1.4593 lr=0.000868865
epoch=103 lejepa_loss=0.0057 pred=0.0013 sigreg=1.4553 lr=0.000866134
epoch=104 lejepa_loss=0.0056 pred=0.0013 sigreg=1.4414 lr=0.00086338
epoch=105 lejepa_loss=0.0056 pred=0.0013 sigreg=1.4307 lr=0.000860601
epoch=106 lejepa_loss=0.0056 pred=0.0013 sigreg=1.4401 lr=0.000857799
epoch=107 lejepa_loss=0.0055 pred=0.0013 sigreg=1.4123 lr=0.000854975
epoch=108 lejepa_loss=0.0055 pred=0.0013 sigreg=1.4189 lr=0.000852127
epoch=109 lejepa_loss=0.0055 pred=0.0013 sigreg=1.4098 lr=0.000849256
epoch=110 lejepa_loss=0.0055 pred=0.0013 sigreg=1.4112 lr=0.000846362
epoch=111 lejepa_loss=0.0055 pred=0.0013 sigreg=1.4180 lr=0.000843446
epoch=112 lejepa_loss=0.0055 pred=0.0013 sigreg=1.4073 lr=0.000840508
epoch=113 lejepa_loss=0.0055 pred=0.0013 sigreg=1.4019 lr=0.000837548
epoch=114 lejepa_loss=0.0054 pred=0.0012 sigreg=1.3934 lr=0.000834565
epoch=115 lejepa_loss=0.0054 pred=0.0012 sigreg=1.3892 lr=0.000831561
epoch=116 lejepa_loss=0.0054 pred=0.0012 sigreg=1.3869 lr=0.000828536
epoch=117 lejepa_loss=0.0054 pred=0.0012 sigreg=1.3805 lr=0.000825489
epoch=118 lejepa_loss=0.0054 pred=0.0012 sigreg=1.3775 lr=0.000822421
epoch=119 lejepa_loss=0.0053 pred=0.0012 sigreg=1.3655 lr=0.000819332
epoch=120 lejepa_loss=0.0053 pred=0.0012 sigreg=1.3647 lr=0.000816223
epoch=121 lejepa_loss=0.0053 pred=0.0012 sigreg=1.3688 lr=0.000813093
epoch=122 lejepa_loss=0.0053 pred=0.0012 sigreg=1.3634 lr=0.000809942
epoch=123 lejepa_loss=0.0053 pred=0.0012 sigreg=1.3616 lr=0.000806772
epoch=124 lejepa_loss=0.0052 pred=0.0012 sigreg=1.3471 lr=0.000803581
epoch=125 lejepa_loss=0.0053 pred=0.0012 sigreg=1.3524 lr=0.000800371
epoch=126 lejepa_loss=0.0052 pred=0.0012 sigreg=1.3395 lr=0.000797142
epoch=127 lejepa_loss=0.0052 pred=0.0012 sigreg=1.3444 lr=0.000793893
epoch=128 lejepa_loss=0.0052 pred=0.0012 sigreg=1.3409 lr=0.000790625
epoch=129 lejepa_loss=0.0052 pred=0.0012 sigreg=1.3387 lr=0.000787338
epoch=130 lejepa_loss=0.0052 pred=0.0012 sigreg=1.3361 lr=0.000784032
epoch=131 lejepa_loss=0.0052 pred=0.0012 sigreg=1.3334 lr=0.000780708
epoch=132 lejepa_loss=0.0051 pred=0.0012 sigreg=1.3226 lr=0.000777366
epoch=133 lejepa_loss=0.0051 pred=0.0012 sigreg=1.3221 lr=0.000774006
epoch=134 lejepa_loss=0.0051 pred=0.0012 sigreg=1.3242 lr=0.000770628
epoch=135 lejepa_loss=0.0051 pred=0.0012 sigreg=1.3193 lr=0.000767233
epoch=136 lejepa_loss=0.0051 pred=0.0012 sigreg=1.3110 lr=0.00076382
epoch=137 lejepa_loss=0.0051 pred=0.0011 sigreg=1.3150 lr=0.00076039
epoch=138 lejepa_loss=0.0051 pred=0.0011 sigreg=1.3067 lr=0.000756943
epoch=139 lejepa_loss=0.0051 pred=0.0011 sigreg=1.3120 lr=0.00075348
epoch=140 lejepa_loss=0.0050 pred=0.0011 sigreg=1.3001 lr=0.00075
epoch=141 lejepa_loss=0.0050 pred=0.0011 sigreg=1.3031 lr=0.000746504
epoch=142 lejepa_loss=0.0050 pred=0.0011 sigreg=1.3057 lr=0.000742992
epoch=143 lejepa_loss=0.0050 pred=0.0011 sigreg=1.2903 lr=0.000739464
epoch=144 lejepa_loss=0.0050 pred=0.0011 sigreg=1.2972 lr=0.00073592
epoch=145 lejepa_loss=0.0050 pred=0.0011 sigreg=1.2880 lr=0.000732362
epoch=146 lejepa_loss=0.0050 pred=0.0011 sigreg=1.2826 lr=0.000728788
epoch=147 lejepa_loss=0.0049 pred=0.0011 sigreg=1.2782 lr=0.000725199
epoch=148 lejepa_loss=0.0049 pred=0.0011 sigreg=1.2814 lr=0.000721596
epoch=149 lejepa_loss=0.0050 pred=0.0011 sigreg=1.2823 lr=0.000717978
epoch=150 lejepa_loss=0.0049 pred=0.0011 sigreg=1.2826 lr=0.000714346
epoch=151 lejepa_loss=0.0049 pred=0.0011 sigreg=1.2672 lr=0.000710701
epoch=152 lejepa_loss=0.0049 pred=0.0011 sigreg=1.2727 lr=0.000707041
epoch=153 lejepa_loss=0.0049 pred=0.0011 sigreg=1.2657 lr=0.000703368
epoch=154 lejepa_loss=0.0049 pred=0.0011 sigreg=1.2665 lr=0.000699682
epoch=155 lejepa_loss=0.0049 pred=0.0011 sigreg=1.2655 lr=0.000695983
epoch=156 lejepa_loss=0.0049 pred=0.0011 sigreg=1.2607 lr=0.000692272
epoch=157 lejepa_loss=0.0048 pred=0.0011 sigreg=1.2577 lr=0.000688547
epoch=158 lejepa_loss=0.0048 pred=0.0011 sigreg=1.2597 lr=0.000684811
epoch=159 lejepa_loss=0.0048 pred=0.0011 sigreg=1.2593 lr=0.000681063
epoch=160 lejepa_loss=0.0048 pred=0.0011 sigreg=1.2511 lr=0.000677302
epoch=161 lejepa_loss=0.0048 pred=0.0011 sigreg=1.2560 lr=0.000673531
epoch=162 lejepa_loss=0.0048 pred=0.0011 sigreg=1.2447 lr=0.000669748
epoch=163 lejepa_loss=0.0048 pred=0.0011 sigreg=1.2408 lr=0.000665954
epoch=164 lejepa_loss=0.0048 pred=0.0011 sigreg=1.2471 lr=0.000662149
epoch=165 lejepa_loss=0.0048 pred=0.0010 sigreg=1.2388 lr=0.000658334
epoch=166 lejepa_loss=0.0048 pred=0.0010 sigreg=1.2434 lr=0.000654508
epoch=167 lejepa_loss=0.0048 pred=0.0010 sigreg=1.2432 lr=0.000650673
epoch=168 lejepa_loss=0.0047 pred=0.0010 sigreg=1.2360 lr=0.000646828
epoch=169 lejepa_loss=0.0047 pred=0.0010 sigreg=1.2357 lr=0.000642973
epoch=170 lejepa_loss=0.0047 pred=0.0010 sigreg=1.2323 lr=0.000639109
epoch=171 lejepa_loss=0.0047 pred=0.0010 sigreg=1.2248 lr=0.000635236
epoch=172 lejepa_loss=0.0047 pred=0.0010 sigreg=1.2277 lr=0.000631354
epoch=173 lejepa_loss=0.0047 pred=0.0010 sigreg=1.2298 lr=0.000627463
epoch=174 lejepa_loss=0.0047 pred=0.0010 sigreg=1.2259 lr=0.000623565
epoch=175 lejepa_loss=0.0047 pred=0.0010 sigreg=1.2237 lr=0.000619658
epoch=176 lejepa_loss=0.0047 pred=0.0010 sigreg=1.2221 lr=0.000615743
epoch=177 lejepa_loss=0.0047 pred=0.0010 sigreg=1.2161 lr=0.000611821
epoch=178 lejepa_loss=0.0047 pred=0.0010 sigreg=1.2226 lr=0.000607892
epoch=179 lejepa_loss=0.0047 pred=0.0010 sigreg=1.2224 lr=0.000603956
epoch=180 lejepa_loss=0.0046 pred=0.0010 sigreg=1.2183 lr=0.000600013
epoch=181 lejepa_loss=0.0046 pred=0.0010 sigreg=1.2157 lr=0.000596063
epoch=182 lejepa_loss=0.0046 pred=0.0010 sigreg=1.2159 lr=0.000592108
epoch=183 lejepa_loss=0.0046 pred=0.0010 sigreg=1.2088 lr=0.000588146
epoch=184 lejepa_loss=0.0046 pred=0.0010 sigreg=1.2038 lr=0.000584179
epoch=185 lejepa_loss=0.0046 pred=0.0010 sigreg=1.2034 lr=0.000580206
epoch=186 lejepa_loss=0.0046 pred=0.0010 sigreg=1.2031 lr=0.000576228
epoch=187 lejepa_loss=0.0046 pred=0.0010 sigreg=1.1996 lr=0.000572245
epoch=188 lejepa_loss=0.0046 pred=0.0010 sigreg=1.2012 lr=0.000568257
epoch=189 lejepa_loss=0.0046 pred=0.0010 sigreg=1.1906 lr=0.000564265
epoch=190 lejepa_loss=0.0046 pred=0.0010 sigreg=1.1923 lr=0.000560268
epoch=191 lejepa_loss=0.0046 pred=0.0010 sigreg=1.1964 lr=0.000556268
epoch=192 lejepa_loss=0.0045 pred=0.0010 sigreg=1.1890 lr=0.000552264
epoch=193 lejepa_loss=0.0045 pred=0.0010 sigreg=1.1895 lr=0.000548257
epoch=194 lejepa_loss=0.0046 pred=0.0010 sigreg=1.1929 lr=0.000544247
epoch=195 lejepa_loss=0.0045 pred=0.0010 sigreg=1.1838 lr=0.000540233
epoch=196 lejepa_loss=0.0045 pred=0.0010 sigreg=1.1907 lr=0.000536217
epoch=197 lejepa_loss=0.0045 pred=0.0010 sigreg=1.1814 lr=0.000532199
epoch=198 lejepa_loss=0.0045 pred=0.0010 sigreg=1.1852 lr=0.000528179
epoch=199 lejepa_loss=0.0045 pred=0.0010 sigreg=1.1842 lr=0.000524157
epoch=200 lejepa_loss=0.0045 pred=0.0010 sigreg=1.1821 lr=0.000520133
epoch=201 lejepa_loss=0.0045 pred=0.0010 sigreg=1.1771 lr=0.000516108
epoch=202 lejepa_loss=0.0045 pred=0.0010 sigreg=1.1830 lr=0.000512082
epoch=203 lejepa_loss=0.0045 pred=0.0010 sigreg=1.1780 lr=0.000508055
epoch=204 lejepa_loss=0.0045 pred=0.0009 sigreg=1.1752 lr=0.000504028
epoch=205 lejepa_loss=0.0045 pred=0.0010 sigreg=1.1742 lr=0.0005
epoch=206 lejepa_loss=0.0045 pred=0.0009 sigreg=1.1778 lr=0.000495972
epoch=207 lejepa_loss=0.0045 pred=0.0009 sigreg=1.1739 lr=0.000491945
epoch=208 lejepa_loss=0.0044 pred=0.0009 sigreg=1.1686 lr=0.000487918
epoch=209 lejepa_loss=0.0045 pred=0.0009 sigreg=1.1734 lr=0.000483892
epoch=210 lejepa_loss=0.0044 pred=0.0009 sigreg=1.1669 lr=0.000479867
epoch=211 lejepa_loss=0.0044 pred=0.0009 sigreg=1.1607 lr=0.000475843
epoch=212 lejepa_loss=0.0044 pred=0.0009 sigreg=1.1611 lr=0.000471821
epoch=213 lejepa_loss=0.0044 pred=0.0009 sigreg=1.1699 lr=0.000467801
epoch=214 lejepa_loss=0.0044 pred=0.0009 sigreg=1.1638 lr=0.000463783
epoch=215 lejepa_loss=0.0044 pred=0.0009 sigreg=1.1631 lr=0.000459767
epoch=216 lejepa_loss=0.0044 pred=0.0009 sigreg=1.1560 lr=0.000455753
epoch=217 lejepa_loss=0.0044 pred=0.0009 sigreg=1.1573 lr=0.000451743
epoch=218 lejepa_loss=0.0044 pred=0.0009 sigreg=1.1620 lr=0.000447736
epoch=219 lejepa_loss=0.0044 pred=0.0009 sigreg=1.1524 lr=0.000443732
epoch=220 lejepa_loss=0.0044 pred=0.0009 sigreg=1.1596 lr=0.000439732
epoch=221 lejepa_loss=0.0044 pred=0.0009 sigreg=1.1521 lr=0.000435735
epoch=222 lejepa_loss=0.0044 pred=0.0009 sigreg=1.1584 lr=0.000431743
epoch=223 lejepa_loss=0.0044 pred=0.0009 sigreg=1.1514 lr=0.000427755
epoch=224 lejepa_loss=0.0044 pred=0.0009 sigreg=1.1486 lr=0.000423772
epoch=225 lejepa_loss=0.0044 pred=0.0009 sigreg=1.1509 lr=0.000419794
epoch=226 lejepa_loss=0.0043 pred=0.0009 sigreg=1.1450 lr=0.000415821
epoch=227 lejepa_loss=0.0043 pred=0.0009 sigreg=1.1478 lr=0.000411854
epoch=228 lejepa_loss=0.0044 pred=0.0009 sigreg=1.1536 lr=0.000407892
epoch=229 lejepa_loss=0.0043 pred=0.0009 sigreg=1.1462 lr=0.000403937
epoch=230 lejepa_loss=0.0043 pred=0.0009 sigreg=1.1468 lr=0.000399987
epoch=231 lejepa_loss=0.0043 pred=0.0009 sigreg=1.1414 lr=0.000396044
epoch=232 lejepa_loss=0.0043 pred=0.0009 sigreg=1.1383 lr=0.000392108
epoch=233 lejepa_loss=0.0043 pred=0.0009 sigreg=1.1397 lr=0.000388179
epoch=234 lejepa_loss=0.0043 pred=0.0009 sigreg=1.1404 lr=0.000384257
epoch=235 lejepa_loss=0.0043 pred=0.0009 sigreg=1.1367 lr=0.000380342
epoch=236 lejepa_loss=0.0043 pred=0.0009 sigreg=1.1357 lr=0.000376435
epoch=237 lejepa_loss=0.0043 pred=0.0009 sigreg=1.1437 lr=0.000372537
epoch=238 lejepa_loss=0.0043 pred=0.0009 sigreg=1.1335 lr=0.000368646
epoch=239 lejepa_loss=0.0043 pred=0.0009 sigreg=1.1426 lr=0.000364764
epoch=240 lejepa_loss=0.0043 pred=0.0009 sigreg=1.1369 lr=0.000360891
epoch=241 lejepa_loss=0.0043 pred=0.0009 sigreg=1.1338 lr=0.000357027
epoch=242 lejepa_loss=0.0043 pred=0.0009 sigreg=1.1344 lr=0.000353172
epoch=243 lejepa_loss=0.0043 pred=0.0009 sigreg=1.1332 lr=0.000349327
epoch=244 lejepa_loss=0.0043 pred=0.0009 sigreg=1.1312 lr=0.000345492
epoch=245 lejepa_loss=0.0043 pred=0.0009 sigreg=1.1265 lr=0.000341666
epoch=246 lejepa_loss=0.0043 pred=0.0009 sigreg=1.1277 lr=0.000337851
epoch=247 lejepa_loss=0.0042 pred=0.0009 sigreg=1.1277 lr=0.000334046
epoch=248 lejepa_loss=0.0043 pred=0.0009 sigreg=1.1316 lr=0.000330252
epoch=249 lejepa_loss=0.0043 pred=0.0009 sigreg=1.1287 lr=0.000326469
epoch=250 lejepa_loss=0.0042 pred=0.0009 sigreg=1.1232 lr=0.000322698
epoch=251 lejepa_loss=0.0042 pred=0.0009 sigreg=1.1222 lr=0.000318937
epoch=252 lejepa_loss=0.0042 pred=0.0009 sigreg=1.1228 lr=0.000315189
epoch=253 lejepa_loss=0.0042 pred=0.0009 sigreg=1.1204 lr=0.000311453
epoch=254 lejepa_loss=0.0042 pred=0.0009 sigreg=1.1243 lr=0.000307728
epoch=255 lejepa_loss=0.0042 pred=0.0009 sigreg=1.1204 lr=0.000304017
epoch=256 lejepa_loss=0.0042 pred=0.0009 sigreg=1.1205 lr=0.000300318
epoch=257 lejepa_loss=0.0042 pred=0.0008 sigreg=1.1202 lr=0.000296632
epoch=258 lejepa_loss=0.0042 pred=0.0009 sigreg=1.1138 lr=0.000292959
epoch=259 lejepa_loss=0.0042 pred=0.0009 sigreg=1.1184 lr=0.000289299
epoch=260 lejepa_loss=0.0042 pred=0.0008 sigreg=1.1148 lr=0.000285654
epoch=261 lejepa_loss=0.0042 pred=0.0008 sigreg=1.1134 lr=0.000282022
epoch=262 lejepa_loss=0.0042 pred=0.0008 sigreg=1.1143 lr=0.000278404
epoch=263 lejepa_loss=0.0042 pred=0.0008 sigreg=1.1109 lr=0.000274801
epoch=264 lejepa_loss=0.0042 pred=0.0008 sigreg=1.1127 lr=0.000271212
epoch=265 lejepa_loss=0.0042 pred=0.0008 sigreg=1.1120 lr=0.000267638
epoch=266 lejepa_loss=0.0042 pred=0.0008 sigreg=1.1094 lr=0.00026408
epoch=267 lejepa_loss=0.0042 pred=0.0008 sigreg=1.1066 lr=0.000260536
epoch=268 lejepa_loss=0.0042 pred=0.0008 sigreg=1.1164 lr=0.000257008
epoch=269 lejepa_loss=0.0042 pred=0.0008 sigreg=1.1068 lr=0.000253496
epoch=270 lejepa_loss=0.0042 pred=0.0008 sigreg=1.1080 lr=0.00025
epoch=271 lejepa_loss=0.0042 pred=0.0008 sigreg=1.1098 lr=0.00024652
epoch=272 lejepa_loss=0.0042 pred=0.0008 sigreg=1.1085 lr=0.000243057
epoch=273 lejepa_loss=0.0041 pred=0.0008 sigreg=1.1032 lr=0.00023961
epoch=274 lejepa_loss=0.0041 pred=0.0008 sigreg=1.1054 lr=0.00023618
epoch=275 lejepa_loss=0.0041 pred=0.0008 sigreg=1.1033 lr=0.000232767
epoch=276 lejepa_loss=0.0041 pred=0.0008 sigreg=1.1046 lr=0.000229372
epoch=277 lejepa_loss=0.0041 pred=0.0008 sigreg=1.1051 lr=0.000225994
epoch=278 lejepa_loss=0.0041 pred=0.0008 sigreg=1.1003 lr=0.000222634
epoch=279 lejepa_loss=0.0041 pred=0.0008 sigreg=1.0986 lr=0.000219292
epoch=280 lejepa_loss=0.0041 pred=0.0008 sigreg=1.1066 lr=0.000215968
epoch=281 lejepa_loss=0.0041 pred=0.0008 sigreg=1.1002 lr=0.000212662
epoch=282 lejepa_loss=0.0041 pred=0.0008 sigreg=1.0987 lr=0.000209375
epoch=283 lejepa_loss=0.0041 pred=0.0008 sigreg=1.0998 lr=0.000206107
epoch=284 lejepa_loss=0.0041 pred=0.0008 sigreg=1.0900 lr=0.000202858
epoch=285 lejepa_loss=0.0041 pred=0.0008 sigreg=1.0995 lr=0.000199629
epoch=286 lejepa_loss=0.0041 pred=0.0008 sigreg=1.0976 lr=0.000196419
epoch=287 lejepa_loss=0.0041 pred=0.0008 sigreg=1.0993 lr=0.000193228
epoch=288 lejepa_loss=0.0041 pred=0.0008 sigreg=1.0947 lr=0.000190058
epoch=289 lejepa_loss=0.0041 pred=0.0008 sigreg=1.0949 lr=0.000186907
epoch=290 lejepa_loss=0.0041 pred=0.0008 sigreg=1.0969 lr=0.000183777
epoch=291 lejepa_loss=0.0041 pred=0.0008 sigreg=1.0912 lr=0.000180668
epoch=292 lejepa_loss=0.0041 pred=0.0008 sigreg=1.0910 lr=0.000177579
epoch=293 lejepa_loss=0.0041 pred=0.0008 sigreg=1.0937 lr=0.000174511
epoch=294 lejepa_loss=0.0041 pred=0.0008 sigreg=1.0907 lr=0.000171464
epoch=295 lejepa_loss=0.0041 pred=0.0008 sigreg=1.0859 lr=0.000168439
epoch=296 lejepa_loss=0.0041 pred=0.0008 sigreg=1.0926 lr=0.000165435
epoch=297 lejepa_loss=0.0041 pred=0.0008 sigreg=1.0878 lr=0.000162452
epoch=298 lejepa_loss=0.0041 pred=0.0008 sigreg=1.0874 lr=0.000159492
epoch=299 lejepa_loss=0.0041 pred=0.0008 sigreg=1.0874 lr=0.000156554
epoch=300 lejepa_loss=0.0041 pred=0.0008 sigreg=1.0912 lr=0.000153638
epoch=301 lejepa_loss=0.0041 pred=0.0008 sigreg=1.0845 lr=0.000150744
epoch=302 lejepa_loss=0.0040 pred=0.0008 sigreg=1.0856 lr=0.000147873
epoch=303 lejepa_loss=0.0040 pred=0.0008 sigreg=1.0853 lr=0.000145025
epoch=304 lejepa_loss=0.0041 pred=0.0008 sigreg=1.0869 lr=0.000142201
epoch=305 lejepa_loss=0.0041 pred=0.0008 sigreg=1.0864 lr=0.000139399
epoch=306 lejepa_loss=0.0040 pred=0.0008 sigreg=1.0823 lr=0.00013662
epoch=307 lejepa_loss=0.0040 pred=0.0008 sigreg=1.0852 lr=0.000133866
epoch=308 lejepa_loss=0.0040 pred=0.0008 sigreg=1.0850 lr=0.000131135
epoch=309 lejepa_loss=0.0040 pred=0.0008 sigreg=1.0831 lr=0.000128428
epoch=310 lejepa_loss=0.0040 pred=0.0008 sigreg=1.0802 lr=0.000125745
epoch=311 lejepa_loss=0.0040 pred=0.0008 sigreg=1.0812 lr=0.000123086
epoch=312 lejepa_loss=0.0040 pred=0.0008 sigreg=1.0773 lr=0.000120452
epoch=313 lejepa_loss=0.0040 pred=0.0008 sigreg=1.0762 lr=0.000117842
epoch=314 lejepa_loss=0.0040 pred=0.0008 sigreg=1.0820 lr=0.000115257
epoch=315 lejepa_loss=0.0040 pred=0.0008 sigreg=1.0811 lr=0.000112698
epoch=316 lejepa_loss=0.0040 pred=0.0008 sigreg=1.0828 lr=0.000110163
epoch=317 lejepa_loss=0.0040 pred=0.0008 sigreg=1.0789 lr=0.000107653
epoch=318 lejepa_loss=0.0040 pred=0.0008 sigreg=1.0757 lr=0.000105169
epoch=319 lejepa_loss=0.0040 pred=0.0008 sigreg=1.0804 lr=0.000102711
epoch=320 lejepa_loss=0.0040 pred=0.0008 sigreg=1.0807 lr=0.000100279
epoch=321 lejepa_loss=0.0040 pred=0.0008 sigreg=1.0765 lr=9.7872e-05
epoch=322 lejepa_loss=0.0040 pred=0.0008 sigreg=1.0724 lr=9.54915e-05
epoch=323 lejepa_loss=0.0040 pred=0.0008 sigreg=1.0692 lr=9.31372e-05
epoch=324 lejepa_loss=0.0040 pred=0.0008 sigreg=1.0748 lr=9.08094e-05
epoch=325 lejepa_loss=0.0040 pred=0.0008 sigreg=1.0773 lr=8.85081e-05
epoch=326 lejepa_loss=0.0040 pred=0.0008 sigreg=1.0754 lr=8.62335e-05
epoch=327 lejepa_loss=0.0040 pred=0.0008 sigreg=1.0735 lr=8.39857e-05
epoch=328 lejepa_loss=0.0040 pred=0.0008 sigreg=1.0777 lr=8.17649e-05
epoch=329 lejepa_loss=0.0040 pred=0.0008 sigreg=1.0756 lr=7.95713e-05
epoch=330 lejepa_loss=0.0040 pred=0.0008 sigreg=1.0690 lr=7.7405e-05
epoch=331 lejepa_loss=0.0040 pred=0.0008 sigreg=1.0731 lr=7.5266e-05
epoch=332 lejepa_loss=0.0040 pred=0.0008 sigreg=1.0735 lr=7.31547e-05
epoch=333 lejepa_loss=0.0040 pred=0.0008 sigreg=1.0726 lr=7.1071e-05
epoch=334 lejepa_loss=0.0040 pred=0.0008 sigreg=1.0725 lr=6.90152e-05
epoch=335 lejepa_loss=0.0040 pred=0.0008 sigreg=1.0727 lr=6.69873e-05
epoch=336 lejepa_loss=0.0040 pred=0.0008 sigreg=1.0745 lr=6.49875e-05
epoch=337 lejepa_loss=0.0040 pred=0.0008 sigreg=1.0682 lr=6.3016e-05
epoch=338 lejepa_loss=0.0040 pred=0.0008 sigreg=1.0770 lr=6.10728e-05
epoch=339 lejepa_loss=0.0040 pred=0.0008 sigreg=1.0743 lr=5.91581e-05
epoch=340 lejepa_loss=0.0040 pred=0.0008 sigreg=1.0726 lr=5.7272e-05
epoch=341 lejepa_loss=0.0040 pred=0.0008 sigreg=1.0683 lr=5.54146e-05
epoch=342 lejepa_loss=0.0040 pred=0.0008 sigreg=1.0644 lr=5.35861e-05
epoch=343 lejepa_loss=0.0040 pred=0.0008 sigreg=1.0666 lr=5.17865e-05
epoch=344 lejepa_loss=0.0040 pred=0.0008 sigreg=1.0677 lr=5.00161e-05
epoch=345 lejepa_loss=0.0040 pred=0.0008 sigreg=1.0698 lr=4.82748e-05
epoch=346 lejepa_loss=0.0040 pred=0.0008 sigreg=1.0708 lr=4.65628e-05
epoch=347 lejepa_loss=0.0040 pred=0.0008 sigreg=1.0704 lr=4.48803e-05
epoch=348 lejepa_loss=0.0040 pred=0.0008 sigreg=1.0640 lr=4.32273e-05
epoch=349 lejepa_loss=0.0040 pred=0.0008 sigreg=1.0683 lr=4.16039e-05
epoch=350 lejepa_loss=0.0039 pred=0.0008 sigreg=1.0621 lr=4.00103e-05
epoch=351 lejepa_loss=0.0040 pred=0.0008 sigreg=1.0670 lr=3.84465e-05
epoch=352 lejepa_loss=0.0040 pred=0.0008 sigreg=1.0644 lr=3.69127e-05
epoch=353 lejepa_loss=0.0039 pred=0.0008 sigreg=1.0623 lr=3.54089e-05
epoch=354 lejepa_loss=0.0039 pred=0.0008 sigreg=1.0646 lr=3.39353e-05
epoch=355 lejepa_loss=0.0040 pred=0.0008 sigreg=1.0679 lr=3.24919e-05
epoch=356 lejepa_loss=0.0039 pred=0.0008 sigreg=1.0642 lr=3.10788e-05
epoch=357 lejepa_loss=0.0040 pred=0.0008 sigreg=1.0669 lr=2.96962e-05
epoch=358 lejepa_loss=0.0039 pred=0.0008 sigreg=1.0607 lr=2.83441e-05
epoch=359 lejepa_loss=0.0039 pred=0.0008 sigreg=1.0630 lr=2.70226e-05
epoch=360 lejepa_loss=0.0039 pred=0.0008 sigreg=1.0651 lr=2.57318e-05
epoch=361 lejepa_loss=0.0040 pred=0.0008 sigreg=1.0641 lr=2.44717e-05
epoch=362 lejepa_loss=0.0040 pred=0.0008 sigreg=1.0674 lr=2.32426e-05
epoch=363 lejepa_loss=0.0040 pred=0.0008 sigreg=1.0679 lr=2.20443e-05
epoch=364 lejepa_loss=0.0039 pred=0.0008 sigreg=1.0631 lr=2.08771e-05
epoch=365 lejepa_loss=0.0039 pred=0.0008 sigreg=1.0591 lr=1.97409e-05
epoch=366 lejepa_loss=0.0040 pred=0.0008 sigreg=1.0656 lr=1.8636e-05
epoch=367 lejepa_loss=0.0039 pred=0.0008 sigreg=1.0641 lr=1.75622e-05
epoch=368 lejepa_loss=0.0039 pred=0.0008 sigreg=1.0612 lr=1.65198e-05
epoch=369 lejepa_loss=0.0039 pred=0.0008 sigreg=1.0606 lr=1.55087e-05
epoch=370 lejepa_loss=0.0039 pred=0.0008 sigreg=1.0601 lr=1.45291e-05
epoch=371 lejepa_loss=0.0039 pred=0.0007 sigreg=1.0606 lr=1.3581e-05
epoch=372 lejepa_loss=0.0039 pred=0.0008 sigreg=1.0612 lr=1.26644e-05
epoch=373 lejepa_loss=0.0039 pred=0.0008 sigreg=1.0623 lr=1.17795e-05
epoch=374 lejepa_loss=0.0039 pred=0.0007 sigreg=1.0608 lr=1.09262e-05
epoch=375 lejepa_loss=0.0039 pred=0.0008 sigreg=1.0594 lr=1.01047e-05
epoch=376 lejepa_loss=0.0039 pred=0.0007 sigreg=1.0554 lr=9.31494e-06
epoch=377 lejepa_loss=0.0039 pred=0.0007 sigreg=1.0618 lr=8.55704e-06
epoch=378 lejepa_loss=0.0039 pred=0.0008 sigreg=1.0620 lr=7.83103e-06
epoch=379 lejepa_loss=0.0039 pred=0.0008 sigreg=1.0604 lr=7.13696e-06
epoch=380 lejepa_loss=0.0039 pred=0.0007 sigreg=1.0569 lr=6.47487e-06
epoch=381 lejepa_loss=0.0039 pred=0.0007 sigreg=1.0629 lr=5.8448e-06
epoch=382 lejepa_loss=0.0039 pred=0.0008 sigreg=1.0620 lr=5.2468e-06
epoch=383 lejepa_loss=0.0039 pred=0.0008 sigreg=1.0622 lr=4.6809e-06
epoch=384 lejepa_loss=0.0039 pred=0.0008 sigreg=1.0588 lr=4.14715e-06
epoch=385 lejepa_loss=0.0039 pred=0.0008 sigreg=1.0595 lr=3.64556e-06
epoch=386 lejepa_loss=0.0039 pred=0.0008 sigreg=1.0606 lr=3.17619e-06
epoch=387 lejepa_loss=0.0039 pred=0.0008 sigreg=1.0572 lr=2.73905e-06
epoch=388 lejepa_loss=0.0039 pred=0.0008 sigreg=1.0627 lr=2.33418e-06
epoch=389 lejepa_loss=0.0039 pred=0.0007 sigreg=1.0603 lr=1.96161e-06
epoch=390 lejepa_loss=0.0039 pred=0.0008 sigreg=1.0631 lr=1.62135e-06
epoch=391 lejepa_loss=0.0039 pred=0.0008 sigreg=1.0617 lr=1.31343e-06
epoch=392 lejepa_loss=0.0039 pred=0.0007 sigreg=1.0595 lr=1.03786e-06
epoch=393 lejepa_loss=0.0039 pred=0.0008 sigreg=1.0616 lr=7.94679e-07
epoch=394 lejepa_loss=0.0039 pred=0.0007 sigreg=1.0605 lr=5.83887e-07
epoch=395 lejepa_loss=0.0039 pred=0.0008 sigreg=1.0559 lr=4.05501e-07
epoch=396 lejepa_loss=0.0039 pred=0.0008 sigreg=1.0608 lr=2.59533e-07
epoch=397 lejepa_loss=0.0039 pred=0.0007 sigreg=1.0605 lr=1.45993e-07
epoch=398 lejepa_loss=0.0039 pred=0.0008 sigreg=1.0605 lr=6.48875e-08
epoch=399 lejepa_loss=0.0039 pred=0.0007 sigreg=1.0603 lr=1.62221e-08
epoch=400 lejepa_loss=0.0039 pred=0.0008 sigreg=1.0586 lr=0
Backbone checkpoint selection by frozen-backbone kNN:
  candidates: 22
  k values: [20, 50, 100]
  max_bank_samples: 10000
  max_test_samples: 2000

Evaluating candidate: experiments/experiment-c10-r18-lejepa-v3-sigreg-003/checkpoints/resnet18_lejepa_backbone_last.pt

Evaluating candidate: experiments/experiment-c10-r18-lejepa-v3-sigreg-003/checkpoints/resnet18_lejepa_backbone_loss_best.pt

Evaluating candidate: experiments/experiment-c10-r18-lejepa-v3-sigreg-003/checkpoints/resnet18_lejepa_backbone_epoch_020.pt

Evaluating candidate: experiments/experiment-c10-r18-lejepa-v3-sigreg-003/checkpoints/resnet18_lejepa_backbone_epoch_040.pt

Evaluating candidate: experiments/experiment-c10-r18-lejepa-v3-sigreg-003/checkpoints/resnet18_lejepa_backbone_epoch_060.pt

Evaluating candidate: experiments/experiment-c10-r18-lejepa-v3-sigreg-003/checkpoints/resnet18_lejepa_backbone_epoch_080.pt

Evaluating candidate: experiments/experiment-c10-r18-lejepa-v3-sigreg-003/checkpoints/resnet18_lejepa_backbone_epoch_100.pt

Evaluating candidate: experiments/experiment-c10-r18-lejepa-v3-sigreg-003/checkpoints/resnet18_lejepa_backbone_epoch_120.pt

Evaluating candidate: experiments/experiment-c10-r18-lejepa-v3-sigreg-003/checkpoints/resnet18_lejepa_backbone_epoch_140.pt

Evaluating candidate: experiments/experiment-c10-r18-lejepa-v3-sigreg-003/checkpoints/resnet18_lejepa_backbone_epoch_160.pt

Evaluating candidate: experiments/experiment-c10-r18-lejepa-v3-sigreg-003/checkpoints/resnet18_lejepa_backbone_epoch_180.pt

Evaluating candidate: experiments/experiment-c10-r18-lejepa-v3-sigreg-003/checkpoints/resnet18_lejepa_backbone_epoch_200.pt

Evaluating candidate: experiments/experiment-c10-r18-lejepa-v3-sigreg-003/checkpoints/resnet18_lejepa_backbone_epoch_220.pt

Evaluating candidate: experiments/experiment-c10-r18-lejepa-v3-sigreg-003/checkpoints/resnet18_lejepa_backbone_epoch_240.pt

Evaluating candidate: experiments/experiment-c10-r18-lejepa-v3-sigreg-003/checkpoints/resnet18_lejepa_backbone_epoch_260.pt

Evaluating candidate: experiments/experiment-c10-r18-lejepa-v3-sigreg-003/checkpoints/resnet18_lejepa_backbone_epoch_280.pt

Evaluating candidate: experiments/experiment-c10-r18-lejepa-v3-sigreg-003/checkpoints/resnet18_lejepa_backbone_epoch_300.pt

Evaluating candidate: experiments/experiment-c10-r18-lejepa-v3-sigreg-003/checkpoints/resnet18_lejepa_backbone_epoch_320.pt

Evaluating candidate: experiments/experiment-c10-r18-lejepa-v3-sigreg-003/checkpoints/resnet18_lejepa_backbone_epoch_340.pt

Evaluating candidate: experiments/experiment-c10-r18-lejepa-v3-sigreg-003/checkpoints/resnet18_lejepa_backbone_epoch_360.pt

Evaluating candidate: experiments/experiment-c10-r18-lejepa-v3-sigreg-003/checkpoints/resnet18_lejepa_backbone_epoch_380.pt

Evaluating candidate: experiments/experiment-c10-r18-lejepa-v3-sigreg-003/checkpoints/resnet18_lejepa_backbone_epoch_400.pt

Backbone checkpoint selection completed.
  selected: experiments/experiment-c10-r18-lejepa-v3-sigreg-003/checkpoints/resnet18_lejepa_backbone_epoch_360.pt
  best kNN: 0.5945 at k=100
  saved CSV: experiments/experiment-c10-r18-lejepa-v3-sigreg-003/metrics/checkpoint_selection/backbone_checkpoint_selection_knn.csv
  overwritten backbone_best_path: experiments/experiment-c10-r18-lejepa-v3-sigreg-003/checkpoints/resnet18_lejepa_backbone_best.pt
probe_epoch=001 train_loss=1.6027 train_acc=0.5001 val_loss=1.3010 val_acc=0.5790 lr=0.02
probe_epoch=002 train_loss=1.2347 train_acc=0.5802 val_loss=1.1655 val_acc=0.6010 lr=0.03
probe_epoch=003 train_loss=1.1625 train_acc=0.5949 val_loss=1.1264 val_acc=0.6104 lr=0.04
probe_epoch=004 train_loss=1.1252 train_acc=0.6066 val_loss=1.0947 val_acc=0.6164 lr=0.05
probe_epoch=005 train_loss=1.1049 train_acc=0.6147 val_loss=1.0781 val_acc=0.6228 lr=0.05
probe_epoch=006 train_loss=1.0919 train_acc=0.6186 val_loss=1.0681 val_acc=0.6302 lr=0.0499941
probe_epoch=007 train_loss=1.0768 train_acc=0.6223 val_loss=1.0673 val_acc=0.6322 lr=0.0499765
probe_epoch=008 train_loss=1.0694 train_acc=0.6258 val_loss=1.0597 val_acc=0.6278 lr=0.0499472
probe_epoch=009 train_loss=1.0612 train_acc=0.6277 val_loss=1.0587 val_acc=0.6296 lr=0.0499062
probe_epoch=010 train_loss=1.0590 train_acc=0.6288 val_loss=1.0501 val_acc=0.6368 lr=0.0498534
probe_epoch=011 train_loss=1.0519 train_acc=0.6318 val_loss=1.0516 val_acc=0.6312 lr=0.0497891
probe_epoch=012 train_loss=1.0508 train_acc=0.6324 val_loss=1.0450 val_acc=0.6350 lr=0.049713
probe_epoch=013 train_loss=1.0447 train_acc=0.6346 val_loss=1.0396 val_acc=0.6374 lr=0.0496254
probe_epoch=014 train_loss=1.0422 train_acc=0.6352 val_loss=1.0440 val_acc=0.6340 lr=0.0495262
probe_epoch=015 train_loss=1.0399 train_acc=0.6348 val_loss=1.0416 val_acc=0.6356 lr=0.0494155
probe_epoch=016 train_loss=1.0397 train_acc=0.6343 val_loss=1.0414 val_acc=0.6342 lr=0.0492934
probe_epoch=017 train_loss=1.0359 train_acc=0.6356 val_loss=1.0476 val_acc=0.6316 lr=0.0491598
probe_epoch=018 train_loss=1.0347 train_acc=0.6373 val_loss=1.0376 val_acc=0.6344 lr=0.0490149
probe_epoch=019 train_loss=1.0336 train_acc=0.6370 val_loss=1.0423 val_acc=0.6324 lr=0.0488587
probe_epoch=020 train_loss=1.0316 train_acc=0.6370 val_loss=1.0391 val_acc=0.6348 lr=0.0486913
probe_epoch=021 train_loss=1.0301 train_acc=0.6392 val_loss=1.0430 val_acc=0.6354 lr=0.0485128
probe_epoch=022 train_loss=1.0277 train_acc=0.6400 val_loss=1.0325 val_acc=0.6356 lr=0.0483233
probe_epoch=023 train_loss=1.0261 train_acc=0.6429 val_loss=1.0349 val_acc=0.6344 lr=0.0481228
probe_epoch=024 train_loss=1.0251 train_acc=0.6399 val_loss=1.0323 val_acc=0.6346 lr=0.0479115
probe_epoch=025 train_loss=1.0261 train_acc=0.6396 val_loss=1.0368 val_acc=0.6336 lr=0.0476894
probe_epoch=026 train_loss=1.0266 train_acc=0.6411 val_loss=1.0354 val_acc=0.6384 lr=0.0474566
probe_epoch=027 train_loss=1.0240 train_acc=0.6405 val_loss=1.0324 val_acc=0.6352 lr=0.0472134
probe_epoch=028 train_loss=1.0236 train_acc=0.6408 val_loss=1.0375 val_acc=0.6346 lr=0.0469596
probe_epoch=029 train_loss=1.0206 train_acc=0.6440 val_loss=1.0324 val_acc=0.6390 lr=0.0466956
probe_epoch=030 train_loss=1.0205 train_acc=0.6445 val_loss=1.0354 val_acc=0.6344 lr=0.0464214
probe_epoch=031 train_loss=1.0231 train_acc=0.6405 val_loss=1.0313 val_acc=0.6400 lr=0.0461372
probe_epoch=032 train_loss=1.0183 train_acc=0.6422 val_loss=1.0275 val_acc=0.6368 lr=0.045843
probe_epoch=033 train_loss=1.0195 train_acc=0.6436 val_loss=1.0406 val_acc=0.6366 lr=0.045539
probe_epoch=034 train_loss=1.0177 train_acc=0.6414 val_loss=1.0334 val_acc=0.6342 lr=0.0452254
probe_epoch=035 train_loss=1.0191 train_acc=0.6428 val_loss=1.0320 val_acc=0.6356 lr=0.0449023
probe_epoch=036 train_loss=1.0182 train_acc=0.6438 val_loss=1.0307 val_acc=0.6408 lr=0.0445699
probe_epoch=037 train_loss=1.0180 train_acc=0.6419 val_loss=1.0301 val_acc=0.6368 lr=0.0442283
probe_epoch=038 train_loss=1.0176 train_acc=0.6429 val_loss=1.0288 val_acc=0.6382 lr=0.0438776
probe_epoch=039 train_loss=1.0172 train_acc=0.6438 val_loss=1.0360 val_acc=0.6388 lr=0.0435181
probe_epoch=040 train_loss=1.0139 train_acc=0.6426 val_loss=1.0318 val_acc=0.6396 lr=0.0431499
probe_epoch=041 train_loss=1.0182 train_acc=0.6424 val_loss=1.0294 val_acc=0.6416 lr=0.0427732
probe_epoch=042 train_loss=1.0147 train_acc=0.6456 val_loss=1.0265 val_acc=0.6386 lr=0.0423881
probe_epoch=043 train_loss=1.0174 train_acc=0.6444 val_loss=1.0308 val_acc=0.6380 lr=0.0419949
probe_epoch=044 train_loss=1.0142 train_acc=0.6448 val_loss=1.0304 val_acc=0.6364 lr=0.0415937
probe_epoch=045 train_loss=1.0132 train_acc=0.6446 val_loss=1.0302 val_acc=0.6382 lr=0.0411847
probe_epoch=046 train_loss=1.0147 train_acc=0.6438 val_loss=1.0348 val_acc=0.6398 lr=0.0407681
probe_epoch=047 train_loss=1.0145 train_acc=0.6428 val_loss=1.0332 val_acc=0.6348 lr=0.0403441
probe_epoch=048 train_loss=1.0119 train_acc=0.6426 val_loss=1.0387 val_acc=0.6328 lr=0.0399129
probe_epoch=049 train_loss=1.0081 train_acc=0.6446 val_loss=1.0297 val_acc=0.6416 lr=0.0394747
probe_epoch=050 train_loss=1.0123 train_acc=0.6455 val_loss=1.0307 val_acc=0.6390 lr=0.0390297
probe_epoch=051 train_loss=1.0130 train_acc=0.6446 val_loss=1.0353 val_acc=0.6370 lr=0.0385781
probe_epoch=052 train_loss=1.0080 train_acc=0.6468 val_loss=1.0352 val_acc=0.6350 lr=0.0381201
probe_epoch=053 train_loss=1.0079 train_acc=0.6477 val_loss=1.0272 val_acc=0.6406 lr=0.037656
probe_epoch=054 train_loss=1.0105 train_acc=0.6436 val_loss=1.0332 val_acc=0.6386 lr=0.037186
probe_epoch=055 train_loss=1.0104 train_acc=0.6452 val_loss=1.0300 val_acc=0.6388 lr=0.0367102
probe_epoch=056 train_loss=1.0108 train_acc=0.6460 val_loss=1.0308 val_acc=0.6400 lr=0.0362289
probe_epoch=057 train_loss=1.0087 train_acc=0.6467 val_loss=1.0310 val_acc=0.6404 lr=0.0357424
probe_epoch=058 train_loss=1.0101 train_acc=0.6446 val_loss=1.0328 val_acc=0.6386 lr=0.0352508
probe_epoch=059 train_loss=1.0103 train_acc=0.6459 val_loss=1.0344 val_acc=0.6382 lr=0.0347544
probe_epoch=060 train_loss=1.0051 train_acc=0.6470 val_loss=1.0274 val_acc=0.6402 lr=0.0342535
probe_epoch=061 train_loss=1.0091 train_acc=0.6469 val_loss=1.0307 val_acc=0.6384 lr=0.0337481
probe_epoch=062 train_loss=1.0087 train_acc=0.6459 val_loss=1.0307 val_acc=0.6406 lr=0.0332387
probe_epoch=063 train_loss=1.0058 train_acc=0.6472 val_loss=1.0319 val_acc=0.6400 lr=0.0327254
probe_epoch=064 train_loss=1.0055 train_acc=0.6449 val_loss=1.0284 val_acc=0.6408 lr=0.0322085
probe_epoch=065 train_loss=1.0056 train_acc=0.6452 val_loss=1.0330 val_acc=0.6392 lr=0.0316882
probe_epoch=066 train_loss=1.0050 train_acc=0.6474 val_loss=1.0285 val_acc=0.6402 lr=0.0311648
probe_epoch=067 train_loss=1.0079 train_acc=0.6464 val_loss=1.0323 val_acc=0.6412 lr=0.0306384
probe_epoch=068 train_loss=1.0088 train_acc=0.6443 val_loss=1.0320 val_acc=0.6370 lr=0.0301095
probe_epoch=069 train_loss=1.0076 train_acc=0.6473 val_loss=1.0315 val_acc=0.6342 lr=0.0295781
probe_epoch=070 train_loss=1.0058 train_acc=0.6460 val_loss=1.0282 val_acc=0.6340 lr=0.0290445
probe_epoch=071 train_loss=1.0076 train_acc=0.6448 val_loss=1.0280 val_acc=0.6392 lr=0.0285091
probe_epoch=072 train_loss=1.0061 train_acc=0.6464 val_loss=1.0291 val_acc=0.6370 lr=0.0279721
probe_epoch=073 train_loss=1.0081 train_acc=0.6472 val_loss=1.0284 val_acc=0.6384 lr=0.0274336
probe_epoch=074 train_loss=1.0023 train_acc=0.6498 val_loss=1.0321 val_acc=0.6404 lr=0.026894
probe_epoch=075 train_loss=1.0081 train_acc=0.6473 val_loss=1.0325 val_acc=0.6400 lr=0.0263535
probe_epoch=076 train_loss=1.0049 train_acc=0.6471 val_loss=1.0320 val_acc=0.6392 lr=0.0258123
probe_epoch=077 train_loss=1.0024 train_acc=0.6493 val_loss=1.0373 val_acc=0.6380 lr=0.0252708
probe_epoch=078 train_loss=1.0061 train_acc=0.6468 val_loss=1.0304 val_acc=0.6394 lr=0.0247292
probe_epoch=079 train_loss=1.0043 train_acc=0.6486 val_loss=1.0309 val_acc=0.6398 lr=0.0241877
probe_epoch=080 train_loss=1.0037 train_acc=0.6479 val_loss=1.0305 val_acc=0.6386 lr=0.0236465
probe_epoch=081 train_loss=1.0033 train_acc=0.6484 val_loss=1.0256 val_acc=0.6396 lr=0.023106
probe_epoch=082 train_loss=1.0025 train_acc=0.6481 val_loss=1.0268 val_acc=0.6410 lr=0.0225664
probe_epoch=083 train_loss=1.0018 train_acc=0.6456 val_loss=1.0303 val_acc=0.6362 lr=0.0220279
probe_epoch=084 train_loss=1.0021 train_acc=0.6486 val_loss=1.0306 val_acc=0.6384 lr=0.0214909
probe_epoch=085 train_loss=1.0028 train_acc=0.6463 val_loss=1.0324 val_acc=0.6378 lr=0.0209555
probe_epoch=086 train_loss=1.0018 train_acc=0.6499 val_loss=1.0323 val_acc=0.6382 lr=0.0204219
probe_epoch=087 train_loss=1.0042 train_acc=0.6481 val_loss=1.0319 val_acc=0.6388 lr=0.0198905
probe_epoch=088 train_loss=1.0011 train_acc=0.6478 val_loss=1.0308 val_acc=0.6352 lr=0.0193616
probe_epoch=089 train_loss=1.0031 train_acc=0.6482 val_loss=1.0293 val_acc=0.6424 lr=0.0188352
probe_epoch=090 train_loss=0.9983 train_acc=0.6507 val_loss=1.0306 val_acc=0.6402 lr=0.0183118
probe_epoch=091 train_loss=1.0020 train_acc=0.6467 val_loss=1.0296 val_acc=0.6376 lr=0.0177915
probe_epoch=092 train_loss=1.0028 train_acc=0.6476 val_loss=1.0286 val_acc=0.6390 lr=0.0172746
probe_epoch=093 train_loss=1.0006 train_acc=0.6498 val_loss=1.0297 val_acc=0.6368 lr=0.0167613
probe_epoch=094 train_loss=1.0015 train_acc=0.6481 val_loss=1.0302 val_acc=0.6404 lr=0.0162519
probe_epoch=095 train_loss=1.0000 train_acc=0.6510 val_loss=1.0304 val_acc=0.6364 lr=0.0157465
probe_epoch=096 train_loss=0.9996 train_acc=0.6507 val_loss=1.0304 val_acc=0.6388 lr=0.0152456
probe_epoch=097 train_loss=1.0027 train_acc=0.6478 val_loss=1.0291 val_acc=0.6382 lr=0.0147492
probe_epoch=098 train_loss=0.9989 train_acc=0.6466 val_loss=1.0311 val_acc=0.6368 lr=0.0142576
probe_epoch=099 train_loss=0.9981 train_acc=0.6491 val_loss=1.0281 val_acc=0.6386 lr=0.0137711
probe_epoch=100 train_loss=0.9994 train_acc=0.6490 val_loss=1.0337 val_acc=0.6388 lr=0.0132898
probe_epoch=101 train_loss=1.0017 train_acc=0.6500 val_loss=1.0288 val_acc=0.6394 lr=0.012814
probe_epoch=102 train_loss=0.9975 train_acc=0.6487 val_loss=1.0298 val_acc=0.6396 lr=0.012344
probe_epoch=103 train_loss=0.9977 train_acc=0.6494 val_loss=1.0262 val_acc=0.6394 lr=0.0118799
probe_epoch=104 train_loss=0.9994 train_acc=0.6479 val_loss=1.0289 val_acc=0.6400 lr=0.0114219
probe_epoch=105 train_loss=0.9970 train_acc=0.6514 val_loss=1.0276 val_acc=0.6406 lr=0.0109703
probe_epoch=106 train_loss=0.9971 train_acc=0.6486 val_loss=1.0271 val_acc=0.6420 lr=0.0105253
probe_epoch=107 train_loss=0.9969 train_acc=0.6494 val_loss=1.0263 val_acc=0.6410 lr=0.0100871
probe_epoch=108 train_loss=0.9975 train_acc=0.6495 val_loss=1.0249 val_acc=0.6400 lr=0.00965593
probe_epoch=109 train_loss=0.9977 train_acc=0.6509 val_loss=1.0269 val_acc=0.6406 lr=0.00923194
probe_epoch=110 train_loss=0.9977 train_acc=0.6512 val_loss=1.0266 val_acc=0.6420 lr=0.00881534
probe_epoch=111 train_loss=0.9962 train_acc=0.6511 val_loss=1.0280 val_acc=0.6400 lr=0.00840635
probe_epoch=112 train_loss=1.0012 train_acc=0.6474 val_loss=1.0260 val_acc=0.6388 lr=0.00800514
probe_epoch=113 train_loss=0.9978 train_acc=0.6502 val_loss=1.0286 val_acc=0.6372 lr=0.00761191
probe_epoch=114 train_loss=0.9987 train_acc=0.6510 val_loss=1.0298 val_acc=0.6376 lr=0.00722684
probe_epoch=115 train_loss=0.9965 train_acc=0.6490 val_loss=1.0280 val_acc=0.6394 lr=0.00685011
probe_epoch=116 train_loss=0.9969 train_acc=0.6488 val_loss=1.0296 val_acc=0.6402 lr=0.00648191
probe_epoch=117 train_loss=0.9951 train_acc=0.6523 val_loss=1.0285 val_acc=0.6408 lr=0.00612239
probe_epoch=118 train_loss=0.9969 train_acc=0.6494 val_loss=1.0290 val_acc=0.6374 lr=0.00577174
probe_epoch=119 train_loss=0.9944 train_acc=0.6533 val_loss=1.0276 val_acc=0.6390 lr=0.00543011
probe_epoch=120 train_loss=0.9954 train_acc=0.6529 val_loss=1.0276 val_acc=0.6418 lr=0.00509767
probe_epoch=121 train_loss=0.9937 train_acc=0.6523 val_loss=1.0272 val_acc=0.6376 lr=0.00477458
probe_epoch=122 train_loss=0.9941 train_acc=0.6537 val_loss=1.0277 val_acc=0.6386 lr=0.00446097
probe_epoch=123 train_loss=0.9968 train_acc=0.6485 val_loss=1.0289 val_acc=0.6388 lr=0.00415701
probe_epoch=124 train_loss=0.9940 train_acc=0.6517 val_loss=1.0288 val_acc=0.6380 lr=0.00386283
probe_epoch=125 train_loss=0.9933 train_acc=0.6511 val_loss=1.0276 val_acc=0.6396 lr=0.00357857
probe_epoch=126 train_loss=0.9930 train_acc=0.6513 val_loss=1.0279 val_acc=0.6380 lr=0.00330437
probe_epoch=127 train_loss=0.9948 train_acc=0.6519 val_loss=1.0284 val_acc=0.6386 lr=0.00304035
probe_epoch=128 train_loss=0.9936 train_acc=0.6521 val_loss=1.0279 val_acc=0.6376 lr=0.00278664
probe_epoch=129 train_loss=0.9944 train_acc=0.6518 val_loss=1.0269 val_acc=0.6390 lr=0.00254336
probe_epoch=130 train_loss=0.9902 train_acc=0.6517 val_loss=1.0265 val_acc=0.6390 lr=0.00231061
probe_epoch=131 train_loss=0.9928 train_acc=0.6510 val_loss=1.0273 val_acc=0.6388 lr=0.00208852
probe_epoch=132 train_loss=0.9915 train_acc=0.6518 val_loss=1.0255 val_acc=0.6396 lr=0.00187719
probe_epoch=133 train_loss=0.9895 train_acc=0.6553 val_loss=1.0271 val_acc=0.6406 lr=0.0016767
probe_epoch=134 train_loss=0.9927 train_acc=0.6523 val_loss=1.0277 val_acc=0.6406 lr=0.00148717
probe_epoch=135 train_loss=0.9930 train_acc=0.6518 val_loss=1.0267 val_acc=0.6402 lr=0.00130867
probe_epoch=136 train_loss=0.9923 train_acc=0.6510 val_loss=1.0269 val_acc=0.6392 lr=0.00114129
probe_epoch=137 train_loss=0.9937 train_acc=0.6510 val_loss=1.0281 val_acc=0.6380 lr=0.000985116
probe_epoch=138 train_loss=0.9909 train_acc=0.6518 val_loss=1.0266 val_acc=0.6398 lr=0.000840211
probe_epoch=139 train_loss=0.9928 train_acc=0.6521 val_loss=1.0270 val_acc=0.6394 lr=0.000706647
probe_epoch=140 train_loss=0.9934 train_acc=0.6527 val_loss=1.0274 val_acc=0.6392 lr=0.000584486
probe_epoch=141 train_loss=0.9932 train_acc=0.6518 val_loss=1.0272 val_acc=0.6392 lr=0.000473786
probe_epoch=142 train_loss=0.9941 train_acc=0.6527 val_loss=1.0270 val_acc=0.6384 lr=0.000374599
probe_epoch=143 train_loss=0.9912 train_acc=0.6503 val_loss=1.0269 val_acc=0.6388 lr=0.00028697
probe_epoch=144 train_loss=0.9914 train_acc=0.6538 val_loss=1.0271 val_acc=0.6386 lr=0.000210943
probe_epoch=145 train_loss=0.9925 train_acc=0.6524 val_loss=1.0271 val_acc=0.6386 lr=0.000146551
probe_epoch=146 train_loss=0.9916 train_acc=0.6528 val_loss=1.0271 val_acc=0.6388 lr=9.38257e-05
probe_epoch=147 train_loss=0.9921 train_acc=0.6506 val_loss=1.0271 val_acc=0.6386 lr=5.27914e-05
probe_epoch=148 train_loss=0.9939 train_acc=0.6518 val_loss=1.0271 val_acc=0.6386 lr=2.34674e-05
probe_epoch=149 train_loss=0.9919 train_acc=0.6531 val_loss=1.0270 val_acc=0.6386 lr=5.86755e-06
probe_epoch=150 train_loss=0.9925 train_acc=0.6509 val_loss=1.0270 val_acc=0.6386 lr=0
linear_probe_test_loss=1.0366 linear_probe_test_acc=0.6420 best_val_acc=0.6424 best_epoch=89
Job finished at: Wed Jul  1 19:51:08 CEST 2026
