Using training resolved config: configs/base/cifar10_vit_lejepa.yaml
Confirmed ViT architecture: vit_tiny_cifar
Using training resolved config: configs/base/cifar10_vit_lejepa.yaml
Using backbone checkpoint: experiments/experiment-c10-vit-lejepa-light-v3/checkpoints/vit_lejepa_backbone_best.pt
Evaluating LeJEPA feature spaces
  config: configs/base/cifar10_vit_lejepa.yaml
  checkpoint: experiments/experiment-c10-vit-lejepa-light-v3/checkpoints/vit_lejepa_backbone_best.pt
  device: cuda
  batch_size: 256
  max_bank_samples: 50000
  max_test_samples: 10000
Building LeJEPA model from checkpoint['config'] to avoid config/checkpoint shape mismatch.
  checkpoint model config: {'architecture': 'vit_tiny_cifar', 'image_size': 32, 'patch_size': 4, 'num_classes': 10, 'embed_dim': 192, 'depth': 6, 'num_heads': 3, 'mlp_ratio': 4.0, 'dropout': 0.0, 'attn_dropout': 0.0, 'projection_dim': 256, 'prediction_dim': 512}

=== Feature source: backbone ===
Best kNN: 0.3680 at k=100
Diagnostics: std_mean=0.792100, std_min=0.608172, norm_mean=12.971634, dim=192

=== Feature source: projector ===
Best kNN: 0.3593 at k=100
Diagnostics: std_mean=1.000110, std_min=0.736672, norm_mean=16.140331, dim=256

=== Feature source: predictor ===
Best kNN: 0.3759 at k=100
Diagnostics: std_mean=1.081699, std_min=0.649187, norm_mean=17.434071, dim=256

Saved:
  experiments/experiment-c10-vit-lejepa-light-v3/metrics/feature_spaces/vit_tiny_cifar_vit_lejepa_backbone_best_feature_spaces.yaml
  experiments/experiment-c10-vit-lejepa-light-v3/metrics/feature_spaces/vit_tiny_cifar_vit_lejepa_backbone_best_feature_spaces.csv
