Using training resolved config: configs/cifar10_vit_lejepa_v3.yaml
Confirmed ViT architecture: vit_tiny_cifar
Using training resolved config: configs/cifar10_vit_lejepa_v3.yaml
Using backbone checkpoint: experiments/experiment-c10-vit-lejepa-light-v3/checkpoints/vit_lejepa_backbone_last.pt
Evaluating LeJEPA feature spaces
  config: configs/cifar10_vit_lejepa_v3.yaml
  checkpoint: experiments/experiment-c10-vit-lejepa-light-v3/checkpoints/vit_lejepa_backbone_last.pt
  device: cuda
  batch_size: 256
  max_bank_samples: 50000
  max_test_samples: 10000
Building LeJEPA model from checkpoint['config'] to avoid config/checkpoint shape mismatch.
  checkpoint model config: {'architecture': 'vit_tiny_cifar', 'image_size': 32, 'patch_size': 4, 'num_classes': 10, 'embed_dim': 192, 'depth': 6, 'num_heads': 3, 'mlp_ratio': 4.0, 'dropout': 0.0, 'attn_dropout': 0.0, 'projection_dim': 256, 'prediction_dim': 512}

=== Feature source: backbone ===
Best kNN: 0.2788 at k=100
Diagnostics: std_mean=0.387915, std_min=0.287426, norm_mean=5.848653, dim=192

=== Feature source: projector ===
Best kNN: 0.2701 at k=100
Diagnostics: std_mean=0.995886, std_min=0.825989, norm_mean=16.008287, dim=256

=== Feature source: predictor ===
Best kNN: 0.2946 at k=100
Diagnostics: std_mean=0.823995, std_min=0.400773, norm_mean=13.311172, dim=256

Saved:
  experiments/experiment-c10-vit-lejepa-light-v3/metrics/feature_spaces/vit_tiny_cifar_vit_lejepa_backbone_last_feature_spaces.yaml
  experiments/experiment-c10-vit-lejepa-light-v3/metrics/feature_spaces/vit_tiny_cifar_vit_lejepa_backbone_last_feature_spaces.csv
