Job started at: Wed Jul  1 14:40:56 CEST 2026
Node: lrdn0740.leonardo.local
Config path: configs/cifar10_vit_lejepa_v3.yaml
Wed Jul  1 14:40:56 2026       
+---------------------------------------------------------------------------------------+
| NVIDIA-SMI 535.274.02             Driver Version: 535.274.02   CUDA Version: 12.2     |
|-----------------------------------------+----------------------+----------------------+
| GPU  Name                 Persistence-M | Bus-Id        Disp.A | Volatile Uncorr. ECC |
| Fan  Temp   Perf          Pwr:Usage/Cap |         Memory-Usage | GPU-Util  Compute M. |
|                                         |                      |               MIG M. |
|=========================================+======================+======================|
|   0  NVIDIA A100-SXM-64GB           On  | 00000000:1D:00.0 Off |                    0 |
| N/A   43C    P0              63W / 471W |      0MiB / 65536MiB |      0%      Default |
|                                         |                      |             Disabled |
+-----------------------------------------+----------------------+----------------------+
                                                                                         
+---------------------------------------------------------------------------------------+
| Processes:                                                                            |
|  GPU   GI   CI        PID   Type   Process name                            GPU Memory |
|        ID   ID                                                             Usage      |
|=======================================================================================|
|  No running processes found                                                           |
+---------------------------------------------------------------------------------------+
LeJEPA ViT pretraining method:
  architecture: vit_tiny_cifar
  sigreg_implementation: official
  num_global_views: 2
  num_local_views: 0
  scheduler: warmup_cosine warmup_epochs=10
  checkpoint_selection: enabled=True metric=knn
  stop_gradient: false
  teacher_student_or_ema: false
epoch=001 vit_lejepa_loss=0.4348 pred=0.0041 sigreg=43.0711 lr=0.0001
epoch=002 vit_lejepa_loss=0.1580 pred=0.0032 sigreg=15.4874 lr=0.00015
epoch=003 vit_lejepa_loss=0.1076 pred=0.0033 sigreg=10.4223 lr=0.0002
epoch=004 vit_lejepa_loss=0.0842 pred=0.0035 sigreg=8.0687 lr=0.00025
epoch=005 vit_lejepa_loss=0.0728 pred=0.0035 sigreg=6.9252 lr=0.0003
epoch=006 vit_lejepa_loss=0.0650 pred=0.0036 sigreg=6.1363 lr=0.00035
epoch=007 vit_lejepa_loss=0.0584 pred=0.0038 sigreg=5.4616 lr=0.0004
epoch=008 vit_lejepa_loss=0.0538 pred=0.0040 sigreg=4.9857 lr=0.00045
epoch=009 vit_lejepa_loss=0.0505 pred=0.0041 sigreg=4.6390 lr=0.0005
epoch=010 vit_lejepa_loss=0.0468 pred=0.0044 sigreg=4.2370 lr=0.0005
epoch=011 vit_lejepa_loss=0.0434 pred=0.0046 sigreg=3.8793 lr=0.000499992
epoch=012 vit_lejepa_loss=0.0409 pred=0.0047 sigreg=3.6289 lr=0.000499968
epoch=013 vit_lejepa_loss=0.0389 pred=0.0047 sigreg=3.4224 lr=0.000499927
epoch=014 vit_lejepa_loss=0.0374 pred=0.0047 sigreg=3.2689 lr=0.00049987
epoch=015 vit_lejepa_loss=0.0358 pred=0.0048 sigreg=3.0964 lr=0.000499797
epoch=016 vit_lejepa_loss=0.0345 pred=0.0049 sigreg=2.9559 lr=0.000499708
epoch=017 vit_lejepa_loss=0.0333 pred=0.0049 sigreg=2.8395 lr=0.000499603
epoch=018 vit_lejepa_loss=0.0323 pred=0.0050 sigreg=2.7317 lr=0.000499481
epoch=019 vit_lejepa_loss=0.0315 pred=0.0050 sigreg=2.6553 lr=0.000499343
epoch=020 vit_lejepa_loss=0.0308 pred=0.0050 sigreg=2.5787 lr=0.000499189
epoch=021 vit_lejepa_loss=0.0304 pred=0.0051 sigreg=2.5370 lr=0.000499019
epoch=022 vit_lejepa_loss=0.0297 pred=0.0051 sigreg=2.4601 lr=0.000498833
epoch=023 vit_lejepa_loss=0.0292 pred=0.0051 sigreg=2.4098 lr=0.00049863
epoch=024 vit_lejepa_loss=0.0284 pred=0.0052 sigreg=2.3236 lr=0.000498412
epoch=025 vit_lejepa_loss=0.0282 pred=0.0052 sigreg=2.2986 lr=0.000498177
epoch=026 vit_lejepa_loss=0.0280 pred=0.0053 sigreg=2.2786 lr=0.000497926
epoch=027 vit_lejepa_loss=0.0278 pred=0.0053 sigreg=2.2541 lr=0.00049766
epoch=028 vit_lejepa_loss=0.0275 pred=0.0054 sigreg=2.2141 lr=0.000497377
epoch=029 vit_lejepa_loss=0.0273 pred=0.0054 sigreg=2.1868 lr=0.000497078
epoch=030 vit_lejepa_loss=0.0270 pred=0.0055 sigreg=2.1549 lr=0.000496763
epoch=031 vit_lejepa_loss=0.0267 pred=0.0055 sigreg=2.1179 lr=0.000496432
epoch=032 vit_lejepa_loss=0.0267 pred=0.0056 sigreg=2.1091 lr=0.000496084
epoch=033 vit_lejepa_loss=0.0264 pred=0.0058 sigreg=2.0617 lr=0.000495721
epoch=034 vit_lejepa_loss=0.0262 pred=0.0058 sigreg=2.0445 lr=0.000495343
epoch=035 vit_lejepa_loss=0.0259 pred=0.0058 sigreg=2.0117 lr=0.000494948
epoch=036 vit_lejepa_loss=0.0257 pred=0.0058 sigreg=1.9913 lr=0.000494537
epoch=037 vit_lejepa_loss=0.0254 pred=0.0058 sigreg=1.9617 lr=0.00049411
epoch=038 vit_lejepa_loss=0.0258 pred=0.0059 sigreg=1.9881 lr=0.000493668
epoch=039 vit_lejepa_loss=0.0255 pred=0.0060 sigreg=1.9511 lr=0.00049321
epoch=040 vit_lejepa_loss=0.0259 pred=0.0061 sigreg=1.9856 lr=0.000492735
epoch=041 vit_lejepa_loss=0.0262 pred=0.0062 sigreg=1.9986 lr=0.000492246
epoch=042 vit_lejepa_loss=0.0266 pred=0.0064 sigreg=2.0154 lr=0.00049174
epoch=043 vit_lejepa_loss=0.0257 pred=0.0064 sigreg=1.9395 lr=0.000491219
epoch=044 vit_lejepa_loss=0.0257 pred=0.0064 sigreg=1.9267 lr=0.000490682
epoch=045 vit_lejepa_loss=0.0261 pred=0.0065 sigreg=1.9638 lr=0.00049013
epoch=046 vit_lejepa_loss=0.0265 pred=0.0065 sigreg=1.9968 lr=0.000489561
epoch=047 vit_lejepa_loss=0.0263 pred=0.0066 sigreg=1.9709 lr=0.000488978
epoch=048 vit_lejepa_loss=0.0256 pred=0.0066 sigreg=1.9007 lr=0.000488379
epoch=049 vit_lejepa_loss=0.0255 pred=0.0066 sigreg=1.8864 lr=0.000487764
epoch=050 vit_lejepa_loss=0.0247 pred=0.0065 sigreg=1.8145 lr=0.000487134
epoch=051 vit_lejepa_loss=0.0251 pred=0.0065 sigreg=1.8536 lr=0.000486489
epoch=052 vit_lejepa_loss=0.0247 pred=0.0065 sigreg=1.8153 lr=0.000485828
epoch=053 vit_lejepa_loss=0.0241 pred=0.0065 sigreg=1.7674 lr=0.000485152
epoch=054 vit_lejepa_loss=0.0241 pred=0.0065 sigreg=1.7667 lr=0.000484461
epoch=055 vit_lejepa_loss=0.0238 pred=0.0064 sigreg=1.7375 lr=0.000483754
epoch=056 vit_lejepa_loss=0.0242 pred=0.0065 sigreg=1.7739 lr=0.000483032
epoch=057 vit_lejepa_loss=0.0253 pred=0.0068 sigreg=1.8518 lr=0.000482296
epoch=058 vit_lejepa_loss=0.0244 pred=0.0066 sigreg=1.7754 lr=0.000481544
epoch=059 vit_lejepa_loss=0.0237 pred=0.0065 sigreg=1.7221 lr=0.000480777
epoch=060 vit_lejepa_loss=0.0237 pred=0.0065 sigreg=1.7211 lr=0.000479995
epoch=061 vit_lejepa_loss=0.0236 pred=0.0065 sigreg=1.7142 lr=0.000479198
epoch=062 vit_lejepa_loss=0.0238 pred=0.0066 sigreg=1.7223 lr=0.000478386
epoch=063 vit_lejepa_loss=0.0240 pred=0.0067 sigreg=1.7360 lr=0.00047756
epoch=064 vit_lejepa_loss=0.0238 pred=0.0067 sigreg=1.7153 lr=0.000476719
epoch=065 vit_lejepa_loss=0.0241 pred=0.0066 sigreg=1.7452 lr=0.000475863
epoch=066 vit_lejepa_loss=0.0236 pred=0.0066 sigreg=1.7006 lr=0.000474992
epoch=067 vit_lejepa_loss=0.0241 pred=0.0066 sigreg=1.7488 lr=0.000474107
epoch=068 vit_lejepa_loss=0.0254 pred=0.0068 sigreg=1.8566 lr=0.000473207
epoch=069 vit_lejepa_loss=0.0247 pred=0.0068 sigreg=1.7949 lr=0.000472293
epoch=070 vit_lejepa_loss=0.0247 pred=0.0068 sigreg=1.7938 lr=0.000471364
epoch=071 vit_lejepa_loss=0.0258 pred=0.0069 sigreg=1.8856 lr=0.000470421
epoch=072 vit_lejepa_loss=0.0245 pred=0.0068 sigreg=1.7727 lr=0.000469464
epoch=073 vit_lejepa_loss=0.0248 pred=0.0068 sigreg=1.8004 lr=0.000468492
epoch=074 vit_lejepa_loss=0.0250 pred=0.0068 sigreg=1.8224 lr=0.000467506
epoch=075 vit_lejepa_loss=0.0251 pred=0.0069 sigreg=1.8283 lr=0.000466506
epoch=076 vit_lejepa_loss=0.0250 pred=0.0069 sigreg=1.8186 lr=0.000465492
epoch=077 vit_lejepa_loss=0.0242 pred=0.0068 sigreg=1.7431 lr=0.000464464
epoch=078 vit_lejepa_loss=0.0245 pred=0.0068 sigreg=1.7686 lr=0.000463423
epoch=079 vit_lejepa_loss=0.0245 pred=0.0068 sigreg=1.7773 lr=0.000462367
epoch=080 vit_lejepa_loss=0.0248 pred=0.0068 sigreg=1.8013 lr=0.000461298
epoch=081 vit_lejepa_loss=0.0244 pred=0.0067 sigreg=1.7636 lr=0.000460214
epoch=082 vit_lejepa_loss=0.0237 pred=0.0067 sigreg=1.6962 lr=0.000459118
epoch=083 vit_lejepa_loss=0.0236 pred=0.0067 sigreg=1.6949 lr=0.000458007
epoch=084 vit_lejepa_loss=0.0233 pred=0.0067 sigreg=1.6645 lr=0.000456883
epoch=085 vit_lejepa_loss=0.0233 pred=0.0066 sigreg=1.6608 lr=0.000455746
epoch=086 vit_lejepa_loss=0.0237 pred=0.0067 sigreg=1.6961 lr=0.000454595
epoch=087 vit_lejepa_loss=0.0273 pred=0.0069 sigreg=2.0347 lr=0.000453431
epoch=088 vit_lejepa_loss=0.0264 pred=0.0069 sigreg=1.9472 lr=0.000452254
epoch=089 vit_lejepa_loss=0.0260 pred=0.0069 sigreg=1.9056 lr=0.000451064
epoch=090 vit_lejepa_loss=0.0262 pred=0.0069 sigreg=1.9278 lr=0.000449861
epoch=091 vit_lejepa_loss=0.0254 pred=0.0069 sigreg=1.8485 lr=0.000448644
epoch=092 vit_lejepa_loss=0.0249 pred=0.0069 sigreg=1.8008 lr=0.000447415
epoch=093 vit_lejepa_loss=0.0249 pred=0.0068 sigreg=1.8007 lr=0.000446173
epoch=094 vit_lejepa_loss=0.0237 pred=0.0068 sigreg=1.6908 lr=0.000444919
epoch=095 vit_lejepa_loss=0.0234 pred=0.0068 sigreg=1.6629 lr=0.000443651
epoch=096 vit_lejepa_loss=0.0236 pred=0.0068 sigreg=1.6784 lr=0.000442371
epoch=097 vit_lejepa_loss=0.0234 pred=0.0068 sigreg=1.6627 lr=0.000441079
epoch=098 vit_lejepa_loss=0.0232 pred=0.0068 sigreg=1.6409 lr=0.000439774
epoch=099 vit_lejepa_loss=0.0228 pred=0.0067 sigreg=1.6087 lr=0.000438457
epoch=100 vit_lejepa_loss=0.0232 pred=0.0068 sigreg=1.6392 lr=0.000437128
epoch=101 vit_lejepa_loss=0.0227 pred=0.0067 sigreg=1.5999 lr=0.000435786
epoch=102 vit_lejepa_loss=0.0226 pred=0.0067 sigreg=1.5855 lr=0.000434433
epoch=103 vit_lejepa_loss=0.0235 pred=0.0068 sigreg=1.6663 lr=0.000433067
epoch=104 vit_lejepa_loss=0.0236 pred=0.0068 sigreg=1.6710 lr=0.00043169
epoch=105 vit_lejepa_loss=0.0238 pred=0.0069 sigreg=1.6852 lr=0.000430301
epoch=106 vit_lejepa_loss=0.0245 pred=0.0070 sigreg=1.7539 lr=0.0004289
epoch=107 vit_lejepa_loss=0.0250 pred=0.0070 sigreg=1.7981 lr=0.000427487
epoch=108 vit_lejepa_loss=0.0242 pred=0.0070 sigreg=1.7221 lr=0.000426063
epoch=109 vit_lejepa_loss=0.0234 pred=0.0070 sigreg=1.6483 lr=0.000424628
epoch=110 vit_lejepa_loss=0.0235 pred=0.0070 sigreg=1.6548 lr=0.000423181
epoch=111 vit_lejepa_loss=0.0228 pred=0.0069 sigreg=1.5894 lr=0.000421723
epoch=112 vit_lejepa_loss=0.0226 pred=0.0069 sigreg=1.5727 lr=0.000420254
epoch=113 vit_lejepa_loss=0.0230 pred=0.0069 sigreg=1.6102 lr=0.000418774
epoch=114 vit_lejepa_loss=0.0224 pred=0.0068 sigreg=1.5593 lr=0.000417283
epoch=115 vit_lejepa_loss=0.0230 pred=0.0068 sigreg=1.6186 lr=0.000415781
epoch=116 vit_lejepa_loss=0.0229 pred=0.0068 sigreg=1.6036 lr=0.000414268
epoch=117 vit_lejepa_loss=0.0229 pred=0.0068 sigreg=1.6094 lr=0.000412745
epoch=118 vit_lejepa_loss=0.0228 pred=0.0068 sigreg=1.5966 lr=0.000411211
epoch=119 vit_lejepa_loss=0.0225 pred=0.0068 sigreg=1.5784 lr=0.000409666
epoch=120 vit_lejepa_loss=0.0223 pred=0.0068 sigreg=1.5549 lr=0.000408111
epoch=121 vit_lejepa_loss=0.0220 pred=0.0067 sigreg=1.5260 lr=0.000406546
epoch=122 vit_lejepa_loss=0.0221 pred=0.0067 sigreg=1.5354 lr=0.000404971
epoch=123 vit_lejepa_loss=0.0222 pred=0.0068 sigreg=1.5412 lr=0.000403386
epoch=124 vit_lejepa_loss=0.0221 pred=0.0067 sigreg=1.5372 lr=0.000401791
epoch=125 vit_lejepa_loss=0.0224 pred=0.0067 sigreg=1.5648 lr=0.000400186
epoch=126 vit_lejepa_loss=0.0220 pred=0.0068 sigreg=1.5199 lr=0.000398571
epoch=127 vit_lejepa_loss=0.0230 pred=0.0068 sigreg=1.6208 lr=0.000396946
epoch=128 vit_lejepa_loss=0.0227 pred=0.0068 sigreg=1.5927 lr=0.000395312
epoch=129 vit_lejepa_loss=0.0223 pred=0.0068 sigreg=1.5498 lr=0.000393669
epoch=130 vit_lejepa_loss=0.0219 pred=0.0068 sigreg=1.5124 lr=0.000392016
epoch=131 vit_lejepa_loss=0.0219 pred=0.0068 sigreg=1.5092 lr=0.000390354
epoch=132 vit_lejepa_loss=0.0217 pred=0.0067 sigreg=1.4988 lr=0.000388683
epoch=133 vit_lejepa_loss=0.0216 pred=0.0067 sigreg=1.4860 lr=0.000387003
epoch=134 vit_lejepa_loss=0.0217 pred=0.0067 sigreg=1.4979 lr=0.000385314
epoch=135 vit_lejepa_loss=0.0214 pred=0.0067 sigreg=1.4694 lr=0.000383616
epoch=136 vit_lejepa_loss=0.0216 pred=0.0067 sigreg=1.4843 lr=0.00038191
epoch=137 vit_lejepa_loss=0.0217 pred=0.0067 sigreg=1.4960 lr=0.000380195
epoch=138 vit_lejepa_loss=0.0219 pred=0.0067 sigreg=1.5149 lr=0.000378472
epoch=139 vit_lejepa_loss=0.0220 pred=0.0067 sigreg=1.5220 lr=0.00037674
epoch=140 vit_lejepa_loss=0.0221 pred=0.0067 sigreg=1.5347 lr=0.000375
epoch=141 vit_lejepa_loss=0.0219 pred=0.0067 sigreg=1.5125 lr=0.000373252
epoch=142 vit_lejepa_loss=0.0217 pred=0.0067 sigreg=1.5030 lr=0.000371496
epoch=143 vit_lejepa_loss=0.0215 pred=0.0067 sigreg=1.4870 lr=0.000369732
epoch=144 vit_lejepa_loss=0.0216 pred=0.0067 sigreg=1.4943 lr=0.00036796
epoch=145 vit_lejepa_loss=0.0217 pred=0.0067 sigreg=1.5004 lr=0.000366181
epoch=146 vit_lejepa_loss=0.0215 pred=0.0067 sigreg=1.4834 lr=0.000364394
epoch=147 vit_lejepa_loss=0.0214 pred=0.0067 sigreg=1.4763 lr=0.0003626
epoch=148 vit_lejepa_loss=0.0222 pred=0.0067 sigreg=1.5534 lr=0.000360798
epoch=149 vit_lejepa_loss=0.0217 pred=0.0067 sigreg=1.5052 lr=0.000358989
epoch=150 vit_lejepa_loss=0.0216 pred=0.0066 sigreg=1.4904 lr=0.000357173
epoch=151 vit_lejepa_loss=0.0210 pred=0.0066 sigreg=1.4331 lr=0.00035535
epoch=152 vit_lejepa_loss=0.0214 pred=0.0066 sigreg=1.4710 lr=0.000353521
epoch=153 vit_lejepa_loss=0.0211 pred=0.0066 sigreg=1.4528 lr=0.000351684
epoch=154 vit_lejepa_loss=0.0212 pred=0.0066 sigreg=1.4593 lr=0.000349841
epoch=155 vit_lejepa_loss=0.0213 pred=0.0066 sigreg=1.4676 lr=0.000347992
epoch=156 vit_lejepa_loss=0.0210 pred=0.0066 sigreg=1.4341 lr=0.000346136
epoch=157 vit_lejepa_loss=0.0208 pred=0.0066 sigreg=1.4209 lr=0.000344274
epoch=158 vit_lejepa_loss=0.0208 pred=0.0066 sigreg=1.4131 lr=0.000342406
epoch=159 vit_lejepa_loss=0.0210 pred=0.0067 sigreg=1.4352 lr=0.000340531
epoch=160 vit_lejepa_loss=0.0211 pred=0.0067 sigreg=1.4394 lr=0.000338651
epoch=161 vit_lejepa_loss=0.0211 pred=0.0068 sigreg=1.4371 lr=0.000336765
epoch=162 vit_lejepa_loss=0.0213 pred=0.0068 sigreg=1.4506 lr=0.000334874
epoch=163 vit_lejepa_loss=0.0210 pred=0.0067 sigreg=1.4237 lr=0.000332977
epoch=164 vit_lejepa_loss=0.0208 pred=0.0067 sigreg=1.4047 lr=0.000331075
epoch=165 vit_lejepa_loss=0.0206 pred=0.0067 sigreg=1.3908 lr=0.000329167
epoch=166 vit_lejepa_loss=0.0207 pred=0.0067 sigreg=1.3968 lr=0.000327254
epoch=167 vit_lejepa_loss=0.0205 pred=0.0067 sigreg=1.3785 lr=0.000325336
epoch=168 vit_lejepa_loss=0.0204 pred=0.0066 sigreg=1.3818 lr=0.000323414
epoch=169 vit_lejepa_loss=0.0204 pred=0.0066 sigreg=1.3847 lr=0.000321486
epoch=170 vit_lejepa_loss=0.0206 pred=0.0066 sigreg=1.3980 lr=0.000319554
epoch=171 vit_lejepa_loss=0.0212 pred=0.0067 sigreg=1.4497 lr=0.000317618
epoch=172 vit_lejepa_loss=0.0209 pred=0.0068 sigreg=1.4173 lr=0.000315677
epoch=173 vit_lejepa_loss=0.0211 pred=0.0068 sigreg=1.4352 lr=0.000313732
epoch=174 vit_lejepa_loss=0.0209 pred=0.0067 sigreg=1.4232 lr=0.000311782
epoch=175 vit_lejepa_loss=0.0208 pred=0.0066 sigreg=1.4133 lr=0.000309829
epoch=176 vit_lejepa_loss=0.0207 pred=0.0066 sigreg=1.4102 lr=0.000307872
epoch=177 vit_lejepa_loss=0.0205 pred=0.0066 sigreg=1.3886 lr=0.000305911
epoch=178 vit_lejepa_loss=0.0208 pred=0.0067 sigreg=1.4112 lr=0.000303946
epoch=179 vit_lejepa_loss=0.0212 pred=0.0067 sigreg=1.4459 lr=0.000301978
epoch=180 vit_lejepa_loss=0.0218 pred=0.0068 sigreg=1.5048 lr=0.000300006
epoch=181 vit_lejepa_loss=0.0212 pred=0.0067 sigreg=1.4511 lr=0.000298032
epoch=182 vit_lejepa_loss=0.0209 pred=0.0067 sigreg=1.4179 lr=0.000296054
epoch=183 vit_lejepa_loss=0.0207 pred=0.0067 sigreg=1.4076 lr=0.000294073
epoch=184 vit_lejepa_loss=0.0207 pred=0.0067 sigreg=1.4042 lr=0.000292089
epoch=185 vit_lejepa_loss=0.0209 pred=0.0068 sigreg=1.4174 lr=0.000290103
epoch=186 vit_lejepa_loss=0.0205 pred=0.0067 sigreg=1.3729 lr=0.000288114
epoch=187 vit_lejepa_loss=0.0204 pred=0.0067 sigreg=1.3741 lr=0.000286122
epoch=188 vit_lejepa_loss=0.0203 pred=0.0067 sigreg=1.3625 lr=0.000284128
epoch=189 vit_lejepa_loss=0.0203 pred=0.0067 sigreg=1.3669 lr=0.000282132
epoch=190 vit_lejepa_loss=0.0204 pred=0.0066 sigreg=1.3780 lr=0.000280134
epoch=191 vit_lejepa_loss=0.0201 pred=0.0066 sigreg=1.3507 lr=0.000278134
epoch=192 vit_lejepa_loss=0.0200 pred=0.0066 sigreg=1.3407 lr=0.000276132
epoch=193 vit_lejepa_loss=0.0200 pred=0.0066 sigreg=1.3430 lr=0.000274128
epoch=194 vit_lejepa_loss=0.0200 pred=0.0066 sigreg=1.3456 lr=0.000272123
epoch=195 vit_lejepa_loss=0.0199 pred=0.0065 sigreg=1.3405 lr=0.000270117
epoch=196 vit_lejepa_loss=0.0200 pred=0.0066 sigreg=1.3430 lr=0.000268109
epoch=197 vit_lejepa_loss=0.0201 pred=0.0066 sigreg=1.3490 lr=0.0002661
epoch=198 vit_lejepa_loss=0.0200 pred=0.0066 sigreg=1.3408 lr=0.000264089
epoch=199 vit_lejepa_loss=0.0198 pred=0.0066 sigreg=1.3147 lr=0.000262078
epoch=200 vit_lejepa_loss=0.0198 pred=0.0066 sigreg=1.3213 lr=0.000260066
epoch=201 vit_lejepa_loss=0.0198 pred=0.0066 sigreg=1.3241 lr=0.000258054
epoch=202 vit_lejepa_loss=0.0197 pred=0.0066 sigreg=1.3160 lr=0.000256041
epoch=203 vit_lejepa_loss=0.0197 pred=0.0066 sigreg=1.3090 lr=0.000254028
epoch=204 vit_lejepa_loss=0.0197 pred=0.0066 sigreg=1.3097 lr=0.000252014
epoch=205 vit_lejepa_loss=0.0195 pred=0.0066 sigreg=1.2921 lr=0.00025
epoch=206 vit_lejepa_loss=0.0194 pred=0.0065 sigreg=1.2866 lr=0.000247986
epoch=207 vit_lejepa_loss=0.0199 pred=0.0066 sigreg=1.3275 lr=0.000245972
epoch=208 vit_lejepa_loss=0.0197 pred=0.0066 sigreg=1.3118 lr=0.000243959
epoch=209 vit_lejepa_loss=0.0195 pred=0.0066 sigreg=1.2884 lr=0.000241946
epoch=210 vit_lejepa_loss=0.0194 pred=0.0066 sigreg=1.2856 lr=0.000239934
epoch=211 vit_lejepa_loss=0.0193 pred=0.0066 sigreg=1.2734 lr=0.000237922
epoch=212 vit_lejepa_loss=0.0194 pred=0.0066 sigreg=1.2878 lr=0.000235911
epoch=213 vit_lejepa_loss=0.0197 pred=0.0066 sigreg=1.3077 lr=0.0002339
epoch=214 vit_lejepa_loss=0.0196 pred=0.0066 sigreg=1.2984 lr=0.000231891
epoch=215 vit_lejepa_loss=0.0193 pred=0.0066 sigreg=1.2725 lr=0.000229883
epoch=216 vit_lejepa_loss=0.0195 pred=0.0065 sigreg=1.2929 lr=0.000227877
epoch=217 vit_lejepa_loss=0.0191 pred=0.0065 sigreg=1.2649 lr=0.000225872
epoch=218 vit_lejepa_loss=0.0192 pred=0.0065 sigreg=1.2753 lr=0.000223868
epoch=219 vit_lejepa_loss=0.0191 pred=0.0064 sigreg=1.2642 lr=0.000221866
epoch=220 vit_lejepa_loss=0.0190 pred=0.0064 sigreg=1.2624 lr=0.000219866
epoch=221 vit_lejepa_loss=0.0190 pred=0.0064 sigreg=1.2563 lr=0.000217868
epoch=222 vit_lejepa_loss=0.0190 pred=0.0064 sigreg=1.2633 lr=0.000215872
epoch=223 vit_lejepa_loss=0.0190 pred=0.0064 sigreg=1.2594 lr=0.000213878
epoch=224 vit_lejepa_loss=0.0189 pred=0.0064 sigreg=1.2508 lr=0.000211886
epoch=225 vit_lejepa_loss=0.0189 pred=0.0064 sigreg=1.2481 lr=0.000209897
epoch=226 vit_lejepa_loss=0.0189 pred=0.0064 sigreg=1.2445 lr=0.000207911
epoch=227 vit_lejepa_loss=0.0189 pred=0.0064 sigreg=1.2480 lr=0.000205927
epoch=228 vit_lejepa_loss=0.0189 pred=0.0064 sigreg=1.2472 lr=0.000203946
epoch=229 vit_lejepa_loss=0.0189 pred=0.0064 sigreg=1.2469 lr=0.000201968
epoch=230 vit_lejepa_loss=0.0187 pred=0.0064 sigreg=1.2350 lr=0.000199994
epoch=231 vit_lejepa_loss=0.0186 pred=0.0064 sigreg=1.2242 lr=0.000198022
epoch=232 vit_lejepa_loss=0.0187 pred=0.0064 sigreg=1.2322 lr=0.000196054
epoch=233 vit_lejepa_loss=0.0187 pred=0.0064 sigreg=1.2320 lr=0.000194089
epoch=234 vit_lejepa_loss=0.0188 pred=0.0064 sigreg=1.2392 lr=0.000192128
epoch=235 vit_lejepa_loss=0.0186 pred=0.0064 sigreg=1.2236 lr=0.000190171
epoch=236 vit_lejepa_loss=0.0186 pred=0.0064 sigreg=1.2230 lr=0.000188218
epoch=237 vit_lejepa_loss=0.0186 pred=0.0064 sigreg=1.2202 lr=0.000186268
epoch=238 vit_lejepa_loss=0.0187 pred=0.0064 sigreg=1.2251 lr=0.000184323
epoch=239 vit_lejepa_loss=0.0186 pred=0.0064 sigreg=1.2164 lr=0.000182382
epoch=240 vit_lejepa_loss=0.0186 pred=0.0064 sigreg=1.2160 lr=0.000180446
epoch=241 vit_lejepa_loss=0.0184 pred=0.0064 sigreg=1.2035 lr=0.000178514
epoch=242 vit_lejepa_loss=0.0185 pred=0.0064 sigreg=1.2077 lr=0.000176586
epoch=243 vit_lejepa_loss=0.0184 pred=0.0064 sigreg=1.2025 lr=0.000174664
epoch=244 vit_lejepa_loss=0.0184 pred=0.0064 sigreg=1.2028 lr=0.000172746
epoch=245 vit_lejepa_loss=0.0183 pred=0.0064 sigreg=1.1927 lr=0.000170833
epoch=246 vit_lejepa_loss=0.0183 pred=0.0064 sigreg=1.1963 lr=0.000168925
epoch=247 vit_lejepa_loss=0.0183 pred=0.0064 sigreg=1.1967 lr=0.000167023
epoch=248 vit_lejepa_loss=0.0183 pred=0.0063 sigreg=1.1992 lr=0.000165126
epoch=249 vit_lejepa_loss=0.0183 pred=0.0063 sigreg=1.1941 lr=0.000163235
epoch=250 vit_lejepa_loss=0.0182 pred=0.0063 sigreg=1.1881 lr=0.000161349
epoch=251 vit_lejepa_loss=0.0182 pred=0.0063 sigreg=1.1839 lr=0.000159469
epoch=252 vit_lejepa_loss=0.0181 pred=0.0063 sigreg=1.1789 lr=0.000157594
epoch=253 vit_lejepa_loss=0.0181 pred=0.0063 sigreg=1.1813 lr=0.000155726
epoch=254 vit_lejepa_loss=0.0181 pred=0.0064 sigreg=1.1777 lr=0.000153864
epoch=255 vit_lejepa_loss=0.0182 pred=0.0064 sigreg=1.1791 lr=0.000152008
epoch=256 vit_lejepa_loss=0.0182 pred=0.0064 sigreg=1.1840 lr=0.000150159
epoch=257 vit_lejepa_loss=0.0181 pred=0.0063 sigreg=1.1724 lr=0.000148316
epoch=258 vit_lejepa_loss=0.0181 pred=0.0063 sigreg=1.1734 lr=0.000146479
epoch=259 vit_lejepa_loss=0.0180 pred=0.0063 sigreg=1.1697 lr=0.00014465
epoch=260 vit_lejepa_loss=0.0182 pred=0.0064 sigreg=1.1823 lr=0.000142827
epoch=261 vit_lejepa_loss=0.0181 pred=0.0063 sigreg=1.1726 lr=0.000141011
epoch=262 vit_lejepa_loss=0.0180 pred=0.0063 sigreg=1.1663 lr=0.000139202
epoch=263 vit_lejepa_loss=0.0180 pred=0.0063 sigreg=1.1713 lr=0.0001374
epoch=264 vit_lejepa_loss=0.0180 pred=0.0063 sigreg=1.1650 lr=0.000135606
epoch=265 vit_lejepa_loss=0.0180 pred=0.0063 sigreg=1.1614 lr=0.000133819
epoch=266 vit_lejepa_loss=0.0180 pred=0.0063 sigreg=1.1641 lr=0.00013204
epoch=267 vit_lejepa_loss=0.0179 pred=0.0063 sigreg=1.1617 lr=0.000130268
epoch=268 vit_lejepa_loss=0.0179 pred=0.0063 sigreg=1.1592 lr=0.000128504
epoch=269 vit_lejepa_loss=0.0177 pred=0.0063 sigreg=1.1436 lr=0.000126748
epoch=270 vit_lejepa_loss=0.0178 pred=0.0063 sigreg=1.1550 lr=0.000125
epoch=271 vit_lejepa_loss=0.0178 pred=0.0063 sigreg=1.1503 lr=0.00012326
epoch=272 vit_lejepa_loss=0.0177 pred=0.0063 sigreg=1.1421 lr=0.000121528
epoch=273 vit_lejepa_loss=0.0178 pred=0.0063 sigreg=1.1438 lr=0.000119805
epoch=274 vit_lejepa_loss=0.0178 pred=0.0063 sigreg=1.1529 lr=0.00011809
epoch=275 vit_lejepa_loss=0.0179 pred=0.0063 sigreg=1.1536 lr=0.000116384
epoch=276 vit_lejepa_loss=0.0177 pred=0.0063 sigreg=1.1343 lr=0.000114686
epoch=277 vit_lejepa_loss=0.0177 pred=0.0063 sigreg=1.1440 lr=0.000112997
epoch=278 vit_lejepa_loss=0.0177 pred=0.0063 sigreg=1.1371 lr=0.000111317
epoch=279 vit_lejepa_loss=0.0177 pred=0.0063 sigreg=1.1388 lr=0.000109646
epoch=280 vit_lejepa_loss=0.0176 pred=0.0063 sigreg=1.1324 lr=0.000107984
epoch=281 vit_lejepa_loss=0.0176 pred=0.0063 sigreg=1.1337 lr=0.000106331
epoch=282 vit_lejepa_loss=0.0176 pred=0.0063 sigreg=1.1350 lr=0.000104688
epoch=283 vit_lejepa_loss=0.0175 pred=0.0062 sigreg=1.1245 lr=0.000103054
epoch=284 vit_lejepa_loss=0.0175 pred=0.0062 sigreg=1.1221 lr=0.000101429
epoch=285 vit_lejepa_loss=0.0175 pred=0.0062 sigreg=1.1224 lr=9.98144e-05
epoch=286 vit_lejepa_loss=0.0175 pred=0.0062 sigreg=1.1241 lr=9.82094e-05
epoch=287 vit_lejepa_loss=0.0174 pred=0.0062 sigreg=1.1209 lr=9.66142e-05
epoch=288 vit_lejepa_loss=0.0174 pred=0.0062 sigreg=1.1139 lr=9.50289e-05
epoch=289 vit_lejepa_loss=0.0174 pred=0.0062 sigreg=1.1142 lr=9.34537e-05
epoch=290 vit_lejepa_loss=0.0174 pred=0.0062 sigreg=1.1168 lr=9.18887e-05
epoch=291 vit_lejepa_loss=0.0174 pred=0.0062 sigreg=1.1159 lr=9.03339e-05
epoch=292 vit_lejepa_loss=0.0173 pred=0.0062 sigreg=1.1135 lr=8.87894e-05
epoch=293 vit_lejepa_loss=0.0173 pred=0.0062 sigreg=1.1092 lr=8.72555e-05
epoch=294 vit_lejepa_loss=0.0173 pred=0.0062 sigreg=1.1050 lr=8.57321e-05
epoch=295 vit_lejepa_loss=0.0173 pred=0.0062 sigreg=1.1061 lr=8.42193e-05
epoch=296 vit_lejepa_loss=0.0173 pred=0.0062 sigreg=1.1079 lr=8.27173e-05
epoch=297 vit_lejepa_loss=0.0173 pred=0.0062 sigreg=1.1060 lr=8.12262e-05
epoch=298 vit_lejepa_loss=0.0173 pred=0.0062 sigreg=1.1039 lr=7.9746e-05
epoch=299 vit_lejepa_loss=0.0172 pred=0.0062 sigreg=1.0988 lr=7.82769e-05
epoch=300 vit_lejepa_loss=0.0172 pred=0.0062 sigreg=1.0981 lr=7.68189e-05
epoch=301 vit_lejepa_loss=0.0172 pred=0.0062 sigreg=1.0983 lr=7.53722e-05
epoch=302 vit_lejepa_loss=0.0172 pred=0.0062 sigreg=1.0991 lr=7.39367e-05
epoch=303 vit_lejepa_loss=0.0172 pred=0.0062 sigreg=1.0940 lr=7.25127e-05
epoch=304 vit_lejepa_loss=0.0172 pred=0.0062 sigreg=1.0967 lr=7.11003e-05
epoch=305 vit_lejepa_loss=0.0172 pred=0.0062 sigreg=1.0992 lr=6.96994e-05
epoch=306 vit_lejepa_loss=0.0171 pred=0.0062 sigreg=1.0853 lr=6.83102e-05
epoch=307 vit_lejepa_loss=0.0171 pred=0.0062 sigreg=1.0923 lr=6.69328e-05
epoch=308 vit_lejepa_loss=0.0171 pred=0.0062 sigreg=1.0916 lr=6.55673e-05
epoch=309 vit_lejepa_loss=0.0172 pred=0.0062 sigreg=1.0945 lr=6.42138e-05
epoch=310 vit_lejepa_loss=0.0171 pred=0.0062 sigreg=1.0890 lr=6.28723e-05
epoch=311 vit_lejepa_loss=0.0171 pred=0.0062 sigreg=1.0901 lr=6.1543e-05
epoch=312 vit_lejepa_loss=0.0171 pred=0.0062 sigreg=1.0878 lr=6.02259e-05
epoch=313 vit_lejepa_loss=0.0171 pred=0.0062 sigreg=1.0841 lr=5.89211e-05
epoch=314 vit_lejepa_loss=0.0170 pred=0.0062 sigreg=1.0828 lr=5.76287e-05
epoch=315 vit_lejepa_loss=0.0170 pred=0.0062 sigreg=1.0808 lr=5.63488e-05
epoch=316 vit_lejepa_loss=0.0170 pred=0.0062 sigreg=1.0804 lr=5.50814e-05
epoch=317 vit_lejepa_loss=0.0169 pred=0.0062 sigreg=1.0728 lr=5.38267e-05
epoch=318 vit_lejepa_loss=0.0170 pred=0.0062 sigreg=1.0752 lr=5.25847e-05
epoch=319 vit_lejepa_loss=0.0170 pred=0.0062 sigreg=1.0756 lr=5.13556e-05
epoch=320 vit_lejepa_loss=0.0171 pred=0.0062 sigreg=1.0819 lr=5.01393e-05
epoch=321 vit_lejepa_loss=0.0169 pred=0.0062 sigreg=1.0705 lr=4.8936e-05
epoch=322 vit_lejepa_loss=0.0170 pred=0.0062 sigreg=1.0744 lr=4.77458e-05
epoch=323 vit_lejepa_loss=0.0170 pred=0.0062 sigreg=1.0751 lr=4.65686e-05
epoch=324 vit_lejepa_loss=0.0170 pred=0.0062 sigreg=1.0733 lr=4.54047e-05
epoch=325 vit_lejepa_loss=0.0169 pred=0.0062 sigreg=1.0667 lr=4.4254e-05
epoch=326 vit_lejepa_loss=0.0170 pred=0.0063 sigreg=1.0728 lr=4.31167e-05
epoch=327 vit_lejepa_loss=0.0169 pred=0.0063 sigreg=1.0606 lr=4.19928e-05
epoch=328 vit_lejepa_loss=0.0169 pred=0.0062 sigreg=1.0607 lr=4.08825e-05
epoch=329 vit_lejepa_loss=0.0169 pred=0.0062 sigreg=1.0656 lr=3.97857e-05
epoch=330 vit_lejepa_loss=0.0169 pred=0.0062 sigreg=1.0669 lr=3.87025e-05
epoch=331 vit_lejepa_loss=0.0169 pred=0.0062 sigreg=1.0618 lr=3.7633e-05
epoch=332 vit_lejepa_loss=0.0168 pred=0.0062 sigreg=1.0606 lr=3.65773e-05
epoch=333 vit_lejepa_loss=0.0168 pred=0.0062 sigreg=1.0574 lr=3.55355e-05
epoch=334 vit_lejepa_loss=0.0168 pred=0.0062 sigreg=1.0600 lr=3.45076e-05
epoch=335 vit_lejepa_loss=0.0168 pred=0.0062 sigreg=1.0596 lr=3.34936e-05
epoch=336 vit_lejepa_loss=0.0169 pred=0.0062 sigreg=1.0646 lr=3.24938e-05
epoch=337 vit_lejepa_loss=0.0168 pred=0.0062 sigreg=1.0564 lr=3.1508e-05
epoch=338 vit_lejepa_loss=0.0168 pred=0.0062 sigreg=1.0519 lr=3.05364e-05
epoch=339 vit_lejepa_loss=0.0168 pred=0.0062 sigreg=1.0580 lr=2.9579e-05
epoch=340 vit_lejepa_loss=0.0168 pred=0.0062 sigreg=1.0519 lr=2.8636e-05
epoch=341 vit_lejepa_loss=0.0167 pred=0.0062 sigreg=1.0502 lr=2.77073e-05
epoch=342 vit_lejepa_loss=0.0167 pred=0.0062 sigreg=1.0532 lr=2.6793e-05
epoch=343 vit_lejepa_loss=0.0167 pred=0.0062 sigreg=1.0505 lr=2.58933e-05
epoch=344 vit_lejepa_loss=0.0167 pred=0.0062 sigreg=1.0497 lr=2.5008e-05
epoch=345 vit_lejepa_loss=0.0167 pred=0.0062 sigreg=1.0469 lr=2.41374e-05
epoch=346 vit_lejepa_loss=0.0167 pred=0.0062 sigreg=1.0462 lr=2.32814e-05
epoch=347 vit_lejepa_loss=0.0167 pred=0.0062 sigreg=1.0455 lr=2.24401e-05
epoch=348 vit_lejepa_loss=0.0167 pred=0.0062 sigreg=1.0460 lr=2.16136e-05
epoch=349 vit_lejepa_loss=0.0167 pred=0.0062 sigreg=1.0488 lr=2.0802e-05
epoch=350 vit_lejepa_loss=0.0167 pred=0.0062 sigreg=1.0439 lr=2.00051e-05
epoch=351 vit_lejepa_loss=0.0167 pred=0.0062 sigreg=1.0462 lr=1.92233e-05
epoch=352 vit_lejepa_loss=0.0167 pred=0.0062 sigreg=1.0435 lr=1.84563e-05
epoch=353 vit_lejepa_loss=0.0166 pred=0.0062 sigreg=1.0379 lr=1.77044e-05
epoch=354 vit_lejepa_loss=0.0167 pred=0.0062 sigreg=1.0433 lr=1.69676e-05
epoch=355 vit_lejepa_loss=0.0166 pred=0.0062 sigreg=1.0414 lr=1.62459e-05
epoch=356 vit_lejepa_loss=0.0166 pred=0.0062 sigreg=1.0428 lr=1.55394e-05
epoch=357 vit_lejepa_loss=0.0167 pred=0.0062 sigreg=1.0441 lr=1.48481e-05
epoch=358 vit_lejepa_loss=0.0166 pred=0.0062 sigreg=1.0405 lr=1.4172e-05
epoch=359 vit_lejepa_loss=0.0166 pred=0.0062 sigreg=1.0367 lr=1.35113e-05
epoch=360 vit_lejepa_loss=0.0166 pred=0.0062 sigreg=1.0390 lr=1.28659e-05
epoch=361 vit_lejepa_loss=0.0166 pred=0.0062 sigreg=1.0369 lr=1.22359e-05
epoch=362 vit_lejepa_loss=0.0166 pred=0.0062 sigreg=1.0351 lr=1.16213e-05
epoch=363 vit_lejepa_loss=0.0166 pred=0.0062 sigreg=1.0371 lr=1.10222e-05
epoch=364 vit_lejepa_loss=0.0166 pred=0.0062 sigreg=1.0397 lr=1.04385e-05
epoch=365 vit_lejepa_loss=0.0166 pred=0.0062 sigreg=1.0363 lr=9.87047e-06
epoch=366 vit_lejepa_loss=0.0166 pred=0.0062 sigreg=1.0405 lr=9.31798e-06
epoch=367 vit_lejepa_loss=0.0166 pred=0.0062 sigreg=1.0371 lr=8.78111e-06
epoch=368 vit_lejepa_loss=0.0165 pred=0.0062 sigreg=1.0361 lr=8.25989e-06
epoch=369 vit_lejepa_loss=0.0165 pred=0.0062 sigreg=1.0330 lr=7.75436e-06
epoch=370 vit_lejepa_loss=0.0165 pred=0.0062 sigreg=1.0299 lr=7.26455e-06
epoch=371 vit_lejepa_loss=0.0165 pred=0.0062 sigreg=1.0362 lr=6.79048e-06
epoch=372 vit_lejepa_loss=0.0165 pred=0.0062 sigreg=1.0312 lr=6.3322e-06
epoch=373 vit_lejepa_loss=0.0165 pred=0.0062 sigreg=1.0321 lr=5.88973e-06
epoch=374 vit_lejepa_loss=0.0165 pred=0.0062 sigreg=1.0328 lr=5.4631e-06
epoch=375 vit_lejepa_loss=0.0165 pred=0.0062 sigreg=1.0357 lr=5.05234e-06
epoch=376 vit_lejepa_loss=0.0165 pred=0.0062 sigreg=1.0350 lr=4.65747e-06
epoch=377 vit_lejepa_loss=0.0165 pred=0.0062 sigreg=1.0363 lr=4.27852e-06
epoch=378 vit_lejepa_loss=0.0165 pred=0.0062 sigreg=1.0335 lr=3.91552e-06
epoch=379 vit_lejepa_loss=0.0164 pred=0.0062 sigreg=1.0243 lr=3.56848e-06
epoch=380 vit_lejepa_loss=0.0165 pred=0.0062 sigreg=1.0323 lr=3.23743e-06
epoch=381 vit_lejepa_loss=0.0165 pred=0.0062 sigreg=1.0343 lr=2.9224e-06
epoch=382 vit_lejepa_loss=0.0165 pred=0.0062 sigreg=1.0330 lr=2.6234e-06
epoch=383 vit_lejepa_loss=0.0165 pred=0.0062 sigreg=1.0330 lr=2.34045e-06
epoch=384 vit_lejepa_loss=0.0165 pred=0.0062 sigreg=1.0309 lr=2.07357e-06
epoch=385 vit_lejepa_loss=0.0165 pred=0.0062 sigreg=1.0348 lr=1.82278e-06
epoch=386 vit_lejepa_loss=0.0165 pred=0.0062 sigreg=1.0328 lr=1.58809e-06
epoch=387 vit_lejepa_loss=0.0165 pred=0.0062 sigreg=1.0330 lr=1.36953e-06
epoch=388 vit_lejepa_loss=0.0165 pred=0.0062 sigreg=1.0312 lr=1.16709e-06
epoch=389 vit_lejepa_loss=0.0165 pred=0.0062 sigreg=1.0325 lr=9.80803e-07
epoch=390 vit_lejepa_loss=0.0165 pred=0.0062 sigreg=1.0296 lr=8.10673e-07
epoch=391 vit_lejepa_loss=0.0165 pred=0.0062 sigreg=1.0275 lr=6.56713e-07
epoch=392 vit_lejepa_loss=0.0165 pred=0.0062 sigreg=1.0278 lr=5.18932e-07
epoch=393 vit_lejepa_loss=0.0165 pred=0.0062 sigreg=1.0275 lr=3.97339e-07
epoch=394 vit_lejepa_loss=0.0165 pred=0.0062 sigreg=1.0371 lr=2.91943e-07
epoch=395 vit_lejepa_loss=0.0165 pred=0.0062 sigreg=1.0280 lr=2.0275e-07
epoch=396 vit_lejepa_loss=0.0165 pred=0.0062 sigreg=1.0272 lr=1.29767e-07
epoch=397 vit_lejepa_loss=0.0165 pred=0.0062 sigreg=1.0290 lr=7.29965e-08
epoch=398 vit_lejepa_loss=0.0165 pred=0.0062 sigreg=1.0297 lr=3.24438e-08
epoch=399 vit_lejepa_loss=0.0165 pred=0.0062 sigreg=1.0293 lr=8.11107e-09
epoch=400 vit_lejepa_loss=0.0165 pred=0.0062 sigreg=1.0303 lr=0
Backbone checkpoint selection by frozen-backbone kNN:
  candidates: 22
  k values: [20, 50, 100]
  max_bank_samples: 10000
  max_test_samples: 2000

Evaluating candidate: experiments/experiment-c10-vit-lejepa-light-v3/checkpoints/vit_lejepa_backbone_last.pt

Evaluating candidate: experiments/experiment-c10-vit-lejepa-light-v3/checkpoints/vit_lejepa_backbone_loss_best.pt

Evaluating candidate: experiments/experiment-c10-vit-lejepa-light-v3/checkpoints/vit_lejepa_backbone_epoch_020.pt

Evaluating candidate: experiments/experiment-c10-vit-lejepa-light-v3/checkpoints/vit_lejepa_backbone_epoch_040.pt

Evaluating candidate: experiments/experiment-c10-vit-lejepa-light-v3/checkpoints/vit_lejepa_backbone_epoch_060.pt

Evaluating candidate: experiments/experiment-c10-vit-lejepa-light-v3/checkpoints/vit_lejepa_backbone_epoch_080.pt

Evaluating candidate: experiments/experiment-c10-vit-lejepa-light-v3/checkpoints/vit_lejepa_backbone_epoch_100.pt

Evaluating candidate: experiments/experiment-c10-vit-lejepa-light-v3/checkpoints/vit_lejepa_backbone_epoch_120.pt

Evaluating candidate: experiments/experiment-c10-vit-lejepa-light-v3/checkpoints/vit_lejepa_backbone_epoch_140.pt

Evaluating candidate: experiments/experiment-c10-vit-lejepa-light-v3/checkpoints/vit_lejepa_backbone_epoch_160.pt

Evaluating candidate: experiments/experiment-c10-vit-lejepa-light-v3/checkpoints/vit_lejepa_backbone_epoch_180.pt

Evaluating candidate: experiments/experiment-c10-vit-lejepa-light-v3/checkpoints/vit_lejepa_backbone_epoch_200.pt

Evaluating candidate: experiments/experiment-c10-vit-lejepa-light-v3/checkpoints/vit_lejepa_backbone_epoch_220.pt

Evaluating candidate: experiments/experiment-c10-vit-lejepa-light-v3/checkpoints/vit_lejepa_backbone_epoch_240.pt

Evaluating candidate: experiments/experiment-c10-vit-lejepa-light-v3/checkpoints/vit_lejepa_backbone_epoch_260.pt

Evaluating candidate: experiments/experiment-c10-vit-lejepa-light-v3/checkpoints/vit_lejepa_backbone_epoch_280.pt

Evaluating candidate: experiments/experiment-c10-vit-lejepa-light-v3/checkpoints/vit_lejepa_backbone_epoch_300.pt

Evaluating candidate: experiments/experiment-c10-vit-lejepa-light-v3/checkpoints/vit_lejepa_backbone_epoch_320.pt

Evaluating candidate: experiments/experiment-c10-vit-lejepa-light-v3/checkpoints/vit_lejepa_backbone_epoch_340.pt

Evaluating candidate: experiments/experiment-c10-vit-lejepa-light-v3/checkpoints/vit_lejepa_backbone_epoch_360.pt

Evaluating candidate: experiments/experiment-c10-vit-lejepa-light-v3/checkpoints/vit_lejepa_backbone_epoch_380.pt

Evaluating candidate: experiments/experiment-c10-vit-lejepa-light-v3/checkpoints/vit_lejepa_backbone_epoch_400.pt

Backbone checkpoint selection completed.
  selected: experiments/experiment-c10-vit-lejepa-light-v3/checkpoints/vit_lejepa_backbone_epoch_020.pt
  best kNN: 0.3310 at k=100
  saved CSV: experiments/experiment-c10-vit-lejepa-light-v3/metrics/checkpoint_selection/backbone_checkpoint_selection_knn.csv
  overwritten backbone_best_path: experiments/experiment-c10-vit-lejepa-light-v3/checkpoints/vit_lejepa_backbone_best.pt
probe_epoch=001 train_loss=1.9463 train_acc=0.2895 val_loss=1.8177 val_acc=0.3388 lr=0.02
probe_epoch=002 train_loss=1.8318 train_acc=0.3252 val_loss=1.7949 val_acc=0.3434 lr=0.03
probe_epoch=003 train_loss=1.8246 train_acc=0.3300 val_loss=1.7890 val_acc=0.3486 lr=0.04
probe_epoch=004 train_loss=1.8123 train_acc=0.3347 val_loss=1.7874 val_acc=0.3534 lr=0.05
probe_epoch=005 train_loss=1.8135 train_acc=0.3315 val_loss=1.7989 val_acc=0.3406 lr=0.05
probe_epoch=006 train_loss=1.8099 train_acc=0.3355 val_loss=1.7926 val_acc=0.3452 lr=0.0499941
probe_epoch=007 train_loss=1.8030 train_acc=0.3391 val_loss=1.7923 val_acc=0.3526 lr=0.0499765
probe_epoch=008 train_loss=1.8005 train_acc=0.3384 val_loss=1.7717 val_acc=0.3576 lr=0.0499472
probe_epoch=009 train_loss=1.7996 train_acc=0.3380 val_loss=1.7717 val_acc=0.3506 lr=0.0499062
probe_epoch=010 train_loss=1.7925 train_acc=0.3440 val_loss=1.7785 val_acc=0.3540 lr=0.0498534
probe_epoch=011 train_loss=1.7970 train_acc=0.3437 val_loss=1.7655 val_acc=0.3634 lr=0.0497891
probe_epoch=012 train_loss=1.7920 train_acc=0.3430 val_loss=1.7916 val_acc=0.3528 lr=0.049713
probe_epoch=013 train_loss=1.7901 train_acc=0.3437 val_loss=1.7693 val_acc=0.3568 lr=0.0496254
probe_epoch=014 train_loss=1.7869 train_acc=0.3472 val_loss=1.7793 val_acc=0.3528 lr=0.0495262
probe_epoch=015 train_loss=1.7851 train_acc=0.3441 val_loss=1.7773 val_acc=0.3620 lr=0.0494155
probe_epoch=016 train_loss=1.7832 train_acc=0.3482 val_loss=1.7821 val_acc=0.3532 lr=0.0492934
probe_epoch=017 train_loss=1.7823 train_acc=0.3504 val_loss=1.7717 val_acc=0.3472 lr=0.0491598
probe_epoch=018 train_loss=1.7860 train_acc=0.3466 val_loss=1.7488 val_acc=0.3624 lr=0.0490149
probe_epoch=019 train_loss=1.7823 train_acc=0.3477 val_loss=1.7643 val_acc=0.3634 lr=0.0488587
probe_epoch=020 train_loss=1.7781 train_acc=0.3500 val_loss=1.7717 val_acc=0.3536 lr=0.0486913
probe_epoch=021 train_loss=1.7813 train_acc=0.3497 val_loss=1.7902 val_acc=0.3532 lr=0.0485128
probe_epoch=022 train_loss=1.7798 train_acc=0.3476 val_loss=1.7554 val_acc=0.3718 lr=0.0483233
probe_epoch=023 train_loss=1.7791 train_acc=0.3494 val_loss=1.7645 val_acc=0.3626 lr=0.0481228
probe_epoch=024 train_loss=1.7796 train_acc=0.3506 val_loss=1.7615 val_acc=0.3628 lr=0.0479115
probe_epoch=025 train_loss=1.7788 train_acc=0.3487 val_loss=1.7724 val_acc=0.3548 lr=0.0476894
probe_epoch=026 train_loss=1.7763 train_acc=0.3504 val_loss=1.7756 val_acc=0.3556 lr=0.0474566
probe_epoch=027 train_loss=1.7781 train_acc=0.3506 val_loss=1.8022 val_acc=0.3502 lr=0.0472134
probe_epoch=028 train_loss=1.7776 train_acc=0.3473 val_loss=1.7746 val_acc=0.3594 lr=0.0469596
probe_epoch=029 train_loss=1.7749 train_acc=0.3509 val_loss=1.7642 val_acc=0.3642 lr=0.0466956
probe_epoch=030 train_loss=1.7724 train_acc=0.3504 val_loss=1.7723 val_acc=0.3512 lr=0.0464214
probe_epoch=031 train_loss=1.7721 train_acc=0.3514 val_loss=1.7652 val_acc=0.3594 lr=0.0461372
probe_epoch=032 train_loss=1.7750 train_acc=0.3482 val_loss=1.7588 val_acc=0.3642 lr=0.045843
probe_epoch=033 train_loss=1.7714 train_acc=0.3525 val_loss=1.7672 val_acc=0.3566 lr=0.045539
probe_epoch=034 train_loss=1.7755 train_acc=0.3497 val_loss=1.7674 val_acc=0.3604 lr=0.0452254
probe_epoch=035 train_loss=1.7715 train_acc=0.3512 val_loss=1.7608 val_acc=0.3582 lr=0.0449023
probe_epoch=036 train_loss=1.7729 train_acc=0.3530 val_loss=1.7618 val_acc=0.3560 lr=0.0445699
probe_epoch=037 train_loss=1.7739 train_acc=0.3488 val_loss=1.7650 val_acc=0.3622 lr=0.0442283
probe_epoch=038 train_loss=1.7711 train_acc=0.3546 val_loss=1.7593 val_acc=0.3692 lr=0.0438776
probe_epoch=039 train_loss=1.7727 train_acc=0.3503 val_loss=1.7470 val_acc=0.3716 lr=0.0435181
probe_epoch=040 train_loss=1.7753 train_acc=0.3521 val_loss=1.7798 val_acc=0.3540 lr=0.0431499
probe_epoch=041 train_loss=1.7746 train_acc=0.3515 val_loss=1.7807 val_acc=0.3582 lr=0.0427732
probe_epoch=042 train_loss=1.7709 train_acc=0.3518 val_loss=1.7600 val_acc=0.3686 lr=0.0423881
probe_epoch=043 train_loss=1.7711 train_acc=0.3525 val_loss=1.7640 val_acc=0.3618 lr=0.0419949
probe_epoch=044 train_loss=1.7685 train_acc=0.3524 val_loss=1.7643 val_acc=0.3640 lr=0.0415937
probe_epoch=045 train_loss=1.7724 train_acc=0.3524 val_loss=1.7625 val_acc=0.3598 lr=0.0411847
probe_epoch=046 train_loss=1.7687 train_acc=0.3554 val_loss=1.7724 val_acc=0.3602 lr=0.0407681
probe_epoch=047 train_loss=1.7680 train_acc=0.3519 val_loss=1.7550 val_acc=0.3710 lr=0.0403441
probe_epoch=048 train_loss=1.7649 train_acc=0.3586 val_loss=1.7613 val_acc=0.3644 lr=0.0399129
probe_epoch=049 train_loss=1.7685 train_acc=0.3520 val_loss=1.7420 val_acc=0.3658 lr=0.0394747
probe_epoch=050 train_loss=1.7642 train_acc=0.3523 val_loss=1.7599 val_acc=0.3676 lr=0.0390297
probe_epoch=051 train_loss=1.7643 train_acc=0.3535 val_loss=1.7485 val_acc=0.3736 lr=0.0385781
probe_epoch=052 train_loss=1.7621 train_acc=0.3549 val_loss=1.7572 val_acc=0.3598 lr=0.0381201
probe_epoch=053 train_loss=1.7661 train_acc=0.3550 val_loss=1.7664 val_acc=0.3644 lr=0.037656
probe_epoch=054 train_loss=1.7725 train_acc=0.3532 val_loss=1.7616 val_acc=0.3622 lr=0.037186
probe_epoch=055 train_loss=1.7637 train_acc=0.3553 val_loss=1.7714 val_acc=0.3596 lr=0.0367102
probe_epoch=056 train_loss=1.7631 train_acc=0.3548 val_loss=1.7672 val_acc=0.3674 lr=0.0362289
probe_epoch=057 train_loss=1.7656 train_acc=0.3543 val_loss=1.7627 val_acc=0.3632 lr=0.0357424
probe_epoch=058 train_loss=1.7650 train_acc=0.3582 val_loss=1.7637 val_acc=0.3616 lr=0.0352508
probe_epoch=059 train_loss=1.7632 train_acc=0.3560 val_loss=1.7547 val_acc=0.3626 lr=0.0347544
probe_epoch=060 train_loss=1.7631 train_acc=0.3568 val_loss=1.7598 val_acc=0.3590 lr=0.0342535
probe_epoch=061 train_loss=1.7645 train_acc=0.3562 val_loss=1.7556 val_acc=0.3588 lr=0.0337481
probe_epoch=062 train_loss=1.7598 train_acc=0.3596 val_loss=1.7684 val_acc=0.3606 lr=0.0332387
probe_epoch=063 train_loss=1.7599 train_acc=0.3568 val_loss=1.7579 val_acc=0.3660 lr=0.0327254
probe_epoch=064 train_loss=1.7558 train_acc=0.3576 val_loss=1.7389 val_acc=0.3716 lr=0.0322085
probe_epoch=065 train_loss=1.7611 train_acc=0.3562 val_loss=1.7466 val_acc=0.3702 lr=0.0316882
probe_epoch=066 train_loss=1.7576 train_acc=0.3560 val_loss=1.7624 val_acc=0.3638 lr=0.0311648
probe_epoch=067 train_loss=1.7601 train_acc=0.3578 val_loss=1.7527 val_acc=0.3650 lr=0.0306384
probe_epoch=068 train_loss=1.7533 train_acc=0.3574 val_loss=1.7433 val_acc=0.3700 lr=0.0301095
probe_epoch=069 train_loss=1.7571 train_acc=0.3567 val_loss=1.7634 val_acc=0.3598 lr=0.0295781
probe_epoch=070 train_loss=1.7511 train_acc=0.3597 val_loss=1.7588 val_acc=0.3664 lr=0.0290445
probe_epoch=071 train_loss=1.7544 train_acc=0.3589 val_loss=1.7359 val_acc=0.3742 lr=0.0285091
probe_epoch=072 train_loss=1.7532 train_acc=0.3561 val_loss=1.7468 val_acc=0.3712 lr=0.0279721
probe_epoch=073 train_loss=1.7535 train_acc=0.3593 val_loss=1.7451 val_acc=0.3656 lr=0.0274336
probe_epoch=074 train_loss=1.7517 train_acc=0.3590 val_loss=1.7658 val_acc=0.3682 lr=0.026894
probe_epoch=075 train_loss=1.7580 train_acc=0.3572 val_loss=1.7535 val_acc=0.3658 lr=0.0263535
probe_epoch=076 train_loss=1.7527 train_acc=0.3598 val_loss=1.7635 val_acc=0.3650 lr=0.0258123
probe_epoch=077 train_loss=1.7510 train_acc=0.3579 val_loss=1.7556 val_acc=0.3652 lr=0.0252708
probe_epoch=078 train_loss=1.7505 train_acc=0.3611 val_loss=1.7395 val_acc=0.3766 lr=0.0247292
probe_epoch=079 train_loss=1.7477 train_acc=0.3637 val_loss=1.7461 val_acc=0.3750 lr=0.0241877
probe_epoch=080 train_loss=1.7504 train_acc=0.3624 val_loss=1.7495 val_acc=0.3646 lr=0.0236465
probe_epoch=081 train_loss=1.7510 train_acc=0.3608 val_loss=1.7541 val_acc=0.3612 lr=0.023106
probe_epoch=082 train_loss=1.7474 train_acc=0.3609 val_loss=1.7500 val_acc=0.3672 lr=0.0225664
probe_epoch=083 train_loss=1.7471 train_acc=0.3625 val_loss=1.7383 val_acc=0.3682 lr=0.0220279
probe_epoch=084 train_loss=1.7472 train_acc=0.3616 val_loss=1.7474 val_acc=0.3650 lr=0.0214909
probe_epoch=085 train_loss=1.7425 train_acc=0.3621 val_loss=1.7529 val_acc=0.3698 lr=0.0209555
probe_epoch=086 train_loss=1.7456 train_acc=0.3630 val_loss=1.7401 val_acc=0.3720 lr=0.0204219
probe_epoch=087 train_loss=1.7432 train_acc=0.3613 val_loss=1.7337 val_acc=0.3748 lr=0.0198905
probe_epoch=088 train_loss=1.7459 train_acc=0.3622 val_loss=1.7394 val_acc=0.3662 lr=0.0193616
probe_epoch=089 train_loss=1.7451 train_acc=0.3634 val_loss=1.7419 val_acc=0.3718 lr=0.0188352
probe_epoch=090 train_loss=1.7420 train_acc=0.3650 val_loss=1.7426 val_acc=0.3656 lr=0.0183118
probe_epoch=091 train_loss=1.7407 train_acc=0.3645 val_loss=1.7390 val_acc=0.3738 lr=0.0177915
probe_epoch=092 train_loss=1.7421 train_acc=0.3655 val_loss=1.7319 val_acc=0.3774 lr=0.0172746
probe_epoch=093 train_loss=1.7421 train_acc=0.3607 val_loss=1.7445 val_acc=0.3764 lr=0.0167613
probe_epoch=094 train_loss=1.7426 train_acc=0.3625 val_loss=1.7384 val_acc=0.3680 lr=0.0162519
probe_epoch=095 train_loss=1.7390 train_acc=0.3672 val_loss=1.7343 val_acc=0.3726 lr=0.0157465
probe_epoch=096 train_loss=1.7400 train_acc=0.3644 val_loss=1.7453 val_acc=0.3702 lr=0.0152456
probe_epoch=097 train_loss=1.7400 train_acc=0.3669 val_loss=1.7346 val_acc=0.3708 lr=0.0147492
probe_epoch=098 train_loss=1.7380 train_acc=0.3655 val_loss=1.7377 val_acc=0.3778 lr=0.0142576
probe_epoch=099 train_loss=1.7373 train_acc=0.3660 val_loss=1.7295 val_acc=0.3744 lr=0.0137711
probe_epoch=100 train_loss=1.7379 train_acc=0.3653 val_loss=1.7359 val_acc=0.3806 lr=0.0132898
probe_epoch=101 train_loss=1.7384 train_acc=0.3659 val_loss=1.7357 val_acc=0.3756 lr=0.012814
probe_epoch=102 train_loss=1.7425 train_acc=0.3650 val_loss=1.7382 val_acc=0.3688 lr=0.012344
probe_epoch=103 train_loss=1.7384 train_acc=0.3643 val_loss=1.7259 val_acc=0.3772 lr=0.0118799
probe_epoch=104 train_loss=1.7364 train_acc=0.3671 val_loss=1.7264 val_acc=0.3772 lr=0.0114219
probe_epoch=105 train_loss=1.7359 train_acc=0.3656 val_loss=1.7349 val_acc=0.3742 lr=0.0109703
probe_epoch=106 train_loss=1.7406 train_acc=0.3659 val_loss=1.7327 val_acc=0.3730 lr=0.0105253
probe_epoch=107 train_loss=1.7361 train_acc=0.3655 val_loss=1.7381 val_acc=0.3704 lr=0.0100871
probe_epoch=108 train_loss=1.7359 train_acc=0.3654 val_loss=1.7299 val_acc=0.3748 lr=0.00965593
probe_epoch=109 train_loss=1.7383 train_acc=0.3665 val_loss=1.7316 val_acc=0.3792 lr=0.00923194
probe_epoch=110 train_loss=1.7330 train_acc=0.3652 val_loss=1.7374 val_acc=0.3758 lr=0.00881534
probe_epoch=111 train_loss=1.7319 train_acc=0.3713 val_loss=1.7343 val_acc=0.3716 lr=0.00840635
probe_epoch=112 train_loss=1.7317 train_acc=0.3685 val_loss=1.7229 val_acc=0.3792 lr=0.00800514
probe_epoch=113 train_loss=1.7320 train_acc=0.3682 val_loss=1.7321 val_acc=0.3746 lr=0.00761191
probe_epoch=114 train_loss=1.7309 train_acc=0.3727 val_loss=1.7296 val_acc=0.3822 lr=0.00722684
probe_epoch=115 train_loss=1.7309 train_acc=0.3693 val_loss=1.7319 val_acc=0.3746 lr=0.00685011
probe_epoch=116 train_loss=1.7339 train_acc=0.3691 val_loss=1.7256 val_acc=0.3778 lr=0.00648191
probe_epoch=117 train_loss=1.7299 train_acc=0.3711 val_loss=1.7233 val_acc=0.3762 lr=0.00612239
probe_epoch=118 train_loss=1.7327 train_acc=0.3708 val_loss=1.7221 val_acc=0.3794 lr=0.00577174
probe_epoch=119 train_loss=1.7299 train_acc=0.3716 val_loss=1.7267 val_acc=0.3788 lr=0.00543011
probe_epoch=120 train_loss=1.7338 train_acc=0.3676 val_loss=1.7238 val_acc=0.3794 lr=0.00509767
probe_epoch=121 train_loss=1.7260 train_acc=0.3736 val_loss=1.7277 val_acc=0.3786 lr=0.00477458
probe_epoch=122 train_loss=1.7334 train_acc=0.3688 val_loss=1.7257 val_acc=0.3782 lr=0.00446097
probe_epoch=123 train_loss=1.7318 train_acc=0.3669 val_loss=1.7207 val_acc=0.3776 lr=0.00415701
probe_epoch=124 train_loss=1.7254 train_acc=0.3703 val_loss=1.7244 val_acc=0.3780 lr=0.00386283
probe_epoch=125 train_loss=1.7289 train_acc=0.3724 val_loss=1.7259 val_acc=0.3804 lr=0.00357857
probe_epoch=126 train_loss=1.7202 train_acc=0.3722 val_loss=1.7264 val_acc=0.3802 lr=0.00330437
probe_epoch=127 train_loss=1.7269 train_acc=0.3709 val_loss=1.7223 val_acc=0.3742 lr=0.00304035
probe_epoch=128 train_loss=1.7239 train_acc=0.3723 val_loss=1.7192 val_acc=0.3768 lr=0.00278664
probe_epoch=129 train_loss=1.7241 train_acc=0.3742 val_loss=1.7226 val_acc=0.3792 lr=0.00254336
probe_epoch=130 train_loss=1.7241 train_acc=0.3728 val_loss=1.7198 val_acc=0.3820 lr=0.00231061
probe_epoch=131 train_loss=1.7237 train_acc=0.3743 val_loss=1.7214 val_acc=0.3796 lr=0.00208852
probe_epoch=132 train_loss=1.7238 train_acc=0.3736 val_loss=1.7194 val_acc=0.3788 lr=0.00187719
probe_epoch=133 train_loss=1.7211 train_acc=0.3724 val_loss=1.7180 val_acc=0.3800 lr=0.0016767
probe_epoch=134 train_loss=1.7242 train_acc=0.3738 val_loss=1.7185 val_acc=0.3810 lr=0.00148717
probe_epoch=135 train_loss=1.7227 train_acc=0.3745 val_loss=1.7218 val_acc=0.3816 lr=0.00130867
probe_epoch=136 train_loss=1.7226 train_acc=0.3736 val_loss=1.7213 val_acc=0.3800 lr=0.00114129
probe_epoch=137 train_loss=1.7239 train_acc=0.3751 val_loss=1.7169 val_acc=0.3798 lr=0.000985116
probe_epoch=138 train_loss=1.7160 train_acc=0.3769 val_loss=1.7200 val_acc=0.3802 lr=0.000840211
probe_epoch=139 train_loss=1.7229 train_acc=0.3738 val_loss=1.7194 val_acc=0.3820 lr=0.000706647
probe_epoch=140 train_loss=1.7220 train_acc=0.3747 val_loss=1.7200 val_acc=0.3798 lr=0.000584486
probe_epoch=141 train_loss=1.7201 train_acc=0.3749 val_loss=1.7189 val_acc=0.3826 lr=0.000473786
probe_epoch=142 train_loss=1.7199 train_acc=0.3750 val_loss=1.7194 val_acc=0.3812 lr=0.000374599
probe_epoch=143 train_loss=1.7257 train_acc=0.3730 val_loss=1.7190 val_acc=0.3818 lr=0.00028697
probe_epoch=144 train_loss=1.7212 train_acc=0.3765 val_loss=1.7197 val_acc=0.3824 lr=0.000210943
probe_epoch=145 train_loss=1.7207 train_acc=0.3759 val_loss=1.7191 val_acc=0.3830 lr=0.000146551
probe_epoch=146 train_loss=1.7244 train_acc=0.3734 val_loss=1.7192 val_acc=0.3820 lr=9.38257e-05
probe_epoch=147 train_loss=1.7202 train_acc=0.3765 val_loss=1.7191 val_acc=0.3824 lr=5.27914e-05
probe_epoch=148 train_loss=1.7276 train_acc=0.3716 val_loss=1.7191 val_acc=0.3816 lr=2.34674e-05
probe_epoch=149 train_loss=1.7264 train_acc=0.3754 val_loss=1.7192 val_acc=0.3826 lr=5.86755e-06
probe_epoch=150 train_loss=1.7235 train_acc=0.3743 val_loss=1.7192 val_acc=0.3826 lr=0
vit_linear_probe_test_loss=1.7139 vit_linear_probe_test_acc=0.3771 best_val_acc=0.3830 best_epoch=145
Job finished at: Wed Jul  1 16:46:22 CEST 2026
