Job started at: Sun Jul  5 22:39:54 CEST 2026
Node: lrdn0567.leonardo.local
Config path: configs/imagenets50_resnet18_lejepa_glsas.yaml
Project dir: /leonardo_scratch/large/userexternal/apromots/doubleN/cv
Venv dir: /leonardo_scratch/large/userexternal/apromots/doubleN/cv/.venv
Experiment name: experiment-imagenets50-r18-lejepa
Sun Jul  5 22:39:54 2026       
+---------------------------------------------------------------------------------------+
| NVIDIA-SMI 535.274.02             Driver Version: 535.274.02   CUDA Version: 12.2     |
|-----------------------------------------+----------------------+----------------------+
| GPU  Name                 Persistence-M | Bus-Id        Disp.A | Volatile Uncorr. ECC |
| Fan  Temp   Perf          Pwr:Usage/Cap |         Memory-Usage | GPU-Util  Compute M. |
|                                         |                      |               MIG M. |
|=========================================+======================+======================|
|   0  NVIDIA A100-SXM-64GB           On  | 00000000:8F:00.0 Off |                    0 |
| N/A   42C    P0              63W / 468W |      0MiB / 65536MiB |      0%      Default |
|                                         |                      |             Disabled |
+-----------------------------------------+----------------------+----------------------+
                                                                                         
+---------------------------------------------------------------------------------------+
| Processes:                                                                            |
|  GPU   GI   CI        PID   Type   Process name                            GPU Memory |
|        ID   ID                                                             Usage      |
|=======================================================================================|
|  No running processes found                                                           |
+---------------------------------------------------------------------------------------+
LeJEPA pretraining method:
  architecture: resnet18_imagenet
  sigreg_implementation: official
  num_global_views: 2
  num_local_views: 0
  scheduler: warmup_cosine warmup_epochs=10
  checkpoint_selection: enabled=True metric=knn
  stop_gradient: false
  teacher_student_or_ema: false
epoch=001 lejepa_loss=0.0284 pred=0.0033 sigreg=12.5276 lr=0.0001
epoch=002 lejepa_loss=0.0115 pred=0.0023 sigreg=4.6071 lr=0.00015
epoch=003 lejepa_loss=0.0088 pred=0.0019 sigreg=3.4225 lr=0.0002
epoch=004 lejepa_loss=0.0075 pred=0.0016 sigreg=2.9586 lr=0.00025
epoch=005 lejepa_loss=0.0069 pred=0.0014 sigreg=2.7673 lr=0.0003
epoch=006 lejepa_loss=0.0065 pred=0.0012 sigreg=2.6240 lr=0.00035
epoch=007 lejepa_loss=0.0062 pred=0.0011 sigreg=2.5367 lr=0.0004
epoch=008 lejepa_loss=0.0060 pred=0.0011 sigreg=2.4590 lr=0.00045
epoch=009 lejepa_loss=0.0059 pred=0.0010 sigreg=2.4105 lr=0.0005
epoch=010 lejepa_loss=0.0057 pred=0.0010 sigreg=2.3608 lr=0.0005
epoch=011 lejepa_loss=0.0056 pred=0.0010 sigreg=2.3068 lr=0.000499966
epoch=012 lejepa_loss=0.0055 pred=0.0009 sigreg=2.2607 lr=0.000499863
epoch=013 lejepa_loss=0.0054 pred=0.0009 sigreg=2.2191 lr=0.000499692
epoch=014 lejepa_loss=0.0052 pred=0.0009 sigreg=2.1693 lr=0.000499453
epoch=015 lejepa_loss=0.0051 pred=0.0009 sigreg=2.1310 lr=0.000499146
epoch=016 lejepa_loss=0.0051 pred=0.0009 sigreg=2.1004 lr=0.000498771
epoch=017 lejepa_loss=0.0050 pred=0.0008 sigreg=2.0769 lr=0.000498327
epoch=018 lejepa_loss=0.0049 pred=0.0008 sigreg=2.0481 lr=0.000497816
epoch=019 lejepa_loss=0.0049 pred=0.0008 sigreg=2.0306 lr=0.000497237
epoch=020 lejepa_loss=0.0048 pred=0.0008 sigreg=1.9992 lr=0.00049659
epoch=021 lejepa_loss=0.0048 pred=0.0008 sigreg=1.9824 lr=0.000495876
epoch=022 lejepa_loss=0.0047 pred=0.0008 sigreg=1.9615 lr=0.000495095
epoch=023 lejepa_loss=0.0047 pred=0.0008 sigreg=1.9391 lr=0.000494247
epoch=024 lejepa_loss=0.0046 pred=0.0008 sigreg=1.9251 lr=0.000493332
epoch=025 lejepa_loss=0.0046 pred=0.0008 sigreg=1.9031 lr=0.00049235
epoch=026 lejepa_loss=0.0045 pred=0.0008 sigreg=1.8812 lr=0.000491302
epoch=027 lejepa_loss=0.0045 pred=0.0008 sigreg=1.8664 lr=0.000490188
epoch=028 lejepa_loss=0.0045 pred=0.0008 sigreg=1.8531 lr=0.000489009
epoch=029 lejepa_loss=0.0044 pred=0.0008 sigreg=1.8379 lr=0.000487764
epoch=030 lejepa_loss=0.0044 pred=0.0007 sigreg=1.8226 lr=0.000486454
epoch=031 lejepa_loss=0.0044 pred=0.0007 sigreg=1.8101 lr=0.00048508
epoch=032 lejepa_loss=0.0043 pred=0.0007 sigreg=1.7930 lr=0.000483641
epoch=033 lejepa_loss=0.0043 pred=0.0007 sigreg=1.7782 lr=0.000482139
epoch=034 lejepa_loss=0.0043 pred=0.0007 sigreg=1.7666 lr=0.000480572
epoch=035 lejepa_loss=0.0042 pred=0.0007 sigreg=1.7520 lr=0.000478943
epoch=036 lejepa_loss=0.0042 pred=0.0007 sigreg=1.7503 lr=0.000477252
epoch=037 lejepa_loss=0.0042 pred=0.0007 sigreg=1.7356 lr=0.000475498
epoch=038 lejepa_loss=0.0041 pred=0.0007 sigreg=1.7230 lr=0.000473682
epoch=039 lejepa_loss=0.0041 pred=0.0007 sigreg=1.7137 lr=0.000471806
epoch=040 lejepa_loss=0.0041 pred=0.0007 sigreg=1.7065 lr=0.000469868
epoch=041 lejepa_loss=0.0041 pred=0.0007 sigreg=1.6962 lr=0.000467871
epoch=042 lejepa_loss=0.0041 pred=0.0007 sigreg=1.6881 lr=0.000465814
epoch=043 lejepa_loss=0.0040 pred=0.0007 sigreg=1.6792 lr=0.000463698
epoch=044 lejepa_loss=0.0040 pred=0.0007 sigreg=1.6678 lr=0.000461524
epoch=045 lejepa_loss=0.0040 pred=0.0007 sigreg=1.6586 lr=0.000459292
epoch=046 lejepa_loss=0.0040 pred=0.0007 sigreg=1.6494 lr=0.000457002
epoch=047 lejepa_loss=0.0039 pred=0.0007 sigreg=1.6387 lr=0.000454656
epoch=048 lejepa_loss=0.0039 pred=0.0007 sigreg=1.6350 lr=0.000452254
epoch=049 lejepa_loss=0.0039 pred=0.0007 sigreg=1.6263 lr=0.000449797
epoch=050 lejepa_loss=0.0039 pred=0.0007 sigreg=1.6202 lr=0.000447285
epoch=051 lejepa_loss=0.0039 pred=0.0007 sigreg=1.6157 lr=0.000444719
epoch=052 lejepa_loss=0.0039 pred=0.0006 sigreg=1.6132 lr=0.0004421
epoch=053 lejepa_loss=0.0038 pred=0.0006 sigreg=1.6051 lr=0.000439429
epoch=054 lejepa_loss=0.0038 pred=0.0006 sigreg=1.5998 lr=0.000436705
epoch=055 lejepa_loss=0.0038 pred=0.0006 sigreg=1.5887 lr=0.000433931
epoch=056 lejepa_loss=0.0038 pred=0.0006 sigreg=1.5831 lr=0.000431106
epoch=057 lejepa_loss=0.0038 pred=0.0006 sigreg=1.5771 lr=0.000428232
epoch=058 lejepa_loss=0.0038 pred=0.0006 sigreg=1.5689 lr=0.000425309
epoch=059 lejepa_loss=0.0038 pred=0.0006 sigreg=1.5753 lr=0.000422338
epoch=060 lejepa_loss=0.0038 pred=0.0006 sigreg=1.5618 lr=0.00041932
epoch=061 lejepa_loss=0.0037 pred=0.0006 sigreg=1.5563 lr=0.000416256
epoch=062 lejepa_loss=0.0037 pred=0.0006 sigreg=1.5556 lr=0.000413146
epoch=063 lejepa_loss=0.0037 pred=0.0006 sigreg=1.5498 lr=0.000409992
epoch=064 lejepa_loss=0.0037 pred=0.0006 sigreg=1.5382 lr=0.000406794
epoch=065 lejepa_loss=0.0037 pred=0.0006 sigreg=1.5375 lr=0.000403553
epoch=066 lejepa_loss=0.0037 pred=0.0006 sigreg=1.5295 lr=0.00040027
epoch=067 lejepa_loss=0.0037 pred=0.0006 sigreg=1.5302 lr=0.000396946
epoch=068 lejepa_loss=0.0036 pred=0.0006 sigreg=1.5183 lr=0.000393582
epoch=069 lejepa_loss=0.0036 pred=0.0006 sigreg=1.5120 lr=0.000390179
epoch=070 lejepa_loss=0.0036 pred=0.0006 sigreg=1.5055 lr=0.000386737
epoch=071 lejepa_loss=0.0036 pred=0.0006 sigreg=1.5020 lr=0.000383258
epoch=072 lejepa_loss=0.0036 pred=0.0006 sigreg=1.4981 lr=0.000379742
epoch=073 lejepa_loss=0.0036 pred=0.0006 sigreg=1.4902 lr=0.000376191
epoch=074 lejepa_loss=0.0036 pred=0.0006 sigreg=1.4874 lr=0.000372606
epoch=075 lejepa_loss=0.0035 pred=0.0006 sigreg=1.4761 lr=0.000368987
epoch=076 lejepa_loss=0.0035 pred=0.0006 sigreg=1.4760 lr=0.000365335
epoch=077 lejepa_loss=0.0035 pred=0.0006 sigreg=1.4732 lr=0.000361652
epoch=078 lejepa_loss=0.0035 pred=0.0006 sigreg=1.4714 lr=0.000357939
epoch=079 lejepa_loss=0.0035 pred=0.0006 sigreg=1.4663 lr=0.000354195
epoch=080 lejepa_loss=0.0035 pred=0.0006 sigreg=1.4630 lr=0.000350424
epoch=081 lejepa_loss=0.0035 pred=0.0006 sigreg=1.4581 lr=0.000346625
epoch=082 lejepa_loss=0.0035 pred=0.0006 sigreg=1.4559 lr=0.000342799
epoch=083 lejepa_loss=0.0035 pred=0.0006 sigreg=1.4505 lr=0.000338948
epoch=084 lejepa_loss=0.0035 pred=0.0006 sigreg=1.4495 lr=0.000335073
epoch=085 lejepa_loss=0.0035 pred=0.0006 sigreg=1.4469 lr=0.000331175
epoch=086 lejepa_loss=0.0035 pred=0.0006 sigreg=1.4438 lr=0.000327254
epoch=087 lejepa_loss=0.0034 pred=0.0006 sigreg=1.4379 lr=0.000323313
epoch=088 lejepa_loss=0.0034 pred=0.0006 sigreg=1.4380 lr=0.000319351
epoch=089 lejepa_loss=0.0034 pred=0.0006 sigreg=1.4376 lr=0.00031537
epoch=090 lejepa_loss=0.0034 pred=0.0006 sigreg=1.4288 lr=0.000311371
epoch=091 lejepa_loss=0.0034 pred=0.0006 sigreg=1.4244 lr=0.000307356
epoch=092 lejepa_loss=0.0034 pred=0.0005 sigreg=1.4236 lr=0.000303325
epoch=093 lejepa_loss=0.0034 pred=0.0005 sigreg=1.4184 lr=0.000299279
epoch=094 lejepa_loss=0.0034 pred=0.0005 sigreg=1.4199 lr=0.00029522
epoch=095 lejepa_loss=0.0034 pred=0.0005 sigreg=1.4149 lr=0.000291149
epoch=096 lejepa_loss=0.0034 pred=0.0005 sigreg=1.4120 lr=0.000287066
epoch=097 lejepa_loss=0.0034 pred=0.0005 sigreg=1.4073 lr=0.000282973
epoch=098 lejepa_loss=0.0034 pred=0.0005 sigreg=1.4066 lr=0.000278871
epoch=099 lejepa_loss=0.0033 pred=0.0005 sigreg=1.4036 lr=0.000274761
epoch=100 lejepa_loss=0.0033 pred=0.0005 sigreg=1.4003 lr=0.000270645
epoch=101 lejepa_loss=0.0033 pred=0.0005 sigreg=1.3980 lr=0.000266523
epoch=102 lejepa_loss=0.0033 pred=0.0005 sigreg=1.3964 lr=0.000262396
epoch=103 lejepa_loss=0.0033 pred=0.0005 sigreg=1.3927 lr=0.000258266
epoch=104 lejepa_loss=0.0033 pred=0.0005 sigreg=1.3900 lr=0.000254133
epoch=105 lejepa_loss=0.0033 pred=0.0005 sigreg=1.3889 lr=0.00025
epoch=106 lejepa_loss=0.0033 pred=0.0005 sigreg=1.3866 lr=0.000245867
epoch=107 lejepa_loss=0.0033 pred=0.0005 sigreg=1.3824 lr=0.000241734
epoch=108 lejepa_loss=0.0033 pred=0.0005 sigreg=1.3807 lr=0.000237604
epoch=109 lejepa_loss=0.0033 pred=0.0005 sigreg=1.3776 lr=0.000233477
epoch=110 lejepa_loss=0.0033 pred=0.0005 sigreg=1.3772 lr=0.000229355
epoch=111 lejepa_loss=0.0033 pred=0.0005 sigreg=1.3688 lr=0.000225239
epoch=112 lejepa_loss=0.0033 pred=0.0005 sigreg=1.3679 lr=0.000221129
epoch=113 lejepa_loss=0.0033 pred=0.0005 sigreg=1.3678 lr=0.000217027
epoch=114 lejepa_loss=0.0032 pred=0.0005 sigreg=1.3656 lr=0.000212934
epoch=115 lejepa_loss=0.0032 pred=0.0005 sigreg=1.3642 lr=0.000208851
epoch=116 lejepa_loss=0.0032 pred=0.0005 sigreg=1.3628 lr=0.00020478
epoch=117 lejepa_loss=0.0032 pred=0.0005 sigreg=1.3622 lr=0.000200721
epoch=118 lejepa_loss=0.0032 pred=0.0005 sigreg=1.3597 lr=0.000196675
epoch=119 lejepa_loss=0.0032 pred=0.0005 sigreg=1.3522 lr=0.000192644
epoch=120 lejepa_loss=0.0032 pred=0.0005 sigreg=1.3501 lr=0.000188629
epoch=121 lejepa_loss=0.0032 pred=0.0005 sigreg=1.3521 lr=0.00018463
epoch=122 lejepa_loss=0.0032 pred=0.0005 sigreg=1.3453 lr=0.000180649
epoch=123 lejepa_loss=0.0032 pred=0.0005 sigreg=1.3470 lr=0.000176687
epoch=124 lejepa_loss=0.0032 pred=0.0005 sigreg=1.3483 lr=0.000172746
epoch=125 lejepa_loss=0.0032 pred=0.0005 sigreg=1.3423 lr=0.000168825
epoch=126 lejepa_loss=0.0032 pred=0.0005 sigreg=1.3391 lr=0.000164927
epoch=127 lejepa_loss=0.0032 pred=0.0005 sigreg=1.3412 lr=0.000161052
epoch=128 lejepa_loss=0.0032 pred=0.0005 sigreg=1.3375 lr=0.000157201
epoch=129 lejepa_loss=0.0032 pred=0.0005 sigreg=1.3386 lr=0.000153375
epoch=130 lejepa_loss=0.0032 pred=0.0005 sigreg=1.3336 lr=0.000149576
epoch=131 lejepa_loss=0.0032 pred=0.0005 sigreg=1.3363 lr=0.000145805
epoch=132 lejepa_loss=0.0032 pred=0.0005 sigreg=1.3322 lr=0.000142061
epoch=133 lejepa_loss=0.0031 pred=0.0005 sigreg=1.3286 lr=0.000138348
epoch=134 lejepa_loss=0.0031 pred=0.0005 sigreg=1.3233 lr=0.000134665
epoch=135 lejepa_loss=0.0031 pred=0.0005 sigreg=1.3260 lr=0.000131013
epoch=136 lejepa_loss=0.0031 pred=0.0005 sigreg=1.3262 lr=0.000127394
epoch=137 lejepa_loss=0.0031 pred=0.0005 sigreg=1.3261 lr=0.000123809
epoch=138 lejepa_loss=0.0031 pred=0.0005 sigreg=1.3202 lr=0.000120258
epoch=139 lejepa_loss=0.0031 pred=0.0005 sigreg=1.3187 lr=0.000116742
epoch=140 lejepa_loss=0.0031 pred=0.0005 sigreg=1.3221 lr=0.000113263
epoch=141 lejepa_loss=0.0031 pred=0.0005 sigreg=1.3162 lr=0.000109821
epoch=142 lejepa_loss=0.0031 pred=0.0005 sigreg=1.3161 lr=0.000106418
epoch=143 lejepa_loss=0.0031 pred=0.0005 sigreg=1.3174 lr=0.000103054
epoch=144 lejepa_loss=0.0031 pred=0.0005 sigreg=1.3146 lr=9.97297e-05
epoch=145 lejepa_loss=0.0031 pred=0.0005 sigreg=1.3121 lr=9.64468e-05
epoch=146 lejepa_loss=0.0031 pred=0.0005 sigreg=1.3129 lr=9.32059e-05
epoch=147 lejepa_loss=0.0031 pred=0.0005 sigreg=1.3133 lr=9.00079e-05
epoch=148 lejepa_loss=0.0031 pred=0.0005 sigreg=1.3099 lr=8.68536e-05
epoch=149 lejepa_loss=0.0031 pred=0.0005 sigreg=1.3069 lr=8.37439e-05
epoch=150 lejepa_loss=0.0031 pred=0.0005 sigreg=1.3065 lr=8.06796e-05
epoch=151 lejepa_loss=0.0031 pred=0.0005 sigreg=1.3062 lr=7.76616e-05
epoch=152 lejepa_loss=0.0031 pred=0.0005 sigreg=1.3029 lr=7.46908e-05
epoch=153 lejepa_loss=0.0031 pred=0.0005 sigreg=1.3066 lr=7.17679e-05
epoch=154 lejepa_loss=0.0031 pred=0.0004 sigreg=1.3025 lr=6.88937e-05
epoch=155 lejepa_loss=0.0031 pred=0.0005 sigreg=1.3037 lr=6.6069e-05
epoch=156 lejepa_loss=0.0031 pred=0.0004 sigreg=1.3038 lr=6.32946e-05
epoch=157 lejepa_loss=0.0031 pred=0.0004 sigreg=1.3025 lr=6.05713e-05
epoch=158 lejepa_loss=0.0030 pred=0.0004 sigreg=1.3006 lr=5.78997e-05
epoch=159 lejepa_loss=0.0030 pred=0.0004 sigreg=1.2986 lr=5.52807e-05
epoch=160 lejepa_loss=0.0030 pred=0.0004 sigreg=1.2966 lr=5.27149e-05
epoch=161 lejepa_loss=0.0030 pred=0.0004 sigreg=1.2968 lr=5.0203e-05
epoch=162 lejepa_loss=0.0030 pred=0.0004 sigreg=1.2965 lr=4.77458e-05
epoch=163 lejepa_loss=0.0030 pred=0.0004 sigreg=1.2902 lr=4.53438e-05
epoch=164 lejepa_loss=0.0030 pred=0.0004 sigreg=1.2918 lr=4.29978e-05
epoch=165 lejepa_loss=0.0030 pred=0.0004 sigreg=1.2936 lr=4.07084e-05
epoch=166 lejepa_loss=0.0030 pred=0.0004 sigreg=1.2885 lr=3.84762e-05
epoch=167 lejepa_loss=0.0030 pred=0.0004 sigreg=1.2929 lr=3.63018e-05
epoch=168 lejepa_loss=0.0030 pred=0.0004 sigreg=1.2936 lr=3.41859e-05
epoch=169 lejepa_loss=0.0030 pred=0.0004 sigreg=1.2920 lr=3.21289e-05
epoch=170 lejepa_loss=0.0030 pred=0.0004 sigreg=1.2878 lr=3.01316e-05
epoch=171 lejepa_loss=0.0030 pred=0.0004 sigreg=1.2871 lr=2.81943e-05
epoch=172 lejepa_loss=0.0030 pred=0.0004 sigreg=1.2883 lr=2.63177e-05
epoch=173 lejepa_loss=0.0030 pred=0.0004 sigreg=1.2864 lr=2.45022e-05
epoch=174 lejepa_loss=0.0030 pred=0.0004 sigreg=1.2872 lr=2.27484e-05
epoch=175 lejepa_loss=0.0030 pred=0.0004 sigreg=1.2866 lr=2.10567e-05
epoch=176 lejepa_loss=0.0030 pred=0.0004 sigreg=1.2851 lr=1.94276e-05
epoch=177 lejepa_loss=0.0030 pred=0.0004 sigreg=1.2843 lr=1.78615e-05
epoch=178 lejepa_loss=0.0030 pred=0.0004 sigreg=1.2848 lr=1.63589e-05
epoch=179 lejepa_loss=0.0030 pred=0.0004 sigreg=1.2822 lr=1.49202e-05
epoch=180 lejepa_loss=0.0030 pred=0.0004 sigreg=1.2829 lr=1.35457e-05
epoch=181 lejepa_loss=0.0030 pred=0.0004 sigreg=1.2868 lr=1.22359e-05
epoch=182 lejepa_loss=0.0030 pred=0.0004 sigreg=1.2813 lr=1.09911e-05
epoch=183 lejepa_loss=0.0030 pred=0.0004 sigreg=1.2807 lr=9.81158e-06
epoch=184 lejepa_loss=0.0030 pred=0.0004 sigreg=1.2812 lr=8.69777e-06
epoch=185 lejepa_loss=0.0030 pred=0.0004 sigreg=1.2791 lr=7.64993e-06
epoch=186 lejepa_loss=0.0030 pred=0.0004 sigreg=1.2854 lr=6.66835e-06
epoch=187 lejepa_loss=0.0030 pred=0.0004 sigreg=1.2835 lr=5.75329e-06
epoch=188 lejepa_loss=0.0030 pred=0.0004 sigreg=1.2840 lr=4.90501e-06
epoch=189 lejepa_loss=0.0030 pred=0.0004 sigreg=1.2828 lr=4.12373e-06
epoch=190 lejepa_loss=0.0030 pred=0.0004 sigreg=1.2824 lr=3.40967e-06
epoch=191 lejepa_loss=0.0030 pred=0.0004 sigreg=1.2852 lr=2.76303e-06
epoch=192 lejepa_loss=0.0030 pred=0.0004 sigreg=1.2802 lr=2.18398e-06
epoch=193 lejepa_loss=0.0030 pred=0.0004 sigreg=1.2804 lr=1.67268e-06
epoch=194 lejepa_loss=0.0030 pred=0.0004 sigreg=1.2825 lr=1.22927e-06
epoch=195 lejepa_loss=0.0030 pred=0.0004 sigreg=1.2807 lr=8.53877e-07
epoch=196 lejepa_loss=0.0030 pred=0.0004 sigreg=1.2822 lr=5.46593e-07
epoch=197 lejepa_loss=0.0030 pred=0.0004 sigreg=1.2830 lr=3.07508e-07
epoch=198 lejepa_loss=0.0030 pred=0.0004 sigreg=1.2817 lr=1.36686e-07
epoch=199 lejepa_loss=0.0030 pred=0.0004 sigreg=1.2779 lr=3.41738e-08
epoch=200 lejepa_loss=0.0030 pred=0.0004 sigreg=1.2824 lr=0
Backbone checkpoint selection by frozen-backbone kNN:
  candidates: 12
  k values: [20, 50, 100]
  max_bank_samples: 20000
  max_test_samples: 5000

Evaluating candidate: experiments/experiment-imagenets50-r18-lejepa/checkpoints/imagenets50_resnet18_lejepa_backbone_last.pt

Evaluating candidate: experiments/experiment-imagenets50-r18-lejepa/checkpoints/imagenets50_resnet18_lejepa_backbone_loss_best.pt

Evaluating candidate: experiments/experiment-imagenets50-r18-lejepa/checkpoints/imagenets50_resnet18_lejepa_backbone_epoch_020.pt

Evaluating candidate: experiments/experiment-imagenets50-r18-lejepa/checkpoints/imagenets50_resnet18_lejepa_backbone_epoch_040.pt

Evaluating candidate: experiments/experiment-imagenets50-r18-lejepa/checkpoints/imagenets50_resnet18_lejepa_backbone_epoch_060.pt

Evaluating candidate: experiments/experiment-imagenets50-r18-lejepa/checkpoints/imagenets50_resnet18_lejepa_backbone_epoch_080.pt

Evaluating candidate: experiments/experiment-imagenets50-r18-lejepa/checkpoints/imagenets50_resnet18_lejepa_backbone_epoch_100.pt

Evaluating candidate: experiments/experiment-imagenets50-r18-lejepa/checkpoints/imagenets50_resnet18_lejepa_backbone_epoch_120.pt

Evaluating candidate: experiments/experiment-imagenets50-r18-lejepa/checkpoints/imagenets50_resnet18_lejepa_backbone_epoch_140.pt

Evaluating candidate: experiments/experiment-imagenets50-r18-lejepa/checkpoints/imagenets50_resnet18_lejepa_backbone_epoch_160.pt

Evaluating candidate: experiments/experiment-imagenets50-r18-lejepa/checkpoints/imagenets50_resnet18_lejepa_backbone_epoch_180.pt

Evaluating candidate: experiments/experiment-imagenets50-r18-lejepa/checkpoints/imagenets50_resnet18_lejepa_backbone_epoch_200.pt

Backbone checkpoint selection completed.
  selected: experiments/experiment-imagenets50-r18-lejepa/checkpoints/imagenets50_resnet18_lejepa_backbone_epoch_160.pt
  best kNN: 0.1888 at k=50
  saved CSV: experiments/experiment-imagenets50-r18-lejepa/metrics/checkpoint_selection/backbone_checkpoint_selection_knn.csv
  overwritten backbone_best_path: experiments/experiment-imagenets50-r18-lejepa/checkpoints/imagenets50_resnet18_lejepa_backbone_best.pt
probe_epoch=001 train_loss=3.4883 train_acc=0.3379 val_loss=3.1164 val_acc=0.4009 lr=0.02
probe_epoch=002 train_loss=2.7368 train_acc=0.4190 val_loss=2.4888 val_acc=0.4214 lr=0.03
probe_epoch=003 train_loss=2.3204 train_acc=0.4387 val_loss=2.2191 val_acc=0.4364 lr=0.04
probe_epoch=004 train_loss=2.1263 train_acc=0.4544 val_loss=2.0875 val_acc=0.4475 lr=0.05
probe_epoch=005 train_loss=2.0181 train_acc=0.4675 val_loss=2.0070 val_acc=0.4577 lr=0.05
probe_epoch=006 train_loss=1.9514 train_acc=0.4756 val_loss=1.9593 val_acc=0.4666 lr=0.0499863
probe_epoch=007 train_loss=1.9070 train_acc=0.4843 val_loss=1.9282 val_acc=0.4718 lr=0.0499453
probe_epoch=008 train_loss=1.8772 train_acc=0.4898 val_loss=1.9046 val_acc=0.4774 lr=0.0498771
probe_epoch=009 train_loss=1.8513 train_acc=0.4942 val_loss=1.8881 val_acc=0.4766 lr=0.0497816
probe_epoch=010 train_loss=1.8321 train_acc=0.4973 val_loss=1.8725 val_acc=0.4793 lr=0.049659
probe_epoch=011 train_loss=1.8143 train_acc=0.4995 val_loss=1.8600 val_acc=0.4822 lr=0.0495095
probe_epoch=012 train_loss=1.7995 train_acc=0.5029 val_loss=1.8502 val_acc=0.4856 lr=0.0493332
probe_epoch=013 train_loss=1.7862 train_acc=0.5073 val_loss=1.8416 val_acc=0.4866 lr=0.0491302
probe_epoch=014 train_loss=1.7767 train_acc=0.5085 val_loss=1.8328 val_acc=0.4898 lr=0.0489009
probe_epoch=015 train_loss=1.7686 train_acc=0.5096 val_loss=1.8267 val_acc=0.4914 lr=0.0486454
probe_epoch=016 train_loss=1.7571 train_acc=0.5125 val_loss=1.8210 val_acc=0.4957 lr=0.0483641
probe_epoch=017 train_loss=1.7521 train_acc=0.5146 val_loss=1.8146 val_acc=0.4948 lr=0.0480572
probe_epoch=018 train_loss=1.7437 train_acc=0.5147 val_loss=1.8091 val_acc=0.4968 lr=0.0477252
probe_epoch=019 train_loss=1.7364 train_acc=0.5170 val_loss=1.8053 val_acc=0.4960 lr=0.0473682
probe_epoch=020 train_loss=1.7317 train_acc=0.5178 val_loss=1.8013 val_acc=0.4964 lr=0.0469868
probe_epoch=021 train_loss=1.7247 train_acc=0.5204 val_loss=1.7964 val_acc=0.5007 lr=0.0465814
probe_epoch=022 train_loss=1.7185 train_acc=0.5200 val_loss=1.7940 val_acc=0.4984 lr=0.0461524
probe_epoch=023 train_loss=1.7155 train_acc=0.5237 val_loss=1.7910 val_acc=0.5010 lr=0.0457002
probe_epoch=024 train_loss=1.7092 train_acc=0.5236 val_loss=1.7867 val_acc=0.5019 lr=0.0452254
probe_epoch=025 train_loss=1.7030 train_acc=0.5253 val_loss=1.7842 val_acc=0.5061 lr=0.0447285
probe_epoch=026 train_loss=1.7006 train_acc=0.5267 val_loss=1.7805 val_acc=0.5033 lr=0.04421
probe_epoch=027 train_loss=1.6964 train_acc=0.5258 val_loss=1.7786 val_acc=0.5041 lr=0.0436705
probe_epoch=028 train_loss=1.6924 train_acc=0.5286 val_loss=1.7768 val_acc=0.5040 lr=0.0431106
probe_epoch=029 train_loss=1.6885 train_acc=0.5287 val_loss=1.7751 val_acc=0.5052 lr=0.0425309
probe_epoch=030 train_loss=1.6843 train_acc=0.5292 val_loss=1.7722 val_acc=0.5060 lr=0.041932
probe_epoch=031 train_loss=1.6830 train_acc=0.5296 val_loss=1.7685 val_acc=0.5061 lr=0.0413146
probe_epoch=032 train_loss=1.6772 train_acc=0.5314 val_loss=1.7683 val_acc=0.5085 lr=0.0406794
probe_epoch=033 train_loss=1.6732 train_acc=0.5320 val_loss=1.7674 val_acc=0.5095 lr=0.040027
probe_epoch=034 train_loss=1.6714 train_acc=0.5321 val_loss=1.7638 val_acc=0.5089 lr=0.0393582
probe_epoch=035 train_loss=1.6696 train_acc=0.5340 val_loss=1.7628 val_acc=0.5113 lr=0.0386737
probe_epoch=036 train_loss=1.6658 train_acc=0.5333 val_loss=1.7606 val_acc=0.5095 lr=0.0379742
probe_epoch=037 train_loss=1.6654 train_acc=0.5341 val_loss=1.7606 val_acc=0.5113 lr=0.0372606
probe_epoch=038 train_loss=1.6619 train_acc=0.5346 val_loss=1.7576 val_acc=0.5139 lr=0.0365335
probe_epoch=039 train_loss=1.6593 train_acc=0.5349 val_loss=1.7564 val_acc=0.5108 lr=0.0357939
probe_epoch=040 train_loss=1.6581 train_acc=0.5364 val_loss=1.7552 val_acc=0.5130 lr=0.0350424
probe_epoch=041 train_loss=1.6588 train_acc=0.5355 val_loss=1.7550 val_acc=0.5145 lr=0.0342799
probe_epoch=042 train_loss=1.6551 train_acc=0.5370 val_loss=1.7548 val_acc=0.5133 lr=0.0335073
probe_epoch=043 train_loss=1.6516 train_acc=0.5383 val_loss=1.7522 val_acc=0.5140 lr=0.0327254
probe_epoch=044 train_loss=1.6484 train_acc=0.5386 val_loss=1.7504 val_acc=0.5148 lr=0.0319351
probe_epoch=045 train_loss=1.6472 train_acc=0.5385 val_loss=1.7494 val_acc=0.5156 lr=0.0311371
probe_epoch=046 train_loss=1.6465 train_acc=0.5391 val_loss=1.7484 val_acc=0.5150 lr=0.0303325
probe_epoch=047 train_loss=1.6427 train_acc=0.5396 val_loss=1.7474 val_acc=0.5161 lr=0.029522
probe_epoch=048 train_loss=1.6415 train_acc=0.5403 val_loss=1.7472 val_acc=0.5179 lr=0.0287066
probe_epoch=049 train_loss=1.6398 train_acc=0.5403 val_loss=1.7466 val_acc=0.5170 lr=0.0278871
probe_epoch=050 train_loss=1.6363 train_acc=0.5406 val_loss=1.7451 val_acc=0.5179 lr=0.0270645
probe_epoch=051 train_loss=1.6372 train_acc=0.5411 val_loss=1.7437 val_acc=0.5175 lr=0.0262396
probe_epoch=052 train_loss=1.6354 train_acc=0.5409 val_loss=1.7441 val_acc=0.5165 lr=0.0254133
probe_epoch=053 train_loss=1.6357 train_acc=0.5419 val_loss=1.7432 val_acc=0.5176 lr=0.0245867
probe_epoch=054 train_loss=1.6331 train_acc=0.5415 val_loss=1.7423 val_acc=0.5176 lr=0.0237604
probe_epoch=055 train_loss=1.6310 train_acc=0.5417 val_loss=1.7419 val_acc=0.5187 lr=0.0229355
probe_epoch=056 train_loss=1.6309 train_acc=0.5433 val_loss=1.7409 val_acc=0.5189 lr=0.0221129
probe_epoch=057 train_loss=1.6293 train_acc=0.5440 val_loss=1.7410 val_acc=0.5176 lr=0.0212934
probe_epoch=058 train_loss=1.6271 train_acc=0.5441 val_loss=1.7409 val_acc=0.5182 lr=0.020478
probe_epoch=059 train_loss=1.6290 train_acc=0.5435 val_loss=1.7394 val_acc=0.5215 lr=0.0196675
probe_epoch=060 train_loss=1.6273 train_acc=0.5446 val_loss=1.7394 val_acc=0.5198 lr=0.0188629
probe_epoch=061 train_loss=1.6255 train_acc=0.5435 val_loss=1.7390 val_acc=0.5196 lr=0.0180649
probe_epoch=062 train_loss=1.6251 train_acc=0.5448 val_loss=1.7382 val_acc=0.5192 lr=0.0172746
probe_epoch=063 train_loss=1.6223 train_acc=0.5447 val_loss=1.7377 val_acc=0.5190 lr=0.0164927
probe_epoch=064 train_loss=1.6234 train_acc=0.5443 val_loss=1.7372 val_acc=0.5207 lr=0.0157201
probe_epoch=065 train_loss=1.6200 train_acc=0.5437 val_loss=1.7367 val_acc=0.5198 lr=0.0149576
probe_epoch=066 train_loss=1.6221 train_acc=0.5449 val_loss=1.7367 val_acc=0.5199 lr=0.0142061
probe_epoch=067 train_loss=1.6213 train_acc=0.5446 val_loss=1.7362 val_acc=0.5195 lr=0.0134665
probe_epoch=068 train_loss=1.6183 train_acc=0.5461 val_loss=1.7355 val_acc=0.5198 lr=0.0127394
probe_epoch=069 train_loss=1.6165 train_acc=0.5467 val_loss=1.7355 val_acc=0.5203 lr=0.0120258
probe_epoch=070 train_loss=1.6176 train_acc=0.5455 val_loss=1.7354 val_acc=0.5193 lr=0.0113263
probe_epoch=071 train_loss=1.6187 train_acc=0.5461 val_loss=1.7352 val_acc=0.5192 lr=0.0106418
probe_epoch=072 train_loss=1.6164 train_acc=0.5455 val_loss=1.7351 val_acc=0.5206 lr=0.00997297
probe_epoch=073 train_loss=1.6177 train_acc=0.5465 val_loss=1.7343 val_acc=0.5207 lr=0.00932059
probe_epoch=074 train_loss=1.6177 train_acc=0.5465 val_loss=1.7342 val_acc=0.5201 lr=0.00868536
probe_epoch=075 train_loss=1.6152 train_acc=0.5463 val_loss=1.7341 val_acc=0.5215 lr=0.00806796
probe_epoch=076 train_loss=1.6164 train_acc=0.5451 val_loss=1.7337 val_acc=0.5223 lr=0.00746908
probe_epoch=077 train_loss=1.6143 train_acc=0.5466 val_loss=1.7337 val_acc=0.5224 lr=0.00688937
probe_epoch=078 train_loss=1.6155 train_acc=0.5468 val_loss=1.7334 val_acc=0.5230 lr=0.00632946
probe_epoch=079 train_loss=1.6142 train_acc=0.5475 val_loss=1.7333 val_acc=0.5221 lr=0.00578997
probe_epoch=080 train_loss=1.6146 train_acc=0.5480 val_loss=1.7333 val_acc=0.5218 lr=0.00527149
probe_epoch=081 train_loss=1.6129 train_acc=0.5461 val_loss=1.7332 val_acc=0.5218 lr=0.00477458
probe_epoch=082 train_loss=1.6158 train_acc=0.5464 val_loss=1.7331 val_acc=0.5210 lr=0.00429978
probe_epoch=083 train_loss=1.6130 train_acc=0.5469 val_loss=1.7330 val_acc=0.5215 lr=0.00384762
probe_epoch=084 train_loss=1.6119 train_acc=0.5473 val_loss=1.7328 val_acc=0.5212 lr=0.00341859
probe_epoch=085 train_loss=1.6109 train_acc=0.5487 val_loss=1.7328 val_acc=0.5213 lr=0.00301316
probe_epoch=086 train_loss=1.6113 train_acc=0.5474 val_loss=1.7327 val_acc=0.5220 lr=0.00263177
probe_epoch=087 train_loss=1.6120 train_acc=0.5467 val_loss=1.7327 val_acc=0.5221 lr=0.00227484
probe_epoch=088 train_loss=1.6103 train_acc=0.5472 val_loss=1.7326 val_acc=0.5221 lr=0.00194276
probe_epoch=089 train_loss=1.6106 train_acc=0.5475 val_loss=1.7326 val_acc=0.5220 lr=0.00163589
probe_epoch=090 train_loss=1.6131 train_acc=0.5470 val_loss=1.7326 val_acc=0.5218 lr=0.00135457
probe_epoch=091 train_loss=1.6095 train_acc=0.5467 val_loss=1.7325 val_acc=0.5218 lr=0.00109911
probe_epoch=092 train_loss=1.6117 train_acc=0.5466 val_loss=1.7325 val_acc=0.5221 lr=0.000869777
probe_epoch=093 train_loss=1.6108 train_acc=0.5467 val_loss=1.7325 val_acc=0.5215 lr=0.000666835
probe_epoch=094 train_loss=1.6097 train_acc=0.5492 val_loss=1.7325 val_acc=0.5218 lr=0.000490501
probe_epoch=095 train_loss=1.6107 train_acc=0.5466 val_loss=1.7325 val_acc=0.5221 lr=0.000340967
probe_epoch=096 train_loss=1.6124 train_acc=0.5456 val_loss=1.7325 val_acc=0.5221 lr=0.000218398
probe_epoch=097 train_loss=1.6104 train_acc=0.5476 val_loss=1.7325 val_acc=0.5223 lr=0.000122927
probe_epoch=098 train_loss=1.6111 train_acc=0.5472 val_loss=1.7325 val_acc=0.5223 lr=5.46593e-05
probe_epoch=099 train_loss=1.6119 train_acc=0.5477 val_loss=1.7325 val_acc=0.5223 lr=1.36686e-05
probe_epoch=100 train_loss=1.6114 train_acc=0.5483 val_loss=1.7325 val_acc=0.5223 lr=0
linear_probe_test_loss=1.7337 linear_probe_test_acc=0.5133 best_val_acc=0.5230 best_epoch=78
Job finished at: Mon Jul  6 06:32:12 CEST 2026
