Using training resolved config: experiments/experiment-c10-r18-lejepa/configs/resolved_20260629_131011_train_lejepa_lejepa_4148076.yaml
Using backbone checkpoint: experiments/experiment-c10-r18-lejepa/checkpoints/resnet18_lejepa_backbone_best.pt
Evaluating LeJEPA feature spaces
  config: experiments/experiment-c10-r18-lejepa/configs/resolved_20260629_131011_train_lejepa_lejepa_4148076.yaml
  checkpoint: experiments/experiment-c10-r18-lejepa/checkpoints/resnet18_lejepa_backbone_best.pt
  device: cuda
  batch_size: 256
  max_bank_samples: 50000
  max_test_samples: 10000
Building LeJEPA model from checkpoint['config'] to avoid config/checkpoint shape mismatch.
  checkpoint model config: {'architecture': 'resnet18_cifar', 'image_size': 32, 'num_classes': 10, 'feature_dim': 512, 'projection_dim': 256, 'prediction_dim': 512}

=== Feature source: backbone ===
Best kNN: 0.1968 at k=100
Diagnostics: std_mean=0.151839, std_min=0.087718, norm_mean=8.969530, dim=512

=== Feature source: projector ===
Best kNN: 0.1716 at k=100
Diagnostics: std_mean=0.988023, std_min=0.851415, norm_mean=15.847521, dim=256

=== Feature source: predictor ===
Best kNN: 0.2104 at k=100
Diagnostics: std_mean=0.052916, std_min=0.001220, norm_mean=0.839297, dim=256

Saved:
  experiments/experiment-c10-r18-lejepa/metrics/feature_spaces/resnet18_cifar_resnet18_lejepa_backbone_best_feature_spaces.yaml
  experiments/experiment-c10-r18-lejepa/metrics/feature_spaces/resnet18_cifar_resnet18_lejepa_backbone_best_feature_spaces.csv
