Job started at: Mon Jun 29 13:08:55 CEST 2026
Node: lrdn1899.leonardo.local
Config path: configs/cifar10_resnet18_lejepa.yaml
Project dir: /leonardo_scratch/large/userexternal/apromots/doubleN/cv
Venv dir: /leonardo_scratch/large/userexternal/apromots/doubleN/cv/.venv
Experiment name: experiment-c10-r18-lejepa
Mon Jun 29 13:08:55 2026       
+---------------------------------------------------------------------------------------+
| NVIDIA-SMI 535.274.02             Driver Version: 535.274.02   CUDA Version: 12.2     |
|-----------------------------------------+----------------------+----------------------+
| GPU  Name                 Persistence-M | Bus-Id        Disp.A | Volatile Uncorr. ECC |
| Fan  Temp   Perf          Pwr:Usage/Cap |         Memory-Usage | GPU-Util  Compute M. |
|                                         |                      |               MIG M. |
|=========================================+======================+======================|
|   0  NVIDIA A100-SXM-64GB           On  | 00000000:1D:00.0 Off |                    0 |
| N/A   43C    P0              64W / 483W |      0MiB / 65536MiB |      0%      Default |
|                                         |                      |             Disabled |
+-----------------------------------------+----------------------+----------------------+
                                                                                         
+---------------------------------------------------------------------------------------+
| Processes:                                                                            |
|  GPU   GI   CI        PID   Type   Process name                            GPU Memory |
|        ID   ID                                                             Usage      |
|=======================================================================================|
|  No running processes found                                                           |
+---------------------------------------------------------------------------------------+
LeJEPA pretraining method:
  architecture: resnet18_cifar
  sigreg_implementation: official
  num_global_views: 2
  num_local_views: 4
  stop_gradient: false
  teacher_student_or_ema: false
epoch=001 lejepa_loss=1.2372 pred=0.3138 sigreg=18.4691
epoch=002 lejepa_loss=0.5740 pred=0.2352 sigreg=6.7766
epoch=003 lejepa_loss=0.4810 pred=0.2199 sigreg=5.2232
epoch=004 lejepa_loss=0.4314 pred=0.2143 sigreg=4.3419
epoch=005 lejepa_loss=0.4015 pred=0.2102 sigreg=3.8262
epoch=006 lejepa_loss=0.3799 pred=0.2075 sigreg=3.4487
epoch=007 lejepa_loss=0.3646 pred=0.2056 sigreg=3.1800
epoch=008 lejepa_loss=0.3521 pred=0.2047 sigreg=2.9484
epoch=009 lejepa_loss=0.3410 pred=0.2038 sigreg=2.7448
epoch=010 lejepa_loss=0.3312 pred=0.2032 sigreg=2.5615
epoch=011 lejepa_loss=0.3235 pred=0.2026 sigreg=2.4192
epoch=012 lejepa_loss=0.3171 pred=0.2018 sigreg=2.3066
epoch=013 lejepa_loss=0.3106 pred=0.2012 sigreg=2.1873
epoch=014 lejepa_loss=0.3050 pred=0.2009 sigreg=2.0816
epoch=015 lejepa_loss=0.3015 pred=0.2003 sigreg=2.0246
epoch=016 lejepa_loss=0.2983 pred=0.2006 sigreg=1.9539
epoch=017 lejepa_loss=0.2947 pred=0.2002 sigreg=1.8907
epoch=018 lejepa_loss=0.2900 pred=0.1998 sigreg=1.8050
epoch=019 lejepa_loss=0.2881 pred=0.1995 sigreg=1.7726
epoch=020 lejepa_loss=0.2846 pred=0.1996 sigreg=1.7000
epoch=021 lejepa_loss=0.2822 pred=0.1992 sigreg=1.6603
epoch=022 lejepa_loss=0.2794 pred=0.1991 sigreg=1.6048
epoch=023 lejepa_loss=0.2787 pred=0.1994 sigreg=1.5858
epoch=024 lejepa_loss=0.2755 pred=0.1991 sigreg=1.5268
epoch=025 lejepa_loss=0.2736 pred=0.1989 sigreg=1.4936
epoch=026 lejepa_loss=0.2717 pred=0.1986 sigreg=1.4622
epoch=027 lejepa_loss=0.2705 pred=0.1990 sigreg=1.4308
epoch=028 lejepa_loss=0.2688 pred=0.1986 sigreg=1.4026
epoch=029 lejepa_loss=0.2670 pred=0.1986 sigreg=1.3695
epoch=030 lejepa_loss=0.2658 pred=0.1988 sigreg=1.3401
epoch=031 lejepa_loss=0.2639 pred=0.1982 sigreg=1.3144
epoch=032 lejepa_loss=0.2629 pred=0.1981 sigreg=1.2967
epoch=033 lejepa_loss=0.2618 pred=0.1980 sigreg=1.2765
epoch=034 lejepa_loss=0.2609 pred=0.1988 sigreg=1.2409
epoch=035 lejepa_loss=0.2597 pred=0.1981 sigreg=1.2310
epoch=036 lejepa_loss=0.2581 pred=0.1979 sigreg=1.2036
epoch=037 lejepa_loss=0.2574 pred=0.1982 sigreg=1.1843
epoch=038 lejepa_loss=0.2565 pred=0.1981 sigreg=1.1698
epoch=039 lejepa_loss=0.2555 pred=0.1979 sigreg=1.1521
epoch=040 lejepa_loss=0.2542 pred=0.1977 sigreg=1.1310
epoch=041 lejepa_loss=0.2532 pred=0.1976 sigreg=1.1129
epoch=042 lejepa_loss=0.2526 pred=0.1976 sigreg=1.1002
epoch=043 lejepa_loss=0.2515 pred=0.1975 sigreg=1.0797
epoch=044 lejepa_loss=0.2508 pred=0.1974 sigreg=1.0689
epoch=045 lejepa_loss=0.2501 pred=0.1974 sigreg=1.0541
epoch=046 lejepa_loss=0.2493 pred=0.1973 sigreg=1.0389
epoch=047 lejepa_loss=0.2489 pred=0.1971 sigreg=1.0364
epoch=048 lejepa_loss=0.2480 pred=0.1972 sigreg=1.0156
epoch=049 lejepa_loss=0.2473 pred=0.1972 sigreg=1.0016
epoch=050 lejepa_loss=0.2468 pred=0.1972 sigreg=0.9916
epoch=051 lejepa_loss=0.2462 pred=0.1973 sigreg=0.9770
epoch=052 lejepa_loss=0.2459 pred=0.1974 sigreg=0.9706
epoch=053 lejepa_loss=0.2449 pred=0.1970 sigreg=0.9575
epoch=054 lejepa_loss=0.2446 pred=0.1971 sigreg=0.9494
epoch=055 lejepa_loss=0.2439 pred=0.1970 sigreg=0.9366
epoch=056 lejepa_loss=0.2434 pred=0.1971 sigreg=0.9272
epoch=057 lejepa_loss=0.2426 pred=0.1970 sigreg=0.9123
epoch=058 lejepa_loss=0.2424 pred=0.1969 sigreg=0.9102
epoch=059 lejepa_loss=0.2420 pred=0.1970 sigreg=0.9008
epoch=060 lejepa_loss=0.2417 pred=0.1973 sigreg=0.8878
epoch=061 lejepa_loss=0.2413 pred=0.1971 sigreg=0.8850
epoch=062 lejepa_loss=0.2407 pred=0.1970 sigreg=0.8748
epoch=063 lejepa_loss=0.2405 pred=0.1971 sigreg=0.8693
epoch=064 lejepa_loss=0.2399 pred=0.1969 sigreg=0.8607
epoch=065 lejepa_loss=0.2393 pred=0.1968 sigreg=0.8500
epoch=066 lejepa_loss=0.2388 pred=0.1966 sigreg=0.8446
epoch=067 lejepa_loss=0.2385 pred=0.1966 sigreg=0.8370
epoch=068 lejepa_loss=0.2381 pred=0.1966 sigreg=0.8303
epoch=069 lejepa_loss=0.2381 pred=0.1967 sigreg=0.8281
epoch=070 lejepa_loss=0.2378 pred=0.1968 sigreg=0.8207
epoch=071 lejepa_loss=0.2371 pred=0.1965 sigreg=0.8125
epoch=072 lejepa_loss=0.2368 pred=0.1964 sigreg=0.8069
epoch=073 lejepa_loss=0.2364 pred=0.1964 sigreg=0.7998
epoch=074 lejepa_loss=0.2363 pred=0.1964 sigreg=0.7980
epoch=075 lejepa_loss=0.2359 pred=0.1965 sigreg=0.7895
epoch=076 lejepa_loss=0.2356 pred=0.1964 sigreg=0.7853
epoch=077 lejepa_loss=0.2354 pred=0.1964 sigreg=0.7808
epoch=078 lejepa_loss=0.2352 pred=0.1963 sigreg=0.7771
epoch=079 lejepa_loss=0.2350 pred=0.1963 sigreg=0.7743
epoch=080 lejepa_loss=0.2349 pred=0.1964 sigreg=0.7716
epoch=081 lejepa_loss=0.2346 pred=0.1963 sigreg=0.7655
epoch=082 lejepa_loss=0.2345 pred=0.1963 sigreg=0.7634
epoch=083 lejepa_loss=0.2342 pred=0.1963 sigreg=0.7583
epoch=084 lejepa_loss=0.2340 pred=0.1962 sigreg=0.7569
epoch=085 lejepa_loss=0.2338 pred=0.1962 sigreg=0.7535
epoch=086 lejepa_loss=0.2337 pred=0.1962 sigreg=0.7498
epoch=087 lejepa_loss=0.2337 pred=0.1963 sigreg=0.7484
epoch=088 lejepa_loss=0.2334 pred=0.1962 sigreg=0.7449
epoch=089 lejepa_loss=0.2333 pred=0.1961 sigreg=0.7423
epoch=090 lejepa_loss=0.2333 pred=0.1963 sigreg=0.7407
epoch=091 lejepa_loss=0.2333 pred=0.1962 sigreg=0.7418
epoch=092 lejepa_loss=0.2331 pred=0.1963 sigreg=0.7368
epoch=093 lejepa_loss=0.2329 pred=0.1961 sigreg=0.7355
epoch=094 lejepa_loss=0.2328 pred=0.1961 sigreg=0.7348
epoch=095 lejepa_loss=0.2330 pred=0.1962 sigreg=0.7373
epoch=096 lejepa_loss=0.2328 pred=0.1962 sigreg=0.7327
epoch=097 lejepa_loss=0.2328 pred=0.1963 sigreg=0.7311
epoch=098 lejepa_loss=0.2327 pred=0.1961 sigreg=0.7323
epoch=099 lejepa_loss=0.2327 pred=0.1961 sigreg=0.7320
epoch=100 lejepa_loss=0.2326 pred=0.1960 sigreg=0.7324
probe_epoch=001 train_loss=2.2082 train_acc=0.1612 val_loss=2.1319 val_acc=0.1926
probe_epoch=002 train_loss=2.1007 train_acc=0.1904 val_loss=2.0587 val_acc=0.1996
probe_epoch=003 train_loss=2.0742 train_acc=0.1992 val_loss=2.0305 val_acc=0.2198
probe_epoch=004 train_loss=2.0642 train_acc=0.2018 val_loss=2.0485 val_acc=0.2030
probe_epoch=005 train_loss=2.0608 train_acc=0.2031 val_loss=2.0344 val_acc=0.2168
probe_epoch=006 train_loss=2.0594 train_acc=0.2058 val_loss=2.0260 val_acc=0.2240
probe_epoch=007 train_loss=2.0551 train_acc=0.2045 val_loss=2.0413 val_acc=0.2010
probe_epoch=008 train_loss=2.0561 train_acc=0.2057 val_loss=2.0269 val_acc=0.2300
probe_epoch=009 train_loss=2.0516 train_acc=0.2081 val_loss=2.0266 val_acc=0.2224
probe_epoch=010 train_loss=2.0524 train_acc=0.2093 val_loss=2.0402 val_acc=0.2096
probe_epoch=011 train_loss=2.0531 train_acc=0.2066 val_loss=2.0111 val_acc=0.2334
probe_epoch=012 train_loss=2.0532 train_acc=0.2081 val_loss=2.0138 val_acc=0.2270
probe_epoch=013 train_loss=2.0477 train_acc=0.2117 val_loss=2.0331 val_acc=0.2242
probe_epoch=014 train_loss=2.0478 train_acc=0.2090 val_loss=2.0271 val_acc=0.2164
probe_epoch=015 train_loss=2.0475 train_acc=0.2114 val_loss=2.0135 val_acc=0.2270
probe_epoch=016 train_loss=2.0518 train_acc=0.2076 val_loss=2.0131 val_acc=0.2426
probe_epoch=017 train_loss=2.0483 train_acc=0.2112 val_loss=2.0247 val_acc=0.2182
probe_epoch=018 train_loss=2.0430 train_acc=0.2118 val_loss=2.0147 val_acc=0.2334
probe_epoch=019 train_loss=2.0452 train_acc=0.2125 val_loss=2.0108 val_acc=0.2216
probe_epoch=020 train_loss=2.0432 train_acc=0.2151 val_loss=2.0371 val_acc=0.2106
probe_epoch=021 train_loss=2.0437 train_acc=0.2113 val_loss=2.0203 val_acc=0.2272
probe_epoch=022 train_loss=2.0404 train_acc=0.2142 val_loss=2.0232 val_acc=0.2072
probe_epoch=023 train_loss=2.0457 train_acc=0.2118 val_loss=2.0035 val_acc=0.2370
probe_epoch=024 train_loss=2.0408 train_acc=0.2124 val_loss=2.0050 val_acc=0.2172
probe_epoch=025 train_loss=2.0381 train_acc=0.2160 val_loss=2.0026 val_acc=0.2264
probe_epoch=026 train_loss=2.0439 train_acc=0.2155 val_loss=2.0768 val_acc=0.2092
probe_epoch=027 train_loss=2.0426 train_acc=0.2139 val_loss=2.0338 val_acc=0.1942
probe_epoch=028 train_loss=2.0420 train_acc=0.2112 val_loss=2.0056 val_acc=0.2338
probe_epoch=029 train_loss=2.0371 train_acc=0.2157 val_loss=2.0271 val_acc=0.2124
probe_epoch=030 train_loss=2.0395 train_acc=0.2136 val_loss=2.0251 val_acc=0.2324
probe_epoch=031 train_loss=2.0378 train_acc=0.2155 val_loss=2.0125 val_acc=0.2314
probe_epoch=032 train_loss=2.0372 train_acc=0.2170 val_loss=2.0066 val_acc=0.2256
probe_epoch=033 train_loss=2.0351 train_acc=0.2166 val_loss=2.0230 val_acc=0.2108
probe_epoch=034 train_loss=2.0401 train_acc=0.2179 val_loss=2.0189 val_acc=0.2088
probe_epoch=035 train_loss=2.0365 train_acc=0.2173 val_loss=2.0135 val_acc=0.2324
probe_epoch=036 train_loss=2.0373 train_acc=0.2148 val_loss=2.0007 val_acc=0.2308
probe_epoch=037 train_loss=2.0363 train_acc=0.2178 val_loss=2.0109 val_acc=0.2306
probe_epoch=038 train_loss=2.0366 train_acc=0.2171 val_loss=2.0050 val_acc=0.2298
probe_epoch=039 train_loss=2.0348 train_acc=0.2188 val_loss=2.0182 val_acc=0.2192
probe_epoch=040 train_loss=2.0362 train_acc=0.2195 val_loss=2.0068 val_acc=0.2250
probe_epoch=041 train_loss=2.0338 train_acc=0.2192 val_loss=2.0094 val_acc=0.2218
probe_epoch=042 train_loss=2.0329 train_acc=0.2188 val_loss=2.0048 val_acc=0.2286
probe_epoch=043 train_loss=2.0340 train_acc=0.2201 val_loss=2.0075 val_acc=0.2264
probe_epoch=044 train_loss=2.0305 train_acc=0.2228 val_loss=2.0044 val_acc=0.2228
probe_epoch=045 train_loss=2.0319 train_acc=0.2205 val_loss=1.9956 val_acc=0.2328
probe_epoch=046 train_loss=2.0312 train_acc=0.2192 val_loss=2.0054 val_acc=0.2278
probe_epoch=047 train_loss=2.0290 train_acc=0.2193 val_loss=2.0109 val_acc=0.2242
probe_epoch=048 train_loss=2.0300 train_acc=0.2186 val_loss=2.0129 val_acc=0.2160
probe_epoch=049 train_loss=2.0297 train_acc=0.2202 val_loss=1.9987 val_acc=0.2410
probe_epoch=050 train_loss=2.0272 train_acc=0.2225 val_loss=2.0207 val_acc=0.2254
probe_epoch=051 train_loss=2.0309 train_acc=0.2212 val_loss=2.0046 val_acc=0.2380
probe_epoch=052 train_loss=2.0271 train_acc=0.2236 val_loss=2.0092 val_acc=0.2228
probe_epoch=053 train_loss=2.0279 train_acc=0.2219 val_loss=1.9993 val_acc=0.2394
probe_epoch=054 train_loss=2.0272 train_acc=0.2220 val_loss=1.9998 val_acc=0.2226
probe_epoch=055 train_loss=2.0276 train_acc=0.2220 val_loss=1.9934 val_acc=0.2408
probe_epoch=056 train_loss=2.0248 train_acc=0.2233 val_loss=2.0004 val_acc=0.2286
probe_epoch=057 train_loss=2.0266 train_acc=0.2205 val_loss=2.0293 val_acc=0.2086
probe_epoch=058 train_loss=2.0286 train_acc=0.2194 val_loss=2.0044 val_acc=0.2218
probe_epoch=059 train_loss=2.0254 train_acc=0.2244 val_loss=1.9958 val_acc=0.2388
probe_epoch=060 train_loss=2.0260 train_acc=0.2222 val_loss=2.0081 val_acc=0.2286
probe_epoch=061 train_loss=2.0223 train_acc=0.2225 val_loss=1.9927 val_acc=0.2304
probe_epoch=062 train_loss=2.0253 train_acc=0.2216 val_loss=2.0001 val_acc=0.2336
probe_epoch=063 train_loss=2.0232 train_acc=0.2252 val_loss=1.9931 val_acc=0.2382
probe_epoch=064 train_loss=2.0210 train_acc=0.2301 val_loss=1.9991 val_acc=0.2396
probe_epoch=065 train_loss=2.0235 train_acc=0.2222 val_loss=1.9935 val_acc=0.2334
probe_epoch=066 train_loss=2.0185 train_acc=0.2292 val_loss=1.9986 val_acc=0.2320
probe_epoch=067 train_loss=2.0206 train_acc=0.2253 val_loss=1.9958 val_acc=0.2392
probe_epoch=068 train_loss=2.0191 train_acc=0.2281 val_loss=1.9941 val_acc=0.2414
probe_epoch=069 train_loss=2.0176 train_acc=0.2268 val_loss=1.9915 val_acc=0.2454
probe_epoch=070 train_loss=2.0179 train_acc=0.2265 val_loss=1.9974 val_acc=0.2324
probe_epoch=071 train_loss=2.0202 train_acc=0.2261 val_loss=1.9927 val_acc=0.2416
probe_epoch=072 train_loss=2.0205 train_acc=0.2247 val_loss=1.9980 val_acc=0.2266
probe_epoch=073 train_loss=2.0214 train_acc=0.2262 val_loss=1.9931 val_acc=0.2376
probe_epoch=074 train_loss=2.0171 train_acc=0.2254 val_loss=1.9933 val_acc=0.2362
probe_epoch=075 train_loss=2.0132 train_acc=0.2291 val_loss=1.9998 val_acc=0.2324
probe_epoch=076 train_loss=2.0155 train_acc=0.2279 val_loss=1.9923 val_acc=0.2350
probe_epoch=077 train_loss=2.0154 train_acc=0.2276 val_loss=1.9894 val_acc=0.2390
probe_epoch=078 train_loss=2.0155 train_acc=0.2299 val_loss=1.9938 val_acc=0.2340
probe_epoch=079 train_loss=2.0161 train_acc=0.2268 val_loss=1.9924 val_acc=0.2394
probe_epoch=080 train_loss=2.0175 train_acc=0.2284 val_loss=1.9942 val_acc=0.2366
probe_epoch=081 train_loss=2.0150 train_acc=0.2286 val_loss=1.9900 val_acc=0.2372
probe_epoch=082 train_loss=2.0139 train_acc=0.2338 val_loss=1.9910 val_acc=0.2436
probe_epoch=083 train_loss=2.0135 train_acc=0.2311 val_loss=1.9901 val_acc=0.2400
probe_epoch=084 train_loss=2.0145 train_acc=0.2307 val_loss=1.9908 val_acc=0.2390
probe_epoch=085 train_loss=2.0134 train_acc=0.2310 val_loss=1.9909 val_acc=0.2334
probe_epoch=086 train_loss=2.0128 train_acc=0.2311 val_loss=1.9897 val_acc=0.2416
probe_epoch=087 train_loss=2.0142 train_acc=0.2285 val_loss=1.9920 val_acc=0.2404
probe_epoch=088 train_loss=2.0150 train_acc=0.2320 val_loss=1.9890 val_acc=0.2426
probe_epoch=089 train_loss=2.0165 train_acc=0.2301 val_loss=1.9909 val_acc=0.2418
probe_epoch=090 train_loss=2.0122 train_acc=0.2320 val_loss=1.9902 val_acc=0.2442
probe_epoch=091 train_loss=2.0156 train_acc=0.2313 val_loss=1.9906 val_acc=0.2418
probe_epoch=092 train_loss=2.0133 train_acc=0.2329 val_loss=1.9891 val_acc=0.2470
probe_epoch=093 train_loss=2.0118 train_acc=0.2335 val_loss=1.9896 val_acc=0.2446
probe_epoch=094 train_loss=2.0109 train_acc=0.2309 val_loss=1.9890 val_acc=0.2400
probe_epoch=095 train_loss=2.0126 train_acc=0.2307 val_loss=1.9898 val_acc=0.2424
probe_epoch=096 train_loss=2.0114 train_acc=0.2327 val_loss=1.9891 val_acc=0.2416
probe_epoch=097 train_loss=2.0116 train_acc=0.2312 val_loss=1.9893 val_acc=0.2434
probe_epoch=098 train_loss=2.0159 train_acc=0.2315 val_loss=1.9891 val_acc=0.2410
probe_epoch=099 train_loss=2.0106 train_acc=0.2327 val_loss=1.9890 val_acc=0.2428
probe_epoch=100 train_loss=2.0122 train_acc=0.2316 val_loss=1.9890 val_acc=0.2426
linear_probe_test_loss=1.9949 linear_probe_test_acc=0.2379 best_val_acc=0.2470 best_epoch=92
Job finished at: Mon Jun 29 14:36:02 CEST 2026
