Job started at: Sun Jul  5 22:39:53 CEST 2026
Node: lrdn0968.leonardo.local
Config path: configs/imagenets50_vit_lejepa_glsas.yaml
Sun Jul  5 22:39:53 2026       
+---------------------------------------------------------------------------------------+
| NVIDIA-SMI 535.274.02             Driver Version: 535.274.02   CUDA Version: 12.2     |
|-----------------------------------------+----------------------+----------------------+
| GPU  Name                 Persistence-M | Bus-Id        Disp.A | Volatile Uncorr. ECC |
| Fan  Temp   Perf          Pwr:Usage/Cap |         Memory-Usage | GPU-Util  Compute M. |
|                                         |                      |               MIG M. |
|=========================================+======================+======================|
|   0  NVIDIA A100-SXM-64GB           On  | 00000000:C8:00.0 Off |                    0 |
| N/A   43C    P0              63W / 457W |      0MiB / 65536MiB |      0%      Default |
|                                         |                      |             Disabled |
+-----------------------------------------+----------------------+----------------------+
                                                                                         
+---------------------------------------------------------------------------------------+
| Processes:                                                                            |
|  GPU   GI   CI        PID   Type   Process name                            GPU Memory |
|        ID   ID                                                             Usage      |
|=======================================================================================|
|  No running processes found                                                           |
+---------------------------------------------------------------------------------------+
LeJEPA ViT pretraining method:
  architecture: vit_small_patch16_224
  sigreg_implementation: official
  num_global_views: 2
  num_local_views: 0
  scheduler: warmup_cosine warmup_epochs=5
  checkpoint_selection: enabled=True metric=knn
  stop_gradient: false
  teacher_student_or_ema: false
epoch=001 vit_lejepa_loss=0.0737 pred=0.0036 sigreg=14.0101 lr=8e-05
epoch=002 vit_lejepa_loss=0.0310 pred=0.0033 sigreg=5.5365 lr=0.00012
epoch=003 vit_lejepa_loss=0.0226 pred=0.0034 sigreg=3.8366 lr=0.00016
epoch=004 vit_lejepa_loss=0.0188 pred=0.0033 sigreg=3.1003 lr=0.0002
epoch=005 vit_lejepa_loss=0.0168 pred=0.0033 sigreg=2.7009 lr=0.0002
epoch=006 vit_lejepa_loss=0.0151 pred=0.0032 sigreg=2.3849 lr=0.000199945
epoch=007 vit_lejepa_loss=0.0141 pred=0.0032 sigreg=2.1856 lr=0.000199781
epoch=008 vit_lejepa_loss=0.0135 pred=0.0031 sigreg=2.0683 lr=0.000199508
epoch=009 vit_lejepa_loss=0.0129 pred=0.0031 sigreg=1.9471 lr=0.000199126
epoch=010 vit_lejepa_loss=0.0124 pred=0.0031 sigreg=1.8695 lr=0.000198636
epoch=011 vit_lejepa_loss=0.0121 pred=0.0031 sigreg=1.7982 lr=0.000198038
epoch=012 vit_lejepa_loss=0.0118 pred=0.0031 sigreg=1.7407 lr=0.000197333
epoch=013 vit_lejepa_loss=0.0115 pred=0.0030 sigreg=1.6835 lr=0.000196521
epoch=014 vit_lejepa_loss=0.0112 pred=0.0030 sigreg=1.6386 lr=0.000195604
epoch=015 vit_lejepa_loss=0.0111 pred=0.0030 sigreg=1.6175 lr=0.000194582
epoch=016 vit_lejepa_loss=0.0109 pred=0.0030 sigreg=1.5914 lr=0.000193456
epoch=017 vit_lejepa_loss=0.0107 pred=0.0029 sigreg=1.5596 lr=0.000192229
epoch=018 vit_lejepa_loss=0.0106 pred=0.0029 sigreg=1.5322 lr=0.000190901
epoch=019 vit_lejepa_loss=0.0105 pred=0.0029 sigreg=1.5149 lr=0.000189473
epoch=020 vit_lejepa_loss=0.0104 pred=0.0029 sigreg=1.4956 lr=0.000187947
epoch=021 vit_lejepa_loss=0.0102 pred=0.0029 sigreg=1.4702 lr=0.000186326
epoch=022 vit_lejepa_loss=0.0101 pred=0.0029 sigreg=1.4460 lr=0.00018461
epoch=023 vit_lejepa_loss=0.0100 pred=0.0029 sigreg=1.4280 lr=0.000182801
epoch=024 vit_lejepa_loss=0.0099 pred=0.0028 sigreg=1.4169 lr=0.000180902
epoch=025 vit_lejepa_loss=0.0099 pred=0.0028 sigreg=1.4078 lr=0.000178914
epoch=026 vit_lejepa_loss=0.0098 pred=0.0028 sigreg=1.3907 lr=0.00017684
epoch=027 vit_lejepa_loss=0.0097 pred=0.0028 sigreg=1.3786 lr=0.000174682
epoch=028 vit_lejepa_loss=0.0096 pred=0.0028 sigreg=1.3671 lr=0.000172443
epoch=029 vit_lejepa_loss=0.0096 pred=0.0028 sigreg=1.3639 lr=0.000170124
epoch=030 vit_lejepa_loss=0.0095 pred=0.0028 sigreg=1.3493 lr=0.000167728
epoch=031 vit_lejepa_loss=0.0095 pred=0.0027 sigreg=1.3458 lr=0.000165259
epoch=032 vit_lejepa_loss=0.0094 pred=0.0027 sigreg=1.3315 lr=0.000162718
epoch=033 vit_lejepa_loss=0.0093 pred=0.0027 sigreg=1.3253 lr=0.000160108
epoch=034 vit_lejepa_loss=0.0093 pred=0.0027 sigreg=1.3182 lr=0.000157433
epoch=035 vit_lejepa_loss=0.0093 pred=0.0027 sigreg=1.3161 lr=0.000154695
epoch=036 vit_lejepa_loss=0.0092 pred=0.0026 sigreg=1.3077 lr=0.000151897
epoch=037 vit_lejepa_loss=0.0092 pred=0.0026 sigreg=1.3099 lr=0.000149042
epoch=038 vit_lejepa_loss=0.0091 pred=0.0026 sigreg=1.2985 lr=0.000146134
epoch=039 vit_lejepa_loss=0.0091 pred=0.0026 sigreg=1.2953 lr=0.000143175
epoch=040 vit_lejepa_loss=0.0090 pred=0.0026 sigreg=1.2893 lr=0.00014017
epoch=041 vit_lejepa_loss=0.0090 pred=0.0026 sigreg=1.2841 lr=0.00013712
epoch=042 vit_lejepa_loss=0.0090 pred=0.0026 sigreg=1.2798 lr=0.000134029
epoch=043 vit_lejepa_loss=0.0089 pred=0.0025 sigreg=1.2712 lr=0.000130902
epoch=044 vit_lejepa_loss=0.0088 pred=0.0025 sigreg=1.2641 lr=0.00012774
epoch=045 vit_lejepa_loss=0.0088 pred=0.0025 sigreg=1.2616 lr=0.000124549
epoch=046 vit_lejepa_loss=0.0088 pred=0.0025 sigreg=1.2650 lr=0.00012133
epoch=047 vit_lejepa_loss=0.0088 pred=0.0025 sigreg=1.2614 lr=0.000118088
epoch=048 vit_lejepa_loss=0.0088 pred=0.0025 sigreg=1.2557 lr=0.000114826
epoch=049 vit_lejepa_loss=0.0087 pred=0.0025 sigreg=1.2493 lr=0.000111548
epoch=050 vit_lejepa_loss=0.0087 pred=0.0025 sigreg=1.2463 lr=0.000108258
epoch=051 vit_lejepa_loss=0.0087 pred=0.0024 sigreg=1.2443 lr=0.000104958
epoch=052 vit_lejepa_loss=0.0086 pred=0.0024 sigreg=1.2363 lr=0.000101653
epoch=053 vit_lejepa_loss=0.0086 pred=0.0024 sigreg=1.2304 lr=9.83466e-05
epoch=054 vit_lejepa_loss=0.0086 pred=0.0024 sigreg=1.2307 lr=9.50416e-05
epoch=055 vit_lejepa_loss=0.0085 pred=0.0024 sigreg=1.2231 lr=9.17421e-05
epoch=056 vit_lejepa_loss=0.0085 pred=0.0024 sigreg=1.2227 lr=8.84515e-05
epoch=057 vit_lejepa_loss=0.0085 pred=0.0024 sigreg=1.2206 lr=8.51736e-05
epoch=058 vit_lejepa_loss=0.0085 pred=0.0024 sigreg=1.2141 lr=8.19119e-05
epoch=059 vit_lejepa_loss=0.0084 pred=0.0024 sigreg=1.2161 lr=7.867e-05
epoch=060 vit_lejepa_loss=0.0084 pred=0.0024 sigreg=1.2085 lr=7.54515e-05
epoch=061 vit_lejepa_loss=0.0084 pred=0.0023 sigreg=1.2072 lr=7.22597e-05
epoch=062 vit_lejepa_loss=0.0084 pred=0.0023 sigreg=1.2075 lr=6.90983e-05
epoch=063 vit_lejepa_loss=0.0083 pred=0.0023 sigreg=1.2025 lr=6.59707e-05
epoch=064 vit_lejepa_loss=0.0083 pred=0.0023 sigreg=1.2040 lr=6.28803e-05
epoch=065 vit_lejepa_loss=0.0083 pred=0.0023 sigreg=1.1964 lr=5.98305e-05
epoch=066 vit_lejepa_loss=0.0083 pred=0.0023 sigreg=1.1974 lr=5.68246e-05
epoch=067 vit_lejepa_loss=0.0083 pred=0.0023 sigreg=1.1951 lr=5.38659e-05
epoch=068 vit_lejepa_loss=0.0082 pred=0.0023 sigreg=1.1963 lr=5.09576e-05
epoch=069 vit_lejepa_loss=0.0082 pred=0.0023 sigreg=1.1899 lr=4.8103e-05
epoch=070 vit_lejepa_loss=0.0082 pred=0.0023 sigreg=1.1885 lr=4.53052e-05
epoch=071 vit_lejepa_loss=0.0082 pred=0.0022 sigreg=1.1880 lr=4.25671e-05
epoch=072 vit_lejepa_loss=0.0082 pred=0.0022 sigreg=1.1894 lr=3.98919e-05
epoch=073 vit_lejepa_loss=0.0082 pred=0.0022 sigreg=1.1854 lr=3.72824e-05
epoch=074 vit_lejepa_loss=0.0082 pred=0.0022 sigreg=1.1824 lr=3.47414e-05
epoch=075 vit_lejepa_loss=0.0081 pred=0.0022 sigreg=1.1806 lr=3.22718e-05
epoch=076 vit_lejepa_loss=0.0081 pred=0.0022 sigreg=1.1788 lr=2.98763e-05
epoch=077 vit_lejepa_loss=0.0081 pred=0.0022 sigreg=1.1775 lr=2.75575e-05
epoch=078 vit_lejepa_loss=0.0081 pred=0.0022 sigreg=1.1760 lr=2.53179e-05
epoch=079 vit_lejepa_loss=0.0081 pred=0.0022 sigreg=1.1748 lr=2.31599e-05
epoch=080 vit_lejepa_loss=0.0081 pred=0.0022 sigreg=1.1732 lr=2.10859e-05
epoch=081 vit_lejepa_loss=0.0080 pred=0.0022 sigreg=1.1713 lr=1.90983e-05
epoch=082 vit_lejepa_loss=0.0080 pred=0.0022 sigreg=1.1691 lr=1.71991e-05
epoch=083 vit_lejepa_loss=0.0080 pred=0.0022 sigreg=1.1684 lr=1.53905e-05
epoch=084 vit_lejepa_loss=0.0080 pred=0.0022 sigreg=1.1670 lr=1.36744e-05
epoch=085 vit_lejepa_loss=0.0080 pred=0.0022 sigreg=1.1688 lr=1.20526e-05
epoch=086 vit_lejepa_loss=0.0080 pred=0.0022 sigreg=1.1672 lr=1.05271e-05
epoch=087 vit_lejepa_loss=0.0080 pred=0.0022 sigreg=1.1646 lr=9.09935e-06
epoch=088 vit_lejepa_loss=0.0080 pred=0.0022 sigreg=1.1657 lr=7.77102e-06
epoch=089 vit_lejepa_loss=0.0080 pred=0.0022 sigreg=1.1605 lr=6.54355e-06
epoch=090 vit_lejepa_loss=0.0080 pred=0.0022 sigreg=1.1606 lr=5.41828e-06
epoch=091 vit_lejepa_loss=0.0080 pred=0.0022 sigreg=1.1614 lr=4.39642e-06
epoch=092 vit_lejepa_loss=0.0080 pred=0.0022 sigreg=1.1598 lr=3.47911e-06
epoch=093 vit_lejepa_loss=0.0080 pred=0.0022 sigreg=1.1604 lr=2.66734e-06
epoch=094 vit_lejepa_loss=0.0080 pred=0.0022 sigreg=1.1587 lr=1.962e-06
epoch=095 vit_lejepa_loss=0.0080 pred=0.0022 sigreg=1.1603 lr=1.36387e-06
epoch=096 vit_lejepa_loss=0.0079 pred=0.0022 sigreg=1.1563 lr=8.73593e-07
epoch=097 vit_lejepa_loss=0.0079 pred=0.0022 sigreg=1.1562 lr=4.9171e-07
epoch=098 vit_lejepa_loss=0.0079 pred=0.0022 sigreg=1.1564 lr=2.18637e-07
epoch=099 vit_lejepa_loss=0.0079 pred=0.0022 sigreg=1.1571 lr=5.46743e-08
epoch=100 vit_lejepa_loss=0.0080 pred=0.0022 sigreg=1.1605 lr=0
Backbone checkpoint selection by frozen-backbone kNN:
  candidates: 12
  k values: [50, 100]
  max_bank_samples: 20000
  max_test_samples: 5000

Evaluating candidate: experiments/experiment-imagenets50-vit-lejepa/checkpoints/imagenets50_vit_lejepa_backbone_last.pt

Evaluating candidate: experiments/experiment-imagenets50-vit-lejepa/checkpoints/imagenets50_vit_lejepa_backbone_loss_best.pt

Evaluating candidate: experiments/experiment-imagenets50-vit-lejepa/checkpoints/imagenets50_vit_lejepa_backbone_epoch_010.pt

Evaluating candidate: experiments/experiment-imagenets50-vit-lejepa/checkpoints/imagenets50_vit_lejepa_backbone_epoch_020.pt

Evaluating candidate: experiments/experiment-imagenets50-vit-lejepa/checkpoints/imagenets50_vit_lejepa_backbone_epoch_030.pt

Evaluating candidate: experiments/experiment-imagenets50-vit-lejepa/checkpoints/imagenets50_vit_lejepa_backbone_epoch_040.pt

Evaluating candidate: experiments/experiment-imagenets50-vit-lejepa/checkpoints/imagenets50_vit_lejepa_backbone_epoch_050.pt

Evaluating candidate: experiments/experiment-imagenets50-vit-lejepa/checkpoints/imagenets50_vit_lejepa_backbone_epoch_060.pt

Evaluating candidate: experiments/experiment-imagenets50-vit-lejepa/checkpoints/imagenets50_vit_lejepa_backbone_epoch_070.pt

Evaluating candidate: experiments/experiment-imagenets50-vit-lejepa/checkpoints/imagenets50_vit_lejepa_backbone_epoch_080.pt

Evaluating candidate: experiments/experiment-imagenets50-vit-lejepa/checkpoints/imagenets50_vit_lejepa_backbone_epoch_090.pt

Evaluating candidate: experiments/experiment-imagenets50-vit-lejepa/checkpoints/imagenets50_vit_lejepa_backbone_epoch_100.pt

Backbone checkpoint selection completed.
  selected: experiments/experiment-imagenets50-vit-lejepa/checkpoints/imagenets50_vit_lejepa_backbone_epoch_080.pt
  best kNN: 0.1676 at k=50
  saved CSV: experiments/experiment-imagenets50-vit-lejepa/metrics/checkpoint_selection/backbone_checkpoint_selection_knn.csv
  overwritten backbone_best_path: experiments/experiment-imagenets50-vit-lejepa/checkpoints/imagenets50_vit_lejepa_backbone_best.pt
probe_epoch=001 train_loss=2.8212 train_acc=0.2812 val_loss=2.5980 val_acc=0.3190 lr=0.02
probe_epoch=002 train_loss=2.5807 train_acc=0.3244 val_loss=2.5625 val_acc=0.3328 lr=0.03
probe_epoch=003 train_loss=2.5717 train_acc=0.3258 val_loss=2.5795 val_acc=0.3278 lr=0.04
probe_epoch=004 train_loss=2.5837 train_acc=0.3236 val_loss=2.5913 val_acc=0.3278 lr=0.05
probe_epoch=005 train_loss=2.6000 train_acc=0.3234 val_loss=2.5956 val_acc=0.3273 lr=0.05
probe_epoch=006 train_loss=2.5744 train_acc=0.3290 val_loss=2.6293 val_acc=0.3182 lr=0.0499863
probe_epoch=007 train_loss=2.5723 train_acc=0.3306 val_loss=2.6098 val_acc=0.3269 lr=0.0499453
probe_epoch=008 train_loss=2.5510 train_acc=0.3335 val_loss=2.6061 val_acc=0.3348 lr=0.0498771
probe_epoch=009 train_loss=2.5440 train_acc=0.3374 val_loss=2.6276 val_acc=0.3165 lr=0.0497816
probe_epoch=010 train_loss=2.5354 train_acc=0.3371 val_loss=2.5471 val_acc=0.3348 lr=0.049659
probe_epoch=011 train_loss=2.5062 train_acc=0.3444 val_loss=2.5644 val_acc=0.3348 lr=0.0495095
probe_epoch=012 train_loss=2.5090 train_acc=0.3421 val_loss=2.5678 val_acc=0.3321 lr=0.0493332
probe_epoch=013 train_loss=2.5012 train_acc=0.3452 val_loss=2.5634 val_acc=0.3382 lr=0.0491302
probe_epoch=014 train_loss=2.4992 train_acc=0.3440 val_loss=2.5824 val_acc=0.3374 lr=0.0489009
probe_epoch=015 train_loss=2.4872 train_acc=0.3472 val_loss=2.5372 val_acc=0.3439 lr=0.0486454
probe_epoch=016 train_loss=2.4718 train_acc=0.3498 val_loss=2.5663 val_acc=0.3397 lr=0.0483641
probe_epoch=017 train_loss=2.4800 train_acc=0.3498 val_loss=2.5524 val_acc=0.3370 lr=0.0480572
probe_epoch=018 train_loss=2.4695 train_acc=0.3515 val_loss=2.5397 val_acc=0.3456 lr=0.0477252
probe_epoch=019 train_loss=2.4623 train_acc=0.3535 val_loss=2.5581 val_acc=0.3363 lr=0.0473682
probe_epoch=020 train_loss=2.4668 train_acc=0.3529 val_loss=2.5170 val_acc=0.3556 lr=0.0469868
probe_epoch=021 train_loss=2.4421 train_acc=0.3578 val_loss=2.5402 val_acc=0.3466 lr=0.0465814
probe_epoch=022 train_loss=2.4461 train_acc=0.3581 val_loss=2.5246 val_acc=0.3429 lr=0.0461524
probe_epoch=023 train_loss=2.4503 train_acc=0.3543 val_loss=2.5549 val_acc=0.3407 lr=0.0457002
probe_epoch=024 train_loss=2.4446 train_acc=0.3566 val_loss=2.5337 val_acc=0.3495 lr=0.0452254
probe_epoch=025 train_loss=2.4347 train_acc=0.3605 val_loss=2.5128 val_acc=0.3506 lr=0.0447285
probe_epoch=026 train_loss=2.4163 train_acc=0.3630 val_loss=2.5129 val_acc=0.3495 lr=0.04421
probe_epoch=027 train_loss=2.4216 train_acc=0.3635 val_loss=2.5165 val_acc=0.3477 lr=0.0436705
probe_epoch=028 train_loss=2.4227 train_acc=0.3643 val_loss=2.5327 val_acc=0.3399 lr=0.0431106
probe_epoch=029 train_loss=2.4136 train_acc=0.3630 val_loss=2.4942 val_acc=0.3599 lr=0.0425309
probe_epoch=030 train_loss=2.4073 train_acc=0.3666 val_loss=2.4862 val_acc=0.3602 lr=0.041932
probe_epoch=031 train_loss=2.3964 train_acc=0.3684 val_loss=2.4999 val_acc=0.3533 lr=0.0413146
probe_epoch=032 train_loss=2.4015 train_acc=0.3680 val_loss=2.5052 val_acc=0.3551 lr=0.0406794
probe_epoch=033 train_loss=2.3986 train_acc=0.3674 val_loss=2.4888 val_acc=0.3542 lr=0.040027
probe_epoch=034 train_loss=2.3916 train_acc=0.3685 val_loss=2.4878 val_acc=0.3615 lr=0.0393582
probe_epoch=035 train_loss=2.3785 train_acc=0.3718 val_loss=2.4778 val_acc=0.3612 lr=0.0386737
probe_epoch=036 train_loss=2.3701 train_acc=0.3716 val_loss=2.4856 val_acc=0.3548 lr=0.0379742
probe_epoch=037 train_loss=2.3771 train_acc=0.3713 val_loss=2.4832 val_acc=0.3576 lr=0.0372606
probe_epoch=038 train_loss=2.3784 train_acc=0.3716 val_loss=2.4690 val_acc=0.3590 lr=0.0365335
probe_epoch=039 train_loss=2.3735 train_acc=0.3717 val_loss=2.4803 val_acc=0.3615 lr=0.0357939
probe_epoch=040 train_loss=2.3678 train_acc=0.3740 val_loss=2.4683 val_acc=0.3588 lr=0.0350424
probe_epoch=041 train_loss=2.3570 train_acc=0.3754 val_loss=2.4800 val_acc=0.3570 lr=0.0342799
probe_epoch=042 train_loss=2.3631 train_acc=0.3730 val_loss=2.4626 val_acc=0.3578 lr=0.0335073
probe_epoch=043 train_loss=2.3533 train_acc=0.3758 val_loss=2.4661 val_acc=0.3595 lr=0.0327254
probe_epoch=044 train_loss=2.3486 train_acc=0.3761 val_loss=2.4602 val_acc=0.3663 lr=0.0319351
probe_epoch=045 train_loss=2.3421 train_acc=0.3795 val_loss=2.4518 val_acc=0.3722 lr=0.0311371
probe_epoch=046 train_loss=2.3357 train_acc=0.3791 val_loss=2.4582 val_acc=0.3695 lr=0.0303325
probe_epoch=047 train_loss=2.3337 train_acc=0.3821 val_loss=2.4591 val_acc=0.3605 lr=0.029522
probe_epoch=048 train_loss=2.3291 train_acc=0.3816 val_loss=2.4502 val_acc=0.3663 lr=0.0287066
probe_epoch=049 train_loss=2.3252 train_acc=0.3828 val_loss=2.4445 val_acc=0.3680 lr=0.0278871
probe_epoch=050 train_loss=2.3248 train_acc=0.3829 val_loss=2.4248 val_acc=0.3737 lr=0.0270645
probe_epoch=051 train_loss=2.3135 train_acc=0.3856 val_loss=2.4482 val_acc=0.3598 lr=0.0262396
probe_epoch=052 train_loss=2.3159 train_acc=0.3818 val_loss=2.4306 val_acc=0.3643 lr=0.0254133
probe_epoch=053 train_loss=2.3135 train_acc=0.3858 val_loss=2.4248 val_acc=0.3663 lr=0.0245867
probe_epoch=054 train_loss=2.3078 train_acc=0.3860 val_loss=2.4284 val_acc=0.3695 lr=0.0237604
probe_epoch=055 train_loss=2.3022 train_acc=0.3872 val_loss=2.4173 val_acc=0.3713 lr=0.0229355
probe_epoch=056 train_loss=2.2961 train_acc=0.3889 val_loss=2.4268 val_acc=0.3700 lr=0.0221129
probe_epoch=057 train_loss=2.2981 train_acc=0.3910 val_loss=2.4136 val_acc=0.3713 lr=0.0212934
probe_epoch=058 train_loss=2.2856 train_acc=0.3932 val_loss=2.4141 val_acc=0.3740 lr=0.020478
probe_epoch=059 train_loss=2.2852 train_acc=0.3907 val_loss=2.4142 val_acc=0.3689 lr=0.0196675
probe_epoch=060 train_loss=2.2825 train_acc=0.3906 val_loss=2.4118 val_acc=0.3714 lr=0.0188629
probe_epoch=061 train_loss=2.2738 train_acc=0.3930 val_loss=2.4035 val_acc=0.3756 lr=0.0180649
probe_epoch=062 train_loss=2.2731 train_acc=0.3950 val_loss=2.4000 val_acc=0.3770 lr=0.0172746
probe_epoch=063 train_loss=2.2679 train_acc=0.3944 val_loss=2.4052 val_acc=0.3770 lr=0.0164927
probe_epoch=064 train_loss=2.2707 train_acc=0.3953 val_loss=2.4011 val_acc=0.3773 lr=0.0157201
probe_epoch=065 train_loss=2.2649 train_acc=0.3959 val_loss=2.3976 val_acc=0.3751 lr=0.0149576
probe_epoch=066 train_loss=2.2590 train_acc=0.3971 val_loss=2.3962 val_acc=0.3747 lr=0.0142061
probe_epoch=067 train_loss=2.2586 train_acc=0.3970 val_loss=2.3893 val_acc=0.3784 lr=0.0134665
probe_epoch=068 train_loss=2.2493 train_acc=0.3993 val_loss=2.3893 val_acc=0.3761 lr=0.0127394
probe_epoch=069 train_loss=2.2483 train_acc=0.3998 val_loss=2.3783 val_acc=0.3799 lr=0.0120258
probe_epoch=070 train_loss=2.2461 train_acc=0.3997 val_loss=2.3795 val_acc=0.3807 lr=0.0113263
probe_epoch=071 train_loss=2.2410 train_acc=0.4000 val_loss=2.3780 val_acc=0.3817 lr=0.0106418
probe_epoch=072 train_loss=2.2393 train_acc=0.4013 val_loss=2.3810 val_acc=0.3820 lr=0.00997297
probe_epoch=073 train_loss=2.2352 train_acc=0.4040 val_loss=2.3819 val_acc=0.3784 lr=0.00932059
probe_epoch=074 train_loss=2.2310 train_acc=0.4064 val_loss=2.3806 val_acc=0.3786 lr=0.00868536
probe_epoch=075 train_loss=2.2294 train_acc=0.4056 val_loss=2.3728 val_acc=0.3840 lr=0.00806796
probe_epoch=076 train_loss=2.2233 train_acc=0.4056 val_loss=2.3739 val_acc=0.3826 lr=0.00746908
probe_epoch=077 train_loss=2.2276 train_acc=0.4038 val_loss=2.3757 val_acc=0.3795 lr=0.00688937
probe_epoch=078 train_loss=2.2203 train_acc=0.4076 val_loss=2.3728 val_acc=0.3862 lr=0.00632946
probe_epoch=079 train_loss=2.2204 train_acc=0.4071 val_loss=2.3716 val_acc=0.3818 lr=0.00578997
probe_epoch=080 train_loss=2.2155 train_acc=0.4093 val_loss=2.3712 val_acc=0.3838 lr=0.00527149
probe_epoch=081 train_loss=2.2147 train_acc=0.4081 val_loss=2.3708 val_acc=0.3832 lr=0.00477458
probe_epoch=082 train_loss=2.2113 train_acc=0.4089 val_loss=2.3694 val_acc=0.3855 lr=0.00429978
probe_epoch=083 train_loss=2.2084 train_acc=0.4094 val_loss=2.3679 val_acc=0.3866 lr=0.00384762
probe_epoch=084 train_loss=2.2046 train_acc=0.4093 val_loss=2.3661 val_acc=0.3846 lr=0.00341859
probe_epoch=085 train_loss=2.2015 train_acc=0.4103 val_loss=2.3687 val_acc=0.3832 lr=0.00301316
probe_epoch=086 train_loss=2.1999 train_acc=0.4124 val_loss=2.3643 val_acc=0.3855 lr=0.00263177
probe_epoch=087 train_loss=2.1982 train_acc=0.4124 val_loss=2.3657 val_acc=0.3832 lr=0.00227484
probe_epoch=088 train_loss=2.1940 train_acc=0.4131 val_loss=2.3645 val_acc=0.3846 lr=0.00194276
probe_epoch=089 train_loss=2.1981 train_acc=0.4127 val_loss=2.3656 val_acc=0.3857 lr=0.00163589
probe_epoch=090 train_loss=2.1936 train_acc=0.4129 val_loss=2.3639 val_acc=0.3871 lr=0.00135457
probe_epoch=091 train_loss=2.1897 train_acc=0.4153 val_loss=2.3637 val_acc=0.3866 lr=0.00109911
probe_epoch=092 train_loss=2.1858 train_acc=0.4161 val_loss=2.3632 val_acc=0.3877 lr=0.000869777
probe_epoch=093 train_loss=2.1880 train_acc=0.4150 val_loss=2.3637 val_acc=0.3863 lr=0.000666835
probe_epoch=094 train_loss=2.1860 train_acc=0.4155 val_loss=2.3635 val_acc=0.3877 lr=0.000490501
probe_epoch=095 train_loss=2.1857 train_acc=0.4165 val_loss=2.3632 val_acc=0.3866 lr=0.000340967
probe_epoch=096 train_loss=2.1853 train_acc=0.4159 val_loss=2.3632 val_acc=0.3874 lr=0.000218398
probe_epoch=097 train_loss=2.1840 train_acc=0.4171 val_loss=2.3631 val_acc=0.3877 lr=0.000122927
probe_epoch=098 train_loss=2.1825 train_acc=0.4164 val_loss=2.3631 val_acc=0.3872 lr=5.46593e-05
probe_epoch=099 train_loss=2.1806 train_acc=0.4175 val_loss=2.3631 val_acc=0.3872 lr=1.36686e-05
probe_epoch=100 train_loss=2.1801 train_acc=0.4186 val_loss=2.3631 val_acc=0.3871 lr=0
vit_linear_probe_test_loss=2.3825 vit_linear_probe_test_acc=0.3737 best_val_acc=0.3877 best_epoch=92
Job finished at: Mon Jul  6 03:36:35 CEST 2026
