Job started at: Mon Jun 29 13:09:37 CEST 2026
Node: lrdn0187.leonardo.local
Project dir: /leonardo_scratch/large/userexternal/apromots/doubleN/cv
Venv dir: /leonardo_scratch/large/userexternal/apromots/doubleN/cv/.venv
Config path: configs/cifar10_vit_supervised.yaml
Mon Jun 29 13:09:37 2026       
+---------------------------------------------------------------------------------------+
| NVIDIA-SMI 535.274.02             Driver Version: 535.274.02   CUDA Version: 12.2     |
|-----------------------------------------+----------------------+----------------------+
| GPU  Name                 Persistence-M | Bus-Id        Disp.A | Volatile Uncorr. ECC |
| Fan  Temp   Perf          Pwr:Usage/Cap |         Memory-Usage | GPU-Util  Compute M. |
|                                         |                      |               MIG M. |
|=========================================+======================+======================|
|   0  NVIDIA A100-SXM-64GB           On  | 00000000:1D:00.0 Off |                    0 |
| N/A   43C    P0              65W / 472W |      0MiB / 65536MiB |      0%      Default |
|                                         |                      |             Disabled |
+-----------------------------------------+----------------------+----------------------+
                                                                                         
+---------------------------------------------------------------------------------------+
| Processes:                                                                            |
|  GPU   GI   CI        PID   Type   Process name                            GPU Memory |
|        ID   ID                                                             Usage      |
|=======================================================================================|
|  No running processes found                                                           |
+---------------------------------------------------------------------------------------+
epoch=001 train_loss=1.7813 train_acc=0.3336 val_loss=1.5963 val_acc=0.4128
epoch=002 train_loss=1.4984 train_acc=0.4545 val_loss=1.3442 val_acc=0.5146
epoch=003 train_loss=1.3581 train_acc=0.5069 val_loss=1.2652 val_acc=0.5348
epoch=004 train_loss=1.2779 train_acc=0.5375 val_loss=1.2278 val_acc=0.5620
epoch=005 train_loss=1.2187 train_acc=0.5582 val_loss=1.1057 val_acc=0.6006
epoch=006 train_loss=1.1656 train_acc=0.5810 val_loss=1.0697 val_acc=0.6194
epoch=007 train_loss=1.1180 train_acc=0.5965 val_loss=1.0825 val_acc=0.6050
epoch=008 train_loss=1.0747 train_acc=0.6152 val_loss=0.9863 val_acc=0.6472
epoch=009 train_loss=1.0439 train_acc=0.6266 val_loss=0.9786 val_acc=0.6566
epoch=010 train_loss=1.0005 train_acc=0.6422 val_loss=0.9311 val_acc=0.6672
epoch=011 train_loss=0.9743 train_acc=0.6545 val_loss=0.9149 val_acc=0.6748
epoch=012 train_loss=0.9402 train_acc=0.6657 val_loss=0.8774 val_acc=0.6920
epoch=013 train_loss=0.9039 train_acc=0.6765 val_loss=0.8698 val_acc=0.6916
epoch=014 train_loss=0.8826 train_acc=0.6842 val_loss=0.8584 val_acc=0.6986
epoch=015 train_loss=0.8597 train_acc=0.6943 val_loss=0.8007 val_acc=0.7166
epoch=016 train_loss=0.8327 train_acc=0.7024 val_loss=0.8002 val_acc=0.7138
epoch=017 train_loss=0.8063 train_acc=0.7122 val_loss=0.7515 val_acc=0.7300
epoch=018 train_loss=0.7879 train_acc=0.7203 val_loss=0.8086 val_acc=0.7096
epoch=019 train_loss=0.7645 train_acc=0.7279 val_loss=0.7614 val_acc=0.7300
epoch=020 train_loss=0.7499 train_acc=0.7313 val_loss=0.7402 val_acc=0.7390
epoch=021 train_loss=0.7309 train_acc=0.7398 val_loss=0.7249 val_acc=0.7472
epoch=022 train_loss=0.7029 train_acc=0.7484 val_loss=0.7437 val_acc=0.7376
epoch=023 train_loss=0.6887 train_acc=0.7577 val_loss=0.7113 val_acc=0.7540
epoch=024 train_loss=0.6707 train_acc=0.7618 val_loss=0.7245 val_acc=0.7462
epoch=025 train_loss=0.6584 train_acc=0.7669 val_loss=0.6839 val_acc=0.7622
epoch=026 train_loss=0.6412 train_acc=0.7720 val_loss=0.6733 val_acc=0.7638
epoch=027 train_loss=0.6193 train_acc=0.7810 val_loss=0.6518 val_acc=0.7746
epoch=028 train_loss=0.6081 train_acc=0.7836 val_loss=0.6611 val_acc=0.7738
epoch=029 train_loss=0.5961 train_acc=0.7876 val_loss=0.6425 val_acc=0.7796
epoch=030 train_loss=0.5796 train_acc=0.7935 val_loss=0.6523 val_acc=0.7804
epoch=031 train_loss=0.5711 train_acc=0.7955 val_loss=0.6732 val_acc=0.7744
epoch=032 train_loss=0.5515 train_acc=0.8036 val_loss=0.6356 val_acc=0.7780
epoch=033 train_loss=0.5422 train_acc=0.8061 val_loss=0.6556 val_acc=0.7808
epoch=034 train_loss=0.5245 train_acc=0.8131 val_loss=0.6354 val_acc=0.7806
epoch=035 train_loss=0.5142 train_acc=0.8155 val_loss=0.6389 val_acc=0.7788
epoch=036 train_loss=0.5069 train_acc=0.8179 val_loss=0.6318 val_acc=0.7862
epoch=037 train_loss=0.4926 train_acc=0.8220 val_loss=0.6204 val_acc=0.7902
epoch=038 train_loss=0.4795 train_acc=0.8296 val_loss=0.6240 val_acc=0.7900
epoch=039 train_loss=0.4742 train_acc=0.8311 val_loss=0.6335 val_acc=0.7878
epoch=040 train_loss=0.4605 train_acc=0.8357 val_loss=0.6325 val_acc=0.7874
epoch=041 train_loss=0.4586 train_acc=0.8358 val_loss=0.6238 val_acc=0.7912
epoch=042 train_loss=0.4519 train_acc=0.8396 val_loss=0.6264 val_acc=0.7910
epoch=043 train_loss=0.4437 train_acc=0.8404 val_loss=0.6125 val_acc=0.7936
epoch=044 train_loss=0.4396 train_acc=0.8435 val_loss=0.6210 val_acc=0.7928
epoch=045 train_loss=0.4332 train_acc=0.8467 val_loss=0.6234 val_acc=0.7888
epoch=046 train_loss=0.4318 train_acc=0.8441 val_loss=0.6195 val_acc=0.7950
epoch=047 train_loss=0.4269 train_acc=0.8460 val_loss=0.6168 val_acc=0.7956
epoch=048 train_loss=0.4294 train_acc=0.8466 val_loss=0.6151 val_acc=0.7964
epoch=049 train_loss=0.4245 train_acc=0.8505 val_loss=0.6180 val_acc=0.7936
epoch=050 train_loss=0.4202 train_acc=0.8498 val_loss=0.6182 val_acc=0.7932
final_test_loss=0.6115 final_test_acc=0.8033 best_val_acc=0.7964 best_epoch=48
Job finished at: Mon Jun 29 13:16:50 CEST 2026
