device: cuda

Output type: <class 'dict'>
Output keys: ['latent', 'patch_latent', 'raw_latent', 'last_self_attention', 'logits']
latent (1, 768) torch.float32 cuda:0
patch_latent (1, 196, 768) torch.float32 cuda:0
raw_latent (1, 768) torch.float32 cuda:0
last_self_attention <class 'NoneType'> None
logits (1, 768) torch.float32 cuda:0

QKV candidates:
backbone.blocks.0.attn.qkv => Linear(in_features=768, out_features=2304, bias=True)
backbone.blocks.1.attn.qkv => Linear(in_features=768, out_features=2304, bias=True)
backbone.blocks.2.attn.qkv => Linear(in_features=768, out_features=2304, bias=True)
backbone.blocks.3.attn.qkv => Linear(in_features=768, out_features=2304, bias=True)
backbone.blocks.4.attn.qkv => Linear(in_features=768, out_features=2304, bias=True)
backbone.blocks.5.attn.qkv => Linear(in_features=768, out_features=2304, bias=True)
backbone.blocks.6.attn.qkv => Linear(in_features=768, out_features=2304, bias=True)
backbone.blocks.7.attn.qkv => Linear(in_features=768, out_features=2304, bias=True)
backbone.blocks.8.attn.qkv => Linear(in_features=768, out_features=2304, bias=True)
backbone.blocks.9.attn.qkv => Linear(in_features=768, out_features=2304, bias=True)
backbone.blocks.10.attn.qkv => Linear(in_features=768, out_features=2304, bias=True)
backbone.blocks.11.attn.qkv => Linear(in_features=768, out_features=2304, bias=True)

Attention-like modules:
backbone.blocks.0.attn => Attention(
  (qkv): Linear(in_features=768, out_features=2304, bias=True)
  (attn_drop): Dropout(p=0.0, inplace=False)
  (proj): Linear(in_features=768, out_features=768, bias=True)
  (proj_drop): Dropout(p=0.0, inplace=False)
)
backbone.blocks.0.attn.qkv => Linear(in_features=768, out_features=2304, bias=True)
backbone.blocks.0.attn.attn_drop => Dropout(p=0.0, inplace=False)
backbone.blocks.0.attn.proj => Linear(in_features=768, out_features=768, bias=True)
backbone.blocks.0.attn.proj_drop => Dropout(p=0.0, inplace=False)
backbone.blocks.1.attn => Attention(
  (qkv): Linear(in_features=768, out_features=2304, bias=True)
  (attn_drop): Dropout(p=0.0, inplace=False)
  (proj): Linear(in_features=768, out_features=768, bias=True)
  (proj_drop): Dropout(p=0.0, inplace=False)
)
backbone.blocks.1.attn.qkv => Linear(in_features=768, out_features=2304, bias=True)
backbone.blocks.1.attn.attn_drop => Dropout(p=0.0, inplace=False)
backbone.blocks.1.attn.proj => Linear(in_features=768, out_features=768, bias=True)
backbone.blocks.1.attn.proj_drop => Dropout(p=0.0, inplace=False)
backbone.blocks.2.attn => Attention(
  (qkv): Linear(in_features=768, out_features=2304, bias=True)
  (attn_drop): Dropout(p=0.0, inplace=False)
  (proj): Linear(in_features=768, out_features=768, bias=True)
  (proj_drop): Dropout(p=0.0, inplace=False)
)
backbone.blocks.2.attn.qkv => Linear(in_features=768, out_features=2304, bias=True)
backbone.blocks.2.attn.attn_drop => Dropout(p=0.0, inplace=False)
backbone.blocks.2.attn.proj => Linear(in_features=768, out_features=768, bias=True)
backbone.blocks.2.attn.proj_drop => Dropout(p=0.0, inplace=False)
backbone.blocks.3.attn => Attention(
  (qkv): Linear(in_features=768, out_features=2304, bias=True)
  (attn_drop): Dropout(p=0.0, inplace=False)
  (proj): Linear(in_features=768, out_features=768, bias=True)
  (proj_drop): Dropout(p=0.0, inplace=False)
)
backbone.blocks.3.attn.qkv => Linear(in_features=768, out_features=2304, bias=True)
backbone.blocks.3.attn.attn_drop => Dropout(p=0.0, inplace=False)
backbone.blocks.3.attn.proj => Linear(in_features=768, out_features=768, bias=True)
backbone.blocks.3.attn.proj_drop => Dropout(p=0.0, inplace=False)
backbone.blocks.4.attn => Attention(
  (qkv): Linear(in_features=768, out_features=2304, bias=True)
  (attn_drop): Dropout(p=0.0, inplace=False)
  (proj): Linear(in_features=768, out_features=768, bias=True)
  (proj_drop): Dropout(p=0.0, inplace=False)
)
backbone.blocks.4.attn.qkv => Linear(in_features=768, out_features=2304, bias=True)
backbone.blocks.4.attn.attn_drop => Dropout(p=0.0, inplace=False)
backbone.blocks.4.attn.proj => Linear(in_features=768, out_features=768, bias=True)
backbone.blocks.4.attn.proj_drop => Dropout(p=0.0, inplace=False)
backbone.blocks.5.attn => Attention(
  (qkv): Linear(in_features=768, out_features=2304, bias=True)
  (attn_drop): Dropout(p=0.0, inplace=False)
  (proj): Linear(in_features=768, out_features=768, bias=True)
  (proj_drop): Dropout(p=0.0, inplace=False)
)
backbone.blocks.5.attn.qkv => Linear(in_features=768, out_features=2304, bias=True)
backbone.blocks.5.attn.attn_drop => Dropout(p=0.0, inplace=False)
backbone.blocks.5.attn.proj => Linear(in_features=768, out_features=768, bias=True)
backbone.blocks.5.attn.proj_drop => Dropout(p=0.0, inplace=False)
backbone.blocks.6.attn => Attention(
  (qkv): Linear(in_features=768, out_features=2304, bias=True)
  (attn_drop): Dropout(p=0.0, inplace=False)
  (proj): Linear(in_features=768, out_features=768, bias=True)
  (proj_drop): Dropout(p=0.0, inplace=False)
)
backbone.blocks.6.attn.qkv => Linear(in_features=768, out_features=2304, bias=True)
backbone.blocks.6.attn.attn_drop => Dropout(p=0.0, inplace=False)
backbone.blocks.6.attn.proj => Linear(in_features=768, out_features=768, bias=True)
backbone.blocks.6.attn.proj_drop => Dropout(p=0.0, inplace=False)
backbone.blocks.7.attn => Attention(
  (qkv): Linear(in_features=768, out_features=2304, bias=True)
  (attn_drop): Dropout(p=0.0, inplace=False)
  (proj): Linear(in_features=768, out_features=768, bias=True)
  (proj_drop): Dropout(p=0.0, inplace=False)
)
backbone.blocks.7.attn.qkv => Linear(in_features=768, out_features=2304, bias=True)
backbone.blocks.7.attn.attn_drop => Dropout(p=0.0, inplace=False)
backbone.blocks.7.attn.proj => Linear(in_features=768, out_features=768, bias=True)
backbone.blocks.7.attn.proj_drop => Dropout(p=0.0, inplace=False)
backbone.blocks.8.attn => Attention(
  (qkv): Linear(in_features=768, out_features=2304, bias=True)
  (attn_drop): Dropout(p=0.0, inplace=False)
  (proj): Linear(in_features=768, out_features=768, bias=True)
  (proj_drop): Dropout(p=0.0, inplace=False)
)
backbone.blocks.8.attn.qkv => Linear(in_features=768, out_features=2304, bias=True)
backbone.blocks.8.attn.attn_drop => Dropout(p=0.0, inplace=False)
backbone.blocks.8.attn.proj => Linear(in_features=768, out_features=768, bias=True)
backbone.blocks.8.attn.proj_drop => Dropout(p=0.0, inplace=False)
backbone.blocks.9.attn => Attention(
  (qkv): Linear(in_features=768, out_features=2304, bias=True)
  (attn_drop): Dropout(p=0.0, inplace=False)
  (proj): Linear(in_features=768, out_features=768, bias=True)
  (proj_drop): Dropout(p=0.0, inplace=False)
)
backbone.blocks.9.attn.qkv => Linear(in_features=768, out_features=2304, bias=True)
backbone.blocks.9.attn.attn_drop => Dropout(p=0.0, inplace=False)
backbone.blocks.9.attn.proj => Linear(in_features=768, out_features=768, bias=True)
backbone.blocks.9.attn.proj_drop => Dropout(p=0.0, inplace=False)
backbone.blocks.10.attn => Attention(
  (qkv): Linear(in_features=768, out_features=2304, bias=True)
  (attn_drop): Dropout(p=0.0, inplace=False)
  (proj): Linear(in_features=768, out_features=768, bias=True)
  (proj_drop): Dropout(p=0.0, inplace=False)
)
backbone.blocks.10.attn.qkv => Linear(in_features=768, out_features=2304, bias=True)
backbone.blocks.10.attn.attn_drop => Dropout(p=0.0, inplace=False)
backbone.blocks.10.attn.proj => Linear(in_features=768, out_features=768, bias=True)
backbone.blocks.10.attn.proj_drop => Dropout(p=0.0, inplace=False)
backbone.blocks.11.attn => Attention(
  (qkv): Linear(in_features=768, out_features=2304, bias=True)
  (attn_drop): Dropout(p=0.0, inplace=False)
  (proj): Linear(in_features=768, out_features=768, bias=True)
  (proj_drop): Dropout(p=0.0, inplace=False)
)
backbone.blocks.11.attn.qkv => Linear(in_features=768, out_features=2304, bias=True)
backbone.blocks.11.attn.attn_drop => Dropout(p=0.0, inplace=False)
backbone.blocks.11.attn.proj => Linear(in_features=768, out_features=768, bias=True)
backbone.blocks.11.attn.proj_drop => Dropout(p=0.0, inplace=False)

DONE
