Using device: cuda
Public supervised timm ViT inference-only LSAS settings:
  config: configs/public_supervised_timm_vitb16_imagenet100_inference.yaml
  timm_model_name: vit_base_patch16_224.augreg_in1k
  local_dir/hf_model_id: hf_models/supervised_vitb16_augreg_in1k
  classifier training: none; using public supervised pretrained model directly
  xai_method: final CLS-to-patch attention reconstructed from QKV
  max_samples: 5000
  batch_size: 32
  output_csv: experiments/public-supervised-vitb16-in100-infer-full/metrics/public_supervised_timm_vitb16_imagenet100_lsas_inference_last_attention.csv
Building timm model: vit_base_patch16_224.augreg_in1k
Loading local supervised ViT checkpoint: hf_models/supervised_vitb16_augreg_in1k/model.safetensors
Loaded local state dict with strict=False
  missing keys: 0
  unexpected keys: 0

Supervised timm ViT inference-only LSAS completed.
Saved CSV: experiments/public-supervised-vitb16-in100-infer-full/metrics/public_supervised_timm_vitb16_imagenet100_lsas_inference_last_attention.csv
Saved curve: experiments/public-supervised-vitb16-in100-infer-full/metrics/public_supervised_timm_vitb16_imagenet100_lsas_inference_last_attention_curve.png
Processed images: 5000
Rows: 5000
Elapsed: 0.77 min

Mean metrics per layer:
                        lsas  corr_pca_xai  soft_iou_pca_xai
layer                                                       
patch_tokens_final  0.094421      0.063526          0.125316
