Using device: cuda
Grounded alignment settings:
  mode: vit_supervised
  target: predicted
  architecture: vit_small_patch16_224
  checkpoint: experiments/experiment-imagenets50-vit-sup/checkpoints/imagenets50_vit_supervised_best.pt
  output_csv: experiments/experiment-imagenets50-vit-sup/metrics/imagenets50_vit_supervised_g_lsas.csv
  figure_dir: experiments/experiment-imagenets50-vit-sup/figures/imagenets50_vit_supervised_g_lsas
  grounded dataset: folder_masks
Saved G-LSAS rows: experiments/experiment-imagenets50-vit-sup/metrics/imagenets50_vit_supervised_g_lsas.csv (2000 rows, 500 images, 67.7s)

G-LSAS completed.
Saved CSV: experiments/experiment-imagenets50-vit-sup/metrics/imagenets50_vit_supervised_g_lsas.csv
Saved curve: experiments/experiment-imagenets50-vit-sup/metrics/imagenets50_vit_supervised_g_lsas_curve.png
Saved LEI CSV: experiments/experiment-imagenets50-vit-sup/metrics/imagenets50_vit_supervised_g_lsas_lei.csv
Saved LEI YAML: experiments/experiment-imagenets50-vit-sup/metrics/imagenets50_vit_supervised_g_lsas_lei.yaml
Mean metrics per layer:
             g_lsas  corr_pca_xai  ...  object_focus_pca  object_focus_xai
layer                              ...                                    
blocks.11  0.284079      0.000000  ...          0.409062          0.000000
blocks.2   0.294657      0.137641  ...          0.423231          0.490850
blocks.5   0.275193      0.099483  ...          0.417743          0.463886
blocks.8   0.249768      0.049449  ...          0.413741          0.439998

[4 rows x 7 columns]
LEI: {'csv_path': 'experiments/experiment-imagenets50-vit-sup/metrics/imagenets50_vit_supervised_g_lsas.csv', 'metric': 'g_lsas', 'threshold': 0.3, 'relative_threshold': 0.9, 'num_layers': 4, 'peak_layer': 'blocks.2', 'peak_value': 0.2946565612690777, 'auc': 0.27144291204859555, 'emergence_layer': None, 'emergence_layer_index': None, 'normalized_emergence_index': None, 'relative_emergence_threshold_value': 0.2651909051421699, 'relative_emergence_layer': 'blocks.2', 'relative_emergence_layer_index': 0, 'normalized_relative_emergence_index': 0.0}
