Job started at: Sun Jul  5 22:39:53 CEST 2026
Node: lrdn1989.leonardo.local
Project dir: /leonardo_scratch/large/userexternal/apromots/doubleN/cv
Venv dir: /leonardo_scratch/large/userexternal/apromots/doubleN/cv/.venv
Config path: configs/imagenet100_vit_supervised_glsas.yaml
Sun Jul  5 22:39:53 2026       
+---------------------------------------------------------------------------------------+
| NVIDIA-SMI 535.274.02             Driver Version: 535.274.02   CUDA Version: 12.2     |
|-----------------------------------------+----------------------+----------------------+
| GPU  Name                 Persistence-M | Bus-Id        Disp.A | Volatile Uncorr. ECC |
| Fan  Temp   Perf          Pwr:Usage/Cap |         Memory-Usage | GPU-Util  Compute M. |
|                                         |                      |               MIG M. |
|=========================================+======================+======================|
|   0  NVIDIA A100-SXM-64GB           On  | 00000000:56:00.0 Off |                    0 |
| N/A   43C    P0              62W / 472W |      0MiB / 65536MiB |      0%      Default |
|                                         |                      |             Disabled |
+-----------------------------------------+----------------------+----------------------+
                                                                                         
+---------------------------------------------------------------------------------------+
| Processes:                                                                            |
|  GPU   GI   CI        PID   Type   Process name                            GPU Memory |
|        ID   ID                                                             Usage      |
|=======================================================================================|
|  No running processes found                                                           |
+---------------------------------------------------------------------------------------+
epoch=001 train_loss=3.8323 train_acc=0.1251 val_loss=3.3596 val_acc=0.1982
epoch=002 train_loss=3.1850 train_acc=0.2323 val_loss=3.0190 val_acc=0.2628
epoch=003 train_loss=2.8800 train_acc=0.2887 val_loss=2.7701 val_acc=0.3121
epoch=004 train_loss=2.6501 train_acc=0.3353 val_loss=2.5947 val_acc=0.3501
epoch=005 train_loss=2.4660 train_acc=0.3721 val_loss=2.4898 val_acc=0.3676
epoch=006 train_loss=2.3043 train_acc=0.4070 val_loss=2.3270 val_acc=0.4058
epoch=007 train_loss=2.1690 train_acc=0.4374 val_loss=2.2212 val_acc=0.4340
epoch=008 train_loss=2.0375 train_acc=0.4644 val_loss=2.1291 val_acc=0.4476
epoch=009 train_loss=1.9102 train_acc=0.4935 val_loss=2.0436 val_acc=0.4709
epoch=010 train_loss=1.7954 train_acc=0.5190 val_loss=1.9809 val_acc=0.4864
epoch=011 train_loss=1.6803 train_acc=0.5459 val_loss=1.9628 val_acc=0.4960
epoch=012 train_loss=1.5692 train_acc=0.5712 val_loss=1.8938 val_acc=0.5117
epoch=013 train_loss=1.4537 train_acc=0.5963 val_loss=1.8922 val_acc=0.5132
epoch=014 train_loss=1.3481 train_acc=0.6240 val_loss=1.8355 val_acc=0.5317
epoch=015 train_loss=1.2447 train_acc=0.6483 val_loss=1.8923 val_acc=0.5267
epoch=016 train_loss=1.1438 train_acc=0.6732 val_loss=1.8822 val_acc=0.5389
epoch=017 train_loss=1.0554 train_acc=0.6948 val_loss=1.8888 val_acc=0.5362
epoch=018 train_loss=0.9598 train_acc=0.7191 val_loss=1.9370 val_acc=0.5372
epoch=019 train_loss=0.8744 train_acc=0.7414 val_loss=1.9186 val_acc=0.5406
epoch=020 train_loss=0.7972 train_acc=0.7627 val_loss=1.9689 val_acc=0.5477
epoch=021 train_loss=0.7232 train_acc=0.7834 val_loss=1.9918 val_acc=0.5439
epoch=022 train_loss=0.6596 train_acc=0.8020 val_loss=2.0092 val_acc=0.5488
epoch=023 train_loss=0.5973 train_acc=0.8175 val_loss=2.0168 val_acc=0.5553
epoch=024 train_loss=0.5506 train_acc=0.8297 val_loss=2.0838 val_acc=0.5474
epoch=025 train_loss=0.5055 train_acc=0.8433 val_loss=2.1797 val_acc=0.5420
epoch=026 train_loss=0.4680 train_acc=0.8551 val_loss=2.1797 val_acc=0.5467
epoch=027 train_loss=0.4287 train_acc=0.8664 val_loss=2.1859 val_acc=0.5503
epoch=028 train_loss=0.4014 train_acc=0.8748 val_loss=2.2492 val_acc=0.5470
epoch=029 train_loss=0.3728 train_acc=0.8828 val_loss=2.2162 val_acc=0.5500
epoch=030 train_loss=0.3481 train_acc=0.8915 val_loss=2.2554 val_acc=0.5497
epoch=031 train_loss=0.3249 train_acc=0.8993 val_loss=2.3054 val_acc=0.5470
epoch=032 train_loss=0.3075 train_acc=0.9027 val_loss=2.2745 val_acc=0.5552
epoch=033 train_loss=0.2885 train_acc=0.9098 val_loss=2.2932 val_acc=0.5549
epoch=034 train_loss=0.2712 train_acc=0.9142 val_loss=2.3279 val_acc=0.5559
epoch=035 train_loss=0.2483 train_acc=0.9214 val_loss=2.3567 val_acc=0.5580
epoch=036 train_loss=0.2387 train_acc=0.9249 val_loss=2.3476 val_acc=0.5582
epoch=037 train_loss=0.2285 train_acc=0.9278 val_loss=2.3809 val_acc=0.5593
epoch=038 train_loss=0.2169 train_acc=0.9323 val_loss=2.4440 val_acc=0.5553
epoch=039 train_loss=0.2036 train_acc=0.9368 val_loss=2.4460 val_acc=0.5603
epoch=040 train_loss=0.1910 train_acc=0.9394 val_loss=2.4651 val_acc=0.5617
epoch=041 train_loss=0.1833 train_acc=0.9432 val_loss=2.4591 val_acc=0.5599
epoch=042 train_loss=0.1694 train_acc=0.9470 val_loss=2.4155 val_acc=0.5693
epoch=043 train_loss=0.1642 train_acc=0.9488 val_loss=2.4104 val_acc=0.5674
epoch=044 train_loss=0.1576 train_acc=0.9501 val_loss=2.5023 val_acc=0.5602
epoch=045 train_loss=0.1459 train_acc=0.9544 val_loss=2.4570 val_acc=0.5625
epoch=046 train_loss=0.1419 train_acc=0.9558 val_loss=2.4746 val_acc=0.5618
epoch=047 train_loss=0.1322 train_acc=0.9586 val_loss=2.5026 val_acc=0.5637
epoch=048 train_loss=0.1263 train_acc=0.9605 val_loss=2.4908 val_acc=0.5673
epoch=049 train_loss=0.1206 train_acc=0.9626 val_loss=2.5091 val_acc=0.5703
epoch=050 train_loss=0.1115 train_acc=0.9653 val_loss=2.5022 val_acc=0.5695
epoch=051 train_loss=0.1060 train_acc=0.9665 val_loss=2.4681 val_acc=0.5716
epoch=052 train_loss=0.1025 train_acc=0.9679 val_loss=2.4862 val_acc=0.5735
epoch=053 train_loss=0.0963 train_acc=0.9701 val_loss=2.5352 val_acc=0.5704
epoch=054 train_loss=0.0908 train_acc=0.9720 val_loss=2.5303 val_acc=0.5682
epoch=055 train_loss=0.0859 train_acc=0.9735 val_loss=2.5505 val_acc=0.5731
epoch=056 train_loss=0.0804 train_acc=0.9750 val_loss=2.5568 val_acc=0.5693
epoch=057 train_loss=0.0760 train_acc=0.9768 val_loss=2.5218 val_acc=0.5769
epoch=058 train_loss=0.0722 train_acc=0.9784 val_loss=2.5373 val_acc=0.5775
epoch=059 train_loss=0.0693 train_acc=0.9792 val_loss=2.5772 val_acc=0.5749
epoch=060 train_loss=0.0630 train_acc=0.9805 val_loss=2.5721 val_acc=0.5760
epoch=061 train_loss=0.0615 train_acc=0.9816 val_loss=2.6123 val_acc=0.5771
epoch=062 train_loss=0.0569 train_acc=0.9826 val_loss=2.5702 val_acc=0.5781
epoch=063 train_loss=0.0512 train_acc=0.9844 val_loss=2.5972 val_acc=0.5790
epoch=064 train_loss=0.0511 train_acc=0.9846 val_loss=2.6119 val_acc=0.5746
epoch=065 train_loss=0.0477 train_acc=0.9856 val_loss=2.6040 val_acc=0.5815
epoch=066 train_loss=0.0430 train_acc=0.9873 val_loss=2.6108 val_acc=0.5806
epoch=067 train_loss=0.0404 train_acc=0.9880 val_loss=2.6421 val_acc=0.5792
epoch=068 train_loss=0.0369 train_acc=0.9888 val_loss=2.6535 val_acc=0.5805
epoch=069 train_loss=0.0345 train_acc=0.9901 val_loss=2.6393 val_acc=0.5843
epoch=070 train_loss=0.0340 train_acc=0.9900 val_loss=2.6203 val_acc=0.5816
epoch=071 train_loss=0.0303 train_acc=0.9910 val_loss=2.6713 val_acc=0.5823
epoch=072 train_loss=0.0286 train_acc=0.9916 val_loss=2.6738 val_acc=0.5876
epoch=073 train_loss=0.0259 train_acc=0.9926 val_loss=2.6510 val_acc=0.5860
epoch=074 train_loss=0.0250 train_acc=0.9925 val_loss=2.6437 val_acc=0.5870
epoch=075 train_loss=0.0231 train_acc=0.9930 val_loss=2.6646 val_acc=0.5891
epoch=076 train_loss=0.0217 train_acc=0.9937 val_loss=2.6799 val_acc=0.5855
epoch=077 train_loss=0.0196 train_acc=0.9944 val_loss=2.6405 val_acc=0.5894
epoch=078 train_loss=0.0186 train_acc=0.9948 val_loss=2.6550 val_acc=0.5922
epoch=079 train_loss=0.0181 train_acc=0.9948 val_loss=2.6532 val_acc=0.5952
epoch=080 train_loss=0.0162 train_acc=0.9954 val_loss=2.6670 val_acc=0.5933
epoch=081 train_loss=0.0152 train_acc=0.9956 val_loss=2.6626 val_acc=0.5952
epoch=082 train_loss=0.0138 train_acc=0.9961 val_loss=2.6511 val_acc=0.5944
epoch=083 train_loss=0.0136 train_acc=0.9959 val_loss=2.6748 val_acc=0.5913
epoch=084 train_loss=0.0120 train_acc=0.9968 val_loss=2.6654 val_acc=0.5952
epoch=085 train_loss=0.0114 train_acc=0.9968 val_loss=2.6536 val_acc=0.5961
epoch=086 train_loss=0.0109 train_acc=0.9970 val_loss=2.6329 val_acc=0.5983
epoch=087 train_loss=0.0102 train_acc=0.9973 val_loss=2.6535 val_acc=0.6000
epoch=088 train_loss=0.0098 train_acc=0.9973 val_loss=2.6531 val_acc=0.5963
epoch=089 train_loss=0.0084 train_acc=0.9977 val_loss=2.6299 val_acc=0.6035
epoch=090 train_loss=0.0087 train_acc=0.9975 val_loss=2.6367 val_acc=0.6016
epoch=091 train_loss=0.0088 train_acc=0.9975 val_loss=2.6400 val_acc=0.6001
epoch=092 train_loss=0.0079 train_acc=0.9980 val_loss=2.6406 val_acc=0.6016
epoch=093 train_loss=0.0073 train_acc=0.9980 val_loss=2.6382 val_acc=0.6008
epoch=094 train_loss=0.0075 train_acc=0.9977 val_loss=2.6279 val_acc=0.6043
epoch=095 train_loss=0.0067 train_acc=0.9982 val_loss=2.6291 val_acc=0.6054
epoch=096 train_loss=0.0070 train_acc=0.9979 val_loss=2.6296 val_acc=0.6053
epoch=097 train_loss=0.0069 train_acc=0.9982 val_loss=2.6314 val_acc=0.6065
epoch=098 train_loss=0.0072 train_acc=0.9979 val_loss=2.6308 val_acc=0.6052
epoch=099 train_loss=0.0069 train_acc=0.9979 val_loss=2.6312 val_acc=0.6058
epoch=100 train_loss=0.0068 train_acc=0.9980 val_loss=2.6315 val_acc=0.6053
final_test_loss=2.9614 final_test_acc=0.5710 best_val_acc=0.6065 best_epoch=97
Job finished at: Mon Jul  6 01:59:34 CEST 2026
