/leonardo_scratch/large/userexternal/nereznaa/LeJEPA_vs_Supervised_learning_analysis/.venv/lib/python3.11/site-packages/torch/cuda/__init__.py:187: UserWarning: CUDA initialization: The NVIDIA driver on your system is too old (found version 12020). Please update your GPU driver by downloading and installing a new version from the URL: http://www.nvidia.com/Download/index.aspx Alternatively, go to: https://pytorch.org to install a PyTorch version that has been compiled with your version of the CUDA driver. (Triggered internally at /pytorch/c10/cuda/CUDAFunctions.cpp:119.)
  return torch._C._cuda_getDeviceCount() > 0
Traceback (most recent call last):
  File "/leonardo_scratch/large/userexternal/nereznaa/LeJEPA_vs_Supervised_learning_analysis/src/data/dataloaders.py", line 37, in __init__
    from datasets import load_from_disk
ImportError: cannot import name 'load_from_disk' from 'datasets' (unknown location)

The above exception was the direct cause of the following exception:

Traceback (most recent call last):
  File "/leonardo_scratch/large/userexternal/nereznaa/LeJEPA_vs_Supervised_learning_analysis/scripts/train_supervised.py", line 62, in <module>
    main()
  File "/leonardo_scratch/large/userexternal/nereznaa/LeJEPA_vs_Supervised_learning_analysis/scripts/train_supervised.py", line 36, in main
    result = train_supervised(str(exp.resolved_config_path))
             ^^^^^^^^^^^^^^^^^^^^^^^^^^^^^^^^^^^^^^^^^^^^^^^
  File "/leonardo_scratch/large/userexternal/nereznaa/LeJEPA_vs_Supervised_learning_analysis/src/training/train_supervised.py", line 105, in train_supervised
    loaders = build_loaders(cfg, self_supervised=False)
              ^^^^^^^^^^^^^^^^^^^^^^^^^^^^^^^^^^^^^^^^^
  File "/leonardo_scratch/large/userexternal/nereznaa/LeJEPA_vs_Supervised_learning_analysis/src/data/dataloaders.py", line 204, in build_loaders
    train_full = _build_classification_dataset(dataset_name, root, train=True, transform=train_transform)
                 ^^^^^^^^^^^^^^^^^^^^^^^^^^^^^^^^^^^^^^^^^^^^^^^^^^^^^^^^^^^^^^^^^^^^^^^^^^^^^^^^^^^^^^^^
  File "/leonardo_scratch/large/userexternal/nereznaa/LeJEPA_vs_Supervised_learning_analysis/src/data/dataloaders.py", line 108, in _build_classification_dataset
    return HFCifarDataset(hf_dir, split=split, transform=transform)
           ^^^^^^^^^^^^^^^^^^^^^^^^^^^^^^^^^^^^^^^^^^^^^^^^^^^^^^^^
  File "/leonardo_scratch/large/userexternal/nereznaa/LeJEPA_vs_Supervised_learning_analysis/src/data/dataloaders.py", line 39, in __init__
    raise ImportError("Install Hugging Face datasets with: pip install datasets") from exc
ImportError: Install Hugging Face datasets with: pip install datasets
