Job started at: Wed Jul  8 18:28:56 CEST 2026
Node: lrdn3401.leonardo.local
Project dir: /leonardo_scratch/large/userexternal/nereznaa/LeJEPA_vs_Supervised_learning_analysis
Venv dir: /leonardo_scratch/large/userexternal/nereznaa/LeJEPA_vs_Supervised_learning_analysis/.venv
Config path: configs/base/cifar10_resnet18_supervised.yaml
Experiment name: experiment-trying-stupid-shit-2
Wed Jul  8 18:28:56 2026       
+---------------------------------------------------------------------------------------+
| NVIDIA-SMI 535.274.02             Driver Version: 535.274.02   CUDA Version: 12.2     |
|-----------------------------------------+----------------------+----------------------+
| GPU  Name                 Persistence-M | Bus-Id        Disp.A | Volatile Uncorr. ECC |
| Fan  Temp   Perf          Pwr:Usage/Cap |         Memory-Usage | GPU-Util  Compute M. |
|                                         |                      |               MIG M. |
|=========================================+======================+======================|
|   0  NVIDIA A100-SXM-64GB           On  | 00000000:1D:00.0 Off |                    0 |
| N/A   43C    P0              64W / 470W |      0MiB / 65536MiB |      0%      Default |
|                                         |                      |             Disabled |
+-----------------------------------------+----------------------+----------------------+
                                                                                         
+---------------------------------------------------------------------------------------+
| Processes:                                                                            |
|  GPU   GI   CI        PID   Type   Process name                            GPU Memory |
|        ID   ID                                                             Usage      |
|=======================================================================================|
|  No running processes found                                                           |
+---------------------------------------------------------------------------------------+
Supervised training settings:
  config: experiments/experiment-trying-stupid-shit-2/configs/resolved_20260708_183014_train_supervised_supervised_824302.yaml
  architecture: resnet18_cifar
  dataset: CIFAR10
  device: cuda
  amp: True
  epochs: 20
epoch=001 train_loss=1.3851 train_acc=0.4934 val_loss=1.2861 val_acc=0.5670
epoch=002 train_loss=0.9076 train_acc=0.6767 val_loss=0.8590 val_acc=0.7118
epoch=003 train_loss=0.7094 train_acc=0.7518 val_loss=0.7495 val_acc=0.7490
epoch=004 train_loss=0.5969 train_acc=0.7923 val_loss=0.6055 val_acc=0.7832
epoch=005 train_loss=0.5184 train_acc=0.8201 val_loss=0.5302 val_acc=0.8166
epoch=006 train_loss=0.4569 train_acc=0.8426 val_loss=0.4939 val_acc=0.8364
epoch=007 train_loss=0.4063 train_acc=0.8585 val_loss=0.5434 val_acc=0.8222
epoch=008 train_loss=0.3671 train_acc=0.8730 val_loss=0.4837 val_acc=0.8366
epoch=009 train_loss=0.3240 train_acc=0.8878 val_loss=0.3657 val_acc=0.8760
epoch=010 train_loss=0.2836 train_acc=0.9014 val_loss=0.3675 val_acc=0.8836
epoch=011 train_loss=0.2512 train_acc=0.9139 val_loss=0.3630 val_acc=0.8828
epoch=012 train_loss=0.2247 train_acc=0.9230 val_loss=0.3417 val_acc=0.8856
epoch=013 train_loss=0.1913 train_acc=0.9334 val_loss=0.3346 val_acc=0.8972
epoch=014 train_loss=0.1617 train_acc=0.9443 val_loss=0.3072 val_acc=0.9022
epoch=015 train_loss=0.1422 train_acc=0.9499 val_loss=0.3198 val_acc=0.9006
epoch=016 train_loss=0.1169 train_acc=0.9596 val_loss=0.2870 val_acc=0.9116
epoch=017 train_loss=0.0982 train_acc=0.9663 val_loss=0.2882 val_acc=0.9126
epoch=018 train_loss=0.0872 train_acc=0.9707 val_loss=0.2919 val_acc=0.9152
epoch=019 train_loss=0.0764 train_acc=0.9751 val_loss=0.2891 val_acc=0.9180
epoch=020 train_loss=0.0722 train_acc=0.9762 val_loss=0.2893 val_acc=0.9166
final_test_loss=0.3073 final_test_acc=0.9136 best_val_acc=0.9180 best_epoch=19
Job finished at: Wed Jul  8 18:33:44 CEST 2026
