Using training resolved config: experiments/experiment-c10-r18-lejepa-v5-sigreg-002/configs/resolved_20260702_102517_train_lejepa_lejepa_3412555.yaml
Using backbone checkpoint: experiments/experiment-c10-r18-lejepa-v5-sigreg-002/checkpoints/resnet18_lejepa_backbone_best.pt
Evaluating LeJEPA feature spaces
  config: experiments/experiment-c10-r18-lejepa-v5-sigreg-002/configs/resolved_20260702_102517_train_lejepa_lejepa_3412555.yaml
  checkpoint: experiments/experiment-c10-r18-lejepa-v5-sigreg-002/checkpoints/resnet18_lejepa_backbone_best.pt
  device: cuda
  batch_size: 256
  max_bank_samples: 50000
  max_test_samples: 10000
Building LeJEPA model from checkpoint['config'] to avoid config/checkpoint shape mismatch.
  checkpoint model config: {'architecture': 'resnet18_cifar', 'image_size': 32, 'num_classes': 10, 'feature_dim': 512, 'projection_dim': 256, 'prediction_dim': 512}

=== Feature source: backbone ===
Best kNN: 0.6760 at k=50
Diagnostics: std_mean=0.301223, std_min=0.165598, norm_mean=8.276167, dim=512

=== Feature source: projector ===
Best kNN: 0.6451 at k=100
Diagnostics: std_mean=0.968580, std_min=0.838920, norm_mean=15.518384, dim=256

=== Feature source: predictor ===
Best kNN: 0.6453 at k=100
Diagnostics: std_mean=1.424437, std_min=1.233379, norm_mean=22.825531, dim=256

Saved:
  experiments/experiment-c10-r18-lejepa-v5-sigreg-002/metrics/feature_spaces/resnet18_cifar_resnet18_lejepa_backbone_best_feature_spaces.yaml
  experiments/experiment-c10-r18-lejepa-v5-sigreg-002/metrics/feature_spaces/resnet18_cifar_resnet18_lejepa_backbone_best_feature_spaces.csv
