Using device: cuda
Public ViT inference-only LSAS settings:
  config: configs/public_okai_lejepa_vitb16_imagenet100_inference.yaml
  model: /leonardo_scratch/large/userexternal/apromots/doubleN/cv/hf_models/okai_lejepa_vitb16
  checkpoint: none; using frozen public pretrained backbone directly
  xai_method: last_attention
  layers: ['patch_latent']
  max_samples: 5000
  batch_size: 32
  output_csv: experiments/public-okai-vitb16-in100-infer-full/metrics/public_okai_lejepa_vitb16_imagenet100_lsas_inference_last_attention.csv

Public ViT inference-only LSAS completed.
Saved CSV: experiments/public-okai-vitb16-in100-infer-full/metrics/public_okai_lejepa_vitb16_imagenet100_lsas_inference_last_attention.csv
Saved curve: experiments/public-okai-vitb16-in100-infer-full/metrics/public_okai_lejepa_vitb16_imagenet100_lsas_inference_last_attention_curve.png
Processed images: 5000
Rows: 5000
Elapsed: 1.24 min

Mean metrics per layer:
                  lsas  corr_pca_xai  soft_iou_pca_xai
layer                                                 
patch_latent  0.300394      0.225208          0.375581
