Job started at: Wed Jul  1 18:37:24 CEST 2026
Node: lrdn2365.leonardo.local
Config path: configs/cifar10_vit_lejepa_v4_short_lr1e4_sig005.yaml
Wed Jul  1 18:37:24 2026       
+---------------------------------------------------------------------------------------+
| NVIDIA-SMI 535.274.02             Driver Version: 535.274.02   CUDA Version: 12.2     |
|-----------------------------------------+----------------------+----------------------+
| GPU  Name                 Persistence-M | Bus-Id        Disp.A | Volatile Uncorr. ECC |
| Fan  Temp   Perf          Pwr:Usage/Cap |         Memory-Usage | GPU-Util  Compute M. |
|                                         |                      |               MIG M. |
|=========================================+======================+======================|
|   0  NVIDIA A100-SXM-64GB           On  | 00000000:8F:00.0 Off |                    0 |
| N/A   43C    P0              61W / 458W |      0MiB / 65536MiB |      0%      Default |
|                                         |                      |             Disabled |
+-----------------------------------------+----------------------+----------------------+
                                                                                         
+---------------------------------------------------------------------------------------+
| Processes:                                                                            |
|  GPU   GI   CI        PID   Type   Process name                            GPU Memory |
|        ID   ID                                                             Usage      |
|=======================================================================================|
|  No running processes found                                                           |
+---------------------------------------------------------------------------------------+
LeJEPA ViT pretraining method:
  architecture: vit_tiny_cifar
  sigreg_implementation: official
  num_global_views: 2
  num_local_views: 0
  scheduler: warmup_cosine warmup_epochs=5
  checkpoint_selection: enabled=True metric=knn
  stop_gradient: false
  teacher_student_or_ema: false
epoch=001 vit_lejepa_loss=0.8701 pred=0.0062 sigreg=172.7601 lr=4e-05
epoch=002 vit_lejepa_loss=0.3453 pred=0.0037 sigreg=68.3272 lr=6e-05
epoch=003 vit_lejepa_loss=0.2115 pred=0.0031 sigreg=41.6764 lr=8e-05
epoch=004 vit_lejepa_loss=0.1583 pred=0.0032 sigreg=31.0282 lr=0.0001
epoch=005 vit_lejepa_loss=0.1288 pred=0.0032 sigreg=25.1119 lr=0.0001
epoch=006 vit_lejepa_loss=0.1070 pred=0.0033 sigreg=20.7369 lr=9.99727e-05
epoch=007 vit_lejepa_loss=0.0942 pred=0.0034 sigreg=18.1595 lr=9.98907e-05
epoch=008 vit_lejepa_loss=0.0853 pred=0.0035 sigreg=16.3685 lr=9.97541e-05
epoch=009 vit_lejepa_loss=0.0808 pred=0.0035 sigreg=15.4649 lr=9.95632e-05
epoch=010 vit_lejepa_loss=0.0752 pred=0.0035 sigreg=14.3380 lr=9.93181e-05
epoch=011 vit_lejepa_loss=0.0706 pred=0.0035 sigreg=13.4266 lr=9.9019e-05
epoch=012 vit_lejepa_loss=0.0676 pred=0.0035 sigreg=12.8187 lr=9.86663e-05
epoch=013 vit_lejepa_loss=0.0639 pred=0.0035 sigreg=12.0776 lr=9.82604e-05
epoch=014 vit_lejepa_loss=0.0613 pred=0.0035 sigreg=11.5624 lr=9.78018e-05
epoch=015 vit_lejepa_loss=0.0585 pred=0.0035 sigreg=10.9979 lr=9.72909e-05
epoch=016 vit_lejepa_loss=0.0560 pred=0.0036 sigreg=10.4832 lr=9.67282e-05
epoch=017 vit_lejepa_loss=0.0537 pred=0.0036 sigreg=10.0216 lr=9.61145e-05
epoch=018 vit_lejepa_loss=0.0518 pred=0.0037 sigreg=9.6254 lr=9.54503e-05
epoch=019 vit_lejepa_loss=0.0504 pred=0.0037 sigreg=9.3448 lr=9.47365e-05
epoch=020 vit_lejepa_loss=0.0486 pred=0.0037 sigreg=8.9890 lr=9.39737e-05
epoch=021 vit_lejepa_loss=0.0477 pred=0.0037 sigreg=8.8072 lr=9.31628e-05
epoch=022 vit_lejepa_loss=0.0464 pred=0.0037 sigreg=8.5357 lr=9.23048e-05
epoch=023 vit_lejepa_loss=0.0455 pred=0.0037 sigreg=8.3505 lr=9.14004e-05
epoch=024 vit_lejepa_loss=0.0440 pred=0.0037 sigreg=8.0449 lr=9.04508e-05
epoch=025 vit_lejepa_loss=0.0433 pred=0.0037 sigreg=7.9035 lr=8.9457e-05
epoch=026 vit_lejepa_loss=0.0425 pred=0.0038 sigreg=7.7445 lr=8.84201e-05
epoch=027 vit_lejepa_loss=0.0413 pred=0.0038 sigreg=7.5062 lr=8.73411e-05
epoch=028 vit_lejepa_loss=0.0404 pred=0.0038 sigreg=7.3167 lr=8.62213e-05
epoch=029 vit_lejepa_loss=0.0394 pred=0.0038 sigreg=7.1157 lr=8.50618e-05
epoch=030 vit_lejepa_loss=0.0388 pred=0.0038 sigreg=7.0013 lr=8.38641e-05
epoch=031 vit_lejepa_loss=0.0382 pred=0.0038 sigreg=6.8738 lr=8.26293e-05
epoch=032 vit_lejepa_loss=0.0375 pred=0.0038 sigreg=6.7251 lr=8.13588e-05
epoch=033 vit_lejepa_loss=0.0369 pred=0.0038 sigreg=6.6173 lr=8.00541e-05
epoch=034 vit_lejepa_loss=0.0360 pred=0.0039 sigreg=6.4318 lr=7.87164e-05
epoch=035 vit_lejepa_loss=0.0356 pred=0.0039 sigreg=6.3363 lr=7.73474e-05
epoch=036 vit_lejepa_loss=0.0350 pred=0.0039 sigreg=6.2224 lr=7.59485e-05
epoch=037 vit_lejepa_loss=0.0345 pred=0.0039 sigreg=6.1247 lr=7.45212e-05
epoch=038 vit_lejepa_loss=0.0338 pred=0.0039 sigreg=5.9928 lr=7.30671e-05
epoch=039 vit_lejepa_loss=0.0336 pred=0.0039 sigreg=5.9371 lr=7.15877e-05
epoch=040 vit_lejepa_loss=0.0329 pred=0.0039 sigreg=5.8038 lr=7.00848e-05
epoch=041 vit_lejepa_loss=0.0326 pred=0.0039 sigreg=5.7447 lr=6.85599e-05
epoch=042 vit_lejepa_loss=0.0320 pred=0.0039 sigreg=5.6210 lr=6.70147e-05
epoch=043 vit_lejepa_loss=0.0318 pred=0.0039 sigreg=5.5683 lr=6.54508e-05
epoch=044 vit_lejepa_loss=0.0313 pred=0.0039 sigreg=5.4931 lr=6.38701e-05
epoch=045 vit_lejepa_loss=0.0309 pred=0.0039 sigreg=5.4021 lr=6.22743e-05
epoch=046 vit_lejepa_loss=0.0308 pred=0.0039 sigreg=5.3724 lr=6.0665e-05
epoch=047 vit_lejepa_loss=0.0305 pred=0.0039 sigreg=5.3157 lr=5.9044e-05
epoch=048 vit_lejepa_loss=0.0302 pred=0.0039 sigreg=5.2537 lr=5.74132e-05
epoch=049 vit_lejepa_loss=0.0296 pred=0.0039 sigreg=5.1369 lr=5.57742e-05
epoch=050 vit_lejepa_loss=0.0298 pred=0.0039 sigreg=5.1628 lr=5.4129e-05
epoch=051 vit_lejepa_loss=0.0294 pred=0.0039 sigreg=5.1044 lr=5.24792e-05
epoch=052 vit_lejepa_loss=0.0289 pred=0.0039 sigreg=4.9940 lr=5.08267e-05
epoch=053 vit_lejepa_loss=0.0286 pred=0.0039 sigreg=4.9335 lr=4.91733e-05
epoch=054 vit_lejepa_loss=0.0283 pred=0.0039 sigreg=4.8656 lr=4.75208e-05
epoch=055 vit_lejepa_loss=0.0281 pred=0.0039 sigreg=4.8321 lr=4.5871e-05
epoch=056 vit_lejepa_loss=0.0278 pred=0.0039 sigreg=4.7835 lr=4.42258e-05
epoch=057 vit_lejepa_loss=0.0277 pred=0.0039 sigreg=4.7458 lr=4.25868e-05
epoch=058 vit_lejepa_loss=0.0274 pred=0.0039 sigreg=4.6868 lr=4.0956e-05
epoch=059 vit_lejepa_loss=0.0272 pred=0.0039 sigreg=4.6473 lr=3.9335e-05
epoch=060 vit_lejepa_loss=0.0270 pred=0.0039 sigreg=4.6196 lr=3.77257e-05
epoch=061 vit_lejepa_loss=0.0267 pred=0.0039 sigreg=4.5535 lr=3.61299e-05
epoch=062 vit_lejepa_loss=0.0265 pred=0.0039 sigreg=4.5061 lr=3.45492e-05
epoch=063 vit_lejepa_loss=0.0264 pred=0.0039 sigreg=4.4844 lr=3.29853e-05
epoch=064 vit_lejepa_loss=0.0261 pred=0.0039 sigreg=4.4404 lr=3.14401e-05
epoch=065 vit_lejepa_loss=0.0258 pred=0.0039 sigreg=4.3739 lr=2.99152e-05
epoch=066 vit_lejepa_loss=0.0257 pred=0.0039 sigreg=4.3429 lr=2.84123e-05
epoch=067 vit_lejepa_loss=0.0256 pred=0.0039 sigreg=4.3289 lr=2.69329e-05
epoch=068 vit_lejepa_loss=0.0254 pred=0.0039 sigreg=4.2892 lr=2.54788e-05
epoch=069 vit_lejepa_loss=0.0252 pred=0.0039 sigreg=4.2467 lr=2.40515e-05
epoch=070 vit_lejepa_loss=0.0252 pred=0.0039 sigreg=4.2501 lr=2.26526e-05
epoch=071 vit_lejepa_loss=0.0250 pred=0.0039 sigreg=4.2159 lr=2.12836e-05
epoch=072 vit_lejepa_loss=0.0248 pred=0.0039 sigreg=4.1860 lr=1.99459e-05
epoch=073 vit_lejepa_loss=0.0249 pred=0.0039 sigreg=4.1991 lr=1.86412e-05
epoch=074 vit_lejepa_loss=0.0246 pred=0.0039 sigreg=4.1344 lr=1.73707e-05
epoch=075 vit_lejepa_loss=0.0246 pred=0.0039 sigreg=4.1372 lr=1.61359e-05
epoch=076 vit_lejepa_loss=0.0245 pred=0.0039 sigreg=4.1143 lr=1.49382e-05
epoch=077 vit_lejepa_loss=0.0243 pred=0.0039 sigreg=4.0764 lr=1.37787e-05
epoch=078 vit_lejepa_loss=0.0243 pred=0.0039 sigreg=4.0731 lr=1.26589e-05
epoch=079 vit_lejepa_loss=0.0242 pred=0.0039 sigreg=4.0684 lr=1.15799e-05
epoch=080 vit_lejepa_loss=0.0241 pred=0.0039 sigreg=4.0293 lr=1.0543e-05
epoch=081 vit_lejepa_loss=0.0241 pred=0.0039 sigreg=4.0287 lr=9.54915e-06
epoch=082 vit_lejepa_loss=0.0240 pred=0.0039 sigreg=4.0229 lr=8.59956e-06
epoch=083 vit_lejepa_loss=0.0239 pred=0.0039 sigreg=4.0036 lr=7.69524e-06
epoch=084 vit_lejepa_loss=0.0239 pred=0.0039 sigreg=3.9965 lr=6.83718e-06
epoch=085 vit_lejepa_loss=0.0239 pred=0.0039 sigreg=3.9894 lr=6.02631e-06
epoch=086 vit_lejepa_loss=0.0237 pred=0.0039 sigreg=3.9563 lr=5.26353e-06
epoch=087 vit_lejepa_loss=0.0237 pred=0.0039 sigreg=3.9533 lr=4.54967e-06
epoch=088 vit_lejepa_loss=0.0237 pred=0.0039 sigreg=3.9604 lr=3.88551e-06
epoch=089 vit_lejepa_loss=0.0235 pred=0.0039 sigreg=3.9214 lr=3.27178e-06
epoch=090 vit_lejepa_loss=0.0236 pred=0.0039 sigreg=3.9360 lr=2.70914e-06
epoch=091 vit_lejepa_loss=0.0235 pred=0.0039 sigreg=3.9203 lr=2.19821e-06
epoch=092 vit_lejepa_loss=0.0237 pred=0.0039 sigreg=3.9594 lr=1.73955e-06
epoch=093 vit_lejepa_loss=0.0237 pred=0.0039 sigreg=3.9484 lr=1.33367e-06
epoch=094 vit_lejepa_loss=0.0235 pred=0.0039 sigreg=3.9166 lr=9.81002e-07
epoch=095 vit_lejepa_loss=0.0235 pred=0.0039 sigreg=3.9080 lr=6.81935e-07
epoch=096 vit_lejepa_loss=0.0235 pred=0.0039 sigreg=3.9137 lr=4.36797e-07
epoch=097 vit_lejepa_loss=0.0236 pred=0.0039 sigreg=3.9368 lr=2.45855e-07
epoch=098 vit_lejepa_loss=0.0235 pred=0.0039 sigreg=3.9141 lr=1.09319e-07
epoch=099 vit_lejepa_loss=0.0235 pred=0.0039 sigreg=3.9215 lr=2.73371e-08
epoch=100 vit_lejepa_loss=0.0235 pred=0.0039 sigreg=3.9237 lr=0
Backbone checkpoint selection by frozen-backbone kNN:
  candidates: 12
  k values: [20, 50, 100]
  max_bank_samples: 10000
  max_test_samples: 2000

Evaluating candidate: experiments/experiment-c10-vit-lejepa-v4-short-lr1e4-sig005/checkpoints/vit_lejepa_backbone_last.pt

Evaluating candidate: experiments/experiment-c10-vit-lejepa-v4-short-lr1e4-sig005/checkpoints/vit_lejepa_backbone_loss_best.pt

Evaluating candidate: experiments/experiment-c10-vit-lejepa-v4-short-lr1e4-sig005/checkpoints/vit_lejepa_backbone_epoch_010.pt

Evaluating candidate: experiments/experiment-c10-vit-lejepa-v4-short-lr1e4-sig005/checkpoints/vit_lejepa_backbone_epoch_020.pt

Evaluating candidate: experiments/experiment-c10-vit-lejepa-v4-short-lr1e4-sig005/checkpoints/vit_lejepa_backbone_epoch_030.pt

Evaluating candidate: experiments/experiment-c10-vit-lejepa-v4-short-lr1e4-sig005/checkpoints/vit_lejepa_backbone_epoch_040.pt

Evaluating candidate: experiments/experiment-c10-vit-lejepa-v4-short-lr1e4-sig005/checkpoints/vit_lejepa_backbone_epoch_050.pt

Evaluating candidate: experiments/experiment-c10-vit-lejepa-v4-short-lr1e4-sig005/checkpoints/vit_lejepa_backbone_epoch_060.pt

Evaluating candidate: experiments/experiment-c10-vit-lejepa-v4-short-lr1e4-sig005/checkpoints/vit_lejepa_backbone_epoch_070.pt

Evaluating candidate: experiments/experiment-c10-vit-lejepa-v4-short-lr1e4-sig005/checkpoints/vit_lejepa_backbone_epoch_080.pt

Evaluating candidate: experiments/experiment-c10-vit-lejepa-v4-short-lr1e4-sig005/checkpoints/vit_lejepa_backbone_epoch_090.pt

Evaluating candidate: experiments/experiment-c10-vit-lejepa-v4-short-lr1e4-sig005/checkpoints/vit_lejepa_backbone_epoch_100.pt

Backbone checkpoint selection completed.
  selected: experiments/experiment-c10-vit-lejepa-v4-short-lr1e4-sig005/checkpoints/vit_lejepa_backbone_last.pt
  best kNN: 0.3670 at k=50
  saved CSV: experiments/experiment-c10-vit-lejepa-v4-short-lr1e4-sig005/metrics/checkpoint_selection/backbone_checkpoint_selection_knn.csv
  overwritten backbone_best_path: experiments/experiment-c10-vit-lejepa-v4-short-lr1e4-sig005/checkpoints/vit_lejepa_backbone_best.pt
probe_epoch=001 train_loss=1.9784 train_acc=0.2800 val_loss=1.8323 val_acc=0.3432 lr=0.02
probe_epoch=002 train_loss=1.7999 train_acc=0.3442 val_loss=1.7717 val_acc=0.3574 lr=0.03
probe_epoch=003 train_loss=1.7730 train_acc=0.3529 val_loss=1.7458 val_acc=0.3704 lr=0.04
probe_epoch=004 train_loss=1.7568 train_acc=0.3592 val_loss=1.7483 val_acc=0.3670 lr=0.05
probe_epoch=005 train_loss=1.7516 train_acc=0.3616 val_loss=1.7486 val_acc=0.3608 lr=0.05
probe_epoch=006 train_loss=1.7426 train_acc=0.3648 val_loss=1.7332 val_acc=0.3714 lr=0.0499941
probe_epoch=007 train_loss=1.7361 train_acc=0.3648 val_loss=1.7430 val_acc=0.3664 lr=0.0499765
probe_epoch=008 train_loss=1.7352 train_acc=0.3693 val_loss=1.7345 val_acc=0.3700 lr=0.0499472
probe_epoch=009 train_loss=1.7246 train_acc=0.3722 val_loss=1.7345 val_acc=0.3658 lr=0.0499062
probe_epoch=010 train_loss=1.7242 train_acc=0.3738 val_loss=1.7383 val_acc=0.3774 lr=0.0498534
probe_epoch=011 train_loss=1.7196 train_acc=0.3740 val_loss=1.7297 val_acc=0.3748 lr=0.0497891
probe_epoch=012 train_loss=1.7199 train_acc=0.3745 val_loss=1.7277 val_acc=0.3756 lr=0.049713
probe_epoch=013 train_loss=1.7195 train_acc=0.3763 val_loss=1.7335 val_acc=0.3740 lr=0.0496254
probe_epoch=014 train_loss=1.7231 train_acc=0.3724 val_loss=1.7282 val_acc=0.3732 lr=0.0495262
probe_epoch=015 train_loss=1.7181 train_acc=0.3773 val_loss=1.7188 val_acc=0.3786 lr=0.0494155
probe_epoch=016 train_loss=1.7161 train_acc=0.3772 val_loss=1.7195 val_acc=0.3780 lr=0.0492934
probe_epoch=017 train_loss=1.7209 train_acc=0.3726 val_loss=1.7263 val_acc=0.3700 lr=0.0491598
probe_epoch=018 train_loss=1.7125 train_acc=0.3777 val_loss=1.7264 val_acc=0.3766 lr=0.0490149
probe_epoch=019 train_loss=1.7126 train_acc=0.3762 val_loss=1.7171 val_acc=0.3808 lr=0.0488587
probe_epoch=020 train_loss=1.7172 train_acc=0.3762 val_loss=1.7200 val_acc=0.3766 lr=0.0486913
probe_epoch=021 train_loss=1.7128 train_acc=0.3752 val_loss=1.7185 val_acc=0.3726 lr=0.0485128
probe_epoch=022 train_loss=1.7152 train_acc=0.3775 val_loss=1.7215 val_acc=0.3800 lr=0.0483233
probe_epoch=023 train_loss=1.7115 train_acc=0.3759 val_loss=1.7177 val_acc=0.3682 lr=0.0481228
probe_epoch=024 train_loss=1.7128 train_acc=0.3761 val_loss=1.7171 val_acc=0.3832 lr=0.0479115
probe_epoch=025 train_loss=1.7130 train_acc=0.3755 val_loss=1.7102 val_acc=0.3746 lr=0.0476894
probe_epoch=026 train_loss=1.7109 train_acc=0.3780 val_loss=1.7253 val_acc=0.3752 lr=0.0474566
probe_epoch=027 train_loss=1.7106 train_acc=0.3807 val_loss=1.7181 val_acc=0.3798 lr=0.0472134
probe_epoch=028 train_loss=1.7124 train_acc=0.3770 val_loss=1.7081 val_acc=0.3806 lr=0.0469596
probe_epoch=029 train_loss=1.7095 train_acc=0.3801 val_loss=1.7275 val_acc=0.3798 lr=0.0466956
probe_epoch=030 train_loss=1.7145 train_acc=0.3769 val_loss=1.7239 val_acc=0.3756 lr=0.0464214
probe_epoch=031 train_loss=1.7105 train_acc=0.3793 val_loss=1.7137 val_acc=0.3796 lr=0.0461372
probe_epoch=032 train_loss=1.7077 train_acc=0.3790 val_loss=1.7144 val_acc=0.3810 lr=0.045843
probe_epoch=033 train_loss=1.7126 train_acc=0.3794 val_loss=1.7176 val_acc=0.3796 lr=0.045539
probe_epoch=034 train_loss=1.7099 train_acc=0.3782 val_loss=1.7197 val_acc=0.3746 lr=0.0452254
probe_epoch=035 train_loss=1.7080 train_acc=0.3791 val_loss=1.7175 val_acc=0.3736 lr=0.0449023
probe_epoch=036 train_loss=1.7086 train_acc=0.3791 val_loss=1.7146 val_acc=0.3802 lr=0.0445699
probe_epoch=037 train_loss=1.7095 train_acc=0.3817 val_loss=1.7259 val_acc=0.3804 lr=0.0442283
probe_epoch=038 train_loss=1.7115 train_acc=0.3780 val_loss=1.7221 val_acc=0.3818 lr=0.0438776
probe_epoch=039 train_loss=1.7044 train_acc=0.3838 val_loss=1.7228 val_acc=0.3794 lr=0.0435181
probe_epoch=040 train_loss=1.7079 train_acc=0.3809 val_loss=1.7213 val_acc=0.3790 lr=0.0431499
probe_epoch=041 train_loss=1.7075 train_acc=0.3819 val_loss=1.7156 val_acc=0.3846 lr=0.0427732
probe_epoch=042 train_loss=1.7082 train_acc=0.3806 val_loss=1.7222 val_acc=0.3824 lr=0.0423881
probe_epoch=043 train_loss=1.7118 train_acc=0.3782 val_loss=1.7131 val_acc=0.3828 lr=0.0419949
probe_epoch=044 train_loss=1.7059 train_acc=0.3813 val_loss=1.7191 val_acc=0.3778 lr=0.0415937
probe_epoch=045 train_loss=1.7070 train_acc=0.3813 val_loss=1.7006 val_acc=0.3848 lr=0.0411847
probe_epoch=046 train_loss=1.7078 train_acc=0.3803 val_loss=1.7144 val_acc=0.3836 lr=0.0407681
probe_epoch=047 train_loss=1.7062 train_acc=0.3808 val_loss=1.7163 val_acc=0.3848 lr=0.0403441
probe_epoch=048 train_loss=1.7054 train_acc=0.3791 val_loss=1.7035 val_acc=0.3834 lr=0.0399129
probe_epoch=049 train_loss=1.7073 train_acc=0.3802 val_loss=1.7146 val_acc=0.3846 lr=0.0394747
probe_epoch=050 train_loss=1.7022 train_acc=0.3844 val_loss=1.7080 val_acc=0.3816 lr=0.0390297
probe_epoch=051 train_loss=1.7047 train_acc=0.3823 val_loss=1.6994 val_acc=0.3850 lr=0.0385781
probe_epoch=052 train_loss=1.7061 train_acc=0.3817 val_loss=1.7143 val_acc=0.3804 lr=0.0381201
probe_epoch=053 train_loss=1.7028 train_acc=0.3817 val_loss=1.7098 val_acc=0.3858 lr=0.037656
probe_epoch=054 train_loss=1.7092 train_acc=0.3799 val_loss=1.7162 val_acc=0.3768 lr=0.037186
probe_epoch=055 train_loss=1.7059 train_acc=0.3786 val_loss=1.7011 val_acc=0.3884 lr=0.0367102
probe_epoch=056 train_loss=1.7078 train_acc=0.3815 val_loss=1.7269 val_acc=0.3756 lr=0.0362289
probe_epoch=057 train_loss=1.7029 train_acc=0.3818 val_loss=1.7089 val_acc=0.3862 lr=0.0357424
probe_epoch=058 train_loss=1.7020 train_acc=0.3818 val_loss=1.7134 val_acc=0.3808 lr=0.0352508
probe_epoch=059 train_loss=1.7019 train_acc=0.3800 val_loss=1.7073 val_acc=0.3848 lr=0.0347544
probe_epoch=060 train_loss=1.7048 train_acc=0.3827 val_loss=1.7096 val_acc=0.3776 lr=0.0342535
probe_epoch=061 train_loss=1.7031 train_acc=0.3826 val_loss=1.7030 val_acc=0.3888 lr=0.0337481
probe_epoch=062 train_loss=1.7020 train_acc=0.3814 val_loss=1.7061 val_acc=0.3794 lr=0.0332387
probe_epoch=063 train_loss=1.7027 train_acc=0.3821 val_loss=1.7123 val_acc=0.3788 lr=0.0327254
probe_epoch=064 train_loss=1.6956 train_acc=0.3862 val_loss=1.7105 val_acc=0.3794 lr=0.0322085
probe_epoch=065 train_loss=1.7058 train_acc=0.3805 val_loss=1.7065 val_acc=0.3792 lr=0.0316882
probe_epoch=066 train_loss=1.7029 train_acc=0.3808 val_loss=1.7152 val_acc=0.3844 lr=0.0311648
probe_epoch=067 train_loss=1.6953 train_acc=0.3835 val_loss=1.7034 val_acc=0.3862 lr=0.0306384
probe_epoch=068 train_loss=1.6996 train_acc=0.3846 val_loss=1.7050 val_acc=0.3810 lr=0.0301095
probe_epoch=069 train_loss=1.6999 train_acc=0.3843 val_loss=1.7030 val_acc=0.3814 lr=0.0295781
probe_epoch=070 train_loss=1.7006 train_acc=0.3814 val_loss=1.7135 val_acc=0.3802 lr=0.0290445
probe_epoch=071 train_loss=1.6992 train_acc=0.3826 val_loss=1.7101 val_acc=0.3820 lr=0.0285091
probe_epoch=072 train_loss=1.6986 train_acc=0.3844 val_loss=1.7076 val_acc=0.3830 lr=0.0279721
probe_epoch=073 train_loss=1.6987 train_acc=0.3845 val_loss=1.7021 val_acc=0.3890 lr=0.0274336
probe_epoch=074 train_loss=1.6969 train_acc=0.3827 val_loss=1.7045 val_acc=0.3830 lr=0.026894
probe_epoch=075 train_loss=1.6975 train_acc=0.3841 val_loss=1.7022 val_acc=0.3852 lr=0.0263535
probe_epoch=076 train_loss=1.7002 train_acc=0.3856 val_loss=1.7016 val_acc=0.3900 lr=0.0258123
probe_epoch=077 train_loss=1.6995 train_acc=0.3850 val_loss=1.7054 val_acc=0.3876 lr=0.0252708
probe_epoch=078 train_loss=1.6932 train_acc=0.3865 val_loss=1.7096 val_acc=0.3814 lr=0.0247292
probe_epoch=079 train_loss=1.6966 train_acc=0.3873 val_loss=1.7083 val_acc=0.3842 lr=0.0241877
probe_epoch=080 train_loss=1.6939 train_acc=0.3848 val_loss=1.7026 val_acc=0.3860 lr=0.0236465
probe_epoch=081 train_loss=1.6965 train_acc=0.3840 val_loss=1.7120 val_acc=0.3816 lr=0.023106
probe_epoch=082 train_loss=1.6992 train_acc=0.3856 val_loss=1.7092 val_acc=0.3810 lr=0.0225664
probe_epoch=083 train_loss=1.6895 train_acc=0.3880 val_loss=1.7037 val_acc=0.3842 lr=0.0220279
probe_epoch=084 train_loss=1.6964 train_acc=0.3871 val_loss=1.6990 val_acc=0.3872 lr=0.0214909
probe_epoch=085 train_loss=1.6927 train_acc=0.3873 val_loss=1.7100 val_acc=0.3790 lr=0.0209555
probe_epoch=086 train_loss=1.6931 train_acc=0.3885 val_loss=1.7071 val_acc=0.3840 lr=0.0204219
probe_epoch=087 train_loss=1.6950 train_acc=0.3880 val_loss=1.7006 val_acc=0.3894 lr=0.0198905
probe_epoch=088 train_loss=1.6918 train_acc=0.3874 val_loss=1.7004 val_acc=0.3884 lr=0.0193616
probe_epoch=089 train_loss=1.6985 train_acc=0.3883 val_loss=1.7020 val_acc=0.3842 lr=0.0188352
probe_epoch=090 train_loss=1.6902 train_acc=0.3898 val_loss=1.7002 val_acc=0.3834 lr=0.0183118
probe_epoch=091 train_loss=1.6892 train_acc=0.3879 val_loss=1.6995 val_acc=0.3880 lr=0.0177915
probe_epoch=092 train_loss=1.6910 train_acc=0.3892 val_loss=1.7010 val_acc=0.3836 lr=0.0172746
probe_epoch=093 train_loss=1.6926 train_acc=0.3869 val_loss=1.6947 val_acc=0.3892 lr=0.0167613
probe_epoch=094 train_loss=1.6952 train_acc=0.3876 val_loss=1.6888 val_acc=0.3876 lr=0.0162519
probe_epoch=095 train_loss=1.6903 train_acc=0.3883 val_loss=1.6955 val_acc=0.3910 lr=0.0157465
probe_epoch=096 train_loss=1.6944 train_acc=0.3865 val_loss=1.6964 val_acc=0.3888 lr=0.0152456
probe_epoch=097 train_loss=1.6918 train_acc=0.3890 val_loss=1.6986 val_acc=0.3902 lr=0.0147492
probe_epoch=098 train_loss=1.6940 train_acc=0.3896 val_loss=1.6986 val_acc=0.3892 lr=0.0142576
probe_epoch=099 train_loss=1.6900 train_acc=0.3909 val_loss=1.6988 val_acc=0.3858 lr=0.0137711
probe_epoch=100 train_loss=1.6885 train_acc=0.3896 val_loss=1.6966 val_acc=0.3850 lr=0.0132898
probe_epoch=101 train_loss=1.6935 train_acc=0.3867 val_loss=1.6979 val_acc=0.3874 lr=0.012814
probe_epoch=102 train_loss=1.6862 train_acc=0.3886 val_loss=1.6961 val_acc=0.3896 lr=0.012344
probe_epoch=103 train_loss=1.6896 train_acc=0.3882 val_loss=1.6949 val_acc=0.3918 lr=0.0118799
probe_epoch=104 train_loss=1.6909 train_acc=0.3890 val_loss=1.6997 val_acc=0.3890 lr=0.0114219
probe_epoch=105 train_loss=1.6889 train_acc=0.3873 val_loss=1.6925 val_acc=0.3898 lr=0.0109703
probe_epoch=106 train_loss=1.6898 train_acc=0.3870 val_loss=1.6977 val_acc=0.3904 lr=0.0105253
probe_epoch=107 train_loss=1.6874 train_acc=0.3901 val_loss=1.7003 val_acc=0.3882 lr=0.0100871
probe_epoch=108 train_loss=1.6871 train_acc=0.3921 val_loss=1.6982 val_acc=0.3876 lr=0.00965593
probe_epoch=109 train_loss=1.6852 train_acc=0.3885 val_loss=1.6951 val_acc=0.3916 lr=0.00923194
probe_epoch=110 train_loss=1.6838 train_acc=0.3909 val_loss=1.6973 val_acc=0.3924 lr=0.00881534
probe_epoch=111 train_loss=1.6855 train_acc=0.3907 val_loss=1.6977 val_acc=0.3870 lr=0.00840635
probe_epoch=112 train_loss=1.6845 train_acc=0.3901 val_loss=1.6974 val_acc=0.3886 lr=0.00800514
probe_epoch=113 train_loss=1.6849 train_acc=0.3914 val_loss=1.6953 val_acc=0.3900 lr=0.00761191
probe_epoch=114 train_loss=1.6855 train_acc=0.3907 val_loss=1.6937 val_acc=0.3898 lr=0.00722684
probe_epoch=115 train_loss=1.6832 train_acc=0.3919 val_loss=1.6950 val_acc=0.3894 lr=0.00685011
probe_epoch=116 train_loss=1.6862 train_acc=0.3888 val_loss=1.6921 val_acc=0.3940 lr=0.00648191
probe_epoch=117 train_loss=1.6860 train_acc=0.3895 val_loss=1.6922 val_acc=0.3932 lr=0.00612239
probe_epoch=118 train_loss=1.6849 train_acc=0.3916 val_loss=1.6940 val_acc=0.3922 lr=0.00577174
probe_epoch=119 train_loss=1.6869 train_acc=0.3913 val_loss=1.6957 val_acc=0.3948 lr=0.00543011
probe_epoch=120 train_loss=1.6835 train_acc=0.3920 val_loss=1.6927 val_acc=0.3894 lr=0.00509767
probe_epoch=121 train_loss=1.6791 train_acc=0.3930 val_loss=1.6907 val_acc=0.3906 lr=0.00477458
probe_epoch=122 train_loss=1.6841 train_acc=0.3940 val_loss=1.6931 val_acc=0.3896 lr=0.00446097
probe_epoch=123 train_loss=1.6839 train_acc=0.3926 val_loss=1.6932 val_acc=0.3910 lr=0.00415701
probe_epoch=124 train_loss=1.6813 train_acc=0.3935 val_loss=1.6934 val_acc=0.3906 lr=0.00386283
probe_epoch=125 train_loss=1.6809 train_acc=0.3883 val_loss=1.6919 val_acc=0.3952 lr=0.00357857
probe_epoch=126 train_loss=1.6797 train_acc=0.3949 val_loss=1.6928 val_acc=0.3932 lr=0.00330437
probe_epoch=127 train_loss=1.6817 train_acc=0.3938 val_loss=1.6919 val_acc=0.3904 lr=0.00304035
probe_epoch=128 train_loss=1.6842 train_acc=0.3928 val_loss=1.6915 val_acc=0.3914 lr=0.00278664
probe_epoch=129 train_loss=1.6793 train_acc=0.3952 val_loss=1.6906 val_acc=0.3892 lr=0.00254336
probe_epoch=130 train_loss=1.6809 train_acc=0.3937 val_loss=1.6939 val_acc=0.3892 lr=0.00231061
probe_epoch=131 train_loss=1.6836 train_acc=0.3955 val_loss=1.6920 val_acc=0.3904 lr=0.00208852
probe_epoch=132 train_loss=1.6789 train_acc=0.3936 val_loss=1.6922 val_acc=0.3916 lr=0.00187719
probe_epoch=133 train_loss=1.6804 train_acc=0.3930 val_loss=1.6932 val_acc=0.3904 lr=0.0016767
probe_epoch=134 train_loss=1.6809 train_acc=0.3940 val_loss=1.6932 val_acc=0.3922 lr=0.00148717
probe_epoch=135 train_loss=1.6792 train_acc=0.3946 val_loss=1.6921 val_acc=0.3906 lr=0.00130867
probe_epoch=136 train_loss=1.6783 train_acc=0.3942 val_loss=1.6919 val_acc=0.3918 lr=0.00114129
probe_epoch=137 train_loss=1.6782 train_acc=0.3944 val_loss=1.6926 val_acc=0.3916 lr=0.000985116
probe_epoch=138 train_loss=1.6789 train_acc=0.3951 val_loss=1.6921 val_acc=0.3902 lr=0.000840211
probe_epoch=139 train_loss=1.6786 train_acc=0.3964 val_loss=1.6924 val_acc=0.3896 lr=0.000706647
probe_epoch=140 train_loss=1.6791 train_acc=0.3930 val_loss=1.6925 val_acc=0.3906 lr=0.000584486
probe_epoch=141 train_loss=1.6799 train_acc=0.3925 val_loss=1.6921 val_acc=0.3912 lr=0.000473786
probe_epoch=142 train_loss=1.6782 train_acc=0.3949 val_loss=1.6920 val_acc=0.3908 lr=0.000374599
probe_epoch=143 train_loss=1.6792 train_acc=0.3920 val_loss=1.6923 val_acc=0.3914 lr=0.00028697
probe_epoch=144 train_loss=1.6786 train_acc=0.3946 val_loss=1.6921 val_acc=0.3912 lr=0.000210943
probe_epoch=145 train_loss=1.6779 train_acc=0.3934 val_loss=1.6921 val_acc=0.3910 lr=0.000146551
probe_epoch=146 train_loss=1.6784 train_acc=0.3938 val_loss=1.6919 val_acc=0.3916 lr=9.38257e-05
probe_epoch=147 train_loss=1.6836 train_acc=0.3946 val_loss=1.6919 val_acc=0.3916 lr=5.27914e-05
probe_epoch=148 train_loss=1.6765 train_acc=0.3931 val_loss=1.6919 val_acc=0.3912 lr=2.34674e-05
probe_epoch=149 train_loss=1.6764 train_acc=0.3985 val_loss=1.6919 val_acc=0.3914 lr=5.86755e-06
probe_epoch=150 train_loss=1.6776 train_acc=0.3925 val_loss=1.6919 val_acc=0.3914 lr=0
vit_linear_probe_test_loss=1.7101 vit_linear_probe_test_acc=0.3902 best_val_acc=0.3952 best_epoch=125
Job finished at: Wed Jul  1 19:04:08 CEST 2026
