Started at: Wed Jul  1 17:28:04 CEST 2026
Node: lrdn0761.leonardo.local
Config path: configs/cifar10_resnet18_lejepa_v3.yaml
Wed Jul  1 17:28:04 2026       
+---------------------------------------------------------------------------------------+
| NVIDIA-SMI 535.274.02             Driver Version: 535.274.02   CUDA Version: 12.2     |
|-----------------------------------------+----------------------+----------------------+
| GPU  Name                 Persistence-M | Bus-Id        Disp.A | Volatile Uncorr. ECC |
| Fan  Temp   Perf          Pwr:Usage/Cap |         Memory-Usage | GPU-Util  Compute M. |
|                                         |                      |               MIG M. |
|=========================================+======================+======================|
|   0  NVIDIA A100-SXM-64GB           On  | 00000000:56:00.0 Off |                    0 |
| N/A   43C    P0              63W / 471W |      0MiB / 65536MiB |      0%      Default |
|                                         |                      |             Disabled |
+-----------------------------------------+----------------------+----------------------+
                                                                                         
+---------------------------------------------------------------------------------------+
| Processes:                                                                            |
|  GPU   GI   CI        PID   Type   Process name                            GPU Memory |
|        ID   ID                                                             Usage      |
|=======================================================================================|
|  No running processes found                                                           |
+---------------------------------------------------------------------------------------+
Using device: cuda
Representation evaluation settings:
  mode: lejepa
  architecture: resnet18_cifar
  checkpoint: experiments/experiment-c10-r18-lejepa-light-v3/checkpoints/resnet18_lejepa_probe_best.pt
  batch_size: 256
  max_test_samples: 10000
  max_bank_samples: 50000
  kNN ks: [1, 5, 10, 20, 50, 100]
  feature bank: full train set with eval transforms
  query set: test set

Representation evaluation completed.
Classifier/probe accuracy: 0.5238
Best kNN accuracy: 0.5534 at k=50
Saved YAML: experiments/experiment-c10-r18-lejepa-light-v3/metrics/representation_lejepa.yaml
Saved CSV: experiments/experiment-c10-r18-lejepa-light-v3/metrics/representation_lejepa.csv
Finished at: Wed Jul  1 17:31:02 CEST 2026
