Job started at: Wed Jul  1 14:40:54 CEST 2026
Node: lrdn0362.leonardo.local
Config path: configs/cifar10_resnet18_lejepa_v3.yaml
Project dir: /leonardo_scratch/large/userexternal/apromots/doubleN/cv
Venv dir: /leonardo_scratch/large/userexternal/apromots/doubleN/cv/.venv
Experiment name: experiment-c10-r18-lejepa-light-v3
Wed Jul  1 14:40:54 2026       
+---------------------------------------------------------------------------------------+
| NVIDIA-SMI 535.274.02             Driver Version: 535.274.02   CUDA Version: 12.2     |
|-----------------------------------------+----------------------+----------------------+
| GPU  Name                 Persistence-M | Bus-Id        Disp.A | Volatile Uncorr. ECC |
| Fan  Temp   Perf          Pwr:Usage/Cap |         Memory-Usage | GPU-Util  Compute M. |
|                                         |                      |               MIG M. |
|=========================================+======================+======================|
|   0  NVIDIA A100-SXM-64GB           On  | 00000000:1D:00.0 Off |                    0 |
| N/A   43C    P0              64W / 478W |      0MiB / 65536MiB |      0%      Default |
|                                         |                      |             Disabled |
+-----------------------------------------+----------------------+----------------------+
                                                                                         
+---------------------------------------------------------------------------------------+
| Processes:                                                                            |
|  GPU   GI   CI        PID   Type   Process name                            GPU Memory |
|        ID   ID                                                             Usage      |
|=======================================================================================|
|  No running processes found                                                           |
+---------------------------------------------------------------------------------------+
LeJEPA pretraining method:
  architecture: resnet18_cifar
  sigreg_implementation: official
  num_global_views: 2
  num_local_views: 0
  scheduler: warmup_cosine warmup_epochs=10
  checkpoint_selection: enabled=True metric=knn
  stop_gradient: false
  teacher_student_or_ema: false
epoch=001 lejepa_loss=0.3166 pred=0.0042 sigreg=31.2368 lr=0.0002
epoch=002 lejepa_loss=0.0955 pred=0.0036 sigreg=9.1831 lr=0.0003
epoch=003 lejepa_loss=0.0647 pred=0.0038 sigreg=6.0929 lr=0.0004
epoch=004 lejepa_loss=0.0529 pred=0.0038 sigreg=4.9085 lr=0.0005
epoch=005 lejepa_loss=0.0464 pred=0.0038 sigreg=4.2625 lr=0.0006
epoch=006 lejepa_loss=0.0425 pred=0.0038 sigreg=3.8652 lr=0.0007
epoch=007 lejepa_loss=0.0402 pred=0.0038 sigreg=3.6362 lr=0.0008
epoch=008 lejepa_loss=0.0383 pred=0.0037 sigreg=3.4580 lr=0.0009
epoch=009 lejepa_loss=0.0378 pred=0.0037 sigreg=3.4072 lr=0.001
epoch=010 lejepa_loss=0.0373 pred=0.0038 sigreg=3.3580 lr=0.001
epoch=011 lejepa_loss=0.0353 pred=0.0038 sigreg=3.1582 lr=0.000999984
epoch=012 lejepa_loss=0.0333 pred=0.0037 sigreg=2.9532 lr=0.000999935
epoch=013 lejepa_loss=0.0321 pred=0.0038 sigreg=2.8373 lr=0.000999854
epoch=014 lejepa_loss=0.0313 pred=0.0037 sigreg=2.7531 lr=0.00099974
epoch=015 lejepa_loss=0.0309 pred=0.0037 sigreg=2.7160 lr=0.000999594
epoch=016 lejepa_loss=0.0297 pred=0.0037 sigreg=2.6012 lr=0.000999416
epoch=017 lejepa_loss=0.0294 pred=0.0037 sigreg=2.5735 lr=0.000999205
epoch=018 lejepa_loss=0.0285 pred=0.0037 sigreg=2.4741 lr=0.000998962
epoch=019 lejepa_loss=0.0280 pred=0.0037 sigreg=2.4248 lr=0.000998687
epoch=020 lejepa_loss=0.0277 pred=0.0037 sigreg=2.4003 lr=0.000998379
epoch=021 lejepa_loss=0.0271 pred=0.0037 sigreg=2.3384 lr=0.000998038
epoch=022 lejepa_loss=0.0263 pred=0.0037 sigreg=2.2606 lr=0.000997666
epoch=023 lejepa_loss=0.0260 pred=0.0037 sigreg=2.2310 lr=0.000997261
epoch=024 lejepa_loss=0.0255 pred=0.0037 sigreg=2.1829 lr=0.000996824
epoch=025 lejepa_loss=0.0252 pred=0.0037 sigreg=2.1537 lr=0.000996354
epoch=026 lejepa_loss=0.0248 pred=0.0036 sigreg=2.1162 lr=0.000995853
epoch=027 lejepa_loss=0.0246 pred=0.0037 sigreg=2.0893 lr=0.000995319
epoch=028 lejepa_loss=0.0243 pred=0.0037 sigreg=2.0654 lr=0.000994753
epoch=029 lejepa_loss=0.0238 pred=0.0037 sigreg=2.0122 lr=0.000994155
epoch=030 lejepa_loss=0.0235 pred=0.0037 sigreg=1.9843 lr=0.000993525
epoch=031 lejepa_loss=0.0230 pred=0.0036 sigreg=1.9368 lr=0.000992863
epoch=032 lejepa_loss=0.0226 pred=0.0037 sigreg=1.8975 lr=0.000992169
epoch=033 lejepa_loss=0.0227 pred=0.0037 sigreg=1.8981 lr=0.000991443
epoch=034 lejepa_loss=0.0222 pred=0.0036 sigreg=1.8577 lr=0.000990685
epoch=035 lejepa_loss=0.0220 pred=0.0037 sigreg=1.8375 lr=0.000989895
epoch=036 lejepa_loss=0.0220 pred=0.0037 sigreg=1.8363 lr=0.000989074
epoch=037 lejepa_loss=0.0218 pred=0.0037 sigreg=1.8099 lr=0.000988221
epoch=038 lejepa_loss=0.0214 pred=0.0036 sigreg=1.7718 lr=0.000987336
epoch=039 lejepa_loss=0.0213 pred=0.0036 sigreg=1.7631 lr=0.000986419
epoch=040 lejepa_loss=0.0212 pred=0.0037 sigreg=1.7472 lr=0.000985471
epoch=041 lejepa_loss=0.0207 pred=0.0037 sigreg=1.7018 lr=0.000984491
epoch=042 lejepa_loss=0.0206 pred=0.0036 sigreg=1.6939 lr=0.00098348
epoch=043 lejepa_loss=0.0203 pred=0.0037 sigreg=1.6606 lr=0.000982438
epoch=044 lejepa_loss=0.0205 pred=0.0037 sigreg=1.6800 lr=0.000981364
epoch=045 lejepa_loss=0.0200 pred=0.0036 sigreg=1.6342 lr=0.000980259
epoch=046 lejepa_loss=0.0200 pred=0.0037 sigreg=1.6330 lr=0.000979123
epoch=047 lejepa_loss=0.0199 pred=0.0037 sigreg=1.6231 lr=0.000977956
epoch=048 lejepa_loss=0.0197 pred=0.0037 sigreg=1.6014 lr=0.000976757
epoch=049 lejepa_loss=0.0195 pred=0.0037 sigreg=1.5779 lr=0.000975528
epoch=050 lejepa_loss=0.0192 pred=0.0037 sigreg=1.5528 lr=0.000974268
epoch=051 lejepa_loss=0.0192 pred=0.0037 sigreg=1.5518 lr=0.000972977
epoch=052 lejepa_loss=0.0189 pred=0.0036 sigreg=1.5261 lr=0.000971656
epoch=053 lejepa_loss=0.0188 pred=0.0036 sigreg=1.5166 lr=0.000970304
epoch=054 lejepa_loss=0.0188 pred=0.0037 sigreg=1.5124 lr=0.000968921
epoch=055 lejepa_loss=0.0186 pred=0.0037 sigreg=1.4953 lr=0.000967508
epoch=056 lejepa_loss=0.0184 pred=0.0036 sigreg=1.4743 lr=0.000966065
epoch=057 lejepa_loss=0.0183 pred=0.0036 sigreg=1.4682 lr=0.000964591
epoch=058 lejepa_loss=0.0183 pred=0.0036 sigreg=1.4692 lr=0.000963087
epoch=059 lejepa_loss=0.0180 pred=0.0037 sigreg=1.4393 lr=0.000961553
epoch=060 lejepa_loss=0.0180 pred=0.0036 sigreg=1.4395 lr=0.00095999
epoch=061 lejepa_loss=0.0180 pred=0.0037 sigreg=1.4312 lr=0.000958396
epoch=062 lejepa_loss=0.0180 pred=0.0036 sigreg=1.4321 lr=0.000956773
epoch=063 lejepa_loss=0.0179 pred=0.0036 sigreg=1.4220 lr=0.00095512
epoch=064 lejepa_loss=0.0176 pred=0.0036 sigreg=1.4001 lr=0.000953437
epoch=065 lejepa_loss=0.0174 pred=0.0036 sigreg=1.3780 lr=0.000951725
epoch=066 lejepa_loss=0.0173 pred=0.0036 sigreg=1.3722 lr=0.000949984
epoch=067 lejepa_loss=0.0174 pred=0.0036 sigreg=1.3769 lr=0.000948213
epoch=068 lejepa_loss=0.0173 pred=0.0036 sigreg=1.3718 lr=0.000946414
epoch=069 lejepa_loss=0.0172 pred=0.0036 sigreg=1.3520 lr=0.000944585
epoch=070 lejepa_loss=0.0170 pred=0.0036 sigreg=1.3428 lr=0.000942728
epoch=071 lejepa_loss=0.0169 pred=0.0036 sigreg=1.3276 lr=0.000940842
epoch=072 lejepa_loss=0.0170 pred=0.0036 sigreg=1.3396 lr=0.000938927
epoch=073 lejepa_loss=0.0166 pred=0.0036 sigreg=1.3022 lr=0.000936984
epoch=074 lejepa_loss=0.0167 pred=0.0037 sigreg=1.3045 lr=0.000935012
epoch=075 lejepa_loss=0.0165 pred=0.0036 sigreg=1.2908 lr=0.000933013
epoch=076 lejepa_loss=0.0166 pred=0.0036 sigreg=1.2947 lr=0.000930985
epoch=077 lejepa_loss=0.0164 pred=0.0036 sigreg=1.2771 lr=0.000928929
epoch=078 lejepa_loss=0.0165 pred=0.0036 sigreg=1.2872 lr=0.000926845
epoch=079 lejepa_loss=0.0162 pred=0.0036 sigreg=1.2650 lr=0.000924734
epoch=080 lejepa_loss=0.0163 pred=0.0036 sigreg=1.2754 lr=0.000922595
epoch=081 lejepa_loss=0.0161 pred=0.0036 sigreg=1.2544 lr=0.000920429
epoch=082 lejepa_loss=0.0160 pred=0.0036 sigreg=1.2431 lr=0.000918235
epoch=083 lejepa_loss=0.0160 pred=0.0036 sigreg=1.2417 lr=0.000916014
epoch=084 lejepa_loss=0.0158 pred=0.0036 sigreg=1.2205 lr=0.000913767
epoch=085 lejepa_loss=0.0159 pred=0.0036 sigreg=1.2335 lr=0.000911492
epoch=086 lejepa_loss=0.0159 pred=0.0036 sigreg=1.2322 lr=0.000909191
epoch=087 lejepa_loss=0.0158 pred=0.0036 sigreg=1.2257 lr=0.000906863
epoch=088 lejepa_loss=0.0157 pred=0.0036 sigreg=1.2100 lr=0.000904508
epoch=089 lejepa_loss=0.0156 pred=0.0036 sigreg=1.2072 lr=0.000902128
epoch=090 lejepa_loss=0.0155 pred=0.0036 sigreg=1.1959 lr=0.000899721
epoch=091 lejepa_loss=0.0155 pred=0.0036 sigreg=1.1918 lr=0.000897289
epoch=092 lejepa_loss=0.0154 pred=0.0035 sigreg=1.1858 lr=0.000894831
epoch=093 lejepa_loss=0.0154 pred=0.0035 sigreg=1.1845 lr=0.000892347
epoch=094 lejepa_loss=0.0153 pred=0.0035 sigreg=1.1761 lr=0.000889837
epoch=095 lejepa_loss=0.0152 pred=0.0035 sigreg=1.1668 lr=0.000887302
epoch=096 lejepa_loss=0.0152 pred=0.0035 sigreg=1.1644 lr=0.000884743
epoch=097 lejepa_loss=0.0150 pred=0.0035 sigreg=1.1497 lr=0.000882158
epoch=098 lejepa_loss=0.0151 pred=0.0035 sigreg=1.1580 lr=0.000879548
epoch=099 lejepa_loss=0.0150 pred=0.0035 sigreg=1.1431 lr=0.000876914
epoch=100 lejepa_loss=0.0149 pred=0.0035 sigreg=1.1379 lr=0.000874255
epoch=101 lejepa_loss=0.0149 pred=0.0035 sigreg=1.1370 lr=0.000871572
epoch=102 lejepa_loss=0.0148 pred=0.0035 sigreg=1.1318 lr=0.000868865
epoch=103 lejepa_loss=0.0148 pred=0.0035 sigreg=1.1349 lr=0.000866134
epoch=104 lejepa_loss=0.0148 pred=0.0035 sigreg=1.1250 lr=0.00086338
epoch=105 lejepa_loss=0.0148 pred=0.0035 sigreg=1.1285 lr=0.000860601
epoch=106 lejepa_loss=0.0147 pred=0.0035 sigreg=1.1198 lr=0.000857799
epoch=107 lejepa_loss=0.0146 pred=0.0035 sigreg=1.1149 lr=0.000854975
epoch=108 lejepa_loss=0.0146 pred=0.0035 sigreg=1.1074 lr=0.000852127
epoch=109 lejepa_loss=0.0146 pred=0.0035 sigreg=1.1072 lr=0.000849256
epoch=110 lejepa_loss=0.0145 pred=0.0035 sigreg=1.0985 lr=0.000846362
epoch=111 lejepa_loss=0.0144 pred=0.0035 sigreg=1.0898 lr=0.000843446
epoch=112 lejepa_loss=0.0144 pred=0.0035 sigreg=1.0948 lr=0.000840508
epoch=113 lejepa_loss=0.0143 pred=0.0035 sigreg=1.0877 lr=0.000837548
epoch=114 lejepa_loss=0.0144 pred=0.0035 sigreg=1.0935 lr=0.000834565
epoch=115 lejepa_loss=0.0143 pred=0.0035 sigreg=1.0809 lr=0.000831561
epoch=116 lejepa_loss=0.0142 pred=0.0035 sigreg=1.0744 lr=0.000828536
epoch=117 lejepa_loss=0.0142 pred=0.0035 sigreg=1.0711 lr=0.000825489
epoch=118 lejepa_loss=0.0141 pred=0.0035 sigreg=1.0684 lr=0.000822421
epoch=119 lejepa_loss=0.0141 pred=0.0034 sigreg=1.0611 lr=0.000819332
epoch=120 lejepa_loss=0.0141 pred=0.0035 sigreg=1.0593 lr=0.000816223
epoch=121 lejepa_loss=0.0140 pred=0.0035 sigreg=1.0565 lr=0.000813093
epoch=122 lejepa_loss=0.0140 pred=0.0034 sigreg=1.0567 lr=0.000809942
epoch=123 lejepa_loss=0.0139 pred=0.0034 sigreg=1.0481 lr=0.000806772
epoch=124 lejepa_loss=0.0139 pred=0.0035 sigreg=1.0436 lr=0.000803581
epoch=125 lejepa_loss=0.0139 pred=0.0035 sigreg=1.0407 lr=0.000800371
epoch=126 lejepa_loss=0.0139 pred=0.0035 sigreg=1.0398 lr=0.000797142
epoch=127 lejepa_loss=0.0138 pred=0.0034 sigreg=1.0354 lr=0.000793893
epoch=128 lejepa_loss=0.0138 pred=0.0034 sigreg=1.0316 lr=0.000790625
epoch=129 lejepa_loss=0.0137 pred=0.0034 sigreg=1.0261 lr=0.000787338
epoch=130 lejepa_loss=0.0136 pred=0.0034 sigreg=1.0213 lr=0.000784032
epoch=131 lejepa_loss=0.0136 pred=0.0034 sigreg=1.0224 lr=0.000780708
epoch=132 lejepa_loss=0.0136 pred=0.0034 sigreg=1.0201 lr=0.000777366
epoch=133 lejepa_loss=0.0135 pred=0.0034 sigreg=1.0134 lr=0.000774006
epoch=134 lejepa_loss=0.0136 pred=0.0034 sigreg=1.0133 lr=0.000770628
epoch=135 lejepa_loss=0.0135 pred=0.0034 sigreg=1.0101 lr=0.000767233
epoch=136 lejepa_loss=0.0135 pred=0.0034 sigreg=1.0113 lr=0.00076382
epoch=137 lejepa_loss=0.0135 pred=0.0034 sigreg=1.0093 lr=0.00076039
epoch=138 lejepa_loss=0.0134 pred=0.0034 sigreg=1.0048 lr=0.000756943
epoch=139 lejepa_loss=0.0134 pred=0.0034 sigreg=0.9982 lr=0.00075348
epoch=140 lejepa_loss=0.0133 pred=0.0034 sigreg=0.9939 lr=0.00075
epoch=141 lejepa_loss=0.0133 pred=0.0034 sigreg=0.9957 lr=0.000746504
epoch=142 lejepa_loss=0.0133 pred=0.0034 sigreg=0.9893 lr=0.000742992
epoch=143 lejepa_loss=0.0133 pred=0.0034 sigreg=0.9927 lr=0.000739464
epoch=144 lejepa_loss=0.0133 pred=0.0034 sigreg=0.9856 lr=0.00073592
epoch=145 lejepa_loss=0.0132 pred=0.0034 sigreg=0.9747 lr=0.000732362
epoch=146 lejepa_loss=0.0132 pred=0.0034 sigreg=0.9785 lr=0.000728788
epoch=147 lejepa_loss=0.0132 pred=0.0034 sigreg=0.9838 lr=0.000725199
epoch=148 lejepa_loss=0.0132 pred=0.0034 sigreg=0.9786 lr=0.000721596
epoch=149 lejepa_loss=0.0131 pred=0.0034 sigreg=0.9736 lr=0.000717978
epoch=150 lejepa_loss=0.0131 pred=0.0034 sigreg=0.9690 lr=0.000714346
epoch=151 lejepa_loss=0.0131 pred=0.0034 sigreg=0.9666 lr=0.000710701
epoch=152 lejepa_loss=0.0129 pred=0.0034 sigreg=0.9562 lr=0.000707041
epoch=153 lejepa_loss=0.0130 pred=0.0034 sigreg=0.9632 lr=0.000703368
epoch=154 lejepa_loss=0.0130 pred=0.0034 sigreg=0.9602 lr=0.000699682
epoch=155 lejepa_loss=0.0129 pred=0.0034 sigreg=0.9555 lr=0.000695983
epoch=156 lejepa_loss=0.0129 pred=0.0034 sigreg=0.9540 lr=0.000692272
epoch=157 lejepa_loss=0.0129 pred=0.0034 sigreg=0.9533 lr=0.000688547
epoch=158 lejepa_loss=0.0129 pred=0.0034 sigreg=0.9514 lr=0.000684811
epoch=159 lejepa_loss=0.0129 pred=0.0034 sigreg=0.9475 lr=0.000681063
epoch=160 lejepa_loss=0.0128 pred=0.0033 sigreg=0.9473 lr=0.000677302
epoch=161 lejepa_loss=0.0129 pred=0.0034 sigreg=0.9511 lr=0.000673531
epoch=162 lejepa_loss=0.0128 pred=0.0034 sigreg=0.9422 lr=0.000669748
epoch=163 lejepa_loss=0.0128 pred=0.0034 sigreg=0.9422 lr=0.000665954
epoch=164 lejepa_loss=0.0128 pred=0.0033 sigreg=0.9444 lr=0.000662149
epoch=165 lejepa_loss=0.0128 pred=0.0033 sigreg=0.9417 lr=0.000658334
epoch=166 lejepa_loss=0.0127 pred=0.0033 sigreg=0.9332 lr=0.000654508
epoch=167 lejepa_loss=0.0127 pred=0.0033 sigreg=0.9326 lr=0.000650673
epoch=168 lejepa_loss=0.0127 pred=0.0033 sigreg=0.9332 lr=0.000646828
epoch=169 lejepa_loss=0.0127 pred=0.0033 sigreg=0.9359 lr=0.000642973
epoch=170 lejepa_loss=0.0126 pred=0.0033 sigreg=0.9253 lr=0.000639109
epoch=171 lejepa_loss=0.0126 pred=0.0033 sigreg=0.9307 lr=0.000635236
epoch=172 lejepa_loss=0.0126 pred=0.0033 sigreg=0.9274 lr=0.000631354
epoch=173 lejepa_loss=0.0126 pred=0.0033 sigreg=0.9297 lr=0.000627463
epoch=174 lejepa_loss=0.0126 pred=0.0033 sigreg=0.9248 lr=0.000623565
epoch=175 lejepa_loss=0.0125 pred=0.0033 sigreg=0.9190 lr=0.000619658
epoch=176 lejepa_loss=0.0125 pred=0.0033 sigreg=0.9208 lr=0.000615743
epoch=177 lejepa_loss=0.0125 pred=0.0033 sigreg=0.9211 lr=0.000611821
epoch=178 lejepa_loss=0.0125 pred=0.0033 sigreg=0.9169 lr=0.000607892
epoch=179 lejepa_loss=0.0125 pred=0.0033 sigreg=0.9160 lr=0.000603956
epoch=180 lejepa_loss=0.0124 pred=0.0033 sigreg=0.9143 lr=0.000600013
epoch=181 lejepa_loss=0.0124 pred=0.0033 sigreg=0.9132 lr=0.000596063
epoch=182 lejepa_loss=0.0124 pred=0.0033 sigreg=0.9128 lr=0.000592108
epoch=183 lejepa_loss=0.0124 pred=0.0033 sigreg=0.9092 lr=0.000588146
epoch=184 lejepa_loss=0.0123 pred=0.0033 sigreg=0.9041 lr=0.000584179
epoch=185 lejepa_loss=0.0123 pred=0.0033 sigreg=0.9063 lr=0.000580206
epoch=186 lejepa_loss=0.0123 pred=0.0033 sigreg=0.9057 lr=0.000576228
epoch=187 lejepa_loss=0.0123 pred=0.0033 sigreg=0.9030 lr=0.000572245
epoch=188 lejepa_loss=0.0123 pred=0.0033 sigreg=0.9035 lr=0.000568257
epoch=189 lejepa_loss=0.0123 pred=0.0033 sigreg=0.8989 lr=0.000564265
epoch=190 lejepa_loss=0.0123 pred=0.0033 sigreg=0.8995 lr=0.000560268
epoch=191 lejepa_loss=0.0123 pred=0.0033 sigreg=0.8993 lr=0.000556268
epoch=192 lejepa_loss=0.0122 pred=0.0033 sigreg=0.8939 lr=0.000552264
epoch=193 lejepa_loss=0.0122 pred=0.0033 sigreg=0.8925 lr=0.000548257
epoch=194 lejepa_loss=0.0122 pred=0.0032 sigreg=0.8934 lr=0.000544247
epoch=195 lejepa_loss=0.0122 pred=0.0032 sigreg=0.8916 lr=0.000540233
epoch=196 lejepa_loss=0.0122 pred=0.0032 sigreg=0.8915 lr=0.000536217
epoch=197 lejepa_loss=0.0121 pred=0.0033 sigreg=0.8880 lr=0.000532199
epoch=198 lejepa_loss=0.0121 pred=0.0033 sigreg=0.8823 lr=0.000528179
epoch=199 lejepa_loss=0.0121 pred=0.0032 sigreg=0.8872 lr=0.000524157
epoch=200 lejepa_loss=0.0121 pred=0.0032 sigreg=0.8834 lr=0.000520133
epoch=201 lejepa_loss=0.0121 pred=0.0032 sigreg=0.8834 lr=0.000516108
epoch=202 lejepa_loss=0.0121 pred=0.0032 sigreg=0.8863 lr=0.000512082
epoch=203 lejepa_loss=0.0120 pred=0.0032 sigreg=0.8826 lr=0.000508055
epoch=204 lejepa_loss=0.0120 pred=0.0032 sigreg=0.8769 lr=0.000504028
epoch=205 lejepa_loss=0.0120 pred=0.0032 sigreg=0.8810 lr=0.0005
epoch=206 lejepa_loss=0.0119 pred=0.0032 sigreg=0.8736 lr=0.000495972
epoch=207 lejepa_loss=0.0119 pred=0.0032 sigreg=0.8688 lr=0.000491945
epoch=208 lejepa_loss=0.0119 pred=0.0032 sigreg=0.8740 lr=0.000487918
epoch=209 lejepa_loss=0.0119 pred=0.0032 sigreg=0.8712 lr=0.000483892
epoch=210 lejepa_loss=0.0119 pred=0.0032 sigreg=0.8696 lr=0.000479867
epoch=211 lejepa_loss=0.0119 pred=0.0032 sigreg=0.8709 lr=0.000475843
epoch=212 lejepa_loss=0.0119 pred=0.0032 sigreg=0.8727 lr=0.000471821
epoch=213 lejepa_loss=0.0119 pred=0.0032 sigreg=0.8710 lr=0.000467801
epoch=214 lejepa_loss=0.0119 pred=0.0032 sigreg=0.8680 lr=0.000463783
epoch=215 lejepa_loss=0.0119 pred=0.0032 sigreg=0.8708 lr=0.000459767
epoch=216 lejepa_loss=0.0118 pred=0.0032 sigreg=0.8641 lr=0.000455753
epoch=217 lejepa_loss=0.0119 pred=0.0032 sigreg=0.8684 lr=0.000451743
epoch=218 lejepa_loss=0.0118 pred=0.0032 sigreg=0.8660 lr=0.000447736
epoch=219 lejepa_loss=0.0118 pred=0.0032 sigreg=0.8623 lr=0.000443732
epoch=220 lejepa_loss=0.0118 pred=0.0032 sigreg=0.8580 lr=0.000439732
epoch=221 lejepa_loss=0.0118 pred=0.0032 sigreg=0.8635 lr=0.000435735
epoch=222 lejepa_loss=0.0117 pred=0.0032 sigreg=0.8586 lr=0.000431743
epoch=223 lejepa_loss=0.0118 pred=0.0032 sigreg=0.8617 lr=0.000427755
epoch=224 lejepa_loss=0.0117 pred=0.0032 sigreg=0.8560 lr=0.000423772
epoch=225 lejepa_loss=0.0117 pred=0.0032 sigreg=0.8532 lr=0.000419794
epoch=226 lejepa_loss=0.0117 pred=0.0031 sigreg=0.8576 lr=0.000415821
epoch=227 lejepa_loss=0.0117 pred=0.0031 sigreg=0.8584 lr=0.000411854
epoch=228 lejepa_loss=0.0117 pred=0.0032 sigreg=0.8511 lr=0.000407892
epoch=229 lejepa_loss=0.0116 pred=0.0031 sigreg=0.8495 lr=0.000403937
epoch=230 lejepa_loss=0.0117 pred=0.0031 sigreg=0.8543 lr=0.000399987
epoch=231 lejepa_loss=0.0117 pred=0.0032 sigreg=0.8509 lr=0.000396044
epoch=232 lejepa_loss=0.0116 pred=0.0032 sigreg=0.8458 lr=0.000392108
epoch=233 lejepa_loss=0.0116 pred=0.0032 sigreg=0.8488 lr=0.000388179
epoch=234 lejepa_loss=0.0116 pred=0.0031 sigreg=0.8477 lr=0.000384257
epoch=235 lejepa_loss=0.0116 pred=0.0031 sigreg=0.8501 lr=0.000380342
epoch=236 lejepa_loss=0.0116 pred=0.0031 sigreg=0.8469 lr=0.000376435
epoch=237 lejepa_loss=0.0116 pred=0.0031 sigreg=0.8478 lr=0.000372537
epoch=238 lejepa_loss=0.0116 pred=0.0031 sigreg=0.8446 lr=0.000368646
epoch=239 lejepa_loss=0.0116 pred=0.0031 sigreg=0.8473 lr=0.000364764
epoch=240 lejepa_loss=0.0115 pred=0.0031 sigreg=0.8402 lr=0.000360891
epoch=241 lejepa_loss=0.0116 pred=0.0031 sigreg=0.8426 lr=0.000357027
epoch=242 lejepa_loss=0.0115 pred=0.0031 sigreg=0.8388 lr=0.000353172
epoch=243 lejepa_loss=0.0115 pred=0.0031 sigreg=0.8401 lr=0.000349327
epoch=244 lejepa_loss=0.0115 pred=0.0031 sigreg=0.8386 lr=0.000345492
epoch=245 lejepa_loss=0.0115 pred=0.0031 sigreg=0.8356 lr=0.000341666
epoch=246 lejepa_loss=0.0115 pred=0.0031 sigreg=0.8336 lr=0.000337851
epoch=247 lejepa_loss=0.0115 pred=0.0031 sigreg=0.8373 lr=0.000334046
epoch=248 lejepa_loss=0.0115 pred=0.0031 sigreg=0.8379 lr=0.000330252
epoch=249 lejepa_loss=0.0114 pred=0.0031 sigreg=0.8299 lr=0.000326469
epoch=250 lejepa_loss=0.0115 pred=0.0031 sigreg=0.8371 lr=0.000322698
epoch=251 lejepa_loss=0.0115 pred=0.0031 sigreg=0.8329 lr=0.000318937
epoch=252 lejepa_loss=0.0114 pred=0.0031 sigreg=0.8290 lr=0.000315189
epoch=253 lejepa_loss=0.0114 pred=0.0031 sigreg=0.8324 lr=0.000311453
epoch=254 lejepa_loss=0.0114 pred=0.0031 sigreg=0.8311 lr=0.000307728
epoch=255 lejepa_loss=0.0114 pred=0.0031 sigreg=0.8277 lr=0.000304017
epoch=256 lejepa_loss=0.0114 pred=0.0031 sigreg=0.8261 lr=0.000300318
epoch=257 lejepa_loss=0.0114 pred=0.0031 sigreg=0.8256 lr=0.000296632
epoch=258 lejepa_loss=0.0114 pred=0.0031 sigreg=0.8287 lr=0.000292959
epoch=259 lejepa_loss=0.0114 pred=0.0031 sigreg=0.8272 lr=0.000289299
epoch=260 lejepa_loss=0.0114 pred=0.0031 sigreg=0.8277 lr=0.000285654
epoch=261 lejepa_loss=0.0113 pred=0.0031 sigreg=0.8242 lr=0.000282022
epoch=262 lejepa_loss=0.0113 pred=0.0031 sigreg=0.8261 lr=0.000278404
epoch=263 lejepa_loss=0.0113 pred=0.0031 sigreg=0.8238 lr=0.000274801
epoch=264 lejepa_loss=0.0113 pred=0.0031 sigreg=0.8250 lr=0.000271212
epoch=265 lejepa_loss=0.0113 pred=0.0031 sigreg=0.8189 lr=0.000267638
epoch=266 lejepa_loss=0.0113 pred=0.0031 sigreg=0.8248 lr=0.00026408
epoch=267 lejepa_loss=0.0113 pred=0.0031 sigreg=0.8193 lr=0.000260536
epoch=268 lejepa_loss=0.0113 pred=0.0031 sigreg=0.8211 lr=0.000257008
epoch=269 lejepa_loss=0.0113 pred=0.0030 sigreg=0.8214 lr=0.000253496
epoch=270 lejepa_loss=0.0113 pred=0.0031 sigreg=0.8225 lr=0.00025
epoch=271 lejepa_loss=0.0113 pred=0.0031 sigreg=0.8200 lr=0.00024652
epoch=272 lejepa_loss=0.0112 pred=0.0031 sigreg=0.8161 lr=0.000243057
epoch=273 lejepa_loss=0.0113 pred=0.0030 sigreg=0.8230 lr=0.00023961
epoch=274 lejepa_loss=0.0112 pred=0.0030 sigreg=0.8199 lr=0.00023618
epoch=275 lejepa_loss=0.0112 pred=0.0030 sigreg=0.8148 lr=0.000232767
epoch=276 lejepa_loss=0.0112 pred=0.0031 sigreg=0.8142 lr=0.000229372
epoch=277 lejepa_loss=0.0112 pred=0.0031 sigreg=0.8152 lr=0.000225994
epoch=278 lejepa_loss=0.0112 pred=0.0030 sigreg=0.8144 lr=0.000222634
epoch=279 lejepa_loss=0.0112 pred=0.0030 sigreg=0.8139 lr=0.000219292
epoch=280 lejepa_loss=0.0111 pred=0.0030 sigreg=0.8083 lr=0.000215968
epoch=281 lejepa_loss=0.0112 pred=0.0030 sigreg=0.8150 lr=0.000212662
epoch=282 lejepa_loss=0.0112 pred=0.0030 sigreg=0.8158 lr=0.000209375
epoch=283 lejepa_loss=0.0111 pred=0.0030 sigreg=0.8138 lr=0.000206107
epoch=284 lejepa_loss=0.0111 pred=0.0030 sigreg=0.8077 lr=0.000202858
epoch=285 lejepa_loss=0.0112 pred=0.0030 sigreg=0.8149 lr=0.000199629
epoch=286 lejepa_loss=0.0111 pred=0.0030 sigreg=0.8083 lr=0.000196419
epoch=287 lejepa_loss=0.0111 pred=0.0030 sigreg=0.8085 lr=0.000193228
epoch=288 lejepa_loss=0.0111 pred=0.0030 sigreg=0.8083 lr=0.000190058
epoch=289 lejepa_loss=0.0111 pred=0.0030 sigreg=0.8074 lr=0.000186907
epoch=290 lejepa_loss=0.0111 pred=0.0030 sigreg=0.8083 lr=0.000183777
epoch=291 lejepa_loss=0.0111 pred=0.0030 sigreg=0.8048 lr=0.000180668
epoch=292 lejepa_loss=0.0111 pred=0.0030 sigreg=0.8060 lr=0.000177579
epoch=293 lejepa_loss=0.0110 pred=0.0030 sigreg=0.7996 lr=0.000174511
epoch=294 lejepa_loss=0.0110 pred=0.0030 sigreg=0.8033 lr=0.000171464
epoch=295 lejepa_loss=0.0110 pred=0.0030 sigreg=0.8033 lr=0.000168439
epoch=296 lejepa_loss=0.0111 pred=0.0030 sigreg=0.8039 lr=0.000165435
epoch=297 lejepa_loss=0.0110 pred=0.0030 sigreg=0.7991 lr=0.000162452
epoch=298 lejepa_loss=0.0110 pred=0.0030 sigreg=0.8008 lr=0.000159492
epoch=299 lejepa_loss=0.0110 pred=0.0030 sigreg=0.8013 lr=0.000156554
epoch=300 lejepa_loss=0.0110 pred=0.0030 sigreg=0.8038 lr=0.000153638
epoch=301 lejepa_loss=0.0110 pred=0.0030 sigreg=0.7983 lr=0.000150744
epoch=302 lejepa_loss=0.0110 pred=0.0030 sigreg=0.7986 lr=0.000147873
epoch=303 lejepa_loss=0.0110 pred=0.0030 sigreg=0.7968 lr=0.000145025
epoch=304 lejepa_loss=0.0110 pred=0.0030 sigreg=0.7975 lr=0.000142201
epoch=305 lejepa_loss=0.0110 pred=0.0030 sigreg=0.7971 lr=0.000139399
epoch=306 lejepa_loss=0.0110 pred=0.0030 sigreg=0.7964 lr=0.00013662
epoch=307 lejepa_loss=0.0110 pred=0.0030 sigreg=0.7982 lr=0.000133866
epoch=308 lejepa_loss=0.0110 pred=0.0030 sigreg=0.7973 lr=0.000131135
epoch=309 lejepa_loss=0.0110 pred=0.0030 sigreg=0.7956 lr=0.000128428
epoch=310 lejepa_loss=0.0110 pred=0.0030 sigreg=0.7961 lr=0.000125745
epoch=311 lejepa_loss=0.0109 pred=0.0030 sigreg=0.7937 lr=0.000123086
epoch=312 lejepa_loss=0.0109 pred=0.0030 sigreg=0.7939 lr=0.000120452
epoch=313 lejepa_loss=0.0110 pred=0.0030 sigreg=0.7967 lr=0.000117842
epoch=314 lejepa_loss=0.0109 pred=0.0030 sigreg=0.7905 lr=0.000115257
epoch=315 lejepa_loss=0.0109 pred=0.0030 sigreg=0.7917 lr=0.000112698
epoch=316 lejepa_loss=0.0109 pred=0.0030 sigreg=0.7931 lr=0.000110163
epoch=317 lejepa_loss=0.0109 pred=0.0030 sigreg=0.7959 lr=0.000107653
epoch=318 lejepa_loss=0.0109 pred=0.0030 sigreg=0.7917 lr=0.000105169
epoch=319 lejepa_loss=0.0109 pred=0.0030 sigreg=0.7923 lr=0.000102711
epoch=320 lejepa_loss=0.0109 pred=0.0030 sigreg=0.7912 lr=0.000100279
epoch=321 lejepa_loss=0.0109 pred=0.0030 sigreg=0.7895 lr=9.7872e-05
epoch=322 lejepa_loss=0.0109 pred=0.0030 sigreg=0.7906 lr=9.54915e-05
epoch=323 lejepa_loss=0.0108 pred=0.0030 sigreg=0.7867 lr=9.31372e-05
epoch=324 lejepa_loss=0.0108 pred=0.0030 sigreg=0.7869 lr=9.08094e-05
epoch=325 lejepa_loss=0.0109 pred=0.0030 sigreg=0.7889 lr=8.85081e-05
epoch=326 lejepa_loss=0.0108 pred=0.0030 sigreg=0.7872 lr=8.62335e-05
epoch=327 lejepa_loss=0.0108 pred=0.0030 sigreg=0.7875 lr=8.39857e-05
epoch=328 lejepa_loss=0.0108 pred=0.0030 sigreg=0.7880 lr=8.17649e-05
epoch=329 lejepa_loss=0.0108 pred=0.0030 sigreg=0.7854 lr=7.95713e-05
epoch=330 lejepa_loss=0.0109 pred=0.0030 sigreg=0.7903 lr=7.7405e-05
epoch=331 lejepa_loss=0.0108 pred=0.0030 sigreg=0.7865 lr=7.5266e-05
epoch=332 lejepa_loss=0.0108 pred=0.0030 sigreg=0.7845 lr=7.31547e-05
epoch=333 lejepa_loss=0.0108 pred=0.0029 sigreg=0.7879 lr=7.1071e-05
epoch=334 lejepa_loss=0.0108 pred=0.0030 sigreg=0.7844 lr=6.90152e-05
epoch=335 lejepa_loss=0.0108 pred=0.0030 sigreg=0.7834 lr=6.69873e-05
epoch=336 lejepa_loss=0.0108 pred=0.0030 sigreg=0.7858 lr=6.49875e-05
epoch=337 lejepa_loss=0.0108 pred=0.0029 sigreg=0.7844 lr=6.3016e-05
epoch=338 lejepa_loss=0.0108 pred=0.0030 sigreg=0.7868 lr=6.10728e-05
epoch=339 lejepa_loss=0.0108 pred=0.0030 sigreg=0.7844 lr=5.91581e-05
epoch=340 lejepa_loss=0.0107 pred=0.0029 sigreg=0.7802 lr=5.7272e-05
epoch=341 lejepa_loss=0.0108 pred=0.0030 sigreg=0.7833 lr=5.54146e-05
epoch=342 lejepa_loss=0.0108 pred=0.0029 sigreg=0.7833 lr=5.35861e-05
epoch=343 lejepa_loss=0.0108 pred=0.0029 sigreg=0.7833 lr=5.17865e-05
epoch=344 lejepa_loss=0.0108 pred=0.0030 sigreg=0.7816 lr=5.00161e-05
epoch=345 lejepa_loss=0.0108 pred=0.0030 sigreg=0.7812 lr=4.82748e-05
epoch=346 lejepa_loss=0.0108 pred=0.0029 sigreg=0.7832 lr=4.65628e-05
epoch=347 lejepa_loss=0.0108 pred=0.0029 sigreg=0.7817 lr=4.48803e-05
epoch=348 lejepa_loss=0.0108 pred=0.0029 sigreg=0.7845 lr=4.32273e-05
epoch=349 lejepa_loss=0.0107 pred=0.0029 sigreg=0.7793 lr=4.16039e-05
epoch=350 lejepa_loss=0.0107 pred=0.0029 sigreg=0.7807 lr=4.00103e-05
epoch=351 lejepa_loss=0.0107 pred=0.0029 sigreg=0.7795 lr=3.84465e-05
epoch=352 lejepa_loss=0.0107 pred=0.0029 sigreg=0.7799 lr=3.69127e-05
epoch=353 lejepa_loss=0.0107 pred=0.0029 sigreg=0.7797 lr=3.54089e-05
epoch=354 lejepa_loss=0.0107 pred=0.0029 sigreg=0.7774 lr=3.39353e-05
epoch=355 lejepa_loss=0.0107 pred=0.0029 sigreg=0.7826 lr=3.24919e-05
epoch=356 lejepa_loss=0.0107 pred=0.0029 sigreg=0.7801 lr=3.10788e-05
epoch=357 lejepa_loss=0.0107 pred=0.0029 sigreg=0.7791 lr=2.96962e-05
epoch=358 lejepa_loss=0.0107 pred=0.0029 sigreg=0.7782 lr=2.83441e-05
epoch=359 lejepa_loss=0.0107 pred=0.0029 sigreg=0.7785 lr=2.70226e-05
epoch=360 lejepa_loss=0.0107 pred=0.0029 sigreg=0.7792 lr=2.57318e-05
epoch=361 lejepa_loss=0.0107 pred=0.0029 sigreg=0.7765 lr=2.44717e-05
epoch=362 lejepa_loss=0.0107 pred=0.0029 sigreg=0.7756 lr=2.32426e-05
epoch=363 lejepa_loss=0.0107 pred=0.0029 sigreg=0.7769 lr=2.20443e-05
epoch=364 lejepa_loss=0.0107 pred=0.0029 sigreg=0.7772 lr=2.08771e-05
epoch=365 lejepa_loss=0.0107 pred=0.0029 sigreg=0.7793 lr=1.97409e-05
epoch=366 lejepa_loss=0.0107 pred=0.0029 sigreg=0.7771 lr=1.8636e-05
epoch=367 lejepa_loss=0.0107 pred=0.0029 sigreg=0.7802 lr=1.75622e-05
epoch=368 lejepa_loss=0.0107 pred=0.0029 sigreg=0.7783 lr=1.65198e-05
epoch=369 lejepa_loss=0.0107 pred=0.0029 sigreg=0.7792 lr=1.55087e-05
epoch=370 lejepa_loss=0.0107 pred=0.0029 sigreg=0.7764 lr=1.45291e-05
epoch=371 lejepa_loss=0.0107 pred=0.0029 sigreg=0.7799 lr=1.3581e-05
epoch=372 lejepa_loss=0.0107 pred=0.0029 sigreg=0.7764 lr=1.26644e-05
epoch=373 lejepa_loss=0.0107 pred=0.0029 sigreg=0.7754 lr=1.17795e-05
epoch=374 lejepa_loss=0.0107 pred=0.0029 sigreg=0.7766 lr=1.09262e-05
epoch=375 lejepa_loss=0.0107 pred=0.0029 sigreg=0.7731 lr=1.01047e-05
epoch=376 lejepa_loss=0.0107 pred=0.0029 sigreg=0.7724 lr=9.31494e-06
epoch=377 lejepa_loss=0.0107 pred=0.0029 sigreg=0.7764 lr=8.55704e-06
epoch=378 lejepa_loss=0.0107 pred=0.0029 sigreg=0.7776 lr=7.83103e-06
epoch=379 lejepa_loss=0.0107 pred=0.0029 sigreg=0.7735 lr=7.13696e-06
epoch=380 lejepa_loss=0.0107 pred=0.0029 sigreg=0.7799 lr=6.47487e-06
epoch=381 lejepa_loss=0.0107 pred=0.0029 sigreg=0.7777 lr=5.8448e-06
epoch=382 lejepa_loss=0.0107 pred=0.0029 sigreg=0.7734 lr=5.2468e-06
epoch=383 lejepa_loss=0.0107 pred=0.0029 sigreg=0.7731 lr=4.6809e-06
epoch=384 lejepa_loss=0.0107 pred=0.0029 sigreg=0.7742 lr=4.14715e-06
epoch=385 lejepa_loss=0.0107 pred=0.0029 sigreg=0.7773 lr=3.64556e-06
epoch=386 lejepa_loss=0.0107 pred=0.0029 sigreg=0.7738 lr=3.17619e-06
epoch=387 lejepa_loss=0.0107 pred=0.0029 sigreg=0.7731 lr=2.73905e-06
epoch=388 lejepa_loss=0.0107 pred=0.0029 sigreg=0.7725 lr=2.33418e-06
epoch=389 lejepa_loss=0.0107 pred=0.0029 sigreg=0.7736 lr=1.96161e-06
epoch=390 lejepa_loss=0.0106 pred=0.0029 sigreg=0.7724 lr=1.62135e-06
epoch=391 lejepa_loss=0.0107 pred=0.0029 sigreg=0.7757 lr=1.31343e-06
epoch=392 lejepa_loss=0.0107 pred=0.0029 sigreg=0.7758 lr=1.03786e-06
epoch=393 lejepa_loss=0.0107 pred=0.0029 sigreg=0.7735 lr=7.94679e-07
epoch=394 lejepa_loss=0.0107 pred=0.0029 sigreg=0.7734 lr=5.83887e-07
epoch=395 lejepa_loss=0.0107 pred=0.0029 sigreg=0.7750 lr=4.05501e-07
epoch=396 lejepa_loss=0.0107 pred=0.0029 sigreg=0.7733 lr=2.59533e-07
epoch=397 lejepa_loss=0.0107 pred=0.0029 sigreg=0.7786 lr=1.45993e-07
epoch=398 lejepa_loss=0.0106 pred=0.0029 sigreg=0.7716 lr=6.48875e-08
epoch=399 lejepa_loss=0.0107 pred=0.0029 sigreg=0.7771 lr=1.62221e-08
epoch=400 lejepa_loss=0.0107 pred=0.0029 sigreg=0.7770 lr=0
Backbone checkpoint selection by frozen-backbone kNN:
  candidates: 22
  k values: [20, 50, 100]
  max_bank_samples: 10000
  max_test_samples: 2000

Evaluating candidate: experiments/experiment-c10-r18-lejepa-light-v3/checkpoints/resnet18_lejepa_backbone_last.pt

Evaluating candidate: experiments/experiment-c10-r18-lejepa-light-v3/checkpoints/resnet18_lejepa_backbone_loss_best.pt

Evaluating candidate: experiments/experiment-c10-r18-lejepa-light-v3/checkpoints/resnet18_lejepa_backbone_epoch_020.pt

Evaluating candidate: experiments/experiment-c10-r18-lejepa-light-v3/checkpoints/resnet18_lejepa_backbone_epoch_040.pt

Evaluating candidate: experiments/experiment-c10-r18-lejepa-light-v3/checkpoints/resnet18_lejepa_backbone_epoch_060.pt

Evaluating candidate: experiments/experiment-c10-r18-lejepa-light-v3/checkpoints/resnet18_lejepa_backbone_epoch_080.pt

Evaluating candidate: experiments/experiment-c10-r18-lejepa-light-v3/checkpoints/resnet18_lejepa_backbone_epoch_100.pt

Evaluating candidate: experiments/experiment-c10-r18-lejepa-light-v3/checkpoints/resnet18_lejepa_backbone_epoch_120.pt

Evaluating candidate: experiments/experiment-c10-r18-lejepa-light-v3/checkpoints/resnet18_lejepa_backbone_epoch_140.pt

Evaluating candidate: experiments/experiment-c10-r18-lejepa-light-v3/checkpoints/resnet18_lejepa_backbone_epoch_160.pt

Evaluating candidate: experiments/experiment-c10-r18-lejepa-light-v3/checkpoints/resnet18_lejepa_backbone_epoch_180.pt

Evaluating candidate: experiments/experiment-c10-r18-lejepa-light-v3/checkpoints/resnet18_lejepa_backbone_epoch_200.pt

Evaluating candidate: experiments/experiment-c10-r18-lejepa-light-v3/checkpoints/resnet18_lejepa_backbone_epoch_220.pt

Evaluating candidate: experiments/experiment-c10-r18-lejepa-light-v3/checkpoints/resnet18_lejepa_backbone_epoch_240.pt

Evaluating candidate: experiments/experiment-c10-r18-lejepa-light-v3/checkpoints/resnet18_lejepa_backbone_epoch_260.pt

Evaluating candidate: experiments/experiment-c10-r18-lejepa-light-v3/checkpoints/resnet18_lejepa_backbone_epoch_280.pt

Evaluating candidate: experiments/experiment-c10-r18-lejepa-light-v3/checkpoints/resnet18_lejepa_backbone_epoch_300.pt

Evaluating candidate: experiments/experiment-c10-r18-lejepa-light-v3/checkpoints/resnet18_lejepa_backbone_epoch_320.pt

Evaluating candidate: experiments/experiment-c10-r18-lejepa-light-v3/checkpoints/resnet18_lejepa_backbone_epoch_340.pt

Evaluating candidate: experiments/experiment-c10-r18-lejepa-light-v3/checkpoints/resnet18_lejepa_backbone_epoch_360.pt

Evaluating candidate: experiments/experiment-c10-r18-lejepa-light-v3/checkpoints/resnet18_lejepa_backbone_epoch_380.pt

Evaluating candidate: experiments/experiment-c10-r18-lejepa-light-v3/checkpoints/resnet18_lejepa_backbone_epoch_400.pt

Backbone checkpoint selection completed.
  selected: experiments/experiment-c10-r18-lejepa-light-v3/checkpoints/resnet18_lejepa_backbone_last.pt
  best kNN: 0.5100 at k=100
  saved CSV: experiments/experiment-c10-r18-lejepa-light-v3/metrics/checkpoint_selection/backbone_checkpoint_selection_knn.csv
  overwritten backbone_best_path: experiments/experiment-c10-r18-lejepa-light-v3/checkpoints/resnet18_lejepa_backbone_best.pt
probe_epoch=001 train_loss=1.9563 train_acc=0.3617 val_loss=1.7294 val_acc=0.4418 lr=0.02
probe_epoch=002 train_loss=1.6058 train_acc=0.4536 val_loss=1.5229 val_acc=0.4784 lr=0.03
probe_epoch=003 train_loss=1.5007 train_acc=0.4780 val_loss=1.4425 val_acc=0.5006 lr=0.04
probe_epoch=004 train_loss=1.4547 train_acc=0.4886 val_loss=1.4034 val_acc=0.5068 lr=0.05
probe_epoch=005 train_loss=1.4277 train_acc=0.4964 val_loss=1.3886 val_acc=0.5108 lr=0.05
probe_epoch=006 train_loss=1.4081 train_acc=0.5035 val_loss=1.3754 val_acc=0.5172 lr=0.0499941
probe_epoch=007 train_loss=1.3957 train_acc=0.5078 val_loss=1.3599 val_acc=0.5198 lr=0.0499765
probe_epoch=008 train_loss=1.3927 train_acc=0.5088 val_loss=1.3599 val_acc=0.5184 lr=0.0499472
probe_epoch=009 train_loss=1.3850 train_acc=0.5097 val_loss=1.3616 val_acc=0.5216 lr=0.0499062
probe_epoch=010 train_loss=1.3752 train_acc=0.5141 val_loss=1.3461 val_acc=0.5262 lr=0.0498534
probe_epoch=011 train_loss=1.3752 train_acc=0.5128 val_loss=1.3562 val_acc=0.5202 lr=0.0497891
probe_epoch=012 train_loss=1.3710 train_acc=0.5166 val_loss=1.3535 val_acc=0.5276 lr=0.049713
probe_epoch=013 train_loss=1.3692 train_acc=0.5171 val_loss=1.3499 val_acc=0.5234 lr=0.0496254
probe_epoch=014 train_loss=1.3659 train_acc=0.5168 val_loss=1.3654 val_acc=0.5222 lr=0.0495262
probe_epoch=015 train_loss=1.3621 train_acc=0.5172 val_loss=1.3546 val_acc=0.5210 lr=0.0494155
probe_epoch=016 train_loss=1.3644 train_acc=0.5186 val_loss=1.3554 val_acc=0.5242 lr=0.0492934
probe_epoch=017 train_loss=1.3623 train_acc=0.5190 val_loss=1.3533 val_acc=0.5214 lr=0.0491598
probe_epoch=018 train_loss=1.3576 train_acc=0.5234 val_loss=1.3485 val_acc=0.5290 lr=0.0490149
probe_epoch=019 train_loss=1.3594 train_acc=0.5178 val_loss=1.3592 val_acc=0.5204 lr=0.0488587
probe_epoch=020 train_loss=1.3591 train_acc=0.5200 val_loss=1.3474 val_acc=0.5272 lr=0.0486913
probe_epoch=021 train_loss=1.3594 train_acc=0.5180 val_loss=1.3533 val_acc=0.5224 lr=0.0485128
probe_epoch=022 train_loss=1.3513 train_acc=0.5226 val_loss=1.3514 val_acc=0.5258 lr=0.0483233
probe_epoch=023 train_loss=1.3537 train_acc=0.5229 val_loss=1.3424 val_acc=0.5282 lr=0.0481228
probe_epoch=024 train_loss=1.3532 train_acc=0.5215 val_loss=1.3488 val_acc=0.5270 lr=0.0479115
probe_epoch=025 train_loss=1.3548 train_acc=0.5227 val_loss=1.3502 val_acc=0.5278 lr=0.0476894
probe_epoch=026 train_loss=1.3511 train_acc=0.5251 val_loss=1.3537 val_acc=0.5280 lr=0.0474566
probe_epoch=027 train_loss=1.3495 train_acc=0.5238 val_loss=1.3587 val_acc=0.5222 lr=0.0472134
probe_epoch=028 train_loss=1.3530 train_acc=0.5212 val_loss=1.3619 val_acc=0.5264 lr=0.0469596
probe_epoch=029 train_loss=1.3524 train_acc=0.5224 val_loss=1.3338 val_acc=0.5342 lr=0.0466956
probe_epoch=030 train_loss=1.3487 train_acc=0.5229 val_loss=1.3442 val_acc=0.5320 lr=0.0464214
probe_epoch=031 train_loss=1.3488 train_acc=0.5225 val_loss=1.3382 val_acc=0.5316 lr=0.0461372
probe_epoch=032 train_loss=1.3498 train_acc=0.5206 val_loss=1.3460 val_acc=0.5306 lr=0.045843
probe_epoch=033 train_loss=1.3474 train_acc=0.5246 val_loss=1.3625 val_acc=0.5210 lr=0.045539
probe_epoch=034 train_loss=1.3475 train_acc=0.5218 val_loss=1.3615 val_acc=0.5234 lr=0.0452254
probe_epoch=035 train_loss=1.3461 train_acc=0.5219 val_loss=1.3432 val_acc=0.5274 lr=0.0449023
probe_epoch=036 train_loss=1.3444 train_acc=0.5265 val_loss=1.3402 val_acc=0.5306 lr=0.0445699
probe_epoch=037 train_loss=1.3445 train_acc=0.5255 val_loss=1.3370 val_acc=0.5328 lr=0.0442283
probe_epoch=038 train_loss=1.3464 train_acc=0.5226 val_loss=1.3479 val_acc=0.5318 lr=0.0438776
probe_epoch=039 train_loss=1.3440 train_acc=0.5250 val_loss=1.3492 val_acc=0.5262 lr=0.0435181
probe_epoch=040 train_loss=1.3514 train_acc=0.5216 val_loss=1.3474 val_acc=0.5286 lr=0.0431499
probe_epoch=041 train_loss=1.3456 train_acc=0.5221 val_loss=1.3452 val_acc=0.5290 lr=0.0427732
probe_epoch=042 train_loss=1.3488 train_acc=0.5237 val_loss=1.3392 val_acc=0.5320 lr=0.0423881
probe_epoch=043 train_loss=1.3422 train_acc=0.5256 val_loss=1.3501 val_acc=0.5234 lr=0.0419949
probe_epoch=044 train_loss=1.3426 train_acc=0.5242 val_loss=1.3360 val_acc=0.5334 lr=0.0415937
probe_epoch=045 train_loss=1.3458 train_acc=0.5257 val_loss=1.3448 val_acc=0.5338 lr=0.0411847
probe_epoch=046 train_loss=1.3449 train_acc=0.5233 val_loss=1.3419 val_acc=0.5326 lr=0.0407681
probe_epoch=047 train_loss=1.3416 train_acc=0.5262 val_loss=1.3437 val_acc=0.5292 lr=0.0403441
probe_epoch=048 train_loss=1.3443 train_acc=0.5249 val_loss=1.3579 val_acc=0.5236 lr=0.0399129
probe_epoch=049 train_loss=1.3420 train_acc=0.5258 val_loss=1.3459 val_acc=0.5276 lr=0.0394747
probe_epoch=050 train_loss=1.3453 train_acc=0.5238 val_loss=1.3431 val_acc=0.5326 lr=0.0390297
probe_epoch=051 train_loss=1.3419 train_acc=0.5264 val_loss=1.3461 val_acc=0.5258 lr=0.0385781
probe_epoch=052 train_loss=1.3441 train_acc=0.5250 val_loss=1.3447 val_acc=0.5308 lr=0.0381201
probe_epoch=053 train_loss=1.3407 train_acc=0.5251 val_loss=1.3459 val_acc=0.5318 lr=0.037656
probe_epoch=054 train_loss=1.3434 train_acc=0.5253 val_loss=1.3429 val_acc=0.5318 lr=0.037186
probe_epoch=055 train_loss=1.3416 train_acc=0.5266 val_loss=1.3459 val_acc=0.5284 lr=0.0367102
probe_epoch=056 train_loss=1.3393 train_acc=0.5247 val_loss=1.3406 val_acc=0.5362 lr=0.0362289
probe_epoch=057 train_loss=1.3428 train_acc=0.5258 val_loss=1.3520 val_acc=0.5262 lr=0.0357424
probe_epoch=058 train_loss=1.3425 train_acc=0.5255 val_loss=1.3456 val_acc=0.5292 lr=0.0352508
probe_epoch=059 train_loss=1.3394 train_acc=0.5290 val_loss=1.3543 val_acc=0.5278 lr=0.0347544
probe_epoch=060 train_loss=1.3425 train_acc=0.5248 val_loss=1.3392 val_acc=0.5330 lr=0.0342535
probe_epoch=061 train_loss=1.3412 train_acc=0.5263 val_loss=1.3449 val_acc=0.5316 lr=0.0337481
probe_epoch=062 train_loss=1.3377 train_acc=0.5268 val_loss=1.3475 val_acc=0.5284 lr=0.0332387
probe_epoch=063 train_loss=1.3374 train_acc=0.5264 val_loss=1.3397 val_acc=0.5282 lr=0.0327254
probe_epoch=064 train_loss=1.3381 train_acc=0.5256 val_loss=1.3440 val_acc=0.5310 lr=0.0322085
probe_epoch=065 train_loss=1.3394 train_acc=0.5243 val_loss=1.3542 val_acc=0.5308 lr=0.0316882
probe_epoch=066 train_loss=1.3361 train_acc=0.5276 val_loss=1.3401 val_acc=0.5332 lr=0.0311648
probe_epoch=067 train_loss=1.3370 train_acc=0.5270 val_loss=1.3367 val_acc=0.5346 lr=0.0306384
probe_epoch=068 train_loss=1.3432 train_acc=0.5248 val_loss=1.3474 val_acc=0.5294 lr=0.0301095
probe_epoch=069 train_loss=1.3374 train_acc=0.5259 val_loss=1.3494 val_acc=0.5290 lr=0.0295781
probe_epoch=070 train_loss=1.3351 train_acc=0.5280 val_loss=1.3485 val_acc=0.5290 lr=0.0290445
probe_epoch=071 train_loss=1.3390 train_acc=0.5270 val_loss=1.3418 val_acc=0.5328 lr=0.0285091
probe_epoch=072 train_loss=1.3372 train_acc=0.5258 val_loss=1.3346 val_acc=0.5344 lr=0.0279721
probe_epoch=073 train_loss=1.3370 train_acc=0.5259 val_loss=1.3368 val_acc=0.5316 lr=0.0274336
probe_epoch=074 train_loss=1.3379 train_acc=0.5278 val_loss=1.3397 val_acc=0.5320 lr=0.026894
probe_epoch=075 train_loss=1.3400 train_acc=0.5261 val_loss=1.3505 val_acc=0.5300 lr=0.0263535
probe_epoch=076 train_loss=1.3388 train_acc=0.5253 val_loss=1.3439 val_acc=0.5312 lr=0.0258123
probe_epoch=077 train_loss=1.3368 train_acc=0.5281 val_loss=1.3490 val_acc=0.5278 lr=0.0252708
probe_epoch=078 train_loss=1.3313 train_acc=0.5284 val_loss=1.3466 val_acc=0.5290 lr=0.0247292
probe_epoch=079 train_loss=1.3356 train_acc=0.5285 val_loss=1.3445 val_acc=0.5274 lr=0.0241877
probe_epoch=080 train_loss=1.3361 train_acc=0.5272 val_loss=1.3421 val_acc=0.5274 lr=0.0236465
probe_epoch=081 train_loss=1.3382 train_acc=0.5277 val_loss=1.3364 val_acc=0.5308 lr=0.023106
probe_epoch=082 train_loss=1.3349 train_acc=0.5282 val_loss=1.3426 val_acc=0.5278 lr=0.0225664
probe_epoch=083 train_loss=1.3344 train_acc=0.5242 val_loss=1.3441 val_acc=0.5318 lr=0.0220279
probe_epoch=084 train_loss=1.3357 train_acc=0.5266 val_loss=1.3408 val_acc=0.5304 lr=0.0214909
probe_epoch=085 train_loss=1.3318 train_acc=0.5309 val_loss=1.3447 val_acc=0.5284 lr=0.0209555
probe_epoch=086 train_loss=1.3298 train_acc=0.5308 val_loss=1.3535 val_acc=0.5274 lr=0.0204219
probe_epoch=087 train_loss=1.3377 train_acc=0.5264 val_loss=1.3495 val_acc=0.5284 lr=0.0198905
probe_epoch=088 train_loss=1.3343 train_acc=0.5295 val_loss=1.3442 val_acc=0.5310 lr=0.0193616
probe_epoch=089 train_loss=1.3381 train_acc=0.5275 val_loss=1.3401 val_acc=0.5340 lr=0.0188352
probe_epoch=090 train_loss=1.3349 train_acc=0.5287 val_loss=1.3391 val_acc=0.5338 lr=0.0183118
probe_epoch=091 train_loss=1.3370 train_acc=0.5281 val_loss=1.3459 val_acc=0.5300 lr=0.0177915
probe_epoch=092 train_loss=1.3311 train_acc=0.5305 val_loss=1.3434 val_acc=0.5336 lr=0.0172746
probe_epoch=093 train_loss=1.3329 train_acc=0.5295 val_loss=1.3398 val_acc=0.5334 lr=0.0167613
probe_epoch=094 train_loss=1.3322 train_acc=0.5287 val_loss=1.3425 val_acc=0.5318 lr=0.0162519
probe_epoch=095 train_loss=1.3331 train_acc=0.5296 val_loss=1.3417 val_acc=0.5336 lr=0.0157465
probe_epoch=096 train_loss=1.3328 train_acc=0.5289 val_loss=1.3448 val_acc=0.5286 lr=0.0152456
probe_epoch=097 train_loss=1.3351 train_acc=0.5292 val_loss=1.3445 val_acc=0.5294 lr=0.0147492
probe_epoch=098 train_loss=1.3300 train_acc=0.5295 val_loss=1.3476 val_acc=0.5320 lr=0.0142576
probe_epoch=099 train_loss=1.3313 train_acc=0.5279 val_loss=1.3418 val_acc=0.5288 lr=0.0137711
probe_epoch=100 train_loss=1.3325 train_acc=0.5303 val_loss=1.3431 val_acc=0.5320 lr=0.0132898
probe_epoch=101 train_loss=1.3311 train_acc=0.5298 val_loss=1.3414 val_acc=0.5324 lr=0.012814
probe_epoch=102 train_loss=1.3296 train_acc=0.5295 val_loss=1.3395 val_acc=0.5320 lr=0.012344
probe_epoch=103 train_loss=1.3328 train_acc=0.5285 val_loss=1.3367 val_acc=0.5314 lr=0.0118799
probe_epoch=104 train_loss=1.3350 train_acc=0.5281 val_loss=1.3484 val_acc=0.5310 lr=0.0114219
probe_epoch=105 train_loss=1.3263 train_acc=0.5304 val_loss=1.3378 val_acc=0.5340 lr=0.0109703
probe_epoch=106 train_loss=1.3276 train_acc=0.5309 val_loss=1.3463 val_acc=0.5310 lr=0.0105253
probe_epoch=107 train_loss=1.3312 train_acc=0.5290 val_loss=1.3439 val_acc=0.5304 lr=0.0100871
probe_epoch=108 train_loss=1.3307 train_acc=0.5304 val_loss=1.3402 val_acc=0.5304 lr=0.00965593
probe_epoch=109 train_loss=1.3314 train_acc=0.5298 val_loss=1.3424 val_acc=0.5286 lr=0.00923194
probe_epoch=110 train_loss=1.3326 train_acc=0.5309 val_loss=1.3425 val_acc=0.5292 lr=0.00881534
probe_epoch=111 train_loss=1.3322 train_acc=0.5305 val_loss=1.3432 val_acc=0.5318 lr=0.00840635
probe_epoch=112 train_loss=1.3302 train_acc=0.5294 val_loss=1.3402 val_acc=0.5308 lr=0.00800514
probe_epoch=113 train_loss=1.3296 train_acc=0.5304 val_loss=1.3423 val_acc=0.5288 lr=0.00761191
probe_epoch=114 train_loss=1.3273 train_acc=0.5321 val_loss=1.3415 val_acc=0.5320 lr=0.00722684
probe_epoch=115 train_loss=1.3308 train_acc=0.5305 val_loss=1.3415 val_acc=0.5310 lr=0.00685011
probe_epoch=116 train_loss=1.3254 train_acc=0.5302 val_loss=1.3422 val_acc=0.5312 lr=0.00648191
probe_epoch=117 train_loss=1.3301 train_acc=0.5302 val_loss=1.3387 val_acc=0.5306 lr=0.00612239
probe_epoch=118 train_loss=1.3285 train_acc=0.5319 val_loss=1.3426 val_acc=0.5330 lr=0.00577174
probe_epoch=119 train_loss=1.3312 train_acc=0.5296 val_loss=1.3387 val_acc=0.5328 lr=0.00543011
probe_epoch=120 train_loss=1.3261 train_acc=0.5326 val_loss=1.3402 val_acc=0.5330 lr=0.00509767
probe_epoch=121 train_loss=1.3277 train_acc=0.5338 val_loss=1.3392 val_acc=0.5314 lr=0.00477458
probe_epoch=122 train_loss=1.3276 train_acc=0.5315 val_loss=1.3392 val_acc=0.5324 lr=0.00446097
probe_epoch=123 train_loss=1.3257 train_acc=0.5328 val_loss=1.3432 val_acc=0.5302 lr=0.00415701
probe_epoch=124 train_loss=1.3281 train_acc=0.5312 val_loss=1.3412 val_acc=0.5324 lr=0.00386283
probe_epoch=125 train_loss=1.3273 train_acc=0.5298 val_loss=1.3408 val_acc=0.5320 lr=0.00357857
probe_epoch=126 train_loss=1.3261 train_acc=0.5321 val_loss=1.3432 val_acc=0.5300 lr=0.00330437
probe_epoch=127 train_loss=1.3297 train_acc=0.5314 val_loss=1.3432 val_acc=0.5304 lr=0.00304035
probe_epoch=128 train_loss=1.3287 train_acc=0.5314 val_loss=1.3432 val_acc=0.5312 lr=0.00278664
probe_epoch=129 train_loss=1.3249 train_acc=0.5328 val_loss=1.3396 val_acc=0.5312 lr=0.00254336
probe_epoch=130 train_loss=1.3261 train_acc=0.5343 val_loss=1.3412 val_acc=0.5310 lr=0.00231061
probe_epoch=131 train_loss=1.3272 train_acc=0.5329 val_loss=1.3409 val_acc=0.5324 lr=0.00208852
probe_epoch=132 train_loss=1.3270 train_acc=0.5316 val_loss=1.3392 val_acc=0.5320 lr=0.00187719
probe_epoch=133 train_loss=1.3271 train_acc=0.5336 val_loss=1.3403 val_acc=0.5310 lr=0.0016767
probe_epoch=134 train_loss=1.3271 train_acc=0.5309 val_loss=1.3425 val_acc=0.5316 lr=0.00148717
probe_epoch=135 train_loss=1.3253 train_acc=0.5319 val_loss=1.3397 val_acc=0.5310 lr=0.00130867
probe_epoch=136 train_loss=1.3294 train_acc=0.5300 val_loss=1.3410 val_acc=0.5322 lr=0.00114129
probe_epoch=137 train_loss=1.3265 train_acc=0.5300 val_loss=1.3421 val_acc=0.5312 lr=0.000985116
probe_epoch=138 train_loss=1.3264 train_acc=0.5306 val_loss=1.3396 val_acc=0.5310 lr=0.000840211
probe_epoch=139 train_loss=1.3254 train_acc=0.5343 val_loss=1.3400 val_acc=0.5310 lr=0.000706647
probe_epoch=140 train_loss=1.3239 train_acc=0.5352 val_loss=1.3406 val_acc=0.5302 lr=0.000584486
probe_epoch=141 train_loss=1.3245 train_acc=0.5299 val_loss=1.3406 val_acc=0.5322 lr=0.000473786
probe_epoch=142 train_loss=1.3258 train_acc=0.5316 val_loss=1.3405 val_acc=0.5302 lr=0.000374599
probe_epoch=143 train_loss=1.3227 train_acc=0.5325 val_loss=1.3402 val_acc=0.5306 lr=0.00028697
probe_epoch=144 train_loss=1.3274 train_acc=0.5326 val_loss=1.3402 val_acc=0.5304 lr=0.000210943
probe_epoch=145 train_loss=1.3251 train_acc=0.5336 val_loss=1.3404 val_acc=0.5304 lr=0.000146551
probe_epoch=146 train_loss=1.3246 train_acc=0.5326 val_loss=1.3406 val_acc=0.5308 lr=9.38257e-05
probe_epoch=147 train_loss=1.3279 train_acc=0.5303 val_loss=1.3404 val_acc=0.5304 lr=5.27914e-05
probe_epoch=148 train_loss=1.3225 train_acc=0.5330 val_loss=1.3405 val_acc=0.5300 lr=2.34674e-05
probe_epoch=149 train_loss=1.3302 train_acc=0.5311 val_loss=1.3405 val_acc=0.5302 lr=5.86755e-06
probe_epoch=150 train_loss=1.3251 train_acc=0.5320 val_loss=1.3405 val_acc=0.5302 lr=0
linear_probe_test_loss=1.3333 linear_probe_test_acc=0.5238 best_val_acc=0.5362 best_epoch=56
Job finished at: Wed Jul  1 16:51:04 CEST 2026
