Job started at: Wed Jul  1 19:44:39 CEST 2026
Node: lrdn0318.leonardo.local
Config path: configs/cifar10_vit_lejepa_v4_short_lr2e4.yaml
Wed Jul  1 19:44:39 2026       
+---------------------------------------------------------------------------------------+
| NVIDIA-SMI 535.274.02             Driver Version: 535.274.02   CUDA Version: 12.2     |
|-----------------------------------------+----------------------+----------------------+
| GPU  Name                 Persistence-M | Bus-Id        Disp.A | Volatile Uncorr. ECC |
| Fan  Temp   Perf          Pwr:Usage/Cap |         Memory-Usage | GPU-Util  Compute M. |
|                                         |                      |               MIG M. |
|=========================================+======================+======================|
|   0  NVIDIA A100-SXM-64GB           On  | 00000000:1D:00.0 Off |                    0 |
| N/A   43C    P0              61W / 472W |      0MiB / 65536MiB |      0%      Default |
|                                         |                      |             Disabled |
+-----------------------------------------+----------------------+----------------------+
                                                                                         
+---------------------------------------------------------------------------------------+
| Processes:                                                                            |
|  GPU   GI   CI        PID   Type   Process name                            GPU Memory |
|        ID   ID                                                             Usage      |
|=======================================================================================|
|  No running processes found                                                           |
+---------------------------------------------------------------------------------------+
Using device: cuda
Representation evaluation settings:
  mode: vit_lejepa
  architecture: vit_tiny_cifar
  checkpoint: experiments/experiment-c10-vit-lejepa-v4-short-lr2e4/checkpoints/vit_lejepa_probe_best.pt
  batch_size: 256
  max_test_samples: 10000
  max_bank_samples: 50000
  kNN ks: [1, 5, 10, 20, 50, 100]
  feature bank: full train set with eval transforms
  query set: test set

Representation evaluation completed.
Classifier/probe accuracy: 0.3764
Best kNN accuracy: 0.4068 at k=100
Saved YAML: experiments/experiment-c10-vit-lejepa-v4-short-lr2e4/metrics/representation_vit_lejepa.yaml
Saved CSV: experiments/experiment-c10-vit-lejepa-v4-short-lr2e4/metrics/representation_vit_lejepa.csv
Job finished at: Wed Jul  1 19:47:33 CEST 2026
