Job started at: Wed Jul  1 18:37:18 CEST 2026
Node: lrdn2090.leonardo.local
Config path: configs/cifar10_vit_lejepa_v4_short_lr2e4.yaml
Wed Jul  1 18:37:18 2026       
+---------------------------------------------------------------------------------------+
| NVIDIA-SMI 535.274.02             Driver Version: 535.274.02   CUDA Version: 12.2     |
|-----------------------------------------+----------------------+----------------------+
| GPU  Name                 Persistence-M | Bus-Id        Disp.A | Volatile Uncorr. ECC |
| Fan  Temp   Perf          Pwr:Usage/Cap |         Memory-Usage | GPU-Util  Compute M. |
|                                         |                      |               MIG M. |
|=========================================+======================+======================|
|   0  NVIDIA A100-SXM-64GB           On  | 00000000:C8:00.0 Off |                    0 |
| N/A   43C    P0              59W / 451W |      0MiB / 65536MiB |      0%      Default |
|                                         |                      |             Disabled |
+-----------------------------------------+----------------------+----------------------+
                                                                                         
+---------------------------------------------------------------------------------------+
| Processes:                                                                            |
|  GPU   GI   CI        PID   Type   Process name                            GPU Memory |
|        ID   ID                                                             Usage      |
|=======================================================================================|
|  No running processes found                                                           |
+---------------------------------------------------------------------------------------+
LeJEPA ViT pretraining method:
  architecture: vit_tiny_cifar
  sigreg_implementation: official
  num_global_views: 2
  num_local_views: 0
  scheduler: warmup_cosine warmup_epochs=5
  checkpoint_selection: enabled=True metric=knn
  stop_gradient: false
  teacher_student_or_ema: false
epoch=001 vit_lejepa_loss=1.3376 pred=0.0054 sigreg=133.2213 lr=8e-05
epoch=002 vit_lejepa_loss=0.4734 pred=0.0032 sigreg=47.0269 lr=0.00012
epoch=003 vit_lejepa_loss=0.2946 pred=0.0032 sigreg=29.1404 lr=0.00016
epoch=004 vit_lejepa_loss=0.2167 pred=0.0033 sigreg=21.3389 lr=0.0002
epoch=005 vit_lejepa_loss=0.1728 pred=0.0034 sigreg=16.9384 lr=0.0002
epoch=006 vit_lejepa_loss=0.1516 pred=0.0035 sigreg=14.8110 lr=0.000199945
epoch=007 vit_lejepa_loss=0.1383 pred=0.0035 sigreg=13.4816 lr=0.000199781
epoch=008 vit_lejepa_loss=0.1286 pred=0.0036 sigreg=12.5049 lr=0.000199508
epoch=009 vit_lejepa_loss=0.1205 pred=0.0036 sigreg=11.6862 lr=0.000199126
epoch=010 vit_lejepa_loss=0.1126 pred=0.0037 sigreg=10.8910 lr=0.000198636
epoch=011 vit_lejepa_loss=0.1068 pred=0.0038 sigreg=10.3054 lr=0.000198038
epoch=012 vit_lejepa_loss=0.1006 pred=0.0038 sigreg=9.6758 lr=0.000197333
epoch=013 vit_lejepa_loss=0.0961 pred=0.0039 sigreg=9.2191 lr=0.000196521
epoch=014 vit_lejepa_loss=0.0935 pred=0.0040 sigreg=8.9538 lr=0.000195604
epoch=015 vit_lejepa_loss=0.0891 pred=0.0040 sigreg=8.5033 lr=0.000194582
epoch=016 vit_lejepa_loss=0.0868 pred=0.0041 sigreg=8.2744 lr=0.000193456
epoch=017 vit_lejepa_loss=0.0845 pred=0.0042 sigreg=8.0335 lr=0.000192229
epoch=018 vit_lejepa_loss=0.0816 pred=0.0043 sigreg=7.7317 lr=0.000190901
epoch=019 vit_lejepa_loss=0.0782 pred=0.0043 sigreg=7.3911 lr=0.000189473
epoch=020 vit_lejepa_loss=0.0756 pred=0.0044 sigreg=7.1235 lr=0.000187947
epoch=021 vit_lejepa_loss=0.0729 pred=0.0044 sigreg=6.8444 lr=0.000186326
epoch=022 vit_lejepa_loss=0.0706 pred=0.0045 sigreg=6.6140 lr=0.00018461
epoch=023 vit_lejepa_loss=0.0682 pred=0.0045 sigreg=6.3703 lr=0.000182801
epoch=024 vit_lejepa_loss=0.0665 pred=0.0046 sigreg=6.1985 lr=0.000180902
epoch=025 vit_lejepa_loss=0.0648 pred=0.0046 sigreg=6.0173 lr=0.000178914
epoch=026 vit_lejepa_loss=0.0630 pred=0.0046 sigreg=5.8433 lr=0.00017684
epoch=027 vit_lejepa_loss=0.0614 pred=0.0046 sigreg=5.6788 lr=0.000174682
epoch=028 vit_lejepa_loss=0.0596 pred=0.0047 sigreg=5.4909 lr=0.000172443
epoch=029 vit_lejepa_loss=0.0586 pred=0.0047 sigreg=5.3959 lr=0.000170124
epoch=030 vit_lejepa_loss=0.0576 pred=0.0047 sigreg=5.2912 lr=0.000167728
epoch=031 vit_lejepa_loss=0.0565 pred=0.0047 sigreg=5.1800 lr=0.000165259
epoch=032 vit_lejepa_loss=0.0553 pred=0.0048 sigreg=5.0487 lr=0.000162718
epoch=033 vit_lejepa_loss=0.0551 pred=0.0048 sigreg=5.0354 lr=0.000160108
epoch=034 vit_lejepa_loss=0.0538 pred=0.0048 sigreg=4.9018 lr=0.000157433
epoch=035 vit_lejepa_loss=0.0527 pred=0.0048 sigreg=4.7916 lr=0.000154695
epoch=036 vit_lejepa_loss=0.0513 pred=0.0048 sigreg=4.6525 lr=0.000151897
epoch=037 vit_lejepa_loss=0.0506 pred=0.0048 sigreg=4.5818 lr=0.000149042
epoch=038 vit_lejepa_loss=0.0496 pred=0.0049 sigreg=4.4749 lr=0.000146134
epoch=039 vit_lejepa_loss=0.0491 pred=0.0048 sigreg=4.4267 lr=0.000143175
epoch=040 vit_lejepa_loss=0.0485 pred=0.0049 sigreg=4.3607 lr=0.00014017
epoch=041 vit_lejepa_loss=0.0483 pred=0.0049 sigreg=4.3452 lr=0.00013712
epoch=042 vit_lejepa_loss=0.0472 pred=0.0049 sigreg=4.2357 lr=0.000134029
epoch=043 vit_lejepa_loss=0.0465 pred=0.0049 sigreg=4.1622 lr=0.000130902
epoch=044 vit_lejepa_loss=0.0457 pred=0.0049 sigreg=4.0746 lr=0.00012774
epoch=045 vit_lejepa_loss=0.0453 pred=0.0049 sigreg=4.0331 lr=0.000124549
epoch=046 vit_lejepa_loss=0.0448 pred=0.0049 sigreg=3.9910 lr=0.00012133
epoch=047 vit_lejepa_loss=0.0441 pred=0.0049 sigreg=3.9183 lr=0.000118088
epoch=048 vit_lejepa_loss=0.0438 pred=0.0050 sigreg=3.8809 lr=0.000114826
epoch=049 vit_lejepa_loss=0.0436 pred=0.0050 sigreg=3.8584 lr=0.000111548
epoch=050 vit_lejepa_loss=0.0430 pred=0.0050 sigreg=3.8052 lr=0.000108258
epoch=051 vit_lejepa_loss=0.0424 pred=0.0050 sigreg=3.7481 lr=0.000104958
epoch=052 vit_lejepa_loss=0.0417 pred=0.0050 sigreg=3.6675 lr=0.000101653
epoch=053 vit_lejepa_loss=0.0412 pred=0.0050 sigreg=3.6274 lr=9.83466e-05
epoch=054 vit_lejepa_loss=0.0411 pred=0.0050 sigreg=3.6138 lr=9.50416e-05
epoch=055 vit_lejepa_loss=0.0408 pred=0.0050 sigreg=3.5808 lr=9.17421e-05
epoch=056 vit_lejepa_loss=0.0404 pred=0.0050 sigreg=3.5424 lr=8.84515e-05
epoch=057 vit_lejepa_loss=0.0398 pred=0.0050 sigreg=3.4816 lr=8.51736e-05
epoch=058 vit_lejepa_loss=0.0395 pred=0.0050 sigreg=3.4480 lr=8.19119e-05
epoch=059 vit_lejepa_loss=0.0391 pred=0.0050 sigreg=3.4113 lr=7.867e-05
epoch=060 vit_lejepa_loss=0.0390 pred=0.0050 sigreg=3.3952 lr=7.54515e-05
epoch=061 vit_lejepa_loss=0.0385 pred=0.0050 sigreg=3.3485 lr=7.22597e-05
epoch=062 vit_lejepa_loss=0.0381 pred=0.0050 sigreg=3.3119 lr=6.90983e-05
epoch=063 vit_lejepa_loss=0.0378 pred=0.0050 sigreg=3.2806 lr=6.59707e-05
epoch=064 vit_lejepa_loss=0.0377 pred=0.0050 sigreg=3.2760 lr=6.28803e-05
epoch=065 vit_lejepa_loss=0.0375 pred=0.0050 sigreg=3.2515 lr=5.98305e-05
epoch=066 vit_lejepa_loss=0.0372 pred=0.0050 sigreg=3.2189 lr=5.68246e-05
epoch=067 vit_lejepa_loss=0.0370 pred=0.0050 sigreg=3.2032 lr=5.38659e-05
epoch=068 vit_lejepa_loss=0.0366 pred=0.0050 sigreg=3.1655 lr=5.09576e-05
epoch=069 vit_lejepa_loss=0.0365 pred=0.0050 sigreg=3.1542 lr=4.8103e-05
epoch=070 vit_lejepa_loss=0.0364 pred=0.0050 sigreg=3.1388 lr=4.53052e-05
epoch=071 vit_lejepa_loss=0.0361 pred=0.0050 sigreg=3.1093 lr=4.25671e-05
epoch=072 vit_lejepa_loss=0.0358 pred=0.0050 sigreg=3.0843 lr=3.98919e-05
epoch=073 vit_lejepa_loss=0.0359 pred=0.0050 sigreg=3.0902 lr=3.72824e-05
epoch=074 vit_lejepa_loss=0.0354 pred=0.0050 sigreg=3.0388 lr=3.47414e-05
epoch=075 vit_lejepa_loss=0.0355 pred=0.0050 sigreg=3.0538 lr=3.22718e-05
epoch=076 vit_lejepa_loss=0.0355 pred=0.0050 sigreg=3.0492 lr=2.98763e-05
epoch=077 vit_lejepa_loss=0.0352 pred=0.0050 sigreg=3.0222 lr=2.75575e-05
epoch=078 vit_lejepa_loss=0.0349 pred=0.0050 sigreg=2.9982 lr=2.53179e-05
epoch=079 vit_lejepa_loss=0.0348 pred=0.0050 sigreg=2.9858 lr=2.31599e-05
epoch=080 vit_lejepa_loss=0.0346 pred=0.0050 sigreg=2.9605 lr=2.10859e-05
epoch=081 vit_lejepa_loss=0.0347 pred=0.0050 sigreg=2.9700 lr=1.90983e-05
epoch=082 vit_lejepa_loss=0.0345 pred=0.0050 sigreg=2.9584 lr=1.71991e-05
epoch=083 vit_lejepa_loss=0.0344 pred=0.0050 sigreg=2.9404 lr=1.53905e-05
epoch=084 vit_lejepa_loss=0.0344 pred=0.0050 sigreg=2.9481 lr=1.36744e-05
epoch=085 vit_lejepa_loss=0.0343 pred=0.0050 sigreg=2.9366 lr=1.20526e-05
epoch=086 vit_lejepa_loss=0.0342 pred=0.0049 sigreg=2.9289 lr=1.05271e-05
epoch=087 vit_lejepa_loss=0.0341 pred=0.0050 sigreg=2.9190 lr=9.09935e-06
epoch=088 vit_lejepa_loss=0.0340 pred=0.0049 sigreg=2.9096 lr=7.77102e-06
epoch=089 vit_lejepa_loss=0.0339 pred=0.0049 sigreg=2.8971 lr=6.54355e-06
epoch=090 vit_lejepa_loss=0.0337 pred=0.0049 sigreg=2.8776 lr=5.41828e-06
epoch=091 vit_lejepa_loss=0.0338 pred=0.0049 sigreg=2.8864 lr=4.39642e-06
epoch=092 vit_lejepa_loss=0.0340 pred=0.0049 sigreg=2.9018 lr=3.47911e-06
epoch=093 vit_lejepa_loss=0.0339 pred=0.0049 sigreg=2.8972 lr=2.66734e-06
epoch=094 vit_lejepa_loss=0.0339 pred=0.0049 sigreg=2.8907 lr=1.962e-06
epoch=095 vit_lejepa_loss=0.0337 pred=0.0050 sigreg=2.8789 lr=1.36387e-06
epoch=096 vit_lejepa_loss=0.0335 pred=0.0049 sigreg=2.8597 lr=8.73593e-07
epoch=097 vit_lejepa_loss=0.0337 pred=0.0049 sigreg=2.8792 lr=4.9171e-07
epoch=098 vit_lejepa_loss=0.0339 pred=0.0049 sigreg=2.8926 lr=2.18637e-07
epoch=099 vit_lejepa_loss=0.0339 pred=0.0049 sigreg=2.8914 lr=5.46743e-08
epoch=100 vit_lejepa_loss=0.0339 pred=0.0049 sigreg=2.8954 lr=0
Backbone checkpoint selection by frozen-backbone kNN:
  candidates: 12
  k values: [20, 50, 100]
  max_bank_samples: 10000
  max_test_samples: 2000

Evaluating candidate: experiments/experiment-c10-vit-lejepa-v4-short-lr2e4/checkpoints/vit_lejepa_backbone_last.pt

Evaluating candidate: experiments/experiment-c10-vit-lejepa-v4-short-lr2e4/checkpoints/vit_lejepa_backbone_loss_best.pt

Evaluating candidate: experiments/experiment-c10-vit-lejepa-v4-short-lr2e4/checkpoints/vit_lejepa_backbone_epoch_010.pt

Evaluating candidate: experiments/experiment-c10-vit-lejepa-v4-short-lr2e4/checkpoints/vit_lejepa_backbone_epoch_020.pt

Evaluating candidate: experiments/experiment-c10-vit-lejepa-v4-short-lr2e4/checkpoints/vit_lejepa_backbone_epoch_030.pt

Evaluating candidate: experiments/experiment-c10-vit-lejepa-v4-short-lr2e4/checkpoints/vit_lejepa_backbone_epoch_040.pt

Evaluating candidate: experiments/experiment-c10-vit-lejepa-v4-short-lr2e4/checkpoints/vit_lejepa_backbone_epoch_050.pt

Evaluating candidate: experiments/experiment-c10-vit-lejepa-v4-short-lr2e4/checkpoints/vit_lejepa_backbone_epoch_060.pt

Evaluating candidate: experiments/experiment-c10-vit-lejepa-v4-short-lr2e4/checkpoints/vit_lejepa_backbone_epoch_070.pt

Evaluating candidate: experiments/experiment-c10-vit-lejepa-v4-short-lr2e4/checkpoints/vit_lejepa_backbone_epoch_080.pt

Evaluating candidate: experiments/experiment-c10-vit-lejepa-v4-short-lr2e4/checkpoints/vit_lejepa_backbone_epoch_090.pt

Evaluating candidate: experiments/experiment-c10-vit-lejepa-v4-short-lr2e4/checkpoints/vit_lejepa_backbone_epoch_100.pt

Backbone checkpoint selection completed.
  selected: experiments/experiment-c10-vit-lejepa-v4-short-lr2e4/checkpoints/vit_lejepa_backbone_last.pt
  best kNN: 0.3775 at k=100
  saved CSV: experiments/experiment-c10-vit-lejepa-v4-short-lr2e4/metrics/checkpoint_selection/backbone_checkpoint_selection_knn.csv
  overwritten backbone_best_path: experiments/experiment-c10-vit-lejepa-v4-short-lr2e4/checkpoints/vit_lejepa_backbone_best.pt
probe_epoch=001 train_loss=2.0081 train_acc=0.2707 val_loss=1.8338 val_acc=0.3460 lr=0.02
probe_epoch=002 train_loss=1.8025 train_acc=0.3463 val_loss=1.7578 val_acc=0.3690 lr=0.03
probe_epoch=003 train_loss=1.7792 train_acc=0.3521 val_loss=1.7402 val_acc=0.3698 lr=0.04
probe_epoch=004 train_loss=1.7648 train_acc=0.3596 val_loss=1.7340 val_acc=0.3676 lr=0.05
probe_epoch=005 train_loss=1.7592 train_acc=0.3616 val_loss=1.7241 val_acc=0.3714 lr=0.05
probe_epoch=006 train_loss=1.7587 train_acc=0.3624 val_loss=1.7218 val_acc=0.3710 lr=0.0499941
probe_epoch=007 train_loss=1.7469 train_acc=0.3642 val_loss=1.7211 val_acc=0.3752 lr=0.0499765
probe_epoch=008 train_loss=1.7428 train_acc=0.3670 val_loss=1.7161 val_acc=0.3670 lr=0.0499472
probe_epoch=009 train_loss=1.7432 train_acc=0.3660 val_loss=1.7170 val_acc=0.3684 lr=0.0499062
probe_epoch=010 train_loss=1.7382 train_acc=0.3683 val_loss=1.7230 val_acc=0.3626 lr=0.0498534
probe_epoch=011 train_loss=1.7299 train_acc=0.3706 val_loss=1.7160 val_acc=0.3742 lr=0.0497891
probe_epoch=012 train_loss=1.7318 train_acc=0.3715 val_loss=1.7225 val_acc=0.3710 lr=0.049713
probe_epoch=013 train_loss=1.7342 train_acc=0.3693 val_loss=1.7136 val_acc=0.3694 lr=0.0496254
probe_epoch=014 train_loss=1.7321 train_acc=0.3719 val_loss=1.7126 val_acc=0.3786 lr=0.0495262
probe_epoch=015 train_loss=1.7298 train_acc=0.3733 val_loss=1.7070 val_acc=0.3770 lr=0.0494155
probe_epoch=016 train_loss=1.7275 train_acc=0.3738 val_loss=1.6988 val_acc=0.3788 lr=0.0492934
probe_epoch=017 train_loss=1.7292 train_acc=0.3731 val_loss=1.7168 val_acc=0.3662 lr=0.0491598
probe_epoch=018 train_loss=1.7267 train_acc=0.3760 val_loss=1.7096 val_acc=0.3674 lr=0.0490149
probe_epoch=019 train_loss=1.7271 train_acc=0.3740 val_loss=1.7147 val_acc=0.3724 lr=0.0488587
probe_epoch=020 train_loss=1.7291 train_acc=0.3724 val_loss=1.7189 val_acc=0.3690 lr=0.0486913
probe_epoch=021 train_loss=1.7250 train_acc=0.3720 val_loss=1.6993 val_acc=0.3748 lr=0.0485128
probe_epoch=022 train_loss=1.7261 train_acc=0.3726 val_loss=1.7047 val_acc=0.3766 lr=0.0483233
probe_epoch=023 train_loss=1.7258 train_acc=0.3739 val_loss=1.6968 val_acc=0.3814 lr=0.0481228
probe_epoch=024 train_loss=1.7249 train_acc=0.3756 val_loss=1.7066 val_acc=0.3834 lr=0.0479115
probe_epoch=025 train_loss=1.7250 train_acc=0.3746 val_loss=1.6987 val_acc=0.3708 lr=0.0476894
probe_epoch=026 train_loss=1.7193 train_acc=0.3772 val_loss=1.7052 val_acc=0.3730 lr=0.0474566
probe_epoch=027 train_loss=1.7210 train_acc=0.3778 val_loss=1.7011 val_acc=0.3772 lr=0.0472134
probe_epoch=028 train_loss=1.7250 train_acc=0.3746 val_loss=1.6983 val_acc=0.3816 lr=0.0469596
probe_epoch=029 train_loss=1.7243 train_acc=0.3759 val_loss=1.7065 val_acc=0.3750 lr=0.0466956
probe_epoch=030 train_loss=1.7264 train_acc=0.3717 val_loss=1.7017 val_acc=0.3788 lr=0.0464214
probe_epoch=031 train_loss=1.7217 train_acc=0.3743 val_loss=1.7073 val_acc=0.3678 lr=0.0461372
probe_epoch=032 train_loss=1.7200 train_acc=0.3765 val_loss=1.7067 val_acc=0.3742 lr=0.045843
probe_epoch=033 train_loss=1.7213 train_acc=0.3767 val_loss=1.6933 val_acc=0.3912 lr=0.045539
probe_epoch=034 train_loss=1.7227 train_acc=0.3765 val_loss=1.7027 val_acc=0.3794 lr=0.0452254
probe_epoch=035 train_loss=1.7201 train_acc=0.3758 val_loss=1.7076 val_acc=0.3728 lr=0.0449023
probe_epoch=036 train_loss=1.7202 train_acc=0.3774 val_loss=1.6984 val_acc=0.3812 lr=0.0445699
probe_epoch=037 train_loss=1.7209 train_acc=0.3740 val_loss=1.7121 val_acc=0.3734 lr=0.0442283
probe_epoch=038 train_loss=1.7208 train_acc=0.3761 val_loss=1.7049 val_acc=0.3750 lr=0.0438776
probe_epoch=039 train_loss=1.7236 train_acc=0.3748 val_loss=1.7050 val_acc=0.3794 lr=0.0435181
probe_epoch=040 train_loss=1.7194 train_acc=0.3759 val_loss=1.6977 val_acc=0.3796 lr=0.0431499
probe_epoch=041 train_loss=1.7195 train_acc=0.3767 val_loss=1.6995 val_acc=0.3802 lr=0.0427732
probe_epoch=042 train_loss=1.7192 train_acc=0.3768 val_loss=1.7028 val_acc=0.3778 lr=0.0423881
probe_epoch=043 train_loss=1.7248 train_acc=0.3732 val_loss=1.6954 val_acc=0.3756 lr=0.0419949
probe_epoch=044 train_loss=1.7193 train_acc=0.3780 val_loss=1.7030 val_acc=0.3708 lr=0.0415937
probe_epoch=045 train_loss=1.7175 train_acc=0.3742 val_loss=1.6961 val_acc=0.3792 lr=0.0411847
probe_epoch=046 train_loss=1.7216 train_acc=0.3761 val_loss=1.7033 val_acc=0.3738 lr=0.0407681
probe_epoch=047 train_loss=1.7211 train_acc=0.3747 val_loss=1.7097 val_acc=0.3732 lr=0.0403441
probe_epoch=048 train_loss=1.7155 train_acc=0.3797 val_loss=1.6895 val_acc=0.3792 lr=0.0399129
probe_epoch=049 train_loss=1.7162 train_acc=0.3775 val_loss=1.7107 val_acc=0.3786 lr=0.0394747
probe_epoch=050 train_loss=1.7149 train_acc=0.3758 val_loss=1.7139 val_acc=0.3788 lr=0.0390297
probe_epoch=051 train_loss=1.7158 train_acc=0.3789 val_loss=1.6944 val_acc=0.3814 lr=0.0385781
probe_epoch=052 train_loss=1.7193 train_acc=0.3785 val_loss=1.7017 val_acc=0.3740 lr=0.0381201
probe_epoch=053 train_loss=1.7147 train_acc=0.3749 val_loss=1.6994 val_acc=0.3782 lr=0.037656
probe_epoch=054 train_loss=1.7175 train_acc=0.3765 val_loss=1.7056 val_acc=0.3764 lr=0.037186
probe_epoch=055 train_loss=1.7158 train_acc=0.3793 val_loss=1.6925 val_acc=0.3812 lr=0.0367102
probe_epoch=056 train_loss=1.7127 train_acc=0.3808 val_loss=1.7136 val_acc=0.3678 lr=0.0362289
probe_epoch=057 train_loss=1.7156 train_acc=0.3772 val_loss=1.6997 val_acc=0.3774 lr=0.0357424
probe_epoch=058 train_loss=1.7154 train_acc=0.3770 val_loss=1.7021 val_acc=0.3744 lr=0.0352508
probe_epoch=059 train_loss=1.7091 train_acc=0.3818 val_loss=1.6974 val_acc=0.3772 lr=0.0347544
probe_epoch=060 train_loss=1.7160 train_acc=0.3784 val_loss=1.6938 val_acc=0.3814 lr=0.0342535
probe_epoch=061 train_loss=1.7120 train_acc=0.3821 val_loss=1.6931 val_acc=0.3796 lr=0.0337481
probe_epoch=062 train_loss=1.7128 train_acc=0.3801 val_loss=1.6953 val_acc=0.3762 lr=0.0332387
probe_epoch=063 train_loss=1.7091 train_acc=0.3826 val_loss=1.6984 val_acc=0.3802 lr=0.0327254
probe_epoch=064 train_loss=1.7142 train_acc=0.3790 val_loss=1.7018 val_acc=0.3722 lr=0.0322085
probe_epoch=065 train_loss=1.7157 train_acc=0.3796 val_loss=1.6986 val_acc=0.3768 lr=0.0316882
probe_epoch=066 train_loss=1.7118 train_acc=0.3788 val_loss=1.7092 val_acc=0.3728 lr=0.0311648
probe_epoch=067 train_loss=1.7143 train_acc=0.3795 val_loss=1.6924 val_acc=0.3814 lr=0.0306384
probe_epoch=068 train_loss=1.7114 train_acc=0.3825 val_loss=1.6939 val_acc=0.3774 lr=0.0301095
probe_epoch=069 train_loss=1.7108 train_acc=0.3816 val_loss=1.6880 val_acc=0.3806 lr=0.0295781
probe_epoch=070 train_loss=1.7121 train_acc=0.3819 val_loss=1.7029 val_acc=0.3780 lr=0.0290445
probe_epoch=071 train_loss=1.7136 train_acc=0.3818 val_loss=1.7013 val_acc=0.3780 lr=0.0285091
probe_epoch=072 train_loss=1.7130 train_acc=0.3774 val_loss=1.7031 val_acc=0.3764 lr=0.0279721
probe_epoch=073 train_loss=1.7098 train_acc=0.3810 val_loss=1.6907 val_acc=0.3896 lr=0.0274336
probe_epoch=074 train_loss=1.7121 train_acc=0.3795 val_loss=1.7068 val_acc=0.3786 lr=0.026894
probe_epoch=075 train_loss=1.7115 train_acc=0.3790 val_loss=1.6960 val_acc=0.3766 lr=0.0263535
probe_epoch=076 train_loss=1.7110 train_acc=0.3805 val_loss=1.6931 val_acc=0.3804 lr=0.0258123
probe_epoch=077 train_loss=1.7088 train_acc=0.3828 val_loss=1.6890 val_acc=0.3822 lr=0.0252708
probe_epoch=078 train_loss=1.7119 train_acc=0.3835 val_loss=1.6961 val_acc=0.3862 lr=0.0247292
probe_epoch=079 train_loss=1.7079 train_acc=0.3853 val_loss=1.6914 val_acc=0.3812 lr=0.0241877
probe_epoch=080 train_loss=1.7069 train_acc=0.3824 val_loss=1.6906 val_acc=0.3794 lr=0.0236465
probe_epoch=081 train_loss=1.7077 train_acc=0.3824 val_loss=1.6960 val_acc=0.3790 lr=0.023106
probe_epoch=082 train_loss=1.7062 train_acc=0.3828 val_loss=1.6962 val_acc=0.3854 lr=0.0225664
probe_epoch=083 train_loss=1.7044 train_acc=0.3844 val_loss=1.6849 val_acc=0.3846 lr=0.0220279
probe_epoch=084 train_loss=1.7102 train_acc=0.3833 val_loss=1.6916 val_acc=0.3828 lr=0.0214909
probe_epoch=085 train_loss=1.7083 train_acc=0.3831 val_loss=1.7012 val_acc=0.3796 lr=0.0209555
probe_epoch=086 train_loss=1.7048 train_acc=0.3830 val_loss=1.7008 val_acc=0.3742 lr=0.0204219
probe_epoch=087 train_loss=1.7078 train_acc=0.3844 val_loss=1.6886 val_acc=0.3812 lr=0.0198905
probe_epoch=088 train_loss=1.7069 train_acc=0.3827 val_loss=1.6940 val_acc=0.3826 lr=0.0193616
probe_epoch=089 train_loss=1.7097 train_acc=0.3819 val_loss=1.6928 val_acc=0.3816 lr=0.0188352
probe_epoch=090 train_loss=1.7016 train_acc=0.3840 val_loss=1.6921 val_acc=0.3800 lr=0.0183118
probe_epoch=091 train_loss=1.7053 train_acc=0.3840 val_loss=1.6901 val_acc=0.3796 lr=0.0177915
probe_epoch=092 train_loss=1.7026 train_acc=0.3832 val_loss=1.6901 val_acc=0.3786 lr=0.0172746
probe_epoch=093 train_loss=1.7064 train_acc=0.3829 val_loss=1.6807 val_acc=0.3826 lr=0.0167613
probe_epoch=094 train_loss=1.7054 train_acc=0.3830 val_loss=1.6798 val_acc=0.3850 lr=0.0162519
probe_epoch=095 train_loss=1.7052 train_acc=0.3863 val_loss=1.6848 val_acc=0.3844 lr=0.0157465
probe_epoch=096 train_loss=1.7021 train_acc=0.3832 val_loss=1.6913 val_acc=0.3820 lr=0.0152456
probe_epoch=097 train_loss=1.7082 train_acc=0.3813 val_loss=1.6952 val_acc=0.3782 lr=0.0147492
probe_epoch=098 train_loss=1.7067 train_acc=0.3835 val_loss=1.6927 val_acc=0.3818 lr=0.0142576
probe_epoch=099 train_loss=1.7063 train_acc=0.3842 val_loss=1.6874 val_acc=0.3838 lr=0.0137711
probe_epoch=100 train_loss=1.6995 train_acc=0.3854 val_loss=1.6889 val_acc=0.3832 lr=0.0132898
probe_epoch=101 train_loss=1.7020 train_acc=0.3862 val_loss=1.6914 val_acc=0.3796 lr=0.012814
probe_epoch=102 train_loss=1.6993 train_acc=0.3864 val_loss=1.6863 val_acc=0.3862 lr=0.012344
probe_epoch=103 train_loss=1.7002 train_acc=0.3841 val_loss=1.6868 val_acc=0.3818 lr=0.0118799
probe_epoch=104 train_loss=1.7014 train_acc=0.3837 val_loss=1.6931 val_acc=0.3832 lr=0.0114219
probe_epoch=105 train_loss=1.7055 train_acc=0.3836 val_loss=1.6840 val_acc=0.3838 lr=0.0109703
probe_epoch=106 train_loss=1.7014 train_acc=0.3844 val_loss=1.6849 val_acc=0.3884 lr=0.0105253
probe_epoch=107 train_loss=1.7025 train_acc=0.3842 val_loss=1.6861 val_acc=0.3830 lr=0.0100871
probe_epoch=108 train_loss=1.6985 train_acc=0.3882 val_loss=1.6861 val_acc=0.3824 lr=0.00965593
probe_epoch=109 train_loss=1.7005 train_acc=0.3852 val_loss=1.6848 val_acc=0.3894 lr=0.00923194
probe_epoch=110 train_loss=1.6962 train_acc=0.3882 val_loss=1.6819 val_acc=0.3866 lr=0.00881534
probe_epoch=111 train_loss=1.6978 train_acc=0.3867 val_loss=1.6846 val_acc=0.3886 lr=0.00840635
probe_epoch=112 train_loss=1.7023 train_acc=0.3862 val_loss=1.6854 val_acc=0.3858 lr=0.00800514
probe_epoch=113 train_loss=1.6943 train_acc=0.3872 val_loss=1.6840 val_acc=0.3856 lr=0.00761191
probe_epoch=114 train_loss=1.6965 train_acc=0.3884 val_loss=1.6845 val_acc=0.3852 lr=0.00722684
probe_epoch=115 train_loss=1.6941 train_acc=0.3866 val_loss=1.6818 val_acc=0.3890 lr=0.00685011
probe_epoch=116 train_loss=1.6942 train_acc=0.3872 val_loss=1.6833 val_acc=0.3820 lr=0.00648191
probe_epoch=117 train_loss=1.6969 train_acc=0.3889 val_loss=1.6836 val_acc=0.3820 lr=0.00612239
probe_epoch=118 train_loss=1.6944 train_acc=0.3881 val_loss=1.6860 val_acc=0.3840 lr=0.00577174
probe_epoch=119 train_loss=1.6980 train_acc=0.3871 val_loss=1.6900 val_acc=0.3800 lr=0.00543011
probe_epoch=120 train_loss=1.6981 train_acc=0.3876 val_loss=1.6845 val_acc=0.3800 lr=0.00509767
probe_epoch=121 train_loss=1.6932 train_acc=0.3871 val_loss=1.6797 val_acc=0.3844 lr=0.00477458
probe_epoch=122 train_loss=1.6966 train_acc=0.3894 val_loss=1.6823 val_acc=0.3832 lr=0.00446097
probe_epoch=123 train_loss=1.6971 train_acc=0.3886 val_loss=1.6835 val_acc=0.3844 lr=0.00415701
probe_epoch=124 train_loss=1.6980 train_acc=0.3864 val_loss=1.6827 val_acc=0.3854 lr=0.00386283
probe_epoch=125 train_loss=1.6986 train_acc=0.3854 val_loss=1.6829 val_acc=0.3844 lr=0.00357857
probe_epoch=126 train_loss=1.6941 train_acc=0.3876 val_loss=1.6833 val_acc=0.3820 lr=0.00330437
probe_epoch=127 train_loss=1.6932 train_acc=0.3910 val_loss=1.6814 val_acc=0.3854 lr=0.00304035
probe_epoch=128 train_loss=1.6951 train_acc=0.3882 val_loss=1.6820 val_acc=0.3842 lr=0.00278664
probe_epoch=129 train_loss=1.6935 train_acc=0.3874 val_loss=1.6813 val_acc=0.3848 lr=0.00254336
probe_epoch=130 train_loss=1.6937 train_acc=0.3890 val_loss=1.6823 val_acc=0.3856 lr=0.00231061
probe_epoch=131 train_loss=1.6979 train_acc=0.3885 val_loss=1.6821 val_acc=0.3850 lr=0.00208852
probe_epoch=132 train_loss=1.6939 train_acc=0.3894 val_loss=1.6830 val_acc=0.3866 lr=0.00187719
probe_epoch=133 train_loss=1.6952 train_acc=0.3903 val_loss=1.6823 val_acc=0.3880 lr=0.0016767
probe_epoch=134 train_loss=1.6963 train_acc=0.3896 val_loss=1.6812 val_acc=0.3872 lr=0.00148717
probe_epoch=135 train_loss=1.6943 train_acc=0.3875 val_loss=1.6814 val_acc=0.3870 lr=0.00130867
probe_epoch=136 train_loss=1.6910 train_acc=0.3892 val_loss=1.6813 val_acc=0.3862 lr=0.00114129
probe_epoch=137 train_loss=1.6946 train_acc=0.3881 val_loss=1.6823 val_acc=0.3848 lr=0.000985116
probe_epoch=138 train_loss=1.6914 train_acc=0.3902 val_loss=1.6827 val_acc=0.3840 lr=0.000840211
probe_epoch=139 train_loss=1.6945 train_acc=0.3899 val_loss=1.6820 val_acc=0.3846 lr=0.000706647
probe_epoch=140 train_loss=1.6947 train_acc=0.3875 val_loss=1.6826 val_acc=0.3842 lr=0.000584486
probe_epoch=141 train_loss=1.6952 train_acc=0.3913 val_loss=1.6820 val_acc=0.3848 lr=0.000473786
probe_epoch=142 train_loss=1.6925 train_acc=0.3886 val_loss=1.6821 val_acc=0.3846 lr=0.000374599
probe_epoch=143 train_loss=1.6929 train_acc=0.3892 val_loss=1.6819 val_acc=0.3836 lr=0.00028697
probe_epoch=144 train_loss=1.6933 train_acc=0.3898 val_loss=1.6816 val_acc=0.3854 lr=0.000210943
probe_epoch=145 train_loss=1.6936 train_acc=0.3890 val_loss=1.6818 val_acc=0.3848 lr=0.000146551
probe_epoch=146 train_loss=1.6937 train_acc=0.3885 val_loss=1.6816 val_acc=0.3840 lr=9.38257e-05
probe_epoch=147 train_loss=1.6974 train_acc=0.3876 val_loss=1.6817 val_acc=0.3850 lr=5.27914e-05
probe_epoch=148 train_loss=1.6913 train_acc=0.3891 val_loss=1.6817 val_acc=0.3846 lr=2.34674e-05
probe_epoch=149 train_loss=1.6932 train_acc=0.3888 val_loss=1.6817 val_acc=0.3846 lr=5.86755e-06
probe_epoch=150 train_loss=1.6900 train_acc=0.3891 val_loss=1.6817 val_acc=0.3846 lr=0
vit_linear_probe_test_loss=1.7134 vit_linear_probe_test_acc=0.3763 best_val_acc=0.3912 best_epoch=33
Job finished at: Wed Jul  1 19:03:40 CEST 2026
