Using device: cuda
Grounded alignment settings:
  mode: supervised
  target: predicted
  architecture: resnet18_imagenet
  checkpoint: experiments/experiment-imagenet100-r18-sup/checkpoints/imagenet100_resnet18_supervised_best.pt
  output_csv: experiments/experiment-imagenet100-r18-sup/metrics/imagenet100_resnet18_supervised_g_lsas.csv
  figure_dir: experiments/experiment-imagenet100-r18-sup/figures/imagenet100_resnet18_supervised_g_lsas
  grounded dataset: folder_masks
Saved G-LSAS rows: experiments/experiment-imagenet100-r18-sup/metrics/imagenet100_resnet18_supervised_g_lsas.csv (2000 rows, 500 images, 277.8s)

G-LSAS completed.
Saved CSV: experiments/experiment-imagenet100-r18-sup/metrics/imagenet100_resnet18_supervised_g_lsas.csv
Saved curve: experiments/experiment-imagenet100-r18-sup/metrics/imagenet100_resnet18_supervised_g_lsas_curve.png
Saved LEI CSV: experiments/experiment-imagenet100-r18-sup/metrics/imagenet100_resnet18_supervised_g_lsas_lei.csv
Saved LEI YAML: experiments/experiment-imagenet100-r18-sup/metrics/imagenet100_resnet18_supervised_g_lsas_lei.yaml
Mean metrics per layer:
                   g_lsas  corr_pca_xai  ...  object_focus_pca  object_focus_xai
layer                                    ...                                    
backbone.layer1  0.270010      0.098092  ...          0.427048          0.437199
backbone.layer2  0.252432      0.079771  ...          0.416189          0.426510
backbone.layer3  0.260510      0.051522  ...          0.435344          0.471594
backbone.layer4  0.376833      0.297182  ...          0.452457          0.521511

[4 rows x 7 columns]
LEI: {'csv_path': 'experiments/experiment-imagenet100-r18-sup/metrics/imagenet100_resnet18_supervised_g_lsas.csv', 'metric': 'g_lsas', 'threshold': 0.3, 'relative_threshold': 0.9, 'num_layers': 4, 'peak_layer': 'backbone.layer4', 'peak_value': 0.3768334284065087, 'auc': 0.2787879609816829, 'emergence_layer': 'backbone.layer4', 'emergence_layer_index': 3, 'normalized_emergence_index': 1.0, 'relative_emergence_threshold_value': 0.33915008556585785, 'relative_emergence_layer': 'backbone.layer4', 'relative_emergence_layer_index': 3, 'normalized_relative_emergence_index': 1.0}
