Job started at: Mon Jun 29 13:08:24 CEST 2026
Node: lrdn2625.leonardo.local
Project dir: /leonardo_scratch/large/userexternal/apromots/doubleN/cv
Venv dir: /leonardo_scratch/large/userexternal/apromots/doubleN/cv/.venv
Config path: configs/cifar10_resnet18_supervised.yaml
Experiment name: experiment-c10-r18-sup
Mon Jun 29 13:08:24 2026       
+---------------------------------------------------------------------------------------+
| NVIDIA-SMI 535.274.02             Driver Version: 535.274.02   CUDA Version: 12.2     |
|-----------------------------------------+----------------------+----------------------+
| GPU  Name                 Persistence-M | Bus-Id        Disp.A | Volatile Uncorr. ECC |
| Fan  Temp   Perf          Pwr:Usage/Cap |         Memory-Usage | GPU-Util  Compute M. |
|                                         |                      |               MIG M. |
|=========================================+======================+======================|
|   0  NVIDIA A100-SXM-64GB           On  | 00000000:56:00.0 Off |                    0 |
| N/A   43C    P0              61W / 470W |      0MiB / 65536MiB |      0%      Default |
|                                         |                      |             Disabled |
+-----------------------------------------+----------------------+----------------------+
                                                                                         
+---------------------------------------------------------------------------------------+
| Processes:                                                                            |
|  GPU   GI   CI        PID   Type   Process name                            GPU Memory |
|        ID   ID                                                             Usage      |
|=======================================================================================|
|  No running processes found                                                           |
+---------------------------------------------------------------------------------------+
Supervised training settings:
  config: experiments/experiment-c10-r18-sup/configs/resolved_20260629_130956_train_supervised_supervised_2102150.yaml
  architecture: resnet18_cifar
  dataset: CIFAR10
  device: cuda
  amp: True
  epochs: 20
epoch=001 train_loss=1.3777 train_acc=0.4969 val_loss=1.0892 val_acc=0.6188
epoch=002 train_loss=0.9070 train_acc=0.6768 val_loss=0.7921 val_acc=0.7266
epoch=003 train_loss=0.7128 train_acc=0.7512 val_loss=0.7862 val_acc=0.7366
epoch=004 train_loss=0.6011 train_acc=0.7898 val_loss=0.6186 val_acc=0.7870
epoch=005 train_loss=0.5199 train_acc=0.8214 val_loss=0.5469 val_acc=0.8118
epoch=006 train_loss=0.4639 train_acc=0.8397 val_loss=0.5270 val_acc=0.8296
epoch=007 train_loss=0.4079 train_acc=0.8572 val_loss=0.5620 val_acc=0.8202
epoch=008 train_loss=0.3670 train_acc=0.8716 val_loss=0.4506 val_acc=0.8404
epoch=009 train_loss=0.3263 train_acc=0.8857 val_loss=0.4248 val_acc=0.8554
epoch=010 train_loss=0.2895 train_acc=0.8998 val_loss=0.3779 val_acc=0.8758
epoch=011 train_loss=0.2516 train_acc=0.9118 val_loss=0.3758 val_acc=0.8816
epoch=012 train_loss=0.2251 train_acc=0.9209 val_loss=0.3489 val_acc=0.8832
epoch=013 train_loss=0.1892 train_acc=0.9346 val_loss=0.3545 val_acc=0.8920
epoch=014 train_loss=0.1606 train_acc=0.9441 val_loss=0.3400 val_acc=0.8974
epoch=015 train_loss=0.1408 train_acc=0.9514 val_loss=0.3360 val_acc=0.8976
epoch=016 train_loss=0.1168 train_acc=0.9590 val_loss=0.3005 val_acc=0.9104
epoch=017 train_loss=0.0976 train_acc=0.9672 val_loss=0.2960 val_acc=0.9080
epoch=018 train_loss=0.0859 train_acc=0.9717 val_loss=0.2906 val_acc=0.9112
epoch=019 train_loss=0.0769 train_acc=0.9738 val_loss=0.2935 val_acc=0.9122
epoch=020 train_loss=0.0728 train_acc=0.9759 val_loss=0.2954 val_acc=0.9134
final_test_loss=0.3194 final_test_acc=0.9120 best_val_acc=0.9134 best_epoch=20
Job finished at: Mon Jun 29 13:13:14 CEST 2026
