Job started at: Wed Jul  1 18:37:17 CEST 2026
Node: lrdn2156.leonardo.local
Config path: configs/cifar10_vit_lejepa_v4_short_lr2e4_sig005.yaml
Wed Jul  1 18:37:17 2026       
+---------------------------------------------------------------------------------------+
| NVIDIA-SMI 535.274.02             Driver Version: 535.274.02   CUDA Version: 12.2     |
|-----------------------------------------+----------------------+----------------------+
| GPU  Name                 Persistence-M | Bus-Id        Disp.A | Volatile Uncorr. ECC |
| Fan  Temp   Perf          Pwr:Usage/Cap |         Memory-Usage | GPU-Util  Compute M. |
|                                         |                      |               MIG M. |
|=========================================+======================+======================|
|   0  NVIDIA A100-SXM-64GB           On  | 00000000:8F:00.0 Off |                    0 |
| N/A   43C    P0              62W / 453W |      0MiB / 65536MiB |      0%      Default |
|                                         |                      |             Disabled |
+-----------------------------------------+----------------------+----------------------+
                                                                                         
+---------------------------------------------------------------------------------------+
| Processes:                                                                            |
|  GPU   GI   CI        PID   Type   Process name                            GPU Memory |
|        ID   ID                                                             Usage      |
|=======================================================================================|
|  No running processes found                                                           |
+---------------------------------------------------------------------------------------+
LeJEPA ViT pretraining method:
  architecture: vit_tiny_cifar
  sigreg_implementation: official
  num_global_views: 2
  num_local_views: 0
  scheduler: warmup_cosine warmup_epochs=5
  checkpoint_selection: enabled=True metric=knn
  stop_gradient: false
  teacher_student_or_ema: false
epoch=001 vit_lejepa_loss=0.6717 pred=0.0053 sigreg=133.2744 lr=8e-05
epoch=002 vit_lejepa_loss=0.2448 pred=0.0032 sigreg=48.3204 lr=0.00012
epoch=003 vit_lejepa_loss=0.1608 pred=0.0031 sigreg=31.5250 lr=0.00016
epoch=004 vit_lejepa_loss=0.1221 pred=0.0032 sigreg=23.7757 lr=0.0002
epoch=005 vit_lejepa_loss=0.0970 pred=0.0034 sigreg=18.7299 lr=0.0002
epoch=006 vit_lejepa_loss=0.0829 pred=0.0034 sigreg=15.9062 lr=0.000199945
epoch=007 vit_lejepa_loss=0.0755 pred=0.0034 sigreg=14.4174 lr=0.000199781
epoch=008 vit_lejepa_loss=0.0703 pred=0.0034 sigreg=13.3833 lr=0.000199508
epoch=009 vit_lejepa_loss=0.0666 pred=0.0035 sigreg=12.6237 lr=0.000199126
epoch=010 vit_lejepa_loss=0.0616 pred=0.0035 sigreg=11.6127 lr=0.000198636
epoch=011 vit_lejepa_loss=0.0590 pred=0.0035 sigreg=11.0975 lr=0.000198038
epoch=012 vit_lejepa_loss=0.0564 pred=0.0035 sigreg=10.5809 lr=0.000197333
epoch=013 vit_lejepa_loss=0.0537 pred=0.0036 sigreg=10.0292 lr=0.000196521
epoch=014 vit_lejepa_loss=0.0520 pred=0.0036 sigreg=9.6753 lr=0.000195604
epoch=015 vit_lejepa_loss=0.0501 pred=0.0036 sigreg=9.3070 lr=0.000194582
epoch=016 vit_lejepa_loss=0.0487 pred=0.0036 sigreg=9.0022 lr=0.000193456
epoch=017 vit_lejepa_loss=0.0473 pred=0.0037 sigreg=8.7188 lr=0.000192229
epoch=018 vit_lejepa_loss=0.0459 pred=0.0037 sigreg=8.4353 lr=0.000190901
epoch=019 vit_lejepa_loss=0.0445 pred=0.0038 sigreg=8.1393 lr=0.000189473
epoch=020 vit_lejepa_loss=0.0429 pred=0.0038 sigreg=7.8096 lr=0.000187947
epoch=021 vit_lejepa_loss=0.0415 pred=0.0038 sigreg=7.5404 lr=0.000186326
epoch=022 vit_lejepa_loss=0.0401 pred=0.0038 sigreg=7.2613 lr=0.00018461
epoch=023 vit_lejepa_loss=0.0390 pred=0.0039 sigreg=7.0324 lr=0.000182801
epoch=024 vit_lejepa_loss=0.0375 pred=0.0039 sigreg=6.7157 lr=0.000180902
epoch=025 vit_lejepa_loss=0.0368 pred=0.0039 sigreg=6.5750 lr=0.000178914
epoch=026 vit_lejepa_loss=0.0358 pred=0.0040 sigreg=6.3730 lr=0.00017684
epoch=027 vit_lejepa_loss=0.0350 pred=0.0040 sigreg=6.1981 lr=0.000174682
epoch=028 vit_lejepa_loss=0.0339 pred=0.0040 sigreg=5.9832 lr=0.000172443
epoch=029 vit_lejepa_loss=0.0334 pred=0.0040 sigreg=5.8765 lr=0.000170124
epoch=030 vit_lejepa_loss=0.0330 pred=0.0040 sigreg=5.7998 lr=0.000167728
epoch=031 vit_lejepa_loss=0.0323 pred=0.0040 sigreg=5.6472 lr=0.000165259
epoch=032 vit_lejepa_loss=0.0318 pred=0.0040 sigreg=5.5598 lr=0.000162718
epoch=033 vit_lejepa_loss=0.0314 pred=0.0040 sigreg=5.4671 lr=0.000160108
epoch=034 vit_lejepa_loss=0.0306 pred=0.0041 sigreg=5.2989 lr=0.000157433
epoch=035 vit_lejepa_loss=0.0302 pred=0.0041 sigreg=5.2228 lr=0.000154695
epoch=036 vit_lejepa_loss=0.0296 pred=0.0041 sigreg=5.1054 lr=0.000151897
epoch=037 vit_lejepa_loss=0.0292 pred=0.0041 sigreg=5.0317 lr=0.000149042
epoch=038 vit_lejepa_loss=0.0286 pred=0.0041 sigreg=4.9076 lr=0.000146134
epoch=039 vit_lejepa_loss=0.0282 pred=0.0041 sigreg=4.8319 lr=0.000143175
epoch=040 vit_lejepa_loss=0.0278 pred=0.0041 sigreg=4.7476 lr=0.00014017
epoch=041 vit_lejepa_loss=0.0277 pred=0.0041 sigreg=4.7108 lr=0.00013712
epoch=042 vit_lejepa_loss=0.0273 pred=0.0041 sigreg=4.6373 lr=0.000134029
epoch=043 vit_lejepa_loss=0.0269 pred=0.0041 sigreg=4.5641 lr=0.000130902
epoch=044 vit_lejepa_loss=0.0264 pred=0.0041 sigreg=4.4561 lr=0.00012774
epoch=045 vit_lejepa_loss=0.0264 pred=0.0041 sigreg=4.4577 lr=0.000124549
epoch=046 vit_lejepa_loss=0.0261 pred=0.0041 sigreg=4.4011 lr=0.00012133
epoch=047 vit_lejepa_loss=0.0256 pred=0.0041 sigreg=4.2935 lr=0.000118088
epoch=048 vit_lejepa_loss=0.0253 pred=0.0041 sigreg=4.2396 lr=0.000114826
epoch=049 vit_lejepa_loss=0.0252 pred=0.0041 sigreg=4.2061 lr=0.000111548
epoch=050 vit_lejepa_loss=0.0250 pred=0.0041 sigreg=4.1689 lr=0.000108258
epoch=051 vit_lejepa_loss=0.0245 pred=0.0041 sigreg=4.0771 lr=0.000104958
epoch=052 vit_lejepa_loss=0.0242 pred=0.0041 sigreg=4.0236 lr=0.000101653
epoch=053 vit_lejepa_loss=0.0241 pred=0.0041 sigreg=3.9931 lr=9.83466e-05
epoch=054 vit_lejepa_loss=0.0242 pred=0.0041 sigreg=4.0123 lr=9.50416e-05
epoch=055 vit_lejepa_loss=0.0238 pred=0.0041 sigreg=3.9410 lr=9.17421e-05
epoch=056 vit_lejepa_loss=0.0236 pred=0.0041 sigreg=3.8933 lr=8.84515e-05
epoch=057 vit_lejepa_loss=0.0234 pred=0.0041 sigreg=3.8649 lr=8.51736e-05
epoch=058 vit_lejepa_loss=0.0232 pred=0.0041 sigreg=3.8158 lr=8.19119e-05
epoch=059 vit_lejepa_loss=0.0230 pred=0.0041 sigreg=3.7689 lr=7.867e-05
epoch=060 vit_lejepa_loss=0.0230 pred=0.0041 sigreg=3.7767 lr=7.54515e-05
epoch=061 vit_lejepa_loss=0.0227 pred=0.0041 sigreg=3.7128 lr=7.22597e-05
epoch=062 vit_lejepa_loss=0.0224 pred=0.0041 sigreg=3.6699 lr=6.90983e-05
epoch=063 vit_lejepa_loss=0.0224 pred=0.0041 sigreg=3.6626 lr=6.59707e-05
epoch=064 vit_lejepa_loss=0.0222 pred=0.0041 sigreg=3.6315 lr=6.28803e-05
epoch=065 vit_lejepa_loss=0.0219 pred=0.0041 sigreg=3.5638 lr=5.98305e-05
epoch=066 vit_lejepa_loss=0.0218 pred=0.0041 sigreg=3.5421 lr=5.68246e-05
epoch=067 vit_lejepa_loss=0.0217 pred=0.0041 sigreg=3.5223 lr=5.38659e-05
epoch=068 vit_lejepa_loss=0.0215 pred=0.0041 sigreg=3.4833 lr=5.09576e-05
epoch=069 vit_lejepa_loss=0.0214 pred=0.0041 sigreg=3.4633 lr=4.8103e-05
epoch=070 vit_lejepa_loss=0.0214 pred=0.0041 sigreg=3.4678 lr=4.53052e-05
epoch=071 vit_lejepa_loss=0.0211 pred=0.0041 sigreg=3.4150 lr=4.25671e-05
epoch=072 vit_lejepa_loss=0.0211 pred=0.0040 sigreg=3.4153 lr=3.98919e-05
epoch=073 vit_lejepa_loss=0.0211 pred=0.0041 sigreg=3.4062 lr=3.72824e-05
epoch=074 vit_lejepa_loss=0.0208 pred=0.0041 sigreg=3.3515 lr=3.47414e-05
epoch=075 vit_lejepa_loss=0.0209 pred=0.0040 sigreg=3.3618 lr=3.22718e-05
epoch=076 vit_lejepa_loss=0.0208 pred=0.0041 sigreg=3.3509 lr=2.98763e-05
epoch=077 vit_lejepa_loss=0.0206 pred=0.0041 sigreg=3.3155 lr=2.75575e-05
epoch=078 vit_lejepa_loss=0.0204 pred=0.0040 sigreg=3.2732 lr=2.53179e-05
epoch=079 vit_lejepa_loss=0.0205 pred=0.0040 sigreg=3.2929 lr=2.31599e-05
epoch=080 vit_lejepa_loss=0.0204 pred=0.0040 sigreg=3.2734 lr=2.10859e-05
epoch=081 vit_lejepa_loss=0.0203 pred=0.0040 sigreg=3.2622 lr=1.90983e-05
epoch=082 vit_lejepa_loss=0.0202 pred=0.0040 sigreg=3.2303 lr=1.71991e-05
epoch=083 vit_lejepa_loss=0.0201 pred=0.0040 sigreg=3.2149 lr=1.53905e-05
epoch=084 vit_lejepa_loss=0.0201 pred=0.0040 sigreg=3.2213 lr=1.36744e-05
epoch=085 vit_lejepa_loss=0.0201 pred=0.0040 sigreg=3.2135 lr=1.20526e-05
epoch=086 vit_lejepa_loss=0.0200 pred=0.0040 sigreg=3.2064 lr=1.05271e-05
epoch=087 vit_lejepa_loss=0.0199 pred=0.0040 sigreg=3.1820 lr=9.09935e-06
epoch=088 vit_lejepa_loss=0.0200 pred=0.0040 sigreg=3.1923 lr=7.77102e-06
epoch=089 vit_lejepa_loss=0.0199 pred=0.0040 sigreg=3.1775 lr=6.54355e-06
epoch=090 vit_lejepa_loss=0.0198 pred=0.0040 sigreg=3.1520 lr=5.41828e-06
epoch=091 vit_lejepa_loss=0.0197 pred=0.0040 sigreg=3.1425 lr=4.39642e-06
epoch=092 vit_lejepa_loss=0.0198 pred=0.0040 sigreg=3.1559 lr=3.47911e-06
epoch=093 vit_lejepa_loss=0.0198 pred=0.0040 sigreg=3.1634 lr=2.66734e-06
epoch=094 vit_lejepa_loss=0.0198 pred=0.0040 sigreg=3.1604 lr=1.962e-06
epoch=095 vit_lejepa_loss=0.0198 pred=0.0040 sigreg=3.1561 lr=1.36387e-06
epoch=096 vit_lejepa_loss=0.0197 pred=0.0040 sigreg=3.1387 lr=8.73593e-07
epoch=097 vit_lejepa_loss=0.0196 pred=0.0040 sigreg=3.1219 lr=4.9171e-07
epoch=098 vit_lejepa_loss=0.0197 pred=0.0040 sigreg=3.1357 lr=2.18637e-07
epoch=099 vit_lejepa_loss=0.0198 pred=0.0040 sigreg=3.1571 lr=5.46743e-08
epoch=100 vit_lejepa_loss=0.0197 pred=0.0040 sigreg=3.1433 lr=0
Backbone checkpoint selection by frozen-backbone kNN:
  candidates: 12
  k values: [20, 50, 100]
  max_bank_samples: 10000
  max_test_samples: 2000

Evaluating candidate: experiments/experiment-c10-vit-lejepa-v4-short-lr2e4-sig005/checkpoints/vit_lejepa_backbone_last.pt

Evaluating candidate: experiments/experiment-c10-vit-lejepa-v4-short-lr2e4-sig005/checkpoints/vit_lejepa_backbone_loss_best.pt

Evaluating candidate: experiments/experiment-c10-vit-lejepa-v4-short-lr2e4-sig005/checkpoints/vit_lejepa_backbone_epoch_010.pt

Evaluating candidate: experiments/experiment-c10-vit-lejepa-v4-short-lr2e4-sig005/checkpoints/vit_lejepa_backbone_epoch_020.pt

Evaluating candidate: experiments/experiment-c10-vit-lejepa-v4-short-lr2e4-sig005/checkpoints/vit_lejepa_backbone_epoch_030.pt

Evaluating candidate: experiments/experiment-c10-vit-lejepa-v4-short-lr2e4-sig005/checkpoints/vit_lejepa_backbone_epoch_040.pt

Evaluating candidate: experiments/experiment-c10-vit-lejepa-v4-short-lr2e4-sig005/checkpoints/vit_lejepa_backbone_epoch_050.pt

Evaluating candidate: experiments/experiment-c10-vit-lejepa-v4-short-lr2e4-sig005/checkpoints/vit_lejepa_backbone_epoch_060.pt

Evaluating candidate: experiments/experiment-c10-vit-lejepa-v4-short-lr2e4-sig005/checkpoints/vit_lejepa_backbone_epoch_070.pt

Evaluating candidate: experiments/experiment-c10-vit-lejepa-v4-short-lr2e4-sig005/checkpoints/vit_lejepa_backbone_epoch_080.pt

Evaluating candidate: experiments/experiment-c10-vit-lejepa-v4-short-lr2e4-sig005/checkpoints/vit_lejepa_backbone_epoch_090.pt

Evaluating candidate: experiments/experiment-c10-vit-lejepa-v4-short-lr2e4-sig005/checkpoints/vit_lejepa_backbone_epoch_100.pt

Backbone checkpoint selection completed.
  selected: experiments/experiment-c10-vit-lejepa-v4-short-lr2e4-sig005/checkpoints/vit_lejepa_backbone_epoch_080.pt
  best kNN: 0.4000 at k=100
  saved CSV: experiments/experiment-c10-vit-lejepa-v4-short-lr2e4-sig005/metrics/checkpoint_selection/backbone_checkpoint_selection_knn.csv
  overwritten backbone_best_path: experiments/experiment-c10-vit-lejepa-v4-short-lr2e4-sig005/checkpoints/vit_lejepa_backbone_best.pt
probe_epoch=001 train_loss=1.9721 train_acc=0.2906 val_loss=1.8089 val_acc=0.3618 lr=0.02
probe_epoch=002 train_loss=1.7687 train_acc=0.3590 val_loss=1.7255 val_acc=0.3764 lr=0.03
probe_epoch=003 train_loss=1.7372 train_acc=0.3695 val_loss=1.7000 val_acc=0.3840 lr=0.04
probe_epoch=004 train_loss=1.7255 train_acc=0.3740 val_loss=1.6931 val_acc=0.3834 lr=0.05
probe_epoch=005 train_loss=1.7218 train_acc=0.3758 val_loss=1.6866 val_acc=0.3830 lr=0.05
probe_epoch=006 train_loss=1.7110 train_acc=0.3823 val_loss=1.6816 val_acc=0.3852 lr=0.0499941
probe_epoch=007 train_loss=1.7067 train_acc=0.3813 val_loss=1.6814 val_acc=0.3832 lr=0.0499765
probe_epoch=008 train_loss=1.7014 train_acc=0.3842 val_loss=1.6816 val_acc=0.3850 lr=0.0499472
probe_epoch=009 train_loss=1.6972 train_acc=0.3812 val_loss=1.6751 val_acc=0.3934 lr=0.0499062
probe_epoch=010 train_loss=1.6972 train_acc=0.3845 val_loss=1.6761 val_acc=0.3896 lr=0.0498534
probe_epoch=011 train_loss=1.6918 train_acc=0.3860 val_loss=1.6717 val_acc=0.3922 lr=0.0497891
probe_epoch=012 train_loss=1.6914 train_acc=0.3867 val_loss=1.6766 val_acc=0.3856 lr=0.049713
probe_epoch=013 train_loss=1.6921 train_acc=0.3899 val_loss=1.6629 val_acc=0.3990 lr=0.0496254
probe_epoch=014 train_loss=1.6903 train_acc=0.3858 val_loss=1.6593 val_acc=0.3992 lr=0.0495262
probe_epoch=015 train_loss=1.6883 train_acc=0.3894 val_loss=1.6581 val_acc=0.3956 lr=0.0494155
probe_epoch=016 train_loss=1.6842 train_acc=0.3900 val_loss=1.6608 val_acc=0.3844 lr=0.0492934
probe_epoch=017 train_loss=1.6889 train_acc=0.3884 val_loss=1.6617 val_acc=0.3924 lr=0.0491598
probe_epoch=018 train_loss=1.6811 train_acc=0.3904 val_loss=1.6707 val_acc=0.3956 lr=0.0490149
probe_epoch=019 train_loss=1.6860 train_acc=0.3884 val_loss=1.6571 val_acc=0.3974 lr=0.0488587
probe_epoch=020 train_loss=1.6860 train_acc=0.3899 val_loss=1.6703 val_acc=0.3886 lr=0.0486913
probe_epoch=021 train_loss=1.6818 train_acc=0.3899 val_loss=1.6493 val_acc=0.4024 lr=0.0485128
probe_epoch=022 train_loss=1.6811 train_acc=0.3922 val_loss=1.6588 val_acc=0.3928 lr=0.0483233
probe_epoch=023 train_loss=1.6811 train_acc=0.3903 val_loss=1.6573 val_acc=0.3918 lr=0.0481228
probe_epoch=024 train_loss=1.6811 train_acc=0.3927 val_loss=1.6593 val_acc=0.3968 lr=0.0479115
probe_epoch=025 train_loss=1.6815 train_acc=0.3891 val_loss=1.6523 val_acc=0.3998 lr=0.0476894
probe_epoch=026 train_loss=1.6795 train_acc=0.3933 val_loss=1.6718 val_acc=0.3886 lr=0.0474566
probe_epoch=027 train_loss=1.6765 train_acc=0.3938 val_loss=1.6465 val_acc=0.4008 lr=0.0472134
probe_epoch=028 train_loss=1.6790 train_acc=0.3903 val_loss=1.6601 val_acc=0.3930 lr=0.0469596
probe_epoch=029 train_loss=1.6787 train_acc=0.3907 val_loss=1.6549 val_acc=0.4022 lr=0.0466956
probe_epoch=030 train_loss=1.6867 train_acc=0.3895 val_loss=1.6572 val_acc=0.3970 lr=0.0464214
probe_epoch=031 train_loss=1.6788 train_acc=0.3905 val_loss=1.6577 val_acc=0.3938 lr=0.0461372
probe_epoch=032 train_loss=1.6774 train_acc=0.3916 val_loss=1.6563 val_acc=0.3960 lr=0.045843
probe_epoch=033 train_loss=1.6803 train_acc=0.3928 val_loss=1.6590 val_acc=0.4012 lr=0.045539
probe_epoch=034 train_loss=1.6799 train_acc=0.3932 val_loss=1.6584 val_acc=0.3980 lr=0.0452254
probe_epoch=035 train_loss=1.6768 train_acc=0.3941 val_loss=1.6579 val_acc=0.3958 lr=0.0449023
probe_epoch=036 train_loss=1.6755 train_acc=0.3959 val_loss=1.6542 val_acc=0.4000 lr=0.0445699
probe_epoch=037 train_loss=1.6744 train_acc=0.3934 val_loss=1.6582 val_acc=0.3948 lr=0.0442283
probe_epoch=038 train_loss=1.6757 train_acc=0.3923 val_loss=1.6510 val_acc=0.4020 lr=0.0438776
probe_epoch=039 train_loss=1.6750 train_acc=0.3941 val_loss=1.6610 val_acc=0.3960 lr=0.0435181
probe_epoch=040 train_loss=1.6718 train_acc=0.3948 val_loss=1.6452 val_acc=0.4094 lr=0.0431499
probe_epoch=041 train_loss=1.6749 train_acc=0.3957 val_loss=1.6488 val_acc=0.3950 lr=0.0427732
probe_epoch=042 train_loss=1.6745 train_acc=0.3944 val_loss=1.6593 val_acc=0.3936 lr=0.0423881
probe_epoch=043 train_loss=1.6780 train_acc=0.3902 val_loss=1.6461 val_acc=0.4062 lr=0.0419949
probe_epoch=044 train_loss=1.6744 train_acc=0.3915 val_loss=1.6580 val_acc=0.3992 lr=0.0415937
probe_epoch=045 train_loss=1.6705 train_acc=0.3946 val_loss=1.6448 val_acc=0.4030 lr=0.0411847
probe_epoch=046 train_loss=1.6733 train_acc=0.3942 val_loss=1.6570 val_acc=0.3960 lr=0.0407681
probe_epoch=047 train_loss=1.6706 train_acc=0.3966 val_loss=1.6567 val_acc=0.3890 lr=0.0403441
probe_epoch=048 train_loss=1.6734 train_acc=0.3967 val_loss=1.6483 val_acc=0.4024 lr=0.0399129
probe_epoch=049 train_loss=1.6736 train_acc=0.3938 val_loss=1.6582 val_acc=0.4000 lr=0.0394747
probe_epoch=050 train_loss=1.6701 train_acc=0.3948 val_loss=1.6573 val_acc=0.3926 lr=0.0390297
probe_epoch=051 train_loss=1.6708 train_acc=0.3971 val_loss=1.6427 val_acc=0.4032 lr=0.0385781
probe_epoch=052 train_loss=1.6711 train_acc=0.3954 val_loss=1.6506 val_acc=0.3940 lr=0.0381201
probe_epoch=053 train_loss=1.6670 train_acc=0.3976 val_loss=1.6456 val_acc=0.4022 lr=0.037656
probe_epoch=054 train_loss=1.6745 train_acc=0.3926 val_loss=1.6592 val_acc=0.3982 lr=0.037186
probe_epoch=055 train_loss=1.6743 train_acc=0.3969 val_loss=1.6408 val_acc=0.3972 lr=0.0367102
probe_epoch=056 train_loss=1.6665 train_acc=0.3961 val_loss=1.6512 val_acc=0.4016 lr=0.0362289
probe_epoch=057 train_loss=1.6684 train_acc=0.3972 val_loss=1.6498 val_acc=0.3982 lr=0.0357424
probe_epoch=058 train_loss=1.6711 train_acc=0.3962 val_loss=1.6566 val_acc=0.3994 lr=0.0352508
probe_epoch=059 train_loss=1.6689 train_acc=0.3981 val_loss=1.6401 val_acc=0.4020 lr=0.0347544
probe_epoch=060 train_loss=1.6692 train_acc=0.3981 val_loss=1.6381 val_acc=0.4044 lr=0.0342535
probe_epoch=061 train_loss=1.6678 train_acc=0.3967 val_loss=1.6437 val_acc=0.3986 lr=0.0337481
probe_epoch=062 train_loss=1.6662 train_acc=0.3963 val_loss=1.6451 val_acc=0.3954 lr=0.0332387
probe_epoch=063 train_loss=1.6656 train_acc=0.3978 val_loss=1.6625 val_acc=0.3900 lr=0.0327254
probe_epoch=064 train_loss=1.6630 train_acc=0.3986 val_loss=1.6499 val_acc=0.3902 lr=0.0322085
probe_epoch=065 train_loss=1.6677 train_acc=0.3976 val_loss=1.6450 val_acc=0.4012 lr=0.0316882
probe_epoch=066 train_loss=1.6660 train_acc=0.3964 val_loss=1.6565 val_acc=0.3970 lr=0.0311648
probe_epoch=067 train_loss=1.6671 train_acc=0.3979 val_loss=1.6438 val_acc=0.4056 lr=0.0306384
probe_epoch=068 train_loss=1.6646 train_acc=0.3989 val_loss=1.6416 val_acc=0.3992 lr=0.0301095
probe_epoch=069 train_loss=1.6651 train_acc=0.3964 val_loss=1.6424 val_acc=0.4034 lr=0.0295781
probe_epoch=070 train_loss=1.6693 train_acc=0.3981 val_loss=1.6545 val_acc=0.4012 lr=0.0290445
probe_epoch=071 train_loss=1.6652 train_acc=0.3989 val_loss=1.6480 val_acc=0.4026 lr=0.0285091
probe_epoch=072 train_loss=1.6655 train_acc=0.3960 val_loss=1.6485 val_acc=0.4004 lr=0.0279721
probe_epoch=073 train_loss=1.6629 train_acc=0.3985 val_loss=1.6479 val_acc=0.4002 lr=0.0274336
probe_epoch=074 train_loss=1.6642 train_acc=0.3994 val_loss=1.6520 val_acc=0.3964 lr=0.026894
probe_epoch=075 train_loss=1.6661 train_acc=0.4002 val_loss=1.6511 val_acc=0.4036 lr=0.0263535
probe_epoch=076 train_loss=1.6613 train_acc=0.3997 val_loss=1.6464 val_acc=0.3992 lr=0.0258123
probe_epoch=077 train_loss=1.6638 train_acc=0.3983 val_loss=1.6436 val_acc=0.3938 lr=0.0252708
probe_epoch=078 train_loss=1.6612 train_acc=0.4009 val_loss=1.6464 val_acc=0.4018 lr=0.0247292
probe_epoch=079 train_loss=1.6637 train_acc=0.3984 val_loss=1.6410 val_acc=0.4024 lr=0.0241877
probe_epoch=080 train_loss=1.6642 train_acc=0.3963 val_loss=1.6358 val_acc=0.3966 lr=0.0236465
probe_epoch=081 train_loss=1.6602 train_acc=0.4002 val_loss=1.6458 val_acc=0.3990 lr=0.023106
probe_epoch=082 train_loss=1.6607 train_acc=0.4028 val_loss=1.6449 val_acc=0.4016 lr=0.0225664
probe_epoch=083 train_loss=1.6582 train_acc=0.4010 val_loss=1.6410 val_acc=0.4006 lr=0.0220279
probe_epoch=084 train_loss=1.6635 train_acc=0.3989 val_loss=1.6452 val_acc=0.4002 lr=0.0214909
probe_epoch=085 train_loss=1.6580 train_acc=0.4018 val_loss=1.6486 val_acc=0.4018 lr=0.0209555
probe_epoch=086 train_loss=1.6595 train_acc=0.4007 val_loss=1.6437 val_acc=0.4032 lr=0.0204219
probe_epoch=087 train_loss=1.6598 train_acc=0.4012 val_loss=1.6417 val_acc=0.4026 lr=0.0198905
probe_epoch=088 train_loss=1.6605 train_acc=0.4022 val_loss=1.6419 val_acc=0.3986 lr=0.0193616
probe_epoch=089 train_loss=1.6603 train_acc=0.4006 val_loss=1.6425 val_acc=0.4052 lr=0.0188352
probe_epoch=090 train_loss=1.6586 train_acc=0.4014 val_loss=1.6387 val_acc=0.4024 lr=0.0183118
probe_epoch=091 train_loss=1.6587 train_acc=0.4016 val_loss=1.6427 val_acc=0.3986 lr=0.0177915
probe_epoch=092 train_loss=1.6569 train_acc=0.4009 val_loss=1.6455 val_acc=0.4044 lr=0.0172746
probe_epoch=093 train_loss=1.6578 train_acc=0.3993 val_loss=1.6341 val_acc=0.4072 lr=0.0167613
probe_epoch=094 train_loss=1.6592 train_acc=0.4031 val_loss=1.6338 val_acc=0.4036 lr=0.0162519
probe_epoch=095 train_loss=1.6558 train_acc=0.4026 val_loss=1.6337 val_acc=0.4022 lr=0.0157465
probe_epoch=096 train_loss=1.6585 train_acc=0.4013 val_loss=1.6397 val_acc=0.4006 lr=0.0152456
probe_epoch=097 train_loss=1.6610 train_acc=0.4014 val_loss=1.6406 val_acc=0.4018 lr=0.0147492
probe_epoch=098 train_loss=1.6590 train_acc=0.4016 val_loss=1.6417 val_acc=0.4024 lr=0.0142576
probe_epoch=099 train_loss=1.6595 train_acc=0.4010 val_loss=1.6428 val_acc=0.4042 lr=0.0137711
probe_epoch=100 train_loss=1.6562 train_acc=0.4014 val_loss=1.6400 val_acc=0.4010 lr=0.0132898
probe_epoch=101 train_loss=1.6568 train_acc=0.4008 val_loss=1.6402 val_acc=0.4036 lr=0.012814
probe_epoch=102 train_loss=1.6535 train_acc=0.4032 val_loss=1.6377 val_acc=0.4022 lr=0.012344
probe_epoch=103 train_loss=1.6579 train_acc=0.4027 val_loss=1.6411 val_acc=0.4028 lr=0.0118799
probe_epoch=104 train_loss=1.6574 train_acc=0.4024 val_loss=1.6422 val_acc=0.4040 lr=0.0114219
probe_epoch=105 train_loss=1.6593 train_acc=0.4035 val_loss=1.6333 val_acc=0.4046 lr=0.0109703
probe_epoch=106 train_loss=1.6545 train_acc=0.4029 val_loss=1.6398 val_acc=0.4042 lr=0.0105253
probe_epoch=107 train_loss=1.6561 train_acc=0.4043 val_loss=1.6394 val_acc=0.3998 lr=0.0100871
probe_epoch=108 train_loss=1.6543 train_acc=0.4040 val_loss=1.6387 val_acc=0.4042 lr=0.00965593
probe_epoch=109 train_loss=1.6516 train_acc=0.4023 val_loss=1.6341 val_acc=0.4040 lr=0.00923194
probe_epoch=110 train_loss=1.6517 train_acc=0.4050 val_loss=1.6326 val_acc=0.4032 lr=0.00881534
probe_epoch=111 train_loss=1.6538 train_acc=0.4054 val_loss=1.6344 val_acc=0.4018 lr=0.00840635
probe_epoch=112 train_loss=1.6537 train_acc=0.4033 val_loss=1.6377 val_acc=0.4092 lr=0.00800514
probe_epoch=113 train_loss=1.6531 train_acc=0.4024 val_loss=1.6341 val_acc=0.4098 lr=0.00761191
probe_epoch=114 train_loss=1.6524 train_acc=0.4036 val_loss=1.6353 val_acc=0.4068 lr=0.00722684
probe_epoch=115 train_loss=1.6488 train_acc=0.4060 val_loss=1.6356 val_acc=0.4086 lr=0.00685011
probe_epoch=116 train_loss=1.6524 train_acc=0.4052 val_loss=1.6326 val_acc=0.4062 lr=0.00648191
probe_epoch=117 train_loss=1.6515 train_acc=0.4040 val_loss=1.6309 val_acc=0.4084 lr=0.00612239
probe_epoch=118 train_loss=1.6517 train_acc=0.4066 val_loss=1.6345 val_acc=0.4076 lr=0.00577174
probe_epoch=119 train_loss=1.6546 train_acc=0.4053 val_loss=1.6373 val_acc=0.4044 lr=0.00543011
probe_epoch=120 train_loss=1.6521 train_acc=0.4051 val_loss=1.6351 val_acc=0.4044 lr=0.00509767
probe_epoch=121 train_loss=1.6485 train_acc=0.4079 val_loss=1.6314 val_acc=0.4070 lr=0.00477458
probe_epoch=122 train_loss=1.6540 train_acc=0.4054 val_loss=1.6314 val_acc=0.4072 lr=0.00446097
probe_epoch=123 train_loss=1.6518 train_acc=0.4058 val_loss=1.6323 val_acc=0.4074 lr=0.00415701
probe_epoch=124 train_loss=1.6490 train_acc=0.4066 val_loss=1.6325 val_acc=0.4076 lr=0.00386283
probe_epoch=125 train_loss=1.6482 train_acc=0.4051 val_loss=1.6322 val_acc=0.4056 lr=0.00357857
probe_epoch=126 train_loss=1.6490 train_acc=0.4070 val_loss=1.6336 val_acc=0.4058 lr=0.00330437
probe_epoch=127 train_loss=1.6453 train_acc=0.4083 val_loss=1.6336 val_acc=0.4060 lr=0.00304035
probe_epoch=128 train_loss=1.6482 train_acc=0.4062 val_loss=1.6332 val_acc=0.4058 lr=0.00278664
probe_epoch=129 train_loss=1.6505 train_acc=0.4048 val_loss=1.6312 val_acc=0.4054 lr=0.00254336
probe_epoch=130 train_loss=1.6462 train_acc=0.4086 val_loss=1.6334 val_acc=0.4066 lr=0.00231061
probe_epoch=131 train_loss=1.6532 train_acc=0.4035 val_loss=1.6319 val_acc=0.4058 lr=0.00208852
probe_epoch=132 train_loss=1.6480 train_acc=0.4066 val_loss=1.6340 val_acc=0.4062 lr=0.00187719
probe_epoch=133 train_loss=1.6492 train_acc=0.4064 val_loss=1.6343 val_acc=0.4064 lr=0.0016767
probe_epoch=134 train_loss=1.6461 train_acc=0.4070 val_loss=1.6336 val_acc=0.4060 lr=0.00148717
probe_epoch=135 train_loss=1.6468 train_acc=0.4059 val_loss=1.6341 val_acc=0.4052 lr=0.00130867
probe_epoch=136 train_loss=1.6455 train_acc=0.4072 val_loss=1.6323 val_acc=0.4054 lr=0.00114129
probe_epoch=137 train_loss=1.6484 train_acc=0.4046 val_loss=1.6335 val_acc=0.4054 lr=0.000985116
probe_epoch=138 train_loss=1.6487 train_acc=0.4052 val_loss=1.6333 val_acc=0.4066 lr=0.000840211
probe_epoch=139 train_loss=1.6491 train_acc=0.4075 val_loss=1.6336 val_acc=0.4056 lr=0.000706647
probe_epoch=140 train_loss=1.6466 train_acc=0.4069 val_loss=1.6332 val_acc=0.4054 lr=0.000584486
probe_epoch=141 train_loss=1.6486 train_acc=0.4064 val_loss=1.6335 val_acc=0.4056 lr=0.000473786
probe_epoch=142 train_loss=1.6461 train_acc=0.4090 val_loss=1.6333 val_acc=0.4064 lr=0.000374599
probe_epoch=143 train_loss=1.6475 train_acc=0.4073 val_loss=1.6334 val_acc=0.4068 lr=0.00028697
probe_epoch=144 train_loss=1.6470 train_acc=0.4060 val_loss=1.6332 val_acc=0.4074 lr=0.000210943
probe_epoch=145 train_loss=1.6474 train_acc=0.4054 val_loss=1.6332 val_acc=0.4082 lr=0.000146551
probe_epoch=146 train_loss=1.6450 train_acc=0.4077 val_loss=1.6332 val_acc=0.4074 lr=9.38257e-05
probe_epoch=147 train_loss=1.6448 train_acc=0.4088 val_loss=1.6331 val_acc=0.4074 lr=5.27914e-05
probe_epoch=148 train_loss=1.6415 train_acc=0.4099 val_loss=1.6331 val_acc=0.4072 lr=2.34674e-05
probe_epoch=149 train_loss=1.6472 train_acc=0.4053 val_loss=1.6331 val_acc=0.4078 lr=5.86755e-06
probe_epoch=150 train_loss=1.6460 train_acc=0.4066 val_loss=1.6331 val_acc=0.4076 lr=0
vit_linear_probe_test_loss=1.6662 vit_linear_probe_test_acc=0.3984 best_val_acc=0.4098 best_epoch=113
Job finished at: Wed Jul  1 19:04:31 CEST 2026
