Job started at: Wed Jul  8 17:08:35 CEST 2026
Node: lrdn2106.leonardo.local
Project dir: /leonardo_scratch/large/userexternal/nereznaa/LeJEPA_vs_Supervised_learning_analysis
Venv dir: /leonardo_scratch/large/userexternal/nereznaa/LeJEPA_vs_Supervised_learning_analysis/.venv
Config path: configs/cifar10_resnet18_supervised.yaml
Experiment name: experiment-trying-stupid-shit
Wed Jul  8 17:08:35 2026       
+---------------------------------------------------------------------------------------+
| NVIDIA-SMI 535.274.02             Driver Version: 535.274.02   CUDA Version: 12.2     |
|-----------------------------------------+----------------------+----------------------+
| GPU  Name                 Persistence-M | Bus-Id        Disp.A | Volatile Uncorr. ECC |
| Fan  Temp   Perf          Pwr:Usage/Cap |         Memory-Usage | GPU-Util  Compute M. |
|                                         |                      |               MIG M. |
|=========================================+======================+======================|
|   0  NVIDIA A100-SXM-64GB           On  | 00000000:C8:00.0 Off |                    0 |
| N/A   43C    P0              65W / 464W |      0MiB / 65536MiB |      0%      Default |
|                                         |                      |             Disabled |
+-----------------------------------------+----------------------+----------------------+
                                                                                         
+---------------------------------------------------------------------------------------+
| Processes:                                                                            |
|  GPU   GI   CI        PID   Type   Process name                            GPU Memory |
|        ID   ID                                                             Usage      |
|=======================================================================================|
|  No running processes found                                                           |
+---------------------------------------------------------------------------------------+
