Job started at: Thu Jul  9 18:17:30 CEST 2026
Node: lrdn1824.leonardo.local
Config path: configs/cifar10_vit_lejepa_v4_short_lr1e4_sig005_reg4.yaml
Thu Jul  9 18:17:30 2026       
+---------------------------------------------------------------------------------------+
| NVIDIA-SMI 535.274.02             Driver Version: 535.274.02   CUDA Version: 12.2     |
|-----------------------------------------+----------------------+----------------------+
| GPU  Name                 Persistence-M | Bus-Id        Disp.A | Volatile Uncorr. ECC |
| Fan  Temp   Perf          Pwr:Usage/Cap |         Memory-Usage | GPU-Util  Compute M. |
|                                         |                      |               MIG M. |
|=========================================+======================+======================|
|   0  NVIDIA A100-SXM-64GB           On  | 00000000:8F:00.0 Off |                    0 |
| N/A   42C    P0              64W / 467W |      0MiB / 65536MiB |      0%      Default |
|                                         |                      |             Disabled |
+-----------------------------------------+----------------------+----------------------+
                                                                                         
+---------------------------------------------------------------------------------------+
| Processes:                                                                            |
|  GPU   GI   CI        PID   Type   Process name                            GPU Memory |
|        ID   ID                                                             Usage      |
|=======================================================================================|
|  No running processes found                                                           |
+---------------------------------------------------------------------------------------+
LeJEPA ViT pretraining method:
  architecture: vit_tiny_cifar
  sigreg_implementation: official
  num_global_views: 2
  num_local_views: 0
  scheduler: warmup_cosine warmup_epochs=5
  checkpoint_selection: enabled=True metric=knn
  stop_gradient: false
  teacher_student_or_ema: false
epoch=001 vit_lejepa_loss=0.9021 pred=0.0063 sigreg=179.1624 lr=4e-05
epoch=002 vit_lejepa_loss=0.3450 pred=0.0037 sigreg=68.2575 lr=6e-05
epoch=003 vit_lejepa_loss=0.2037 pred=0.0031 sigreg=40.1196 lr=8e-05
epoch=004 vit_lejepa_loss=0.1529 pred=0.0032 sigreg=29.9278 lr=0.0001
epoch=005 vit_lejepa_loss=0.1264 pred=0.0033 sigreg=24.6202 lr=0.0001
epoch=006 vit_lejepa_loss=0.1077 pred=0.0034 sigreg=20.8556 lr=9.99727e-05
epoch=007 vit_lejepa_loss=0.0955 pred=0.0035 sigreg=18.4057 lr=9.98907e-05
epoch=008 vit_lejepa_loss=0.0865 pred=0.0035 sigreg=16.5873 lr=9.97541e-05
epoch=009 vit_lejepa_loss=0.0785 pred=0.0036 sigreg=14.9874 lr=9.95632e-05
epoch=010 vit_lejepa_loss=0.0736 pred=0.0036 sigreg=13.9995 lr=9.93181e-05
epoch=011 vit_lejepa_loss=0.0693 pred=0.0036 sigreg=13.1381 lr=9.9019e-05
epoch=012 vit_lejepa_loss=0.0656 pred=0.0037 sigreg=12.3688 lr=9.86663e-05
epoch=013 vit_lejepa_loss=0.0625 pred=0.0037 sigreg=11.7634 lr=9.82604e-05
epoch=014 vit_lejepa_loss=0.0597 pred=0.0037 sigreg=11.1904 lr=9.78018e-05
epoch=015 vit_lejepa_loss=0.0581 pred=0.0038 sigreg=10.8574 lr=9.72909e-05
epoch=016 vit_lejepa_loss=0.0559 pred=0.0038 sigreg=10.4254 lr=9.67282e-05
epoch=017 vit_lejepa_loss=0.0534 pred=0.0038 sigreg=9.9199 lr=9.61145e-05
epoch=018 vit_lejepa_loss=0.0513 pred=0.0038 sigreg=9.4890 lr=9.54503e-05
epoch=019 vit_lejepa_loss=0.0496 pred=0.0038 sigreg=9.1595 lr=9.47365e-05
epoch=020 vit_lejepa_loss=0.0483 pred=0.0039 sigreg=8.8812 lr=9.39737e-05
epoch=021 vit_lejepa_loss=0.0466 pred=0.0039 sigreg=8.5529 lr=9.31628e-05
epoch=022 vit_lejepa_loss=0.0453 pred=0.0039 sigreg=8.2887 lr=9.23048e-05
epoch=023 vit_lejepa_loss=0.0444 pred=0.0039 sigreg=8.1049 lr=9.14004e-05
epoch=024 vit_lejepa_loss=0.0432 pred=0.0039 sigreg=7.8589 lr=9.04508e-05
epoch=025 vit_lejepa_loss=0.0419 pred=0.0039 sigreg=7.5899 lr=8.9457e-05
epoch=026 vit_lejepa_loss=0.0409 pred=0.0039 sigreg=7.4077 lr=8.84201e-05
epoch=027 vit_lejepa_loss=0.0404 pred=0.0039 sigreg=7.2949 lr=8.73411e-05
epoch=028 vit_lejepa_loss=0.0397 pred=0.0039 sigreg=7.1529 lr=8.62213e-05
epoch=029 vit_lejepa_loss=0.0387 pred=0.0039 sigreg=6.9450 lr=8.50618e-05
epoch=030 vit_lejepa_loss=0.0376 pred=0.0039 sigreg=6.7338 lr=8.38641e-05
epoch=031 vit_lejepa_loss=0.0370 pred=0.0040 sigreg=6.6157 lr=8.26293e-05
epoch=032 vit_lejepa_loss=0.0360 pred=0.0040 sigreg=6.4148 lr=8.13588e-05
epoch=033 vit_lejepa_loss=0.0357 pred=0.0040 sigreg=6.3525 lr=8.00541e-05
epoch=034 vit_lejepa_loss=0.0352 pred=0.0040 sigreg=6.2419 lr=7.87164e-05
epoch=035 vit_lejepa_loss=0.0346 pred=0.0040 sigreg=6.1245 lr=7.73474e-05
epoch=036 vit_lejepa_loss=0.0341 pred=0.0040 sigreg=6.0289 lr=7.59485e-05
epoch=037 vit_lejepa_loss=0.0340 pred=0.0040 sigreg=5.9907 lr=7.45212e-05
epoch=038 vit_lejepa_loss=0.0336 pred=0.0040 sigreg=5.9263 lr=7.30671e-05
epoch=039 vit_lejepa_loss=0.0330 pred=0.0040 sigreg=5.7899 lr=7.15877e-05
epoch=040 vit_lejepa_loss=0.0326 pred=0.0040 sigreg=5.7143 lr=7.00848e-05
epoch=041 vit_lejepa_loss=0.0324 pred=0.0040 sigreg=5.6792 lr=6.85599e-05
epoch=042 vit_lejepa_loss=0.0317 pred=0.0040 sigreg=5.5269 lr=6.70147e-05
epoch=043 vit_lejepa_loss=0.0312 pred=0.0040 sigreg=5.4387 lr=6.54508e-05
epoch=044 vit_lejepa_loss=0.0308 pred=0.0040 sigreg=5.3615 lr=6.38701e-05
epoch=045 vit_lejepa_loss=0.0306 pred=0.0041 sigreg=5.3058 lr=6.22743e-05
epoch=046 vit_lejepa_loss=0.0303 pred=0.0040 sigreg=5.2555 lr=6.0665e-05
epoch=047 vit_lejepa_loss=0.0300 pred=0.0040 sigreg=5.1822 lr=5.9044e-05
epoch=048 vit_lejepa_loss=0.0294 pred=0.0041 sigreg=5.0749 lr=5.74132e-05
epoch=049 vit_lejepa_loss=0.0293 pred=0.0040 sigreg=5.0504 lr=5.57742e-05
epoch=050 vit_lejepa_loss=0.0291 pred=0.0041 sigreg=5.0089 lr=5.4129e-05
epoch=051 vit_lejepa_loss=0.0288 pred=0.0040 sigreg=4.9432 lr=5.24792e-05
epoch=052 vit_lejepa_loss=0.0283 pred=0.0041 sigreg=4.8512 lr=5.08267e-05
epoch=053 vit_lejepa_loss=0.0282 pred=0.0041 sigreg=4.8354 lr=4.91733e-05
epoch=054 vit_lejepa_loss=0.0281 pred=0.0041 sigreg=4.7977 lr=4.75208e-05
epoch=055 vit_lejepa_loss=0.0275 pred=0.0041 sigreg=4.6933 lr=4.5871e-05
epoch=056 vit_lejepa_loss=0.0275 pred=0.0040 sigreg=4.6950 lr=4.42258e-05
epoch=057 vit_lejepa_loss=0.0270 pred=0.0041 sigreg=4.5970 lr=4.25868e-05
epoch=058 vit_lejepa_loss=0.0269 pred=0.0041 sigreg=4.5678 lr=4.0956e-05
epoch=059 vit_lejepa_loss=0.0267 pred=0.0041 sigreg=4.5271 lr=3.9335e-05
epoch=060 vit_lejepa_loss=0.0266 pred=0.0040 sigreg=4.5026 lr=3.77257e-05
epoch=061 vit_lejepa_loss=0.0264 pred=0.0041 sigreg=4.4717 lr=3.61299e-05
epoch=062 vit_lejepa_loss=0.0263 pred=0.0041 sigreg=4.4441 lr=3.45492e-05
epoch=063 vit_lejepa_loss=0.0262 pred=0.0041 sigreg=4.4239 lr=3.29853e-05
epoch=064 vit_lejepa_loss=0.0258 pred=0.0041 sigreg=4.3519 lr=3.14401e-05
epoch=065 vit_lejepa_loss=0.0256 pred=0.0041 sigreg=4.3128 lr=2.99152e-05
epoch=066 vit_lejepa_loss=0.0254 pred=0.0041 sigreg=4.2653 lr=2.84123e-05
epoch=067 vit_lejepa_loss=0.0253 pred=0.0041 sigreg=4.2514 lr=2.69329e-05
epoch=068 vit_lejepa_loss=0.0250 pred=0.0041 sigreg=4.1967 lr=2.54788e-05
epoch=069 vit_lejepa_loss=0.0249 pred=0.0040 sigreg=4.1767 lr=2.40515e-05
epoch=070 vit_lejepa_loss=0.0249 pred=0.0041 sigreg=4.1612 lr=2.26526e-05
epoch=071 vit_lejepa_loss=0.0248 pred=0.0041 sigreg=4.1545 lr=2.12836e-05
epoch=072 vit_lejepa_loss=0.0245 pred=0.0041 sigreg=4.0915 lr=1.99459e-05
epoch=073 vit_lejepa_loss=0.0247 pred=0.0040 sigreg=4.1290 lr=1.86412e-05
epoch=074 vit_lejepa_loss=0.0243 pred=0.0040 sigreg=4.0556 lr=1.73707e-05
epoch=075 vit_lejepa_loss=0.0244 pred=0.0041 sigreg=4.0699 lr=1.61359e-05
epoch=076 vit_lejepa_loss=0.0244 pred=0.0040 sigreg=4.0668 lr=1.49382e-05
epoch=077 vit_lejepa_loss=0.0241 pred=0.0040 sigreg=4.0102 lr=1.37787e-05
epoch=078 vit_lejepa_loss=0.0241 pred=0.0040 sigreg=4.0101 lr=1.26589e-05
epoch=079 vit_lejepa_loss=0.0241 pred=0.0040 sigreg=4.0034 lr=1.15799e-05
epoch=080 vit_lejepa_loss=0.0240 pred=0.0040 sigreg=3.9861 lr=1.0543e-05
epoch=081 vit_lejepa_loss=0.0239 pred=0.0040 sigreg=3.9624 lr=9.54915e-06
epoch=082 vit_lejepa_loss=0.0236 pred=0.0041 sigreg=3.9146 lr=8.59956e-06
epoch=083 vit_lejepa_loss=0.0237 pred=0.0040 sigreg=3.9430 lr=7.69524e-06
epoch=084 vit_lejepa_loss=0.0236 pred=0.0040 sigreg=3.9167 lr=6.83718e-06
epoch=085 vit_lejepa_loss=0.0235 pred=0.0040 sigreg=3.8835 lr=6.02631e-06
epoch=086 vit_lejepa_loss=0.0235 pred=0.0040 sigreg=3.9004 lr=5.26353e-06
epoch=087 vit_lejepa_loss=0.0235 pred=0.0040 sigreg=3.8920 lr=4.54967e-06
epoch=088 vit_lejepa_loss=0.0234 pred=0.0040 sigreg=3.8656 lr=3.88551e-06
epoch=089 vit_lejepa_loss=0.0233 pred=0.0040 sigreg=3.8566 lr=3.27178e-06
epoch=090 vit_lejepa_loss=0.0234 pred=0.0040 sigreg=3.8828 lr=2.70914e-06
epoch=091 vit_lejepa_loss=0.0233 pred=0.0040 sigreg=3.8512 lr=2.19821e-06
epoch=092 vit_lejepa_loss=0.0233 pred=0.0040 sigreg=3.8621 lr=1.73955e-06
epoch=093 vit_lejepa_loss=0.0232 pred=0.0040 sigreg=3.8356 lr=1.33367e-06
epoch=094 vit_lejepa_loss=0.0233 pred=0.0040 sigreg=3.8564 lr=9.81002e-07
epoch=095 vit_lejepa_loss=0.0235 pred=0.0040 sigreg=3.8893 lr=6.81935e-07
epoch=096 vit_lejepa_loss=0.0232 pred=0.0040 sigreg=3.8345 lr=4.36797e-07
epoch=097 vit_lejepa_loss=0.0234 pred=0.0040 sigreg=3.8730 lr=2.45855e-07
epoch=098 vit_lejepa_loss=0.0233 pred=0.0040 sigreg=3.8606 lr=1.09319e-07
epoch=099 vit_lejepa_loss=0.0233 pred=0.0040 sigreg=3.8499 lr=2.73371e-08
epoch=100 vit_lejepa_loss=0.0233 pred=0.0040 sigreg=3.8487 lr=0
Backbone checkpoint selection by frozen-backbone kNN:
  candidates: 12
  k values: [20, 50, 100]
  max_bank_samples: 10000
  max_test_samples: 2000

Evaluating candidate: experiments/experiment-c10-vit-lejepa-v4-short-lr1e4-sig005-reg4/checkpoints/vit_lejepa_backbone_last.pt

Evaluating candidate: experiments/experiment-c10-vit-lejepa-v4-short-lr1e4-sig005-reg4/checkpoints/vit_lejepa_backbone_loss_best.pt

Evaluating candidate: experiments/experiment-c10-vit-lejepa-v4-short-lr1e4-sig005-reg4/checkpoints/vit_lejepa_backbone_epoch_010.pt

Evaluating candidate: experiments/experiment-c10-vit-lejepa-v4-short-lr1e4-sig005-reg4/checkpoints/vit_lejepa_backbone_epoch_020.pt

Evaluating candidate: experiments/experiment-c10-vit-lejepa-v4-short-lr1e4-sig005-reg4/checkpoints/vit_lejepa_backbone_epoch_030.pt

Evaluating candidate: experiments/experiment-c10-vit-lejepa-v4-short-lr1e4-sig005-reg4/checkpoints/vit_lejepa_backbone_epoch_040.pt

Evaluating candidate: experiments/experiment-c10-vit-lejepa-v4-short-lr1e4-sig005-reg4/checkpoints/vit_lejepa_backbone_epoch_050.pt

Evaluating candidate: experiments/experiment-c10-vit-lejepa-v4-short-lr1e4-sig005-reg4/checkpoints/vit_lejepa_backbone_epoch_060.pt

Evaluating candidate: experiments/experiment-c10-vit-lejepa-v4-short-lr1e4-sig005-reg4/checkpoints/vit_lejepa_backbone_epoch_070.pt

Evaluating candidate: experiments/experiment-c10-vit-lejepa-v4-short-lr1e4-sig005-reg4/checkpoints/vit_lejepa_backbone_epoch_080.pt

Evaluating candidate: experiments/experiment-c10-vit-lejepa-v4-short-lr1e4-sig005-reg4/checkpoints/vit_lejepa_backbone_epoch_090.pt

Evaluating candidate: experiments/experiment-c10-vit-lejepa-v4-short-lr1e4-sig005-reg4/checkpoints/vit_lejepa_backbone_epoch_100.pt

Backbone checkpoint selection completed.
  selected: experiments/experiment-c10-vit-lejepa-v4-short-lr1e4-sig005-reg4/checkpoints/vit_lejepa_backbone_epoch_060.pt
  best kNN: 0.3625 at k=100
  saved CSV: experiments/experiment-c10-vit-lejepa-v4-short-lr1e4-sig005-reg4/metrics/checkpoint_selection/backbone_checkpoint_selection_knn.csv
  overwritten backbone_best_path: experiments/experiment-c10-vit-lejepa-v4-short-lr1e4-sig005-reg4/checkpoints/vit_lejepa_backbone_best.pt
probe_epoch=001 train_loss=1.9713 train_acc=0.2863 val_loss=1.8616 val_acc=0.3392 lr=0.02
probe_epoch=002 train_loss=1.8200 train_acc=0.3378 val_loss=1.8065 val_acc=0.3510 lr=0.03
probe_epoch=003 train_loss=1.7990 train_acc=0.3465 val_loss=1.7945 val_acc=0.3552 lr=0.04
probe_epoch=004 train_loss=1.7887 train_acc=0.3497 val_loss=1.7848 val_acc=0.3536 lr=0.05
probe_epoch=005 train_loss=1.7850 train_acc=0.3533 val_loss=1.7820 val_acc=0.3572 lr=0.05
probe_epoch=006 train_loss=1.7736 train_acc=0.3557 val_loss=1.7789 val_acc=0.3608 lr=0.0499941
probe_epoch=007 train_loss=1.7710 train_acc=0.3550 val_loss=1.7633 val_acc=0.3662 lr=0.0499765
probe_epoch=008 train_loss=1.7608 train_acc=0.3606 val_loss=1.7606 val_acc=0.3684 lr=0.0499472
probe_epoch=009 train_loss=1.7601 train_acc=0.3602 val_loss=1.7710 val_acc=0.3656 lr=0.0499062
probe_epoch=010 train_loss=1.7586 train_acc=0.3607 val_loss=1.7772 val_acc=0.3584 lr=0.0498534
probe_epoch=011 train_loss=1.7543 train_acc=0.3636 val_loss=1.7718 val_acc=0.3584 lr=0.0497891
probe_epoch=012 train_loss=1.7535 train_acc=0.3603 val_loss=1.7621 val_acc=0.3690 lr=0.049713
probe_epoch=013 train_loss=1.7500 train_acc=0.3659 val_loss=1.7542 val_acc=0.3706 lr=0.0496254
probe_epoch=014 train_loss=1.7479 train_acc=0.3686 val_loss=1.7485 val_acc=0.3690 lr=0.0495262
probe_epoch=015 train_loss=1.7511 train_acc=0.3630 val_loss=1.7570 val_acc=0.3692 lr=0.0494155
probe_epoch=016 train_loss=1.7462 train_acc=0.3670 val_loss=1.7524 val_acc=0.3668 lr=0.0492934
probe_epoch=017 train_loss=1.7472 train_acc=0.3664 val_loss=1.7576 val_acc=0.3746 lr=0.0491598
probe_epoch=018 train_loss=1.7486 train_acc=0.3657 val_loss=1.7590 val_acc=0.3642 lr=0.0490149
probe_epoch=019 train_loss=1.7459 train_acc=0.3680 val_loss=1.7457 val_acc=0.3692 lr=0.0488587
probe_epoch=020 train_loss=1.7467 train_acc=0.3664 val_loss=1.7495 val_acc=0.3746 lr=0.0486913
probe_epoch=021 train_loss=1.7476 train_acc=0.3649 val_loss=1.7592 val_acc=0.3694 lr=0.0485128
probe_epoch=022 train_loss=1.7458 train_acc=0.3681 val_loss=1.7566 val_acc=0.3658 lr=0.0483233
probe_epoch=023 train_loss=1.7424 train_acc=0.3683 val_loss=1.7511 val_acc=0.3732 lr=0.0481228
probe_epoch=024 train_loss=1.7460 train_acc=0.3682 val_loss=1.7373 val_acc=0.3772 lr=0.0479115
probe_epoch=025 train_loss=1.7425 train_acc=0.3690 val_loss=1.7544 val_acc=0.3710 lr=0.0476894
probe_epoch=026 train_loss=1.7426 train_acc=0.3682 val_loss=1.7507 val_acc=0.3696 lr=0.0474566
probe_epoch=027 train_loss=1.7457 train_acc=0.3687 val_loss=1.7572 val_acc=0.3746 lr=0.0472134
probe_epoch=028 train_loss=1.7429 train_acc=0.3683 val_loss=1.7499 val_acc=0.3716 lr=0.0469596
probe_epoch=029 train_loss=1.7398 train_acc=0.3708 val_loss=1.7455 val_acc=0.3688 lr=0.0466956
probe_epoch=030 train_loss=1.7423 train_acc=0.3700 val_loss=1.7534 val_acc=0.3668 lr=0.0464214
probe_epoch=031 train_loss=1.7403 train_acc=0.3681 val_loss=1.7608 val_acc=0.3622 lr=0.0461372
probe_epoch=032 train_loss=1.7392 train_acc=0.3668 val_loss=1.7691 val_acc=0.3674 lr=0.045843
probe_epoch=033 train_loss=1.7392 train_acc=0.3722 val_loss=1.7451 val_acc=0.3776 lr=0.045539
probe_epoch=034 train_loss=1.7394 train_acc=0.3700 val_loss=1.7485 val_acc=0.3732 lr=0.0452254
probe_epoch=035 train_loss=1.7368 train_acc=0.3699 val_loss=1.7467 val_acc=0.3720 lr=0.0449023
probe_epoch=036 train_loss=1.7397 train_acc=0.3674 val_loss=1.7529 val_acc=0.3722 lr=0.0445699
probe_epoch=037 train_loss=1.7371 train_acc=0.3721 val_loss=1.7551 val_acc=0.3654 lr=0.0442283
probe_epoch=038 train_loss=1.7357 train_acc=0.3695 val_loss=1.7478 val_acc=0.3710 lr=0.0438776
probe_epoch=039 train_loss=1.7386 train_acc=0.3696 val_loss=1.7328 val_acc=0.3796 lr=0.0435181
probe_epoch=040 train_loss=1.7383 train_acc=0.3709 val_loss=1.7471 val_acc=0.3756 lr=0.0431499
probe_epoch=041 train_loss=1.7380 train_acc=0.3714 val_loss=1.7392 val_acc=0.3732 lr=0.0427732
probe_epoch=042 train_loss=1.7377 train_acc=0.3678 val_loss=1.7512 val_acc=0.3770 lr=0.0423881
probe_epoch=043 train_loss=1.7330 train_acc=0.3726 val_loss=1.7533 val_acc=0.3744 lr=0.0419949
probe_epoch=044 train_loss=1.7349 train_acc=0.3701 val_loss=1.7418 val_acc=0.3700 lr=0.0415937
probe_epoch=045 train_loss=1.7402 train_acc=0.3708 val_loss=1.7479 val_acc=0.3770 lr=0.0411847
probe_epoch=046 train_loss=1.7388 train_acc=0.3706 val_loss=1.7484 val_acc=0.3728 lr=0.0407681
probe_epoch=047 train_loss=1.7381 train_acc=0.3716 val_loss=1.7481 val_acc=0.3742 lr=0.0403441
probe_epoch=048 train_loss=1.7308 train_acc=0.3743 val_loss=1.7476 val_acc=0.3724 lr=0.0399129
probe_epoch=049 train_loss=1.7385 train_acc=0.3693 val_loss=1.7431 val_acc=0.3736 lr=0.0394747
probe_epoch=050 train_loss=1.7333 train_acc=0.3735 val_loss=1.7445 val_acc=0.3694 lr=0.0390297
probe_epoch=051 train_loss=1.7331 train_acc=0.3711 val_loss=1.7487 val_acc=0.3770 lr=0.0385781
probe_epoch=052 train_loss=1.7327 train_acc=0.3732 val_loss=1.7393 val_acc=0.3828 lr=0.0381201
probe_epoch=053 train_loss=1.7311 train_acc=0.3703 val_loss=1.7395 val_acc=0.3716 lr=0.037656
probe_epoch=054 train_loss=1.7329 train_acc=0.3732 val_loss=1.7557 val_acc=0.3718 lr=0.037186
probe_epoch=055 train_loss=1.7336 train_acc=0.3708 val_loss=1.7418 val_acc=0.3776 lr=0.0367102
probe_epoch=056 train_loss=1.7337 train_acc=0.3705 val_loss=1.7440 val_acc=0.3760 lr=0.0362289
probe_epoch=057 train_loss=1.7375 train_acc=0.3737 val_loss=1.7418 val_acc=0.3700 lr=0.0357424
probe_epoch=058 train_loss=1.7345 train_acc=0.3738 val_loss=1.7623 val_acc=0.3686 lr=0.0352508
probe_epoch=059 train_loss=1.7328 train_acc=0.3739 val_loss=1.7412 val_acc=0.3794 lr=0.0347544
probe_epoch=060 train_loss=1.7309 train_acc=0.3708 val_loss=1.7526 val_acc=0.3714 lr=0.0342535
probe_epoch=061 train_loss=1.7336 train_acc=0.3719 val_loss=1.7485 val_acc=0.3752 lr=0.0337481
probe_epoch=062 train_loss=1.7315 train_acc=0.3715 val_loss=1.7514 val_acc=0.3744 lr=0.0332387
probe_epoch=063 train_loss=1.7317 train_acc=0.3728 val_loss=1.7570 val_acc=0.3708 lr=0.0327254
probe_epoch=064 train_loss=1.7298 train_acc=0.3730 val_loss=1.7413 val_acc=0.3730 lr=0.0322085
probe_epoch=065 train_loss=1.7329 train_acc=0.3728 val_loss=1.7396 val_acc=0.3688 lr=0.0316882
probe_epoch=066 train_loss=1.7329 train_acc=0.3733 val_loss=1.7524 val_acc=0.3696 lr=0.0311648
probe_epoch=067 train_loss=1.7290 train_acc=0.3733 val_loss=1.7456 val_acc=0.3796 lr=0.0306384
probe_epoch=068 train_loss=1.7287 train_acc=0.3747 val_loss=1.7443 val_acc=0.3722 lr=0.0301095
probe_epoch=069 train_loss=1.7267 train_acc=0.3743 val_loss=1.7421 val_acc=0.3748 lr=0.0295781
probe_epoch=070 train_loss=1.7298 train_acc=0.3739 val_loss=1.7499 val_acc=0.3756 lr=0.0290445
probe_epoch=071 train_loss=1.7318 train_acc=0.3710 val_loss=1.7534 val_acc=0.3726 lr=0.0285091
probe_epoch=072 train_loss=1.7299 train_acc=0.3753 val_loss=1.7335 val_acc=0.3754 lr=0.0279721
probe_epoch=073 train_loss=1.7282 train_acc=0.3745 val_loss=1.7416 val_acc=0.3742 lr=0.0274336
probe_epoch=074 train_loss=1.7286 train_acc=0.3732 val_loss=1.7382 val_acc=0.3758 lr=0.026894
probe_epoch=075 train_loss=1.7262 train_acc=0.3740 val_loss=1.7468 val_acc=0.3778 lr=0.0263535
probe_epoch=076 train_loss=1.7236 train_acc=0.3761 val_loss=1.7501 val_acc=0.3786 lr=0.0258123
probe_epoch=077 train_loss=1.7269 train_acc=0.3759 val_loss=1.7376 val_acc=0.3798 lr=0.0252708
probe_epoch=078 train_loss=1.7278 train_acc=0.3762 val_loss=1.7372 val_acc=0.3806 lr=0.0247292
probe_epoch=079 train_loss=1.7276 train_acc=0.3759 val_loss=1.7431 val_acc=0.3820 lr=0.0241877
probe_epoch=080 train_loss=1.7235 train_acc=0.3759 val_loss=1.7365 val_acc=0.3774 lr=0.0236465
probe_epoch=081 train_loss=1.7274 train_acc=0.3767 val_loss=1.7347 val_acc=0.3802 lr=0.023106
probe_epoch=082 train_loss=1.7232 train_acc=0.3755 val_loss=1.7441 val_acc=0.3752 lr=0.0225664
probe_epoch=083 train_loss=1.7251 train_acc=0.3731 val_loss=1.7404 val_acc=0.3784 lr=0.0220279
probe_epoch=084 train_loss=1.7225 train_acc=0.3781 val_loss=1.7461 val_acc=0.3738 lr=0.0214909
probe_epoch=085 train_loss=1.7244 train_acc=0.3779 val_loss=1.7431 val_acc=0.3764 lr=0.0209555
probe_epoch=086 train_loss=1.7189 train_acc=0.3774 val_loss=1.7445 val_acc=0.3760 lr=0.0204219
probe_epoch=087 train_loss=1.7226 train_acc=0.3780 val_loss=1.7414 val_acc=0.3766 lr=0.0198905
probe_epoch=088 train_loss=1.7239 train_acc=0.3775 val_loss=1.7363 val_acc=0.3760 lr=0.0193616
probe_epoch=089 train_loss=1.7222 train_acc=0.3774 val_loss=1.7469 val_acc=0.3744 lr=0.0188352
probe_epoch=090 train_loss=1.7211 train_acc=0.3777 val_loss=1.7421 val_acc=0.3746 lr=0.0183118
probe_epoch=091 train_loss=1.7262 train_acc=0.3758 val_loss=1.7332 val_acc=0.3784 lr=0.0177915
probe_epoch=092 train_loss=1.7200 train_acc=0.3796 val_loss=1.7374 val_acc=0.3778 lr=0.0172746
probe_epoch=093 train_loss=1.7240 train_acc=0.3771 val_loss=1.7386 val_acc=0.3758 lr=0.0167613
probe_epoch=094 train_loss=1.7210 train_acc=0.3781 val_loss=1.7355 val_acc=0.3794 lr=0.0162519
probe_epoch=095 train_loss=1.7176 train_acc=0.3783 val_loss=1.7319 val_acc=0.3834 lr=0.0157465
probe_epoch=096 train_loss=1.7218 train_acc=0.3802 val_loss=1.7365 val_acc=0.3764 lr=0.0152456
probe_epoch=097 train_loss=1.7210 train_acc=0.3770 val_loss=1.7380 val_acc=0.3790 lr=0.0147492
probe_epoch=098 train_loss=1.7198 train_acc=0.3782 val_loss=1.7315 val_acc=0.3772 lr=0.0142576
probe_epoch=099 train_loss=1.7160 train_acc=0.3790 val_loss=1.7349 val_acc=0.3794 lr=0.0137711
probe_epoch=100 train_loss=1.7192 train_acc=0.3773 val_loss=1.7382 val_acc=0.3768 lr=0.0132898
probe_epoch=101 train_loss=1.7196 train_acc=0.3835 val_loss=1.7415 val_acc=0.3794 lr=0.012814
probe_epoch=102 train_loss=1.7216 train_acc=0.3801 val_loss=1.7291 val_acc=0.3824 lr=0.012344
probe_epoch=103 train_loss=1.7181 train_acc=0.3812 val_loss=1.7352 val_acc=0.3806 lr=0.0118799
probe_epoch=104 train_loss=1.7172 train_acc=0.3782 val_loss=1.7292 val_acc=0.3828 lr=0.0114219
probe_epoch=105 train_loss=1.7179 train_acc=0.3792 val_loss=1.7305 val_acc=0.3856 lr=0.0109703
probe_epoch=106 train_loss=1.7164 train_acc=0.3785 val_loss=1.7349 val_acc=0.3798 lr=0.0105253
probe_epoch=107 train_loss=1.7157 train_acc=0.3813 val_loss=1.7347 val_acc=0.3798 lr=0.0100871
probe_epoch=108 train_loss=1.7123 train_acc=0.3826 val_loss=1.7309 val_acc=0.3840 lr=0.00965593
probe_epoch=109 train_loss=1.7198 train_acc=0.3788 val_loss=1.7369 val_acc=0.3788 lr=0.00923194
probe_epoch=110 train_loss=1.7179 train_acc=0.3821 val_loss=1.7345 val_acc=0.3832 lr=0.00881534
probe_epoch=111 train_loss=1.7150 train_acc=0.3809 val_loss=1.7346 val_acc=0.3836 lr=0.00840635
probe_epoch=112 train_loss=1.7176 train_acc=0.3784 val_loss=1.7337 val_acc=0.3792 lr=0.00800514
probe_epoch=113 train_loss=1.7119 train_acc=0.3797 val_loss=1.7299 val_acc=0.3840 lr=0.00761191
probe_epoch=114 train_loss=1.7138 train_acc=0.3812 val_loss=1.7303 val_acc=0.3800 lr=0.00722684
probe_epoch=115 train_loss=1.7131 train_acc=0.3824 val_loss=1.7308 val_acc=0.3806 lr=0.00685011
probe_epoch=116 train_loss=1.7144 train_acc=0.3808 val_loss=1.7308 val_acc=0.3786 lr=0.00648191
probe_epoch=117 train_loss=1.7134 train_acc=0.3815 val_loss=1.7289 val_acc=0.3804 lr=0.00612239
probe_epoch=118 train_loss=1.7147 train_acc=0.3820 val_loss=1.7296 val_acc=0.3832 lr=0.00577174
probe_epoch=119 train_loss=1.7126 train_acc=0.3826 val_loss=1.7314 val_acc=0.3846 lr=0.00543011
probe_epoch=120 train_loss=1.7144 train_acc=0.3815 val_loss=1.7301 val_acc=0.3798 lr=0.00509767
probe_epoch=121 train_loss=1.7139 train_acc=0.3831 val_loss=1.7306 val_acc=0.3788 lr=0.00477458
probe_epoch=122 train_loss=1.7122 train_acc=0.3814 val_loss=1.7289 val_acc=0.3816 lr=0.00446097
probe_epoch=123 train_loss=1.7128 train_acc=0.3815 val_loss=1.7314 val_acc=0.3794 lr=0.00415701
probe_epoch=124 train_loss=1.7124 train_acc=0.3822 val_loss=1.7290 val_acc=0.3812 lr=0.00386283
probe_epoch=125 train_loss=1.7148 train_acc=0.3809 val_loss=1.7317 val_acc=0.3794 lr=0.00357857
probe_epoch=126 train_loss=1.7095 train_acc=0.3839 val_loss=1.7313 val_acc=0.3814 lr=0.00330437
probe_epoch=127 train_loss=1.7118 train_acc=0.3812 val_loss=1.7313 val_acc=0.3822 lr=0.00304035
probe_epoch=128 train_loss=1.7120 train_acc=0.3849 val_loss=1.7293 val_acc=0.3824 lr=0.00278664
probe_epoch=129 train_loss=1.7100 train_acc=0.3824 val_loss=1.7300 val_acc=0.3818 lr=0.00254336
probe_epoch=130 train_loss=1.7143 train_acc=0.3816 val_loss=1.7326 val_acc=0.3800 lr=0.00231061
probe_epoch=131 train_loss=1.7097 train_acc=0.3843 val_loss=1.7287 val_acc=0.3806 lr=0.00208852
probe_epoch=132 train_loss=1.7116 train_acc=0.3830 val_loss=1.7297 val_acc=0.3808 lr=0.00187719
probe_epoch=133 train_loss=1.7085 train_acc=0.3854 val_loss=1.7304 val_acc=0.3820 lr=0.0016767
probe_epoch=134 train_loss=1.7130 train_acc=0.3822 val_loss=1.7291 val_acc=0.3816 lr=0.00148717
probe_epoch=135 train_loss=1.7122 train_acc=0.3843 val_loss=1.7287 val_acc=0.3806 lr=0.00130867
probe_epoch=136 train_loss=1.7103 train_acc=0.3843 val_loss=1.7292 val_acc=0.3824 lr=0.00114129
probe_epoch=137 train_loss=1.7083 train_acc=0.3846 val_loss=1.7287 val_acc=0.3812 lr=0.000985116
probe_epoch=138 train_loss=1.7086 train_acc=0.3831 val_loss=1.7290 val_acc=0.3824 lr=0.000840211
probe_epoch=139 train_loss=1.7104 train_acc=0.3833 val_loss=1.7284 val_acc=0.3830 lr=0.000706647
probe_epoch=140 train_loss=1.7093 train_acc=0.3840 val_loss=1.7288 val_acc=0.3838 lr=0.000584486
probe_epoch=141 train_loss=1.7100 train_acc=0.3843 val_loss=1.7283 val_acc=0.3832 lr=0.000473786
probe_epoch=142 train_loss=1.7126 train_acc=0.3843 val_loss=1.7284 val_acc=0.3820 lr=0.000374599
probe_epoch=143 train_loss=1.7069 train_acc=0.3838 val_loss=1.7284 val_acc=0.3812 lr=0.00028697
probe_epoch=144 train_loss=1.7068 train_acc=0.3887 val_loss=1.7285 val_acc=0.3826 lr=0.000210943
probe_epoch=145 train_loss=1.7111 train_acc=0.3847 val_loss=1.7282 val_acc=0.3810 lr=0.000146551
probe_epoch=146 train_loss=1.7098 train_acc=0.3839 val_loss=1.7282 val_acc=0.3810 lr=9.38257e-05
probe_epoch=147 train_loss=1.7097 train_acc=0.3844 val_loss=1.7282 val_acc=0.3816 lr=5.27914e-05
probe_epoch=148 train_loss=1.7088 train_acc=0.3835 val_loss=1.7282 val_acc=0.3812 lr=2.34674e-05
probe_epoch=149 train_loss=1.7078 train_acc=0.3827 val_loss=1.7282 val_acc=0.3812 lr=5.86755e-06
probe_epoch=150 train_loss=1.7069 train_acc=0.3823 val_loss=1.7282 val_acc=0.3812 lr=0
vit_linear_probe_test_loss=1.7424 vit_linear_probe_test_acc=0.3712 best_val_acc=0.3856 best_epoch=105
Job finished at: Thu Jul  9 18:43:44 CEST 2026
