Started at: Mon Jul  6 14:30:53 CEST 2026
Node: lrdn0071.leonardo.local
Config path: configs/imagenet100_resnet18_lejepa_glsas.yaml
Mon Jul  6 14:30:53 2026       
+---------------------------------------------------------------------------------------+
| NVIDIA-SMI 535.274.02             Driver Version: 535.274.02   CUDA Version: 12.2     |
|-----------------------------------------+----------------------+----------------------+
| GPU  Name                 Persistence-M | Bus-Id        Disp.A | Volatile Uncorr. ECC |
| Fan  Temp   Perf          Pwr:Usage/Cap |         Memory-Usage | GPU-Util  Compute M. |
|                                         |                      |               MIG M. |
|=========================================+======================+======================|
|   0  NVIDIA A100-SXM-64GB           On  | 00000000:C8:00.0 Off |                    0 |
| N/A   42C    P0              63W / 465W |      0MiB / 65536MiB |      0%      Default |
|                                         |                      |             Disabled |
+-----------------------------------------+----------------------+----------------------+
                                                                                         
+---------------------------------------------------------------------------------------+
| Processes:                                                                            |
|  GPU   GI   CI        PID   Type   Process name                            GPU Memory |
|        ID   ID                                                             Usage      |
|=======================================================================================|
|  No running processes found                                                           |
+---------------------------------------------------------------------------------------+
Using device: cuda
Representation evaluation settings:
  mode: lejepa
  architecture: resnet18_imagenet
  checkpoint: experiments/experiment-imagenet100-r18-lejepa/checkpoints/imagenet100_resnet18_lejepa_probe_best.pt
  batch_size: 128
  max_test_samples: None
  max_bank_samples: None
  kNN ks: [1, 5, 10, 20, 50, 100]
  feature bank: full train set with eval transforms
  query set: test set

Representation evaluation completed.
Classifier/probe accuracy: 0.3174
Best kNN accuracy: 0.3080 at k=50
Saved YAML: experiments/experiment-imagenet100-r18-lejepa/metrics/representation_lejepa.yaml
Saved CSV: experiments/experiment-imagenet100-r18-lejepa/metrics/representation_lejepa.csv
Finished at: Mon Jul  6 14:35:38 CEST 2026
