Job started at: Sun Jul  5 22:39:54 CEST 2026
Node: lrdn0199.leonardo.local
Config path: configs/imagenet100_vit_lejepa_glsas.yaml
Sun Jul  5 22:39:54 2026       
+---------------------------------------------------------------------------------------+
| NVIDIA-SMI 535.274.02             Driver Version: 535.274.02   CUDA Version: 12.2     |
|-----------------------------------------+----------------------+----------------------+
| GPU  Name                 Persistence-M | Bus-Id        Disp.A | Volatile Uncorr. ECC |
| Fan  Temp   Perf          Pwr:Usage/Cap |         Memory-Usage | GPU-Util  Compute M. |
|                                         |                      |               MIG M. |
|=========================================+======================+======================|
|   0  NVIDIA A100-SXM-64GB           On  | 00000000:C8:00.0 Off |                    0 |
| N/A   42C    P0              60W / 461W |      0MiB / 65536MiB |      0%      Default |
|                                         |                      |             Disabled |
+-----------------------------------------+----------------------+----------------------+
                                                                                         
+---------------------------------------------------------------------------------------+
| Processes:                                                                            |
|  GPU   GI   CI        PID   Type   Process name                            GPU Memory |
|        ID   ID                                                             Usage      |
|=======================================================================================|
|  No running processes found                                                           |
+---------------------------------------------------------------------------------------+
LeJEPA ViT pretraining method:
  architecture: vit_small_patch16_224
  sigreg_implementation: official
  num_global_views: 2
  num_local_views: 0
  scheduler: warmup_cosine warmup_epochs=5
  checkpoint_selection: enabled=True metric=knn
  stop_gradient: false
  teacher_student_or_ema: false
epoch=001 vit_lejepa_loss=0.0537 pred=0.0035 sigreg=10.0502 lr=8e-05
epoch=002 vit_lejepa_loss=0.0227 pred=0.0033 sigreg=3.8731 lr=0.00012
epoch=003 vit_lejepa_loss=0.0170 pred=0.0033 sigreg=2.7426 lr=0.00016
epoch=004 vit_lejepa_loss=0.0147 pred=0.0032 sigreg=2.2898 lr=0.0002
epoch=005 vit_lejepa_loss=0.0134 pred=0.0032 sigreg=2.0359 lr=0.0002
epoch=006 vit_lejepa_loss=0.0124 pred=0.0031 sigreg=1.8567 lr=0.000199945
epoch=007 vit_lejepa_loss=0.0118 pred=0.0031 sigreg=1.7529 lr=0.000199781
epoch=008 vit_lejepa_loss=0.0114 pred=0.0030 sigreg=1.6651 lr=0.000199508
epoch=009 vit_lejepa_loss=0.0110 pred=0.0030 sigreg=1.5979 lr=0.000199126
epoch=010 vit_lejepa_loss=0.0107 pred=0.0030 sigreg=1.5468 lr=0.000198636
epoch=011 vit_lejepa_loss=0.0104 pred=0.0029 sigreg=1.5015 lr=0.000198038
epoch=012 vit_lejepa_loss=0.0102 pred=0.0029 sigreg=1.4652 lr=0.000197333
epoch=013 vit_lejepa_loss=0.0101 pred=0.0029 sigreg=1.4339 lr=0.000196521
epoch=014 vit_lejepa_loss=0.0099 pred=0.0029 sigreg=1.4023 lr=0.000195604
epoch=015 vit_lejepa_loss=0.0097 pred=0.0028 sigreg=1.3866 lr=0.000194582
epoch=016 vit_lejepa_loss=0.0096 pred=0.0028 sigreg=1.3734 lr=0.000193456
epoch=017 vit_lejepa_loss=0.0096 pred=0.0028 sigreg=1.3568 lr=0.000192229
epoch=018 vit_lejepa_loss=0.0094 pred=0.0027 sigreg=1.3436 lr=0.000190901
epoch=019 vit_lejepa_loss=0.0093 pred=0.0027 sigreg=1.3286 lr=0.000189473
epoch=020 vit_lejepa_loss=0.0092 pred=0.0026 sigreg=1.3197 lr=0.000187947
epoch=021 vit_lejepa_loss=0.0092 pred=0.0026 sigreg=1.3144 lr=0.000186326
epoch=022 vit_lejepa_loss=0.0091 pred=0.0026 sigreg=1.3051 lr=0.00018461
epoch=023 vit_lejepa_loss=0.0090 pred=0.0026 sigreg=1.2911 lr=0.000182801
epoch=024 vit_lejepa_loss=0.0090 pred=0.0025 sigreg=1.2889 lr=0.000180902
epoch=025 vit_lejepa_loss=0.0089 pred=0.0025 sigreg=1.2765 lr=0.000178914
epoch=026 vit_lejepa_loss=0.0089 pred=0.0025 sigreg=1.2722 lr=0.00017684
epoch=027 vit_lejepa_loss=0.0088 pred=0.0025 sigreg=1.2623 lr=0.000174682
epoch=028 vit_lejepa_loss=0.0087 pred=0.0024 sigreg=1.2598 lr=0.000172443
epoch=029 vit_lejepa_loss=0.0087 pred=0.0024 sigreg=1.2570 lr=0.000170124
epoch=030 vit_lejepa_loss=0.0086 pred=0.0024 sigreg=1.2494 lr=0.000167728
epoch=031 vit_lejepa_loss=0.0086 pred=0.0024 sigreg=1.2481 lr=0.000165259
epoch=032 vit_lejepa_loss=0.0086 pred=0.0024 sigreg=1.2411 lr=0.000162718
epoch=033 vit_lejepa_loss=0.0085 pred=0.0023 sigreg=1.2380 lr=0.000160108
epoch=034 vit_lejepa_loss=0.0085 pred=0.0023 sigreg=1.2312 lr=0.000157433
epoch=035 vit_lejepa_loss=0.0084 pred=0.0023 sigreg=1.2292 lr=0.000154695
epoch=036 vit_lejepa_loss=0.0084 pred=0.0023 sigreg=1.2284 lr=0.000151897
epoch=037 vit_lejepa_loss=0.0084 pred=0.0023 sigreg=1.2241 lr=0.000149042
epoch=038 vit_lejepa_loss=0.0084 pred=0.0022 sigreg=1.2230 lr=0.000146134
epoch=039 vit_lejepa_loss=0.0083 pred=0.0022 sigreg=1.2198 lr=0.000143175
epoch=040 vit_lejepa_loss=0.0083 pred=0.0022 sigreg=1.2154 lr=0.00014017
epoch=041 vit_lejepa_loss=0.0082 pred=0.0022 sigreg=1.2129 lr=0.00013712
epoch=042 vit_lejepa_loss=0.0082 pred=0.0022 sigreg=1.2085 lr=0.000134029
epoch=043 vit_lejepa_loss=0.0082 pred=0.0022 sigreg=1.2049 lr=0.000130902
epoch=044 vit_lejepa_loss=0.0082 pred=0.0022 sigreg=1.2041 lr=0.00012774
epoch=045 vit_lejepa_loss=0.0081 pred=0.0021 sigreg=1.1992 lr=0.000124549
epoch=046 vit_lejepa_loss=0.0081 pred=0.0021 sigreg=1.1967 lr=0.00012133
epoch=047 vit_lejepa_loss=0.0081 pred=0.0021 sigreg=1.1967 lr=0.000118088
epoch=048 vit_lejepa_loss=0.0081 pred=0.0021 sigreg=1.1939 lr=0.000114826
epoch=049 vit_lejepa_loss=0.0080 pred=0.0021 sigreg=1.1939 lr=0.000111548
epoch=050 vit_lejepa_loss=0.0080 pred=0.0021 sigreg=1.1893 lr=0.000108258
epoch=051 vit_lejepa_loss=0.0080 pred=0.0021 sigreg=1.1860 lr=0.000104958
epoch=052 vit_lejepa_loss=0.0080 pred=0.0020 sigreg=1.1814 lr=0.000101653
epoch=053 vit_lejepa_loss=0.0079 pred=0.0020 sigreg=1.1801 lr=9.83466e-05
epoch=054 vit_lejepa_loss=0.0079 pred=0.0020 sigreg=1.1772 lr=9.50416e-05
epoch=055 vit_lejepa_loss=0.0079 pred=0.0020 sigreg=1.1769 lr=9.17421e-05
epoch=056 vit_lejepa_loss=0.0079 pred=0.0020 sigreg=1.1722 lr=8.84515e-05
epoch=057 vit_lejepa_loss=0.0078 pred=0.0020 sigreg=1.1678 lr=8.51736e-05
epoch=058 vit_lejepa_loss=0.0078 pred=0.0020 sigreg=1.1685 lr=8.19119e-05
epoch=059 vit_lejepa_loss=0.0078 pred=0.0020 sigreg=1.1645 lr=7.867e-05
epoch=060 vit_lejepa_loss=0.0078 pred=0.0020 sigreg=1.1593 lr=7.54515e-05
epoch=061 vit_lejepa_loss=0.0078 pred=0.0020 sigreg=1.1592 lr=7.22597e-05
epoch=062 vit_lejepa_loss=0.0078 pred=0.0020 sigreg=1.1588 lr=6.90983e-05
epoch=063 vit_lejepa_loss=0.0077 pred=0.0020 sigreg=1.1525 lr=6.59707e-05
epoch=064 vit_lejepa_loss=0.0077 pred=0.0019 sigreg=1.1526 lr=6.28803e-05
epoch=065 vit_lejepa_loss=0.0077 pred=0.0019 sigreg=1.1516 lr=5.98305e-05
epoch=066 vit_lejepa_loss=0.0077 pred=0.0019 sigreg=1.1530 lr=5.68246e-05
epoch=067 vit_lejepa_loss=0.0077 pred=0.0019 sigreg=1.1470 lr=5.38659e-05
epoch=068 vit_lejepa_loss=0.0076 pred=0.0019 sigreg=1.1459 lr=5.09576e-05
epoch=069 vit_lejepa_loss=0.0076 pred=0.0019 sigreg=1.1442 lr=4.8103e-05
epoch=070 vit_lejepa_loss=0.0076 pred=0.0019 sigreg=1.1443 lr=4.53052e-05
epoch=071 vit_lejepa_loss=0.0076 pred=0.0019 sigreg=1.1420 lr=4.25671e-05
epoch=072 vit_lejepa_loss=0.0076 pred=0.0019 sigreg=1.1396 lr=3.98919e-05
epoch=073 vit_lejepa_loss=0.0076 pred=0.0019 sigreg=1.1380 lr=3.72824e-05
epoch=074 vit_lejepa_loss=0.0076 pred=0.0019 sigreg=1.1359 lr=3.47414e-05
epoch=075 vit_lejepa_loss=0.0075 pred=0.0019 sigreg=1.1328 lr=3.22718e-05
epoch=076 vit_lejepa_loss=0.0075 pred=0.0019 sigreg=1.1307 lr=2.98763e-05
epoch=077 vit_lejepa_loss=0.0075 pred=0.0019 sigreg=1.1300 lr=2.75575e-05
epoch=078 vit_lejepa_loss=0.0075 pred=0.0019 sigreg=1.1320 lr=2.53179e-05
epoch=079 vit_lejepa_loss=0.0075 pred=0.0019 sigreg=1.1274 lr=2.31599e-05
epoch=080 vit_lejepa_loss=0.0075 pred=0.0019 sigreg=1.1264 lr=2.10859e-05
epoch=081 vit_lejepa_loss=0.0075 pred=0.0018 sigreg=1.1275 lr=1.90983e-05
epoch=082 vit_lejepa_loss=0.0075 pred=0.0018 sigreg=1.1250 lr=1.71991e-05
epoch=083 vit_lejepa_loss=0.0075 pred=0.0018 sigreg=1.1227 lr=1.53905e-05
epoch=084 vit_lejepa_loss=0.0075 pred=0.0018 sigreg=1.1244 lr=1.36744e-05
epoch=085 vit_lejepa_loss=0.0075 pred=0.0018 sigreg=1.1227 lr=1.20526e-05
epoch=086 vit_lejepa_loss=0.0074 pred=0.0018 sigreg=1.1207 lr=1.05271e-05
epoch=087 vit_lejepa_loss=0.0074 pred=0.0018 sigreg=1.1210 lr=9.09935e-06
epoch=088 vit_lejepa_loss=0.0074 pred=0.0018 sigreg=1.1204 lr=7.77102e-06
epoch=089 vit_lejepa_loss=0.0074 pred=0.0018 sigreg=1.1201 lr=6.54355e-06
epoch=090 vit_lejepa_loss=0.0074 pred=0.0018 sigreg=1.1181 lr=5.41828e-06
epoch=091 vit_lejepa_loss=0.0074 pred=0.0018 sigreg=1.1163 lr=4.39642e-06
epoch=092 vit_lejepa_loss=0.0074 pred=0.0018 sigreg=1.1158 lr=3.47911e-06
epoch=093 vit_lejepa_loss=0.0074 pred=0.0018 sigreg=1.1157 lr=2.66734e-06
epoch=094 vit_lejepa_loss=0.0074 pred=0.0018 sigreg=1.1149 lr=1.962e-06
epoch=095 vit_lejepa_loss=0.0074 pred=0.0018 sigreg=1.1159 lr=1.36387e-06
epoch=096 vit_lejepa_loss=0.0074 pred=0.0018 sigreg=1.1126 lr=8.73593e-07
epoch=097 vit_lejepa_loss=0.0074 pred=0.0018 sigreg=1.1124 lr=4.9171e-07
epoch=098 vit_lejepa_loss=0.0074 pred=0.0018 sigreg=1.1143 lr=2.18637e-07
epoch=099 vit_lejepa_loss=0.0074 pred=0.0018 sigreg=1.1147 lr=5.46743e-08
epoch=100 vit_lejepa_loss=0.0074 pred=0.0018 sigreg=1.1158 lr=0
Backbone checkpoint selection by frozen-backbone kNN:
  candidates: 12
  k values: [50, 100]
  max_bank_samples: 20000
  max_test_samples: 5000

Evaluating candidate: experiments/experiment-imagenet100-vit-lejepa/checkpoints/imagenet100_vit_lejepa_backbone_last.pt

Evaluating candidate: experiments/experiment-imagenet100-vit-lejepa/checkpoints/imagenet100_vit_lejepa_backbone_loss_best.pt

Evaluating candidate: experiments/experiment-imagenet100-vit-lejepa/checkpoints/imagenet100_vit_lejepa_backbone_epoch_010.pt

Evaluating candidate: experiments/experiment-imagenet100-vit-lejepa/checkpoints/imagenet100_vit_lejepa_backbone_epoch_020.pt

Evaluating candidate: experiments/experiment-imagenet100-vit-lejepa/checkpoints/imagenet100_vit_lejepa_backbone_epoch_030.pt

Evaluating candidate: experiments/experiment-imagenet100-vit-lejepa/checkpoints/imagenet100_vit_lejepa_backbone_epoch_040.pt

Evaluating candidate: experiments/experiment-imagenet100-vit-lejepa/checkpoints/imagenet100_vit_lejepa_backbone_epoch_050.pt

Evaluating candidate: experiments/experiment-imagenet100-vit-lejepa/checkpoints/imagenet100_vit_lejepa_backbone_epoch_060.pt

Evaluating candidate: experiments/experiment-imagenet100-vit-lejepa/checkpoints/imagenet100_vit_lejepa_backbone_epoch_070.pt

Evaluating candidate: experiments/experiment-imagenet100-vit-lejepa/checkpoints/imagenet100_vit_lejepa_backbone_epoch_080.pt

Evaluating candidate: experiments/experiment-imagenet100-vit-lejepa/checkpoints/imagenet100_vit_lejepa_backbone_epoch_090.pt

Evaluating candidate: experiments/experiment-imagenet100-vit-lejepa/checkpoints/imagenet100_vit_lejepa_backbone_epoch_100.pt

Backbone checkpoint selection completed.
  selected: experiments/experiment-imagenet100-vit-lejepa/checkpoints/imagenet100_vit_lejepa_backbone_epoch_090.pt
  best kNN: 0.0666 at k=100
  saved CSV: experiments/experiment-imagenet100-vit-lejepa/metrics/checkpoint_selection/backbone_checkpoint_selection_knn.csv
  overwritten backbone_best_path: experiments/experiment-imagenet100-vit-lejepa/checkpoints/imagenet100_vit_lejepa_backbone_best.pt
probe_epoch=001 train_loss=3.6812 train_acc=0.1746 val_loss=3.3612 val_acc=0.2128 lr=0.02
probe_epoch=002 train_loss=3.3239 train_acc=0.2174 val_loss=3.2712 val_acc=0.2273 lr=0.03
probe_epoch=003 train_loss=3.2871 train_acc=0.2231 val_loss=3.2624 val_acc=0.2308 lr=0.04
probe_epoch=004 train_loss=3.2864 train_acc=0.2230 val_loss=3.2657 val_acc=0.2297 lr=0.05
probe_epoch=005 train_loss=3.2962 train_acc=0.2220 val_loss=3.2825 val_acc=0.2256 lr=0.05
probe_epoch=006 train_loss=3.2805 train_acc=0.2257 val_loss=3.2734 val_acc=0.2267 lr=0.0499863
probe_epoch=007 train_loss=3.2672 train_acc=0.2280 val_loss=3.2587 val_acc=0.2265 lr=0.0499453
probe_epoch=008 train_loss=3.2535 train_acc=0.2315 val_loss=3.2581 val_acc=0.2293 lr=0.0498771
probe_epoch=009 train_loss=3.2445 train_acc=0.2319 val_loss=3.2382 val_acc=0.2342 lr=0.0497816
probe_epoch=010 train_loss=3.2328 train_acc=0.2334 val_loss=3.2348 val_acc=0.2369 lr=0.049659
probe_epoch=011 train_loss=3.2228 train_acc=0.2358 val_loss=3.2279 val_acc=0.2335 lr=0.0495095
probe_epoch=012 train_loss=3.2161 train_acc=0.2369 val_loss=3.2287 val_acc=0.2352 lr=0.0493332
probe_epoch=013 train_loss=3.2079 train_acc=0.2363 val_loss=3.2270 val_acc=0.2364 lr=0.0491302
probe_epoch=014 train_loss=3.2022 train_acc=0.2393 val_loss=3.2193 val_acc=0.2372 lr=0.0489009
probe_epoch=015 train_loss=3.1957 train_acc=0.2401 val_loss=3.2191 val_acc=0.2392 lr=0.0486454
probe_epoch=016 train_loss=3.1910 train_acc=0.2410 val_loss=3.2151 val_acc=0.2431 lr=0.0483641
probe_epoch=017 train_loss=3.1827 train_acc=0.2430 val_loss=3.2108 val_acc=0.2420 lr=0.0480572
probe_epoch=018 train_loss=3.1801 train_acc=0.2430 val_loss=3.2097 val_acc=0.2444 lr=0.0477252
probe_epoch=019 train_loss=3.1716 train_acc=0.2450 val_loss=3.2021 val_acc=0.2437 lr=0.0473682
probe_epoch=020 train_loss=3.1664 train_acc=0.2456 val_loss=3.2009 val_acc=0.2419 lr=0.0469868
probe_epoch=021 train_loss=3.1615 train_acc=0.2471 val_loss=3.1932 val_acc=0.2454 lr=0.0465814
probe_epoch=022 train_loss=3.1585 train_acc=0.2474 val_loss=3.1832 val_acc=0.2444 lr=0.0461524
probe_epoch=023 train_loss=3.1524 train_acc=0.2471 val_loss=3.1962 val_acc=0.2430 lr=0.0457002
probe_epoch=024 train_loss=3.1474 train_acc=0.2503 val_loss=3.1937 val_acc=0.2414 lr=0.0452254
probe_epoch=025 train_loss=3.1451 train_acc=0.2497 val_loss=3.1753 val_acc=0.2494 lr=0.0447285
probe_epoch=026 train_loss=3.1407 train_acc=0.2507 val_loss=3.1824 val_acc=0.2489 lr=0.04421
probe_epoch=027 train_loss=3.1341 train_acc=0.2518 val_loss=3.1696 val_acc=0.2521 lr=0.0436705
probe_epoch=028 train_loss=3.1258 train_acc=0.2540 val_loss=3.1855 val_acc=0.2463 lr=0.0431106
probe_epoch=029 train_loss=3.1291 train_acc=0.2538 val_loss=3.1664 val_acc=0.2484 lr=0.0425309
probe_epoch=030 train_loss=3.1223 train_acc=0.2542 val_loss=3.1700 val_acc=0.2499 lr=0.041932
probe_epoch=031 train_loss=3.1212 train_acc=0.2545 val_loss=3.1734 val_acc=0.2472 lr=0.0413146
probe_epoch=032 train_loss=3.1139 train_acc=0.2553 val_loss=3.1646 val_acc=0.2475 lr=0.0406794
probe_epoch=033 train_loss=3.1100 train_acc=0.2561 val_loss=3.1689 val_acc=0.2475 lr=0.040027
probe_epoch=034 train_loss=3.1073 train_acc=0.2566 val_loss=3.1595 val_acc=0.2543 lr=0.0393582
probe_epoch=035 train_loss=3.1048 train_acc=0.2577 val_loss=3.1542 val_acc=0.2536 lr=0.0386737
probe_epoch=036 train_loss=3.1001 train_acc=0.2573 val_loss=3.1568 val_acc=0.2513 lr=0.0379742
probe_epoch=037 train_loss=3.0948 train_acc=0.2600 val_loss=3.1475 val_acc=0.2544 lr=0.0372606
probe_epoch=038 train_loss=3.0942 train_acc=0.2596 val_loss=3.1449 val_acc=0.2562 lr=0.0365335
probe_epoch=039 train_loss=3.0861 train_acc=0.2618 val_loss=3.1482 val_acc=0.2536 lr=0.0357939
probe_epoch=040 train_loss=3.0833 train_acc=0.2607 val_loss=3.1414 val_acc=0.2539 lr=0.0350424
probe_epoch=041 train_loss=3.0807 train_acc=0.2617 val_loss=3.1476 val_acc=0.2536 lr=0.0342799
probe_epoch=042 train_loss=3.0754 train_acc=0.2631 val_loss=3.1363 val_acc=0.2569 lr=0.0335073
probe_epoch=043 train_loss=3.0753 train_acc=0.2626 val_loss=3.1411 val_acc=0.2556 lr=0.0327254
probe_epoch=044 train_loss=3.0713 train_acc=0.2636 val_loss=3.1356 val_acc=0.2549 lr=0.0319351
probe_epoch=045 train_loss=3.0679 train_acc=0.2632 val_loss=3.1279 val_acc=0.2589 lr=0.0311371
probe_epoch=046 train_loss=3.0612 train_acc=0.2645 val_loss=3.1277 val_acc=0.2559 lr=0.0303325
probe_epoch=047 train_loss=3.0572 train_acc=0.2661 val_loss=3.1280 val_acc=0.2573 lr=0.029522
probe_epoch=048 train_loss=3.0557 train_acc=0.2669 val_loss=3.1256 val_acc=0.2558 lr=0.0287066
probe_epoch=049 train_loss=3.0504 train_acc=0.2666 val_loss=3.1214 val_acc=0.2588 lr=0.0278871
probe_epoch=050 train_loss=3.0485 train_acc=0.2677 val_loss=3.1192 val_acc=0.2565 lr=0.0270645
probe_epoch=051 train_loss=3.0450 train_acc=0.2701 val_loss=3.1198 val_acc=0.2606 lr=0.0262396
probe_epoch=052 train_loss=3.0424 train_acc=0.2688 val_loss=3.1194 val_acc=0.2582 lr=0.0254133
probe_epoch=053 train_loss=3.0389 train_acc=0.2702 val_loss=3.1170 val_acc=0.2569 lr=0.0245867
probe_epoch=054 train_loss=3.0367 train_acc=0.2701 val_loss=3.1091 val_acc=0.2616 lr=0.0237604
probe_epoch=055 train_loss=3.0330 train_acc=0.2717 val_loss=3.1061 val_acc=0.2605 lr=0.0229355
probe_epoch=056 train_loss=3.0314 train_acc=0.2710 val_loss=3.1057 val_acc=0.2607 lr=0.0221129
probe_epoch=057 train_loss=3.0279 train_acc=0.2715 val_loss=3.1075 val_acc=0.2601 lr=0.0212934
probe_epoch=058 train_loss=3.0197 train_acc=0.2736 val_loss=3.1071 val_acc=0.2615 lr=0.020478
probe_epoch=059 train_loss=3.0196 train_acc=0.2734 val_loss=3.1004 val_acc=0.2620 lr=0.0196675
probe_epoch=060 train_loss=3.0173 train_acc=0.2741 val_loss=3.1003 val_acc=0.2630 lr=0.0188629
probe_epoch=061 train_loss=3.0120 train_acc=0.2761 val_loss=3.1034 val_acc=0.2637 lr=0.0180649
probe_epoch=062 train_loss=3.0113 train_acc=0.2761 val_loss=3.0966 val_acc=0.2608 lr=0.0172746
probe_epoch=063 train_loss=3.0089 train_acc=0.2759 val_loss=3.0948 val_acc=0.2597 lr=0.0164927
probe_epoch=064 train_loss=3.0039 train_acc=0.2783 val_loss=3.0929 val_acc=0.2633 lr=0.0157201
probe_epoch=065 train_loss=2.9991 train_acc=0.2794 val_loss=3.0945 val_acc=0.2667 lr=0.0149576
probe_epoch=066 train_loss=2.9978 train_acc=0.2791 val_loss=3.0905 val_acc=0.2658 lr=0.0142061
probe_epoch=067 train_loss=2.9946 train_acc=0.2780 val_loss=3.0894 val_acc=0.2616 lr=0.0134665
probe_epoch=068 train_loss=2.9906 train_acc=0.2801 val_loss=3.0879 val_acc=0.2642 lr=0.0127394
probe_epoch=069 train_loss=2.9896 train_acc=0.2812 val_loss=3.0879 val_acc=0.2631 lr=0.0120258
probe_epoch=070 train_loss=2.9857 train_acc=0.2815 val_loss=3.0859 val_acc=0.2647 lr=0.0113263
probe_epoch=071 train_loss=2.9842 train_acc=0.2806 val_loss=3.0862 val_acc=0.2671 lr=0.0106418
probe_epoch=072 train_loss=2.9809 train_acc=0.2815 val_loss=3.0841 val_acc=0.2665 lr=0.00997297
probe_epoch=073 train_loss=2.9780 train_acc=0.2831 val_loss=3.0805 val_acc=0.2655 lr=0.00932059
probe_epoch=074 train_loss=2.9744 train_acc=0.2827 val_loss=3.0822 val_acc=0.2672 lr=0.00868536
probe_epoch=075 train_loss=2.9697 train_acc=0.2843 val_loss=3.0803 val_acc=0.2674 lr=0.00806796
probe_epoch=076 train_loss=2.9686 train_acc=0.2833 val_loss=3.0802 val_acc=0.2656 lr=0.00746908
probe_epoch=077 train_loss=2.9669 train_acc=0.2848 val_loss=3.0797 val_acc=0.2676 lr=0.00688937
probe_epoch=078 train_loss=2.9653 train_acc=0.2849 val_loss=3.0801 val_acc=0.2638 lr=0.00632946
probe_epoch=079 train_loss=2.9614 train_acc=0.2868 val_loss=3.0778 val_acc=0.2665 lr=0.00578997
probe_epoch=080 train_loss=2.9594 train_acc=0.2871 val_loss=3.0792 val_acc=0.2658 lr=0.00527149
probe_epoch=081 train_loss=2.9579 train_acc=0.2865 val_loss=3.0768 val_acc=0.2681 lr=0.00477458
probe_epoch=082 train_loss=2.9560 train_acc=0.2889 val_loss=3.0765 val_acc=0.2679 lr=0.00429978
probe_epoch=083 train_loss=2.9536 train_acc=0.2870 val_loss=3.0750 val_acc=0.2699 lr=0.00384762
probe_epoch=084 train_loss=2.9534 train_acc=0.2875 val_loss=3.0749 val_acc=0.2690 lr=0.00341859
probe_epoch=085 train_loss=2.9503 train_acc=0.2886 val_loss=3.0743 val_acc=0.2691 lr=0.00301316
probe_epoch=086 train_loss=2.9491 train_acc=0.2902 val_loss=3.0743 val_acc=0.2684 lr=0.00263177
probe_epoch=087 train_loss=2.9479 train_acc=0.2894 val_loss=3.0739 val_acc=0.2685 lr=0.00227484
probe_epoch=088 train_loss=2.9445 train_acc=0.2895 val_loss=3.0734 val_acc=0.2674 lr=0.00194276
probe_epoch=089 train_loss=2.9440 train_acc=0.2892 val_loss=3.0730 val_acc=0.2671 lr=0.00163589
probe_epoch=090 train_loss=2.9415 train_acc=0.2903 val_loss=3.0729 val_acc=0.2677 lr=0.00135457
probe_epoch=091 train_loss=2.9417 train_acc=0.2895 val_loss=3.0732 val_acc=0.2671 lr=0.00109911
probe_epoch=092 train_loss=2.9408 train_acc=0.2909 val_loss=3.0728 val_acc=0.2680 lr=0.000869777
probe_epoch=093 train_loss=2.9415 train_acc=0.2903 val_loss=3.0730 val_acc=0.2675 lr=0.000666835
probe_epoch=094 train_loss=2.9399 train_acc=0.2906 val_loss=3.0728 val_acc=0.2679 lr=0.000490501
probe_epoch=095 train_loss=2.9349 train_acc=0.2925 val_loss=3.0728 val_acc=0.2676 lr=0.000340967
probe_epoch=096 train_loss=2.9385 train_acc=0.2922 val_loss=3.0727 val_acc=0.2679 lr=0.000218398
probe_epoch=097 train_loss=2.9328 train_acc=0.2917 val_loss=3.0727 val_acc=0.2677 lr=0.000122927
probe_epoch=098 train_loss=2.9369 train_acc=0.2921 val_loss=3.0726 val_acc=0.2677 lr=5.46593e-05
probe_epoch=099 train_loss=2.9384 train_acc=0.2909 val_loss=3.0726 val_acc=0.2677 lr=1.36686e-05
probe_epoch=100 train_loss=2.9355 train_acc=0.2908 val_loss=3.0726 val_acc=0.2677 lr=0
vit_linear_probe_test_loss=3.1791 vit_linear_probe_test_acc=0.2528 best_val_acc=0.2699 best_epoch=83
Job finished at: Mon Jul  6 08:44:32 CEST 2026
