Using training resolved config: experiments/experiment-c10-r18-lejepa-light-v3-sig-005/configs/resolved_20260701_144229_train_lejepa_lejepa_69742.yaml
Using backbone checkpoint: experiments/experiment-c10-r18-lejepa-light-v3-sig-005/checkpoints/resnet18_lejepa_backbone_best.pt
Evaluating LeJEPA feature spaces
  config: experiments/experiment-c10-r18-lejepa-light-v3-sig-005/configs/resolved_20260701_144229_train_lejepa_lejepa_69742.yaml
  checkpoint: experiments/experiment-c10-r18-lejepa-light-v3-sig-005/checkpoints/resnet18_lejepa_backbone_best.pt
  device: cuda
  batch_size: 256
  max_bank_samples: 50000
  max_test_samples: 10000
Building LeJEPA model from checkpoint['config'] to avoid config/checkpoint shape mismatch.
  checkpoint model config: {'architecture': 'resnet18_cifar', 'image_size': 32, 'num_classes': 10, 'feature_dim': 512, 'projection_dim': 256, 'prediction_dim': 512}

=== Feature source: backbone ===
Best kNN: 0.5966 at k=50
Diagnostics: std_mean=0.272109, std_min=0.146891, norm_mean=8.653799, dim=512

=== Feature source: projector ===
Best kNN: 0.5644 at k=100
Diagnostics: std_mean=0.982985, std_min=0.849884, norm_mean=15.752437, dim=256

=== Feature source: predictor ===
Best kNN: 0.5667 at k=100
Diagnostics: std_mean=1.756178, std_min=1.512407, norm_mean=28.150299, dim=256

Saved:
  experiments/experiment-c10-r18-lejepa-light-v3-sig-005/metrics/feature_spaces/resnet18_cifar_resnet18_lejepa_backbone_best_feature_spaces.yaml
  experiments/experiment-c10-r18-lejepa-light-v3-sig-005/metrics/feature_spaces/resnet18_cifar_resnet18_lejepa_backbone_best_feature_spaces.csv
