Job started at: Wed Jul  1 14:40:56 CEST 2026
Node: lrdn0482.leonardo.local
Config path: configs/cifar10_resnet18_lejepa_v3_sigreg_005.yaml
Project dir: /leonardo_scratch/large/userexternal/apromots/doubleN/cv
Venv dir: /leonardo_scratch/large/userexternal/apromots/doubleN/cv/.venv
Experiment name: experiment-c10-r18-lejepa-light-v3-sig-005
Wed Jul  1 14:40:56 2026       
+---------------------------------------------------------------------------------------+
| NVIDIA-SMI 535.274.02             Driver Version: 535.274.02   CUDA Version: 12.2     |
|-----------------------------------------+----------------------+----------------------+
| GPU  Name                 Persistence-M | Bus-Id        Disp.A | Volatile Uncorr. ECC |
| Fan  Temp   Perf          Pwr:Usage/Cap |         Memory-Usage | GPU-Util  Compute M. |
|                                         |                      |               MIG M. |
|=========================================+======================+======================|
|   0  NVIDIA A100-SXM-64GB           On  | 00000000:1D:00.0 Off |                    0 |
| N/A   43C    P0              64W / 480W |      0MiB / 65536MiB |      0%      Default |
|                                         |                      |             Disabled |
+-----------------------------------------+----------------------+----------------------+
                                                                                         
+---------------------------------------------------------------------------------------+
| Processes:                                                                            |
|  GPU   GI   CI        PID   Type   Process name                            GPU Memory |
|        ID   ID                                                             Usage      |
|=======================================================================================|
|  No running processes found                                                           |
+---------------------------------------------------------------------------------------+
LeJEPA pretraining method:
  architecture: resnet18_cifar
  sigreg_implementation: official
  num_global_views: 2
  num_local_views: 0
  scheduler: warmup_cosine warmup_epochs=10
  checkpoint_selection: enabled=True metric=knn
  stop_gradient: false
  teacher_student_or_ema: false
epoch=001 lejepa_loss=0.1694 pred=0.0042 sigreg=33.0370 lr=0.0002
epoch=002 lejepa_loss=0.0528 pred=0.0035 sigreg=9.8560 lr=0.0003
epoch=003 lejepa_loss=0.0356 pred=0.0035 sigreg=6.4090 lr=0.0004
epoch=004 lejepa_loss=0.0292 pred=0.0035 sigreg=5.1515 lr=0.0005
epoch=005 lejepa_loss=0.0256 pred=0.0033 sigreg=4.4562 lr=0.0006
epoch=006 lejepa_loss=0.0235 pred=0.0033 sigreg=4.0319 lr=0.0007
epoch=007 lejepa_loss=0.0221 pred=0.0032 sigreg=3.7847 lr=0.0008
epoch=008 lejepa_loss=0.0213 pred=0.0032 sigreg=3.6237 lr=0.0009
epoch=009 lejepa_loss=0.0209 pred=0.0031 sigreg=3.5532 lr=0.001
epoch=010 lejepa_loss=0.0207 pred=0.0031 sigreg=3.5230 lr=0.001
epoch=011 lejepa_loss=0.0194 pred=0.0030 sigreg=3.2756 lr=0.000999984
epoch=012 lejepa_loss=0.0186 pred=0.0030 sigreg=3.1234 lr=0.000999935
epoch=013 lejepa_loss=0.0181 pred=0.0029 sigreg=3.0338 lr=0.000999854
epoch=014 lejepa_loss=0.0174 pred=0.0029 sigreg=2.9091 lr=0.00099974
epoch=015 lejepa_loss=0.0171 pred=0.0028 sigreg=2.8653 lr=0.000999594
epoch=016 lejepa_loss=0.0165 pred=0.0028 sigreg=2.7507 lr=0.000999416
epoch=017 lejepa_loss=0.0164 pred=0.0028 sigreg=2.7187 lr=0.000999205
epoch=018 lejepa_loss=0.0159 pred=0.0027 sigreg=2.6262 lr=0.000998962
epoch=019 lejepa_loss=0.0157 pred=0.0028 sigreg=2.5945 lr=0.000998687
epoch=020 lejepa_loss=0.0155 pred=0.0027 sigreg=2.5644 lr=0.000998379
epoch=021 lejepa_loss=0.0152 pred=0.0027 sigreg=2.5040 lr=0.000998038
epoch=022 lejepa_loss=0.0150 pred=0.0027 sigreg=2.4766 lr=0.000997666
epoch=023 lejepa_loss=0.0147 pred=0.0027 sigreg=2.4140 lr=0.000997261
epoch=024 lejepa_loss=0.0146 pred=0.0026 sigreg=2.3853 lr=0.000996824
epoch=025 lejepa_loss=0.0143 pred=0.0026 sigreg=2.3349 lr=0.000996354
epoch=026 lejepa_loss=0.0140 pred=0.0026 sigreg=2.2958 lr=0.000995853
epoch=027 lejepa_loss=0.0139 pred=0.0026 sigreg=2.2629 lr=0.000995319
epoch=028 lejepa_loss=0.0137 pred=0.0026 sigreg=2.2301 lr=0.000994753
epoch=029 lejepa_loss=0.0135 pred=0.0026 sigreg=2.1951 lr=0.000994155
epoch=030 lejepa_loss=0.0134 pred=0.0025 sigreg=2.1760 lr=0.000993525
epoch=031 lejepa_loss=0.0133 pred=0.0025 sigreg=2.1521 lr=0.000992863
epoch=032 lejepa_loss=0.0130 pred=0.0025 sigreg=2.1059 lr=0.000992169
epoch=033 lejepa_loss=0.0128 pred=0.0025 sigreg=2.0613 lr=0.000991443
epoch=034 lejepa_loss=0.0128 pred=0.0025 sigreg=2.0666 lr=0.000990685
epoch=035 lejepa_loss=0.0126 pred=0.0025 sigreg=2.0206 lr=0.000989895
epoch=036 lejepa_loss=0.0125 pred=0.0025 sigreg=2.0053 lr=0.000989074
epoch=037 lejepa_loss=0.0125 pred=0.0025 sigreg=2.0018 lr=0.000988221
epoch=038 lejepa_loss=0.0123 pred=0.0025 sigreg=1.9657 lr=0.000987336
epoch=039 lejepa_loss=0.0122 pred=0.0025 sigreg=1.9445 lr=0.000986419
epoch=040 lejepa_loss=0.0121 pred=0.0025 sigreg=1.9215 lr=0.000985471
epoch=041 lejepa_loss=0.0121 pred=0.0025 sigreg=1.9215 lr=0.000984491
epoch=042 lejepa_loss=0.0118 pred=0.0024 sigreg=1.8808 lr=0.00098348
epoch=043 lejepa_loss=0.0118 pred=0.0024 sigreg=1.8742 lr=0.000982438
epoch=044 lejepa_loss=0.0117 pred=0.0024 sigreg=1.8537 lr=0.000981364
epoch=045 lejepa_loss=0.0116 pred=0.0024 sigreg=1.8353 lr=0.000980259
epoch=046 lejepa_loss=0.0116 pred=0.0024 sigreg=1.8366 lr=0.000979123
epoch=047 lejepa_loss=0.0115 pred=0.0024 sigreg=1.8095 lr=0.000977956
epoch=048 lejepa_loss=0.0113 pred=0.0024 sigreg=1.7868 lr=0.000976757
epoch=049 lejepa_loss=0.0112 pred=0.0024 sigreg=1.7687 lr=0.000975528
epoch=050 lejepa_loss=0.0112 pred=0.0024 sigreg=1.7635 lr=0.000974268
epoch=051 lejepa_loss=0.0111 pred=0.0024 sigreg=1.7414 lr=0.000972977
epoch=052 lejepa_loss=0.0111 pred=0.0024 sigreg=1.7398 lr=0.000971656
epoch=053 lejepa_loss=0.0109 pred=0.0024 sigreg=1.7131 lr=0.000970304
epoch=054 lejepa_loss=0.0109 pred=0.0024 sigreg=1.7130 lr=0.000968921
epoch=055 lejepa_loss=0.0108 pred=0.0024 sigreg=1.6894 lr=0.000967508
epoch=056 lejepa_loss=0.0107 pred=0.0024 sigreg=1.6619 lr=0.000966065
epoch=057 lejepa_loss=0.0107 pred=0.0023 sigreg=1.6658 lr=0.000964591
epoch=058 lejepa_loss=0.0106 pred=0.0023 sigreg=1.6565 lr=0.000963087
epoch=059 lejepa_loss=0.0105 pred=0.0023 sigreg=1.6300 lr=0.000961553
epoch=060 lejepa_loss=0.0104 pred=0.0023 sigreg=1.6132 lr=0.00095999
epoch=061 lejepa_loss=0.0104 pred=0.0023 sigreg=1.6099 lr=0.000958396
epoch=062 lejepa_loss=0.0103 pred=0.0023 sigreg=1.6007 lr=0.000956773
epoch=063 lejepa_loss=0.0103 pred=0.0023 sigreg=1.5947 lr=0.00095512
epoch=064 lejepa_loss=0.0103 pred=0.0023 sigreg=1.5976 lr=0.000953437
epoch=065 lejepa_loss=0.0101 pred=0.0023 sigreg=1.5637 lr=0.000951725
epoch=066 lejepa_loss=0.0101 pred=0.0023 sigreg=1.5608 lr=0.000949984
epoch=067 lejepa_loss=0.0100 pred=0.0023 sigreg=1.5511 lr=0.000948213
epoch=068 lejepa_loss=0.0100 pred=0.0023 sigreg=1.5359 lr=0.000946414
epoch=069 lejepa_loss=0.0099 pred=0.0023 sigreg=1.5309 lr=0.000944585
epoch=070 lejepa_loss=0.0099 pred=0.0023 sigreg=1.5298 lr=0.000942728
epoch=071 lejepa_loss=0.0099 pred=0.0023 sigreg=1.5157 lr=0.000940842
epoch=072 lejepa_loss=0.0099 pred=0.0023 sigreg=1.5273 lr=0.000938927
epoch=073 lejepa_loss=0.0098 pred=0.0023 sigreg=1.5060 lr=0.000936984
epoch=074 lejepa_loss=0.0097 pred=0.0023 sigreg=1.4797 lr=0.000935012
epoch=075 lejepa_loss=0.0097 pred=0.0022 sigreg=1.4875 lr=0.000933013
epoch=076 lejepa_loss=0.0096 pred=0.0022 sigreg=1.4648 lr=0.000930985
epoch=077 lejepa_loss=0.0096 pred=0.0022 sigreg=1.4695 lr=0.000928929
epoch=078 lejepa_loss=0.0095 pred=0.0022 sigreg=1.4530 lr=0.000926845
epoch=079 lejepa_loss=0.0095 pred=0.0022 sigreg=1.4486 lr=0.000924734
epoch=080 lejepa_loss=0.0094 pred=0.0022 sigreg=1.4493 lr=0.000922595
epoch=081 lejepa_loss=0.0094 pred=0.0022 sigreg=1.4387 lr=0.000920429
epoch=082 lejepa_loss=0.0093 pred=0.0022 sigreg=1.4248 lr=0.000918235
epoch=083 lejepa_loss=0.0093 pred=0.0022 sigreg=1.4081 lr=0.000916014
epoch=084 lejepa_loss=0.0092 pred=0.0022 sigreg=1.4040 lr=0.000913767
epoch=085 lejepa_loss=0.0093 pred=0.0022 sigreg=1.4057 lr=0.000911492
epoch=086 lejepa_loss=0.0091 pred=0.0022 sigreg=1.3926 lr=0.000909191
epoch=087 lejepa_loss=0.0091 pred=0.0022 sigreg=1.3945 lr=0.000906863
epoch=088 lejepa_loss=0.0091 pred=0.0022 sigreg=1.3856 lr=0.000904508
epoch=089 lejepa_loss=0.0090 pred=0.0022 sigreg=1.3733 lr=0.000902128
epoch=090 lejepa_loss=0.0091 pred=0.0022 sigreg=1.3783 lr=0.000899721
epoch=091 lejepa_loss=0.0090 pred=0.0022 sigreg=1.3698 lr=0.000897289
epoch=092 lejepa_loss=0.0089 pred=0.0022 sigreg=1.3542 lr=0.000894831
epoch=093 lejepa_loss=0.0089 pred=0.0022 sigreg=1.3513 lr=0.000892347
epoch=094 lejepa_loss=0.0089 pred=0.0022 sigreg=1.3453 lr=0.000889837
epoch=095 lejepa_loss=0.0089 pred=0.0022 sigreg=1.3436 lr=0.000887302
epoch=096 lejepa_loss=0.0088 pred=0.0021 sigreg=1.3404 lr=0.000884743
epoch=097 lejepa_loss=0.0088 pred=0.0021 sigreg=1.3380 lr=0.000882158
epoch=098 lejepa_loss=0.0088 pred=0.0021 sigreg=1.3292 lr=0.000879548
epoch=099 lejepa_loss=0.0087 pred=0.0021 sigreg=1.3121 lr=0.000876914
epoch=100 lejepa_loss=0.0087 pred=0.0021 sigreg=1.3126 lr=0.000874255
epoch=101 lejepa_loss=0.0086 pred=0.0021 sigreg=1.3027 lr=0.000871572
epoch=102 lejepa_loss=0.0086 pred=0.0021 sigreg=1.3046 lr=0.000868865
epoch=103 lejepa_loss=0.0086 pred=0.0021 sigreg=1.2903 lr=0.000866134
epoch=104 lejepa_loss=0.0086 pred=0.0021 sigreg=1.2999 lr=0.00086338
epoch=105 lejepa_loss=0.0086 pred=0.0021 sigreg=1.2906 lr=0.000860601
epoch=106 lejepa_loss=0.0085 pred=0.0021 sigreg=1.2891 lr=0.000857799
epoch=107 lejepa_loss=0.0085 pred=0.0021 sigreg=1.2775 lr=0.000854975
epoch=108 lejepa_loss=0.0084 pred=0.0021 sigreg=1.2731 lr=0.000852127
epoch=109 lejepa_loss=0.0084 pred=0.0021 sigreg=1.2697 lr=0.000849256
epoch=110 lejepa_loss=0.0084 pred=0.0021 sigreg=1.2654 lr=0.000846362
epoch=111 lejepa_loss=0.0084 pred=0.0021 sigreg=1.2600 lr=0.000843446
epoch=112 lejepa_loss=0.0083 pred=0.0021 sigreg=1.2515 lr=0.000840508
epoch=113 lejepa_loss=0.0083 pred=0.0021 sigreg=1.2520 lr=0.000837548
epoch=114 lejepa_loss=0.0083 pred=0.0021 sigreg=1.2545 lr=0.000834565
epoch=115 lejepa_loss=0.0083 pred=0.0020 sigreg=1.2438 lr=0.000831561
epoch=116 lejepa_loss=0.0083 pred=0.0020 sigreg=1.2431 lr=0.000828536
epoch=117 lejepa_loss=0.0082 pred=0.0021 sigreg=1.2385 lr=0.000825489
epoch=118 lejepa_loss=0.0083 pred=0.0020 sigreg=1.2453 lr=0.000822421
epoch=119 lejepa_loss=0.0082 pred=0.0020 sigreg=1.2293 lr=0.000819332
epoch=120 lejepa_loss=0.0082 pred=0.0020 sigreg=1.2265 lr=0.000816223
epoch=121 lejepa_loss=0.0081 pred=0.0020 sigreg=1.2207 lr=0.000813093
epoch=122 lejepa_loss=0.0082 pred=0.0020 sigreg=1.2310 lr=0.000809942
epoch=123 lejepa_loss=0.0081 pred=0.0020 sigreg=1.2149 lr=0.000806772
epoch=124 lejepa_loss=0.0081 pred=0.0020 sigreg=1.2119 lr=0.000803581
epoch=125 lejepa_loss=0.0080 pred=0.0020 sigreg=1.2053 lr=0.000800371
epoch=126 lejepa_loss=0.0080 pred=0.0020 sigreg=1.2067 lr=0.000797142
epoch=127 lejepa_loss=0.0080 pred=0.0020 sigreg=1.2026 lr=0.000793893
epoch=128 lejepa_loss=0.0080 pred=0.0020 sigreg=1.2037 lr=0.000790625
epoch=129 lejepa_loss=0.0080 pred=0.0020 sigreg=1.2039 lr=0.000787338
epoch=130 lejepa_loss=0.0080 pred=0.0020 sigreg=1.2017 lr=0.000784032
epoch=131 lejepa_loss=0.0079 pred=0.0020 sigreg=1.1949 lr=0.000780708
epoch=132 lejepa_loss=0.0079 pred=0.0020 sigreg=1.1860 lr=0.000777366
epoch=133 lejepa_loss=0.0079 pred=0.0020 sigreg=1.1819 lr=0.000774006
epoch=134 lejepa_loss=0.0079 pred=0.0020 sigreg=1.1784 lr=0.000770628
epoch=135 lejepa_loss=0.0078 pred=0.0020 sigreg=1.1721 lr=0.000767233
epoch=136 lejepa_loss=0.0078 pred=0.0020 sigreg=1.1738 lr=0.00076382
epoch=137 lejepa_loss=0.0078 pred=0.0020 sigreg=1.1754 lr=0.00076039
epoch=138 lejepa_loss=0.0078 pred=0.0019 sigreg=1.1720 lr=0.000756943
epoch=139 lejepa_loss=0.0078 pred=0.0019 sigreg=1.1718 lr=0.00075348
epoch=140 lejepa_loss=0.0078 pred=0.0019 sigreg=1.1738 lr=0.00075
epoch=141 lejepa_loss=0.0077 pred=0.0019 sigreg=1.1601 lr=0.000746504
epoch=142 lejepa_loss=0.0077 pred=0.0019 sigreg=1.1567 lr=0.000742992
epoch=143 lejepa_loss=0.0077 pred=0.0019 sigreg=1.1594 lr=0.000739464
epoch=144 lejepa_loss=0.0077 pred=0.0019 sigreg=1.1530 lr=0.00073592
epoch=145 lejepa_loss=0.0077 pred=0.0019 sigreg=1.1538 lr=0.000732362
epoch=146 lejepa_loss=0.0076 pred=0.0019 sigreg=1.1418 lr=0.000728788
epoch=147 lejepa_loss=0.0077 pred=0.0019 sigreg=1.1511 lr=0.000725199
epoch=148 lejepa_loss=0.0076 pred=0.0019 sigreg=1.1426 lr=0.000721596
epoch=149 lejepa_loss=0.0076 pred=0.0019 sigreg=1.1457 lr=0.000717978
epoch=150 lejepa_loss=0.0076 pred=0.0019 sigreg=1.1415 lr=0.000714346
epoch=151 lejepa_loss=0.0076 pred=0.0019 sigreg=1.1343 lr=0.000710701
epoch=152 lejepa_loss=0.0076 pred=0.0019 sigreg=1.1437 lr=0.000707041
epoch=153 lejepa_loss=0.0075 pred=0.0019 sigreg=1.1310 lr=0.000703368
epoch=154 lejepa_loss=0.0076 pred=0.0019 sigreg=1.1374 lr=0.000699682
epoch=155 lejepa_loss=0.0075 pred=0.0019 sigreg=1.1279 lr=0.000695983
epoch=156 lejepa_loss=0.0075 pred=0.0019 sigreg=1.1259 lr=0.000692272
epoch=157 lejepa_loss=0.0075 pred=0.0019 sigreg=1.1279 lr=0.000688547
epoch=158 lejepa_loss=0.0075 pred=0.0019 sigreg=1.1257 lr=0.000684811
epoch=159 lejepa_loss=0.0075 pred=0.0019 sigreg=1.1209 lr=0.000681063
epoch=160 lejepa_loss=0.0074 pred=0.0018 sigreg=1.1178 lr=0.000677302
epoch=161 lejepa_loss=0.0074 pred=0.0019 sigreg=1.1144 lr=0.000673531
epoch=162 lejepa_loss=0.0074 pred=0.0018 sigreg=1.1134 lr=0.000669748
epoch=163 lejepa_loss=0.0074 pred=0.0018 sigreg=1.1173 lr=0.000665954
epoch=164 lejepa_loss=0.0074 pred=0.0018 sigreg=1.1138 lr=0.000662149
epoch=165 lejepa_loss=0.0074 pred=0.0018 sigreg=1.1064 lr=0.000658334
epoch=166 lejepa_loss=0.0074 pred=0.0018 sigreg=1.1128 lr=0.000654508
epoch=167 lejepa_loss=0.0073 pred=0.0018 sigreg=1.1009 lr=0.000650673
epoch=168 lejepa_loss=0.0073 pred=0.0018 sigreg=1.1010 lr=0.000646828
epoch=169 lejepa_loss=0.0073 pred=0.0018 sigreg=1.1001 lr=0.000642973
epoch=170 lejepa_loss=0.0073 pred=0.0018 sigreg=1.1017 lr=0.000639109
epoch=171 lejepa_loss=0.0073 pred=0.0018 sigreg=1.1001 lr=0.000635236
epoch=172 lejepa_loss=0.0073 pred=0.0018 sigreg=1.0985 lr=0.000631354
epoch=173 lejepa_loss=0.0073 pred=0.0018 sigreg=1.0950 lr=0.000627463
epoch=174 lejepa_loss=0.0073 pred=0.0018 sigreg=1.0916 lr=0.000623565
epoch=175 lejepa_loss=0.0072 pred=0.0018 sigreg=1.0872 lr=0.000619658
epoch=176 lejepa_loss=0.0072 pred=0.0018 sigreg=1.0868 lr=0.000615743
epoch=177 lejepa_loss=0.0072 pred=0.0018 sigreg=1.0908 lr=0.000611821
epoch=178 lejepa_loss=0.0072 pred=0.0018 sigreg=1.0903 lr=0.000607892
epoch=179 lejepa_loss=0.0072 pred=0.0018 sigreg=1.0876 lr=0.000603956
epoch=180 lejepa_loss=0.0072 pred=0.0018 sigreg=1.0859 lr=0.000600013
epoch=181 lejepa_loss=0.0072 pred=0.0018 sigreg=1.0809 lr=0.000596063
epoch=182 lejepa_loss=0.0072 pred=0.0018 sigreg=1.0798 lr=0.000592108
epoch=183 lejepa_loss=0.0072 pred=0.0018 sigreg=1.0815 lr=0.000588146
epoch=184 lejepa_loss=0.0071 pred=0.0018 sigreg=1.0722 lr=0.000584179
epoch=185 lejepa_loss=0.0071 pred=0.0018 sigreg=1.0760 lr=0.000580206
epoch=186 lejepa_loss=0.0071 pred=0.0018 sigreg=1.0720 lr=0.000576228
epoch=187 lejepa_loss=0.0071 pred=0.0018 sigreg=1.0724 lr=0.000572245
epoch=188 lejepa_loss=0.0072 pred=0.0018 sigreg=1.0786 lr=0.000568257
epoch=189 lejepa_loss=0.0071 pred=0.0017 sigreg=1.0734 lr=0.000564265
epoch=190 lejepa_loss=0.0071 pred=0.0018 sigreg=1.0747 lr=0.000560268
epoch=191 lejepa_loss=0.0071 pred=0.0017 sigreg=1.0647 lr=0.000556268
epoch=192 lejepa_loss=0.0071 pred=0.0017 sigreg=1.0671 lr=0.000552264
epoch=193 lejepa_loss=0.0071 pred=0.0017 sigreg=1.0668 lr=0.000548257
epoch=194 lejepa_loss=0.0071 pred=0.0017 sigreg=1.0638 lr=0.000544247
epoch=195 lejepa_loss=0.0071 pred=0.0017 sigreg=1.0620 lr=0.000540233
epoch=196 lejepa_loss=0.0071 pred=0.0017 sigreg=1.0642 lr=0.000536217
epoch=197 lejepa_loss=0.0071 pred=0.0017 sigreg=1.0712 lr=0.000532199
epoch=198 lejepa_loss=0.0070 pred=0.0017 sigreg=1.0617 lr=0.000528179
epoch=199 lejepa_loss=0.0070 pred=0.0017 sigreg=1.0577 lr=0.000524157
epoch=200 lejepa_loss=0.0070 pred=0.0017 sigreg=1.0640 lr=0.000520133
epoch=201 lejepa_loss=0.0070 pred=0.0017 sigreg=1.0559 lr=0.000516108
epoch=202 lejepa_loss=0.0070 pred=0.0017 sigreg=1.0554 lr=0.000512082
epoch=203 lejepa_loss=0.0069 pred=0.0017 sigreg=1.0502 lr=0.000508055
epoch=204 lejepa_loss=0.0069 pred=0.0017 sigreg=1.0480 lr=0.000504028
epoch=205 lejepa_loss=0.0069 pred=0.0017 sigreg=1.0513 lr=0.0005
epoch=206 lejepa_loss=0.0069 pred=0.0017 sigreg=1.0520 lr=0.000495972
epoch=207 lejepa_loss=0.0069 pred=0.0017 sigreg=1.0508 lr=0.000491945
epoch=208 lejepa_loss=0.0069 pred=0.0017 sigreg=1.0468 lr=0.000487918
epoch=209 lejepa_loss=0.0069 pred=0.0017 sigreg=1.0431 lr=0.000483892
epoch=210 lejepa_loss=0.0069 pred=0.0017 sigreg=1.0467 lr=0.000479867
epoch=211 lejepa_loss=0.0069 pred=0.0017 sigreg=1.0476 lr=0.000475843
epoch=212 lejepa_loss=0.0069 pred=0.0017 sigreg=1.0433 lr=0.000471821
epoch=213 lejepa_loss=0.0069 pred=0.0017 sigreg=1.0396 lr=0.000467801
epoch=214 lejepa_loss=0.0069 pred=0.0017 sigreg=1.0403 lr=0.000463783
epoch=215 lejepa_loss=0.0069 pred=0.0017 sigreg=1.0417 lr=0.000459767
epoch=216 lejepa_loss=0.0068 pred=0.0017 sigreg=1.0373 lr=0.000455753
epoch=217 lejepa_loss=0.0068 pred=0.0016 sigreg=1.0407 lr=0.000451743
epoch=218 lejepa_loss=0.0068 pred=0.0017 sigreg=1.0335 lr=0.000447736
epoch=219 lejepa_loss=0.0069 pred=0.0017 sigreg=1.0407 lr=0.000443732
epoch=220 lejepa_loss=0.0068 pred=0.0017 sigreg=1.0349 lr=0.000439732
epoch=221 lejepa_loss=0.0068 pred=0.0017 sigreg=1.0288 lr=0.000435735
epoch=222 lejepa_loss=0.0068 pred=0.0016 sigreg=1.0315 lr=0.000431743
epoch=223 lejepa_loss=0.0068 pred=0.0016 sigreg=1.0337 lr=0.000427755
epoch=224 lejepa_loss=0.0068 pred=0.0016 sigreg=1.0331 lr=0.000423772
epoch=225 lejepa_loss=0.0068 pred=0.0016 sigreg=1.0367 lr=0.000419794
epoch=226 lejepa_loss=0.0068 pred=0.0016 sigreg=1.0266 lr=0.000415821
epoch=227 lejepa_loss=0.0068 pred=0.0016 sigreg=1.0282 lr=0.000411854
epoch=228 lejepa_loss=0.0067 pred=0.0016 sigreg=1.0250 lr=0.000407892
epoch=229 lejepa_loss=0.0067 pred=0.0016 sigreg=1.0245 lr=0.000403937
epoch=230 lejepa_loss=0.0067 pred=0.0016 sigreg=1.0240 lr=0.000399987
epoch=231 lejepa_loss=0.0067 pred=0.0016 sigreg=1.0259 lr=0.000396044
epoch=232 lejepa_loss=0.0068 pred=0.0016 sigreg=1.0279 lr=0.000392108
epoch=233 lejepa_loss=0.0067 pred=0.0016 sigreg=1.0245 lr=0.000388179
epoch=234 lejepa_loss=0.0067 pred=0.0016 sigreg=1.0223 lr=0.000384257
epoch=235 lejepa_loss=0.0067 pred=0.0016 sigreg=1.0228 lr=0.000380342
epoch=236 lejepa_loss=0.0067 pred=0.0016 sigreg=1.0228 lr=0.000376435
epoch=237 lejepa_loss=0.0067 pred=0.0016 sigreg=1.0144 lr=0.000372537
epoch=238 lejepa_loss=0.0067 pred=0.0016 sigreg=1.0167 lr=0.000368646
epoch=239 lejepa_loss=0.0067 pred=0.0016 sigreg=1.0184 lr=0.000364764
epoch=240 lejepa_loss=0.0067 pred=0.0016 sigreg=1.0156 lr=0.000360891
epoch=241 lejepa_loss=0.0067 pred=0.0016 sigreg=1.0147 lr=0.000357027
epoch=242 lejepa_loss=0.0067 pred=0.0016 sigreg=1.0163 lr=0.000353172
epoch=243 lejepa_loss=0.0067 pred=0.0016 sigreg=1.0129 lr=0.000349327
epoch=244 lejepa_loss=0.0066 pred=0.0016 sigreg=1.0128 lr=0.000345492
epoch=245 lejepa_loss=0.0066 pred=0.0016 sigreg=1.0142 lr=0.000341666
epoch=246 lejepa_loss=0.0066 pred=0.0016 sigreg=1.0085 lr=0.000337851
epoch=247 lejepa_loss=0.0066 pred=0.0016 sigreg=1.0101 lr=0.000334046
epoch=248 lejepa_loss=0.0066 pred=0.0016 sigreg=1.0111 lr=0.000330252
epoch=249 lejepa_loss=0.0066 pred=0.0016 sigreg=1.0130 lr=0.000326469
epoch=250 lejepa_loss=0.0066 pred=0.0016 sigreg=1.0052 lr=0.000322698
epoch=251 lejepa_loss=0.0066 pred=0.0016 sigreg=1.0074 lr=0.000318937
epoch=252 lejepa_loss=0.0066 pred=0.0016 sigreg=1.0061 lr=0.000315189
epoch=253 lejepa_loss=0.0066 pred=0.0016 sigreg=1.0044 lr=0.000311453
epoch=254 lejepa_loss=0.0066 pred=0.0016 sigreg=1.0056 lr=0.000307728
epoch=255 lejepa_loss=0.0066 pred=0.0016 sigreg=1.0011 lr=0.000304017
epoch=256 lejepa_loss=0.0065 pred=0.0016 sigreg=0.9980 lr=0.000300318
epoch=257 lejepa_loss=0.0066 pred=0.0015 sigreg=1.0039 lr=0.000296632
epoch=258 lejepa_loss=0.0066 pred=0.0016 sigreg=1.0018 lr=0.000292959
epoch=259 lejepa_loss=0.0065 pred=0.0016 sigreg=0.9997 lr=0.000289299
epoch=260 lejepa_loss=0.0065 pred=0.0015 sigreg=0.9941 lr=0.000285654
epoch=261 lejepa_loss=0.0065 pred=0.0016 sigreg=0.9969 lr=0.000282022
epoch=262 lejepa_loss=0.0065 pred=0.0015 sigreg=0.9975 lr=0.000278404
epoch=263 lejepa_loss=0.0065 pred=0.0015 sigreg=0.9996 lr=0.000274801
epoch=264 lejepa_loss=0.0065 pred=0.0015 sigreg=0.9953 lr=0.000271212
epoch=265 lejepa_loss=0.0065 pred=0.0015 sigreg=0.9929 lr=0.000267638
epoch=266 lejepa_loss=0.0065 pred=0.0015 sigreg=0.9932 lr=0.00026408
epoch=267 lejepa_loss=0.0065 pred=0.0015 sigreg=0.9891 lr=0.000260536
epoch=268 lejepa_loss=0.0065 pred=0.0015 sigreg=0.9935 lr=0.000257008
epoch=269 lejepa_loss=0.0065 pred=0.0015 sigreg=0.9912 lr=0.000253496
epoch=270 lejepa_loss=0.0065 pred=0.0015 sigreg=0.9927 lr=0.00025
epoch=271 lejepa_loss=0.0065 pred=0.0015 sigreg=0.9920 lr=0.00024652
epoch=272 lejepa_loss=0.0065 pred=0.0015 sigreg=0.9903 lr=0.000243057
epoch=273 lejepa_loss=0.0065 pred=0.0015 sigreg=0.9906 lr=0.00023961
epoch=274 lejepa_loss=0.0065 pred=0.0015 sigreg=0.9904 lr=0.00023618
epoch=275 lejepa_loss=0.0065 pred=0.0015 sigreg=0.9867 lr=0.000232767
epoch=276 lejepa_loss=0.0065 pred=0.0015 sigreg=0.9896 lr=0.000229372
epoch=277 lejepa_loss=0.0064 pred=0.0015 sigreg=0.9858 lr=0.000225994
epoch=278 lejepa_loss=0.0064 pred=0.0015 sigreg=0.9864 lr=0.000222634
epoch=279 lejepa_loss=0.0064 pred=0.0015 sigreg=0.9897 lr=0.000219292
epoch=280 lejepa_loss=0.0064 pred=0.0015 sigreg=0.9851 lr=0.000215968
epoch=281 lejepa_loss=0.0064 pred=0.0015 sigreg=0.9839 lr=0.000212662
epoch=282 lejepa_loss=0.0064 pred=0.0015 sigreg=0.9840 lr=0.000209375
epoch=283 lejepa_loss=0.0064 pred=0.0015 sigreg=0.9822 lr=0.000206107
epoch=284 lejepa_loss=0.0064 pred=0.0015 sigreg=0.9814 lr=0.000202858
epoch=285 lejepa_loss=0.0064 pred=0.0015 sigreg=0.9780 lr=0.000199629
epoch=286 lejepa_loss=0.0064 pred=0.0015 sigreg=0.9838 lr=0.000196419
epoch=287 lejepa_loss=0.0064 pred=0.0015 sigreg=0.9781 lr=0.000193228
epoch=288 lejepa_loss=0.0064 pred=0.0015 sigreg=0.9818 lr=0.000190058
epoch=289 lejepa_loss=0.0064 pred=0.0015 sigreg=0.9787 lr=0.000186907
epoch=290 lejepa_loss=0.0064 pred=0.0015 sigreg=0.9762 lr=0.000183777
epoch=291 lejepa_loss=0.0064 pred=0.0015 sigreg=0.9783 lr=0.000180668
epoch=292 lejepa_loss=0.0064 pred=0.0015 sigreg=0.9833 lr=0.000177579
epoch=293 lejepa_loss=0.0064 pred=0.0015 sigreg=0.9752 lr=0.000174511
epoch=294 lejepa_loss=0.0064 pred=0.0015 sigreg=0.9789 lr=0.000171464
epoch=295 lejepa_loss=0.0064 pred=0.0015 sigreg=0.9774 lr=0.000168439
epoch=296 lejepa_loss=0.0064 pred=0.0015 sigreg=0.9794 lr=0.000165435
epoch=297 lejepa_loss=0.0064 pred=0.0015 sigreg=0.9759 lr=0.000162452
epoch=298 lejepa_loss=0.0064 pred=0.0015 sigreg=0.9786 lr=0.000159492
epoch=299 lejepa_loss=0.0063 pred=0.0015 sigreg=0.9711 lr=0.000156554
epoch=300 lejepa_loss=0.0063 pred=0.0015 sigreg=0.9752 lr=0.000153638
epoch=301 lejepa_loss=0.0063 pred=0.0015 sigreg=0.9718 lr=0.000150744
epoch=302 lejepa_loss=0.0063 pred=0.0015 sigreg=0.9736 lr=0.000147873
epoch=303 lejepa_loss=0.0063 pred=0.0015 sigreg=0.9714 lr=0.000145025
epoch=304 lejepa_loss=0.0063 pred=0.0015 sigreg=0.9721 lr=0.000142201
epoch=305 lejepa_loss=0.0063 pred=0.0015 sigreg=0.9685 lr=0.000139399
epoch=306 lejepa_loss=0.0063 pred=0.0015 sigreg=0.9720 lr=0.00013662
epoch=307 lejepa_loss=0.0063 pred=0.0015 sigreg=0.9688 lr=0.000133866
epoch=308 lejepa_loss=0.0063 pred=0.0014 sigreg=0.9742 lr=0.000131135
epoch=309 lejepa_loss=0.0063 pred=0.0015 sigreg=0.9688 lr=0.000128428
epoch=310 lejepa_loss=0.0063 pred=0.0015 sigreg=0.9678 lr=0.000125745
epoch=311 lejepa_loss=0.0063 pred=0.0015 sigreg=0.9683 lr=0.000123086
epoch=312 lejepa_loss=0.0063 pred=0.0014 sigreg=0.9683 lr=0.000120452
epoch=313 lejepa_loss=0.0063 pred=0.0014 sigreg=0.9692 lr=0.000117842
epoch=314 lejepa_loss=0.0063 pred=0.0014 sigreg=0.9653 lr=0.000115257
epoch=315 lejepa_loss=0.0063 pred=0.0014 sigreg=0.9645 lr=0.000112698
epoch=316 lejepa_loss=0.0063 pred=0.0014 sigreg=0.9669 lr=0.000110163
epoch=317 lejepa_loss=0.0063 pred=0.0014 sigreg=0.9656 lr=0.000107653
epoch=318 lejepa_loss=0.0063 pred=0.0014 sigreg=0.9632 lr=0.000105169
epoch=319 lejepa_loss=0.0063 pred=0.0014 sigreg=0.9668 lr=0.000102711
epoch=320 lejepa_loss=0.0063 pred=0.0014 sigreg=0.9638 lr=0.000100279
epoch=321 lejepa_loss=0.0063 pred=0.0014 sigreg=0.9662 lr=9.7872e-05
epoch=322 lejepa_loss=0.0062 pred=0.0014 sigreg=0.9633 lr=9.54915e-05
epoch=323 lejepa_loss=0.0063 pred=0.0014 sigreg=0.9657 lr=9.31372e-05
epoch=324 lejepa_loss=0.0062 pred=0.0014 sigreg=0.9610 lr=9.08094e-05
epoch=325 lejepa_loss=0.0062 pred=0.0014 sigreg=0.9620 lr=8.85081e-05
epoch=326 lejepa_loss=0.0062 pred=0.0014 sigreg=0.9596 lr=8.62335e-05
epoch=327 lejepa_loss=0.0062 pred=0.0014 sigreg=0.9634 lr=8.39857e-05
epoch=328 lejepa_loss=0.0062 pred=0.0014 sigreg=0.9606 lr=8.17649e-05
epoch=329 lejepa_loss=0.0062 pred=0.0014 sigreg=0.9640 lr=7.95713e-05
epoch=330 lejepa_loss=0.0062 pred=0.0014 sigreg=0.9605 lr=7.7405e-05
epoch=331 lejepa_loss=0.0062 pred=0.0014 sigreg=0.9603 lr=7.5266e-05
epoch=332 lejepa_loss=0.0062 pred=0.0014 sigreg=0.9593 lr=7.31547e-05
epoch=333 lejepa_loss=0.0062 pred=0.0014 sigreg=0.9611 lr=7.1071e-05
epoch=334 lejepa_loss=0.0062 pred=0.0014 sigreg=0.9580 lr=6.90152e-05
epoch=335 lejepa_loss=0.0062 pred=0.0014 sigreg=0.9580 lr=6.69873e-05
epoch=336 lejepa_loss=0.0062 pred=0.0014 sigreg=0.9577 lr=6.49875e-05
epoch=337 lejepa_loss=0.0062 pred=0.0014 sigreg=0.9589 lr=6.3016e-05
epoch=338 lejepa_loss=0.0062 pred=0.0014 sigreg=0.9571 lr=6.10728e-05
epoch=339 lejepa_loss=0.0062 pred=0.0014 sigreg=0.9542 lr=5.91581e-05
epoch=340 lejepa_loss=0.0062 pred=0.0014 sigreg=0.9600 lr=5.7272e-05
epoch=341 lejepa_loss=0.0062 pred=0.0014 sigreg=0.9568 lr=5.54146e-05
epoch=342 lejepa_loss=0.0062 pred=0.0014 sigreg=0.9558 lr=5.35861e-05
epoch=343 lejepa_loss=0.0062 pred=0.0014 sigreg=0.9555 lr=5.17865e-05
epoch=344 lejepa_loss=0.0062 pred=0.0014 sigreg=0.9550 lr=5.00161e-05
epoch=345 lejepa_loss=0.0062 pred=0.0014 sigreg=0.9582 lr=4.82748e-05
epoch=346 lejepa_loss=0.0062 pred=0.0014 sigreg=0.9587 lr=4.65628e-05
epoch=347 lejepa_loss=0.0062 pred=0.0014 sigreg=0.9544 lr=4.48803e-05
epoch=348 lejepa_loss=0.0062 pred=0.0014 sigreg=0.9569 lr=4.32273e-05
epoch=349 lejepa_loss=0.0062 pred=0.0014 sigreg=0.9556 lr=4.16039e-05
epoch=350 lejepa_loss=0.0062 pred=0.0014 sigreg=0.9531 lr=4.00103e-05
epoch=351 lejepa_loss=0.0062 pred=0.0014 sigreg=0.9542 lr=3.84465e-05
epoch=352 lejepa_loss=0.0062 pred=0.0014 sigreg=0.9564 lr=3.69127e-05
epoch=353 lejepa_loss=0.0062 pred=0.0014 sigreg=0.9526 lr=3.54089e-05
epoch=354 lejepa_loss=0.0062 pred=0.0014 sigreg=0.9522 lr=3.39353e-05
epoch=355 lejepa_loss=0.0062 pred=0.0014 sigreg=0.9568 lr=3.24919e-05
epoch=356 lejepa_loss=0.0062 pred=0.0014 sigreg=0.9514 lr=3.10788e-05
epoch=357 lejepa_loss=0.0062 pred=0.0014 sigreg=0.9545 lr=2.96962e-05
epoch=358 lejepa_loss=0.0062 pred=0.0014 sigreg=0.9544 lr=2.83441e-05
epoch=359 lejepa_loss=0.0062 pred=0.0014 sigreg=0.9532 lr=2.70226e-05
epoch=360 lejepa_loss=0.0062 pred=0.0014 sigreg=0.9544 lr=2.57318e-05
epoch=361 lejepa_loss=0.0062 pred=0.0014 sigreg=0.9563 lr=2.44717e-05
epoch=362 lejepa_loss=0.0061 pred=0.0014 sigreg=0.9497 lr=2.32426e-05
epoch=363 lejepa_loss=0.0062 pred=0.0014 sigreg=0.9538 lr=2.20443e-05
epoch=364 lejepa_loss=0.0062 pred=0.0014 sigreg=0.9511 lr=2.08771e-05
epoch=365 lejepa_loss=0.0062 pred=0.0014 sigreg=0.9502 lr=1.97409e-05
epoch=366 lejepa_loss=0.0062 pred=0.0014 sigreg=0.9507 lr=1.8636e-05
epoch=367 lejepa_loss=0.0061 pred=0.0014 sigreg=0.9478 lr=1.75622e-05
epoch=368 lejepa_loss=0.0061 pred=0.0014 sigreg=0.9502 lr=1.65198e-05
epoch=369 lejepa_loss=0.0061 pred=0.0014 sigreg=0.9505 lr=1.55087e-05
epoch=370 lejepa_loss=0.0062 pred=0.0014 sigreg=0.9529 lr=1.45291e-05
epoch=371 lejepa_loss=0.0062 pred=0.0014 sigreg=0.9523 lr=1.3581e-05
epoch=372 lejepa_loss=0.0061 pred=0.0014 sigreg=0.9482 lr=1.26644e-05
epoch=373 lejepa_loss=0.0061 pred=0.0014 sigreg=0.9499 lr=1.17795e-05
epoch=374 lejepa_loss=0.0061 pred=0.0014 sigreg=0.9479 lr=1.09262e-05
epoch=375 lejepa_loss=0.0062 pred=0.0014 sigreg=0.9500 lr=1.01047e-05
epoch=376 lejepa_loss=0.0061 pred=0.0014 sigreg=0.9455 lr=9.31494e-06
epoch=377 lejepa_loss=0.0061 pred=0.0014 sigreg=0.9459 lr=8.55704e-06
epoch=378 lejepa_loss=0.0062 pred=0.0014 sigreg=0.9509 lr=7.83103e-06
epoch=379 lejepa_loss=0.0061 pred=0.0014 sigreg=0.9452 lr=7.13696e-06
epoch=380 lejepa_loss=0.0062 pred=0.0014 sigreg=0.9534 lr=6.47487e-06
epoch=381 lejepa_loss=0.0062 pred=0.0014 sigreg=0.9518 lr=5.8448e-06
epoch=382 lejepa_loss=0.0061 pred=0.0014 sigreg=0.9498 lr=5.2468e-06
epoch=383 lejepa_loss=0.0061 pred=0.0014 sigreg=0.9484 lr=4.6809e-06
epoch=384 lejepa_loss=0.0061 pred=0.0014 sigreg=0.9495 lr=4.14715e-06
epoch=385 lejepa_loss=0.0061 pred=0.0014 sigreg=0.9480 lr=3.64556e-06
epoch=386 lejepa_loss=0.0062 pred=0.0014 sigreg=0.9523 lr=3.17619e-06
epoch=387 lejepa_loss=0.0061 pred=0.0014 sigreg=0.9460 lr=2.73905e-06
epoch=388 lejepa_loss=0.0061 pred=0.0014 sigreg=0.9463 lr=2.33418e-06
epoch=389 lejepa_loss=0.0062 pred=0.0014 sigreg=0.9510 lr=1.96161e-06
epoch=390 lejepa_loss=0.0061 pred=0.0014 sigreg=0.9482 lr=1.62135e-06
epoch=391 lejepa_loss=0.0061 pred=0.0014 sigreg=0.9476 lr=1.31343e-06
epoch=392 lejepa_loss=0.0061 pred=0.0014 sigreg=0.9507 lr=1.03786e-06
epoch=393 lejepa_loss=0.0061 pred=0.0014 sigreg=0.9481 lr=7.94679e-07
epoch=394 lejepa_loss=0.0061 pred=0.0014 sigreg=0.9489 lr=5.83887e-07
epoch=395 lejepa_loss=0.0061 pred=0.0014 sigreg=0.9487 lr=4.05501e-07
epoch=396 lejepa_loss=0.0061 pred=0.0014 sigreg=0.9472 lr=2.59533e-07
epoch=397 lejepa_loss=0.0061 pred=0.0014 sigreg=0.9482 lr=1.45993e-07
epoch=398 lejepa_loss=0.0061 pred=0.0014 sigreg=0.9479 lr=6.48875e-08
epoch=399 lejepa_loss=0.0062 pred=0.0014 sigreg=0.9517 lr=1.62221e-08
epoch=400 lejepa_loss=0.0061 pred=0.0014 sigreg=0.9492 lr=0
Backbone checkpoint selection by frozen-backbone kNN:
  candidates: 22
  k values: [20, 50, 100]
  max_bank_samples: 10000
  max_test_samples: 2000

Evaluating candidate: experiments/experiment-c10-r18-lejepa-light-v3-sig-005/checkpoints/resnet18_lejepa_backbone_last.pt

Evaluating candidate: experiments/experiment-c10-r18-lejepa-light-v3-sig-005/checkpoints/resnet18_lejepa_backbone_loss_best.pt

Evaluating candidate: experiments/experiment-c10-r18-lejepa-light-v3-sig-005/checkpoints/resnet18_lejepa_backbone_epoch_020.pt

Evaluating candidate: experiments/experiment-c10-r18-lejepa-light-v3-sig-005/checkpoints/resnet18_lejepa_backbone_epoch_040.pt

Evaluating candidate: experiments/experiment-c10-r18-lejepa-light-v3-sig-005/checkpoints/resnet18_lejepa_backbone_epoch_060.pt

Evaluating candidate: experiments/experiment-c10-r18-lejepa-light-v3-sig-005/checkpoints/resnet18_lejepa_backbone_epoch_080.pt

Evaluating candidate: experiments/experiment-c10-r18-lejepa-light-v3-sig-005/checkpoints/resnet18_lejepa_backbone_epoch_100.pt

Evaluating candidate: experiments/experiment-c10-r18-lejepa-light-v3-sig-005/checkpoints/resnet18_lejepa_backbone_epoch_120.pt

Evaluating candidate: experiments/experiment-c10-r18-lejepa-light-v3-sig-005/checkpoints/resnet18_lejepa_backbone_epoch_140.pt

Evaluating candidate: experiments/experiment-c10-r18-lejepa-light-v3-sig-005/checkpoints/resnet18_lejepa_backbone_epoch_160.pt

Evaluating candidate: experiments/experiment-c10-r18-lejepa-light-v3-sig-005/checkpoints/resnet18_lejepa_backbone_epoch_180.pt

Evaluating candidate: experiments/experiment-c10-r18-lejepa-light-v3-sig-005/checkpoints/resnet18_lejepa_backbone_epoch_200.pt

Evaluating candidate: experiments/experiment-c10-r18-lejepa-light-v3-sig-005/checkpoints/resnet18_lejepa_backbone_epoch_220.pt

Evaluating candidate: experiments/experiment-c10-r18-lejepa-light-v3-sig-005/checkpoints/resnet18_lejepa_backbone_epoch_240.pt

Evaluating candidate: experiments/experiment-c10-r18-lejepa-light-v3-sig-005/checkpoints/resnet18_lejepa_backbone_epoch_260.pt

Evaluating candidate: experiments/experiment-c10-r18-lejepa-light-v3-sig-005/checkpoints/resnet18_lejepa_backbone_epoch_280.pt

Evaluating candidate: experiments/experiment-c10-r18-lejepa-light-v3-sig-005/checkpoints/resnet18_lejepa_backbone_epoch_300.pt

Evaluating candidate: experiments/experiment-c10-r18-lejepa-light-v3-sig-005/checkpoints/resnet18_lejepa_backbone_epoch_320.pt

Evaluating candidate: experiments/experiment-c10-r18-lejepa-light-v3-sig-005/checkpoints/resnet18_lejepa_backbone_epoch_340.pt

Evaluating candidate: experiments/experiment-c10-r18-lejepa-light-v3-sig-005/checkpoints/resnet18_lejepa_backbone_epoch_360.pt

Evaluating candidate: experiments/experiment-c10-r18-lejepa-light-v3-sig-005/checkpoints/resnet18_lejepa_backbone_epoch_380.pt

Evaluating candidate: experiments/experiment-c10-r18-lejepa-light-v3-sig-005/checkpoints/resnet18_lejepa_backbone_epoch_400.pt

Backbone checkpoint selection completed.
  selected: experiments/experiment-c10-r18-lejepa-light-v3-sig-005/checkpoints/resnet18_lejepa_backbone_epoch_360.pt
  best kNN: 0.5465 at k=100
  saved CSV: experiments/experiment-c10-r18-lejepa-light-v3-sig-005/metrics/checkpoint_selection/backbone_checkpoint_selection_knn.csv
  overwritten backbone_best_path: experiments/experiment-c10-r18-lejepa-light-v3-sig-005/checkpoints/resnet18_lejepa_backbone_best.pt
probe_epoch=001 train_loss=1.7596 train_acc=0.4401 val_loss=1.4900 val_acc=0.5068 lr=0.02
probe_epoch=002 train_loss=1.4028 train_acc=0.5206 val_loss=1.3292 val_acc=0.5374 lr=0.03
probe_epoch=003 train_loss=1.3141 train_acc=0.5438 val_loss=1.2682 val_acc=0.5544 lr=0.04
probe_epoch=004 train_loss=1.2715 train_acc=0.5543 val_loss=1.2458 val_acc=0.5626 lr=0.05
probe_epoch=005 train_loss=1.2480 train_acc=0.5621 val_loss=1.2264 val_acc=0.5718 lr=0.05
probe_epoch=006 train_loss=1.2279 train_acc=0.5688 val_loss=1.2148 val_acc=0.5750 lr=0.0499941
probe_epoch=007 train_loss=1.2164 train_acc=0.5714 val_loss=1.2158 val_acc=0.5764 lr=0.0499765
probe_epoch=008 train_loss=1.2109 train_acc=0.5749 val_loss=1.2090 val_acc=0.5770 lr=0.0499472
probe_epoch=009 train_loss=1.2007 train_acc=0.5788 val_loss=1.2027 val_acc=0.5828 lr=0.0499062
probe_epoch=010 train_loss=1.1986 train_acc=0.5782 val_loss=1.1883 val_acc=0.5880 lr=0.0498534
probe_epoch=011 train_loss=1.1935 train_acc=0.5789 val_loss=1.2070 val_acc=0.5754 lr=0.0497891
probe_epoch=012 train_loss=1.1853 train_acc=0.5820 val_loss=1.1963 val_acc=0.5826 lr=0.049713
probe_epoch=013 train_loss=1.1869 train_acc=0.5810 val_loss=1.1932 val_acc=0.5834 lr=0.0496254
probe_epoch=014 train_loss=1.1861 train_acc=0.5813 val_loss=1.1975 val_acc=0.5844 lr=0.0495262
probe_epoch=015 train_loss=1.1791 train_acc=0.5852 val_loss=1.1940 val_acc=0.5850 lr=0.0494155
probe_epoch=016 train_loss=1.1802 train_acc=0.5828 val_loss=1.1909 val_acc=0.5856 lr=0.0492934
probe_epoch=017 train_loss=1.1795 train_acc=0.5867 val_loss=1.1952 val_acc=0.5896 lr=0.0491598
probe_epoch=018 train_loss=1.1751 train_acc=0.5870 val_loss=1.1962 val_acc=0.5874 lr=0.0490149
probe_epoch=019 train_loss=1.1746 train_acc=0.5870 val_loss=1.1882 val_acc=0.5910 lr=0.0488587
probe_epoch=020 train_loss=1.1690 train_acc=0.5874 val_loss=1.1943 val_acc=0.5800 lr=0.0486913
probe_epoch=021 train_loss=1.1721 train_acc=0.5863 val_loss=1.1955 val_acc=0.5842 lr=0.0485128
probe_epoch=022 train_loss=1.1696 train_acc=0.5867 val_loss=1.1871 val_acc=0.5886 lr=0.0483233
probe_epoch=023 train_loss=1.1682 train_acc=0.5881 val_loss=1.1760 val_acc=0.5948 lr=0.0481228
probe_epoch=024 train_loss=1.1682 train_acc=0.5873 val_loss=1.1868 val_acc=0.5880 lr=0.0479115
probe_epoch=025 train_loss=1.1688 train_acc=0.5885 val_loss=1.1899 val_acc=0.5888 lr=0.0476894
probe_epoch=026 train_loss=1.1646 train_acc=0.5905 val_loss=1.1840 val_acc=0.5924 lr=0.0474566
probe_epoch=027 train_loss=1.1651 train_acc=0.5917 val_loss=1.1850 val_acc=0.5894 lr=0.0472134
probe_epoch=028 train_loss=1.1637 train_acc=0.5899 val_loss=1.1874 val_acc=0.5904 lr=0.0469596
probe_epoch=029 train_loss=1.1639 train_acc=0.5893 val_loss=1.1855 val_acc=0.5870 lr=0.0466956
probe_epoch=030 train_loss=1.1631 train_acc=0.5908 val_loss=1.1810 val_acc=0.5878 lr=0.0464214
probe_epoch=031 train_loss=1.1637 train_acc=0.5896 val_loss=1.1807 val_acc=0.5926 lr=0.0461372
probe_epoch=032 train_loss=1.1649 train_acc=0.5876 val_loss=1.1815 val_acc=0.5926 lr=0.045843
probe_epoch=033 train_loss=1.1610 train_acc=0.5911 val_loss=1.2009 val_acc=0.5862 lr=0.045539
probe_epoch=034 train_loss=1.1622 train_acc=0.5896 val_loss=1.1957 val_acc=0.5888 lr=0.0452254
probe_epoch=035 train_loss=1.1610 train_acc=0.5931 val_loss=1.1870 val_acc=0.5928 lr=0.0449023
probe_epoch=036 train_loss=1.1597 train_acc=0.5914 val_loss=1.1748 val_acc=0.5938 lr=0.0445699
probe_epoch=037 train_loss=1.1640 train_acc=0.5879 val_loss=1.1819 val_acc=0.5932 lr=0.0442283
probe_epoch=038 train_loss=1.1604 train_acc=0.5918 val_loss=1.1893 val_acc=0.5868 lr=0.0438776
probe_epoch=039 train_loss=1.1582 train_acc=0.5916 val_loss=1.1841 val_acc=0.5914 lr=0.0435181
probe_epoch=040 train_loss=1.1605 train_acc=0.5907 val_loss=1.1848 val_acc=0.5904 lr=0.0431499
probe_epoch=041 train_loss=1.1581 train_acc=0.5911 val_loss=1.1934 val_acc=0.5862 lr=0.0427732
probe_epoch=042 train_loss=1.1572 train_acc=0.5916 val_loss=1.1708 val_acc=0.5980 lr=0.0423881
probe_epoch=043 train_loss=1.1578 train_acc=0.5918 val_loss=1.1846 val_acc=0.5940 lr=0.0419949
probe_epoch=044 train_loss=1.1550 train_acc=0.5943 val_loss=1.1823 val_acc=0.5934 lr=0.0415937
probe_epoch=045 train_loss=1.1562 train_acc=0.5909 val_loss=1.1783 val_acc=0.5936 lr=0.0411847
probe_epoch=046 train_loss=1.1569 train_acc=0.5922 val_loss=1.1794 val_acc=0.5926 lr=0.0407681
probe_epoch=047 train_loss=1.1597 train_acc=0.5908 val_loss=1.1769 val_acc=0.5944 lr=0.0403441
probe_epoch=048 train_loss=1.1540 train_acc=0.5938 val_loss=1.1888 val_acc=0.5926 lr=0.0399129
probe_epoch=049 train_loss=1.1541 train_acc=0.5944 val_loss=1.1838 val_acc=0.5934 lr=0.0394747
probe_epoch=050 train_loss=1.1589 train_acc=0.5917 val_loss=1.1862 val_acc=0.5928 lr=0.0390297
probe_epoch=051 train_loss=1.1556 train_acc=0.5919 val_loss=1.1875 val_acc=0.5912 lr=0.0385781
probe_epoch=052 train_loss=1.1570 train_acc=0.5905 val_loss=1.1875 val_acc=0.5904 lr=0.0381201
probe_epoch=053 train_loss=1.1527 train_acc=0.5926 val_loss=1.1847 val_acc=0.5928 lr=0.037656
probe_epoch=054 train_loss=1.1546 train_acc=0.5944 val_loss=1.1834 val_acc=0.5900 lr=0.037186
probe_epoch=055 train_loss=1.1538 train_acc=0.5946 val_loss=1.1893 val_acc=0.5938 lr=0.0367102
probe_epoch=056 train_loss=1.1536 train_acc=0.5932 val_loss=1.1773 val_acc=0.5950 lr=0.0362289
probe_epoch=057 train_loss=1.1543 train_acc=0.5933 val_loss=1.1807 val_acc=0.5936 lr=0.0357424
probe_epoch=058 train_loss=1.1521 train_acc=0.5911 val_loss=1.1791 val_acc=0.5914 lr=0.0352508
probe_epoch=059 train_loss=1.1518 train_acc=0.5945 val_loss=1.1829 val_acc=0.5970 lr=0.0347544
probe_epoch=060 train_loss=1.1530 train_acc=0.5946 val_loss=1.1797 val_acc=0.5964 lr=0.0342535
probe_epoch=061 train_loss=1.1519 train_acc=0.5939 val_loss=1.1766 val_acc=0.5956 lr=0.0337481
probe_epoch=062 train_loss=1.1504 train_acc=0.5943 val_loss=1.1825 val_acc=0.5944 lr=0.0332387
probe_epoch=063 train_loss=1.1508 train_acc=0.5929 val_loss=1.1807 val_acc=0.5948 lr=0.0327254
probe_epoch=064 train_loss=1.1530 train_acc=0.5938 val_loss=1.1811 val_acc=0.5956 lr=0.0322085
probe_epoch=065 train_loss=1.1488 train_acc=0.5968 val_loss=1.1889 val_acc=0.5876 lr=0.0316882
probe_epoch=066 train_loss=1.1515 train_acc=0.5926 val_loss=1.1768 val_acc=0.5922 lr=0.0311648
probe_epoch=067 train_loss=1.1487 train_acc=0.5937 val_loss=1.1779 val_acc=0.5918 lr=0.0306384
probe_epoch=068 train_loss=1.1489 train_acc=0.5970 val_loss=1.1768 val_acc=0.5930 lr=0.0301095
probe_epoch=069 train_loss=1.1494 train_acc=0.5943 val_loss=1.1925 val_acc=0.5890 lr=0.0295781
probe_epoch=070 train_loss=1.1496 train_acc=0.5963 val_loss=1.1800 val_acc=0.5942 lr=0.0290445
probe_epoch=071 train_loss=1.1487 train_acc=0.5966 val_loss=1.1807 val_acc=0.5950 lr=0.0285091
probe_epoch=072 train_loss=1.1494 train_acc=0.5957 val_loss=1.1779 val_acc=0.5978 lr=0.0279721
probe_epoch=073 train_loss=1.1462 train_acc=0.5944 val_loss=1.1775 val_acc=0.5936 lr=0.0274336
probe_epoch=074 train_loss=1.1492 train_acc=0.5946 val_loss=1.1831 val_acc=0.5916 lr=0.026894
probe_epoch=075 train_loss=1.1504 train_acc=0.5941 val_loss=1.1832 val_acc=0.5906 lr=0.0263535
probe_epoch=076 train_loss=1.1516 train_acc=0.5930 val_loss=1.1841 val_acc=0.5904 lr=0.0258123
probe_epoch=077 train_loss=1.1483 train_acc=0.5971 val_loss=1.1819 val_acc=0.5944 lr=0.0252708
probe_epoch=078 train_loss=1.1475 train_acc=0.5952 val_loss=1.1812 val_acc=0.5940 lr=0.0247292
probe_epoch=079 train_loss=1.1461 train_acc=0.5955 val_loss=1.1851 val_acc=0.5950 lr=0.0241877
probe_epoch=080 train_loss=1.1474 train_acc=0.5969 val_loss=1.1755 val_acc=0.5962 lr=0.0236465
probe_epoch=081 train_loss=1.1466 train_acc=0.5937 val_loss=1.1725 val_acc=0.5976 lr=0.023106
probe_epoch=082 train_loss=1.1463 train_acc=0.5966 val_loss=1.1768 val_acc=0.5970 lr=0.0225664
probe_epoch=083 train_loss=1.1452 train_acc=0.5966 val_loss=1.1759 val_acc=0.5958 lr=0.0220279
probe_epoch=084 train_loss=1.1422 train_acc=0.5965 val_loss=1.1794 val_acc=0.5940 lr=0.0214909
probe_epoch=085 train_loss=1.1430 train_acc=0.5969 val_loss=1.1830 val_acc=0.5932 lr=0.0209555
probe_epoch=086 train_loss=1.1435 train_acc=0.5988 val_loss=1.1795 val_acc=0.5946 lr=0.0204219
probe_epoch=087 train_loss=1.1502 train_acc=0.5938 val_loss=1.1819 val_acc=0.5932 lr=0.0198905
probe_epoch=088 train_loss=1.1446 train_acc=0.5951 val_loss=1.1811 val_acc=0.5960 lr=0.0193616
probe_epoch=089 train_loss=1.1476 train_acc=0.5956 val_loss=1.1753 val_acc=0.5952 lr=0.0188352
probe_epoch=090 train_loss=1.1448 train_acc=0.5969 val_loss=1.1804 val_acc=0.5938 lr=0.0183118
probe_epoch=091 train_loss=1.1428 train_acc=0.5964 val_loss=1.1808 val_acc=0.5922 lr=0.0177915
probe_epoch=092 train_loss=1.1404 train_acc=0.5981 val_loss=1.1790 val_acc=0.5950 lr=0.0172746
probe_epoch=093 train_loss=1.1427 train_acc=0.5958 val_loss=1.1827 val_acc=0.5970 lr=0.0167613
probe_epoch=094 train_loss=1.1425 train_acc=0.5979 val_loss=1.1770 val_acc=0.5934 lr=0.0162519
probe_epoch=095 train_loss=1.1424 train_acc=0.5980 val_loss=1.1815 val_acc=0.5924 lr=0.0157465
probe_epoch=096 train_loss=1.1410 train_acc=0.5981 val_loss=1.1759 val_acc=0.5976 lr=0.0152456
probe_epoch=097 train_loss=1.1417 train_acc=0.5989 val_loss=1.1806 val_acc=0.5958 lr=0.0147492
probe_epoch=098 train_loss=1.1418 train_acc=0.5964 val_loss=1.1801 val_acc=0.5950 lr=0.0142576
probe_epoch=099 train_loss=1.1391 train_acc=0.6004 val_loss=1.1792 val_acc=0.5982 lr=0.0137711
probe_epoch=100 train_loss=1.1411 train_acc=0.5996 val_loss=1.1789 val_acc=0.5946 lr=0.0132898
probe_epoch=101 train_loss=1.1396 train_acc=0.5974 val_loss=1.1805 val_acc=0.5970 lr=0.012814
probe_epoch=102 train_loss=1.1373 train_acc=0.5983 val_loss=1.1799 val_acc=0.5922 lr=0.012344
probe_epoch=103 train_loss=1.1437 train_acc=0.5977 val_loss=1.1761 val_acc=0.5956 lr=0.0118799
probe_epoch=104 train_loss=1.1433 train_acc=0.5982 val_loss=1.1861 val_acc=0.5912 lr=0.0114219
probe_epoch=105 train_loss=1.1418 train_acc=0.5977 val_loss=1.1803 val_acc=0.5950 lr=0.0109703
probe_epoch=106 train_loss=1.1390 train_acc=0.5960 val_loss=1.1785 val_acc=0.5964 lr=0.0105253
probe_epoch=107 train_loss=1.1407 train_acc=0.5975 val_loss=1.1796 val_acc=0.5940 lr=0.0100871
probe_epoch=108 train_loss=1.1429 train_acc=0.5952 val_loss=1.1752 val_acc=0.5970 lr=0.00965593
probe_epoch=109 train_loss=1.1409 train_acc=0.5982 val_loss=1.1799 val_acc=0.5982 lr=0.00923194
probe_epoch=110 train_loss=1.1388 train_acc=0.5995 val_loss=1.1748 val_acc=0.5972 lr=0.00881534
probe_epoch=111 train_loss=1.1409 train_acc=0.5999 val_loss=1.1806 val_acc=0.5948 lr=0.00840635
probe_epoch=112 train_loss=1.1434 train_acc=0.5987 val_loss=1.1775 val_acc=0.5954 lr=0.00800514
probe_epoch=113 train_loss=1.1413 train_acc=0.5980 val_loss=1.1781 val_acc=0.5990 lr=0.00761191
probe_epoch=114 train_loss=1.1391 train_acc=0.5998 val_loss=1.1797 val_acc=0.5968 lr=0.00722684
probe_epoch=115 train_loss=1.1372 train_acc=0.5973 val_loss=1.1747 val_acc=0.5942 lr=0.00685011
probe_epoch=116 train_loss=1.1374 train_acc=0.6023 val_loss=1.1764 val_acc=0.5956 lr=0.00648191
probe_epoch=117 train_loss=1.1393 train_acc=0.5965 val_loss=1.1759 val_acc=0.5972 lr=0.00612239
probe_epoch=118 train_loss=1.1384 train_acc=0.5982 val_loss=1.1790 val_acc=0.5956 lr=0.00577174
probe_epoch=119 train_loss=1.1412 train_acc=0.5993 val_loss=1.1760 val_acc=0.5976 lr=0.00543011
probe_epoch=120 train_loss=1.1377 train_acc=0.5986 val_loss=1.1763 val_acc=0.5954 lr=0.00509767
probe_epoch=121 train_loss=1.1356 train_acc=0.6000 val_loss=1.1750 val_acc=0.5974 lr=0.00477458
probe_epoch=122 train_loss=1.1387 train_acc=0.5996 val_loss=1.1742 val_acc=0.5990 lr=0.00446097
probe_epoch=123 train_loss=1.1362 train_acc=0.5995 val_loss=1.1754 val_acc=0.5968 lr=0.00415701
probe_epoch=124 train_loss=1.1396 train_acc=0.5974 val_loss=1.1774 val_acc=0.5966 lr=0.00386283
probe_epoch=125 train_loss=1.1377 train_acc=0.5991 val_loss=1.1769 val_acc=0.5978 lr=0.00357857
probe_epoch=126 train_loss=1.1379 train_acc=0.6003 val_loss=1.1772 val_acc=0.5962 lr=0.00330437
probe_epoch=127 train_loss=1.1383 train_acc=0.5992 val_loss=1.1782 val_acc=0.5968 lr=0.00304035
probe_epoch=128 train_loss=1.1362 train_acc=0.6010 val_loss=1.1777 val_acc=0.5970 lr=0.00278664
probe_epoch=129 train_loss=1.1377 train_acc=0.5982 val_loss=1.1756 val_acc=0.5968 lr=0.00254336
probe_epoch=130 train_loss=1.1367 train_acc=0.5988 val_loss=1.1753 val_acc=0.5972 lr=0.00231061
probe_epoch=131 train_loss=1.1370 train_acc=0.5980 val_loss=1.1774 val_acc=0.5972 lr=0.00208852
probe_epoch=132 train_loss=1.1346 train_acc=0.6008 val_loss=1.1743 val_acc=0.5976 lr=0.00187719
probe_epoch=133 train_loss=1.1341 train_acc=0.6004 val_loss=1.1764 val_acc=0.5974 lr=0.0016767
probe_epoch=134 train_loss=1.1372 train_acc=0.6005 val_loss=1.1757 val_acc=0.5966 lr=0.00148717
probe_epoch=135 train_loss=1.1368 train_acc=0.6007 val_loss=1.1733 val_acc=0.5996 lr=0.00130867
probe_epoch=136 train_loss=1.1330 train_acc=0.6025 val_loss=1.1766 val_acc=0.5990 lr=0.00114129
probe_epoch=137 train_loss=1.1375 train_acc=0.6012 val_loss=1.1784 val_acc=0.5972 lr=0.000985116
probe_epoch=138 train_loss=1.1377 train_acc=0.6008 val_loss=1.1757 val_acc=0.5972 lr=0.000840211
probe_epoch=139 train_loss=1.1341 train_acc=0.6018 val_loss=1.1755 val_acc=0.5970 lr=0.000706647
probe_epoch=140 train_loss=1.1374 train_acc=0.5978 val_loss=1.1757 val_acc=0.5976 lr=0.000584486
probe_epoch=141 train_loss=1.1384 train_acc=0.5996 val_loss=1.1766 val_acc=0.5978 lr=0.000473786
probe_epoch=142 train_loss=1.1359 train_acc=0.5984 val_loss=1.1758 val_acc=0.5966 lr=0.000374599
probe_epoch=143 train_loss=1.1332 train_acc=0.6013 val_loss=1.1758 val_acc=0.5988 lr=0.00028697
probe_epoch=144 train_loss=1.1342 train_acc=0.6001 val_loss=1.1761 val_acc=0.5972 lr=0.000210943
probe_epoch=145 train_loss=1.1362 train_acc=0.6003 val_loss=1.1760 val_acc=0.5972 lr=0.000146551
probe_epoch=146 train_loss=1.1361 train_acc=0.6006 val_loss=1.1759 val_acc=0.5968 lr=9.38257e-05
probe_epoch=147 train_loss=1.1358 train_acc=0.6001 val_loss=1.1758 val_acc=0.5974 lr=5.27914e-05
probe_epoch=148 train_loss=1.1347 train_acc=0.6013 val_loss=1.1759 val_acc=0.5968 lr=2.34674e-05
probe_epoch=149 train_loss=1.1355 train_acc=0.6000 val_loss=1.1759 val_acc=0.5968 lr=5.86755e-06
probe_epoch=150 train_loss=1.1332 train_acc=0.5995 val_loss=1.1759 val_acc=0.5966 lr=0
linear_probe_test_loss=1.1921 linear_probe_test_acc=0.5808 best_val_acc=0.5996 best_epoch=135
Job finished at: Wed Jul  1 17:19:27 CEST 2026
