Using training resolved config: configs/base/cifar10_vit_lejepa.yaml
Confirmed ViT architecture: vit_tiny_cifar
Using training resolved config: configs/base/cifar10_vit_lejepa.yaml
Using backbone checkpoint: experiments/experiment-c10-vit-lejepa/checkpoints/vit_lejepa_backbone_best.pt
Evaluating LeJEPA feature spaces
  config: configs/base/cifar10_vit_lejepa.yaml
  checkpoint: experiments/experiment-c10-vit-lejepa/checkpoints/vit_lejepa_backbone_best.pt
  device: cuda
  batch_size: 256
  max_bank_samples: 50000
  max_test_samples: 10000
Building LeJEPA model from checkpoint['config'] to avoid config/checkpoint shape mismatch.
  checkpoint model config: {'architecture': 'vit_tiny_cifar', 'image_size': 32, 'patch_size': 4, 'num_classes': 10, 'embed_dim': 192, 'depth': 6, 'num_heads': 3, 'mlp_ratio': 4.0, 'dropout': 0.1, 'attn_dropout': 0.1, 'projection_dim': 256, 'prediction_dim': 512}

=== Feature source: backbone ===
Best kNN: 0.2350 at k=100
Diagnostics: std_mean=0.023149, std_min=0.011027, norm_mean=8.996094, dim=192

=== Feature source: projector ===
Best kNN: 0.2365 at k=100
Diagnostics: std_mean=0.039023, std_min=0.016292, norm_mean=14.703012, dim=256

=== Feature source: predictor ===
Best kNN: 0.1000 at k=1
Diagnostics: std_mean=0.000000, std_min=0.000000, norm_mean=0.003280, dim=256

Saved:
  experiments/experiment-c10-vit-lejepa/metrics/feature_spaces/vit_tiny_cifar_vit_lejepa_backbone_best_feature_spaces.yaml
  experiments/experiment-c10-vit-lejepa/metrics/feature_spaces/vit_tiny_cifar_vit_lejepa_backbone_best_feature_spaces.csv
