/leonardo_scratch/large/userexternal/apromots/doubleN/cv/src/training/checkpointing.py:18: FutureWarning: You are using `torch.load` with `weights_only=False` (the current default value), which uses the default pickle module implicitly. It is possible to construct malicious pickle data which will execute arbitrary code during unpickling (See https://github.com/pytorch/pytorch/blob/main/SECURITY.md#untrusted-models for more details). In a future release, the default value for `weights_only` will be flipped to `True`. This limits the functions that could be executed during unpickling. Arbitrary objects will no longer be allowed to be loaded via this mode unless they are explicitly allowlisted by the user via `torch.serialization.add_safe_globals`. We recommend you start setting `weights_only=True` for any use case where you don't have full control of the loaded file. Please open an issue on GitHub for any issues related to this experimental feature.
  return torch.load(path, map_location=map_location)
Traceback (most recent call last):
  File "/leonardo_scratch/large/userexternal/apromots/doubleN/cv/scripts/evaluate_lejepa_feature_spaces.py", line 427, in <module>
    main()
  File "/leonardo_scratch/large/userexternal/apromots/doubleN/cv/scripts/evaluate_lejepa_feature_spaces.py", line 315, in main
    model = _load_lejepa_model(cfg, checkpoint_path=checkpoint_path, device=device)
            ^^^^^^^^^^^^^^^^^^^^^^^^^^^^^^^^^^^^^^^^^^^^^^^^^^^^^^^^^^^^^^^^^^^^^^^
  File "/leonardo_scratch/large/userexternal/apromots/doubleN/cv/scripts/evaluate_lejepa_feature_spaces.py", line 43, in _load_lejepa_model
    checkpoint = load_checkpoint(checkpoint_path, map_location=device)
                 ^^^^^^^^^^^^^^^^^^^^^^^^^^^^^^^^^^^^^^^^^^^^^^^^^^^^^
  File "/leonardo_scratch/large/userexternal/apromots/doubleN/cv/src/training/checkpointing.py", line 18, in load_checkpoint
    return torch.load(path, map_location=map_location)
           ^^^^^^^^^^^^^^^^^^^^^^^^^^^^^^^^^^^^^^^^^^^
  File "/leonardo_scratch/large/userexternal/apromots/doubleN/cv/.venv/lib/python3.11/site-packages/torch/serialization.py", line 1319, in load
    with _open_file_like(f, "rb") as opened_file:
         ^^^^^^^^^^^^^^^^^^^^^^^^
  File "/leonardo_scratch/large/userexternal/apromots/doubleN/cv/.venv/lib/python3.11/site-packages/torch/serialization.py", line 659, in _open_file_like
    return _open_file(name_or_buffer, mode)
           ^^^^^^^^^^^^^^^^^^^^^^^^^^^^^^^^
  File "/leonardo_scratch/large/userexternal/apromots/doubleN/cv/.venv/lib/python3.11/site-packages/torch/serialization.py", line 640, in __init__
    super().__init__(open(name, mode))
                     ^^^^^^^^^^^^^^^^
FileNotFoundError: [Errno 2] No such file or directory: 'outputs/checkpoints/vit_lejepa_backbone_last.pt'
